2026-09-29T06:20:36.322266+00:00 Started H0_hold_dense_s62 on GPU4, PID 2065098, log exp/egorecover_prior_cv_residual/v1/jobs/H0_hold_dense_s62.1.log
2026-09-29T06:20:36.334134+00:00 Started V0_cv_dense_s62 on GPU5, PID 2065099, log exp/egorecover_prior_cv_residual/v1/jobs/V0_cv_dense_s62.1.log
2026-09-29T06:20:36.343435+00:00 Started H1_hold_fk_s62 on GPU6, PID 2065100, log exp/egorecover_prior_cv_residual/v1/jobs/H1_hold_fk_s62.1.log
2026-09-29T06:20:36.352715+00:00 Started V1_cv_fk_s62 on GPU7, PID 2065101, log exp/egorecover_prior_cv_residual/v1/jobs/V1_cv_fk_s62.1.log
2026-09-29T06:23:22.845127+00:00 H0_hold_dense_s62: complete
2026-09-29T06:25:08.871003+00:00 V0_cv_dense_s62: complete
2026-09-29T06:25:54.335749+00:00 H1_hold_fk_s62: complete
2026-09-29T06:26:09.514236+00:00 V1_cv_fk_s62: complete
2026-09-29T06:26:09.647718+00:00 Started H0_hold_dense_s63 on GPU4, PID 2067905, log exp/egorecover_prior_cv_residual/v1/jobs/H0_hold_dense_s63.1.log
2026-09-29T06:26:09.657801+00:00 Started V0_cv_dense_s63 on GPU5, PID 2067906, log exp/egorecover_prior_cv_residual/v1/jobs/V0_cv_dense_s63.1.log
2026-09-29T06:26:09.667672+00:00 Started H1_hold_fk_s63 on GPU6, PID 2067907, log exp/egorecover_prior_cv_residual/v1/jobs/H1_hold_fk_s63.1.log
2026-09-29T06:26:09.678951+00:00 Started V1_cv_fk_s63 on GPU7, PID 2067908, log exp/egorecover_prior_cv_residual/v1/jobs/V1_cv_fk_s63.1.log
2026-09-29T06:27:55.438505+00:00 H0_hold_dense_s63: complete
2026-09-29T06:27:55.504403+00:00 V0_cv_dense_s63: complete
2026-09-29T06:28:56.086082+00:00 H1_hold_fk_s63: complete
2026-09-29T06:28:56.154964+00:00 V1_cv_fk_s63: complete
2026-09-29T06:28:56.293084+00:00 Started H0_hold_dense_s64 on GPU4, PID 2069801, log exp/egorecover_prior_cv_residual/v1/jobs/H0_hold_dense_s64.1.log
2026-09-29T06:28:56.301486+00:00 Started V0_cv_dense_s64 on GPU5, PID 2069802, log exp/egorecover_prior_cv_residual/v1/jobs/V0_cv_dense_s64.1.log
2026-09-29T06:28:56.309258+00:00 Started H1_hold_fk_s64 on GPU6, PID 2069803, log exp/egorecover_prior_cv_residual/v1/jobs/H1_hold_fk_s64.1.log
2026-09-29T06:28:56.317330+00:00 Started V1_cv_fk_s64 on GPU7, PID 2069804, log exp/egorecover_prior_cv_residual/v1/jobs/V1_cv_fk_s64.1.log
2026-09-29T06:30:42.122487+00:00 H0_hold_dense_s64: complete
2026-09-29T06:30:42.195343+00:00 V0_cv_dense_s64: complete
2026-09-29T06:31:27.584274+00:00 V1_cv_fk_s64: complete
2026-09-29T06:31:42.775924+00:00 H1_hold_fk_s64: complete
