Loading verified official train source
Frozen manifest: 192 train takes, 562 train clips, 12 fixed dev
2026-09-29 15:49:21.331 | WARNING  | dataset.smpl_utils:get_smpl:10 - Loading SMPL model: smplx
Audited 1/192 cmu_bike01_7: 4 clips
Audited 2/192 cmu_bike02_6: 4 clips
Audited 3/192 cmu_bike05_4: 4 clips
Audited 4/192 cmu_bike19_2: 2 clips
Audited 5/192 cmu_soccer06_4: 4 clips
Audited 6/192 cmu_soccer06_5: 4 clips
Audited 7/192 cmu_soccer07_1: 4 clips
Audited 8/192 cmu_soccer07_3: 4 clips
Audited 9/192 cmu_soccer08_1: 1 clips
Audited 10/192 cmu_soccer09_1: 4 clips
Audited 11/192 cmu_soccer11_2: 1 clips
Audited 12/192 cmu_soccer16_4: 1 clips
Audited 13/192 fair_bike_01_10: 2 clips
Audited 14/192 fair_bike_01_14: 1 clips
Audited 15/192 fair_bike_01_16: 4 clips
Audited 16/192 fair_bike_01_7: 4 clips
Audited 17/192 fair_bike_06_2: 1 clips
Audited 18/192 fair_bike_08_10: 4 clips
Audited 19/192 fair_bike_08_2: 3 clips
Audited 20/192 fair_bike_09_2: 4 clips
Audited 21/192 georgiatech_bike_04_8: 1 clips
Audited 22/192 georgiatech_bike_05_7: 3 clips
Audited 23/192 georgiatech_bike_08_14: 4 clips
Audited 24/192 georgiatech_bike_09_8: 4 clips
Audited 25/192 georgiatech_bike_11_4: 4 clips
Audited 26/192 georgiatech_bike_11_8: 4 clips
Audited 27/192 georgiatech_cooking_01_02_2: 4 clips
Audited 28/192 georgiatech_cooking_04_01_2: 4 clips
Audited 29/192 georgiatech_covid_03_14: 4 clips
Audited 30/192 georgiatech_covid_03_2: 4 clips
Audited 31/192 georgiatech_covid_03_6: 4 clips
Audited 32/192 georgiatech_covid_05_12: 4 clips
Audited 33/192 georgiatech_covid_05_2: 4 clips
Audited 34/192 georgiatech_covid_09_10: 3 clips
Audited 35/192 georgiatech_covid_09_8: 4 clips
Audited 36/192 georgiatech_covid_12_13: 4 clips
Audited 37/192 georgiatech_covid_12_5: 4 clips
Audited 38/192 georgiatech_covid_13_10: 4 clips
Audited 39/192 georgiatech_covid_14_8: 4 clips
Audited 40/192 georgiatech_covid_16_10: 4 clips
Audited 41/192 georgiatech_covid_16_4: 4 clips
Audited 42/192 georgiatech_covid_16_8: 4 clips
Audited 43/192 iiith_cooking_112_4: 3 clips
Audited 44/192 iiith_cooking_116_4: 2 clips
Audited 45/192 iiith_cooking_146_2: 4 clips
Audited 46/192 iiith_cooking_18_1: 1 clips
Audited 47/192 iiith_cooking_77_2: 4 clips
Audited 48/192 iiith_cooking_85_2: 4 clips
Audited 49/192 iiith_piano_001_8: 1 clips
Audited 50/192 iiith_soccer_004_2: 4 clips
Audited 51/192 iiith_soccer_014_3: 4 clips
Audited 52/192 iiith_soccer_016_2: 4 clips
Audited 53/192 iiith_soccer_020_3: 4 clips
Audited 54/192 iiith_soccer_020_6: 4 clips
Audited 55/192 iiith_soccer_029_3: 1 clips
Audited 56/192 iiith_soccer_034_2: 4 clips
Audited 57/192 iiith_soccer_034_4: 2 clips
Audited 58/192 iiith_soccer_035_3: 3 clips
Audited 59/192 iiith_soccer_035_5: 4 clips
Audited 60/192 iiith_soccer_036_2: 4 clips
Audited 61/192 iiith_soccer_036_3: 2 clips
Audited 62/192 iiith_soccer_041_4: 2 clips
Audited 63/192 iiith_soccer_052_4: 4 clips
Audited 64/192 iiith_soccer_061_6: 2 clips
Audited 65/192 indiana_bike_04_2: 4 clips
Audited 66/192 indiana_bike_04_7: 4 clips
Audited 67/192 indiana_bike_06_7: 4 clips
Audited 68/192 indiana_bike_06_9: 4 clips
Audited 69/192 indiana_bike_12_15: 1 clips
Audited 70/192 indiana_bike_13_4: 3 clips
Audited 71/192 indiana_bike_15_20: 1 clips
Audited 72/192 indiana_bike_15_4: 2 clips
Audited 73/192 indiana_cooking_03_2: 4 clips
Audited 74/192 indiana_cooking_03_3: 4 clips
Audited 75/192 indiana_cooking_10_4: 4 clips
Audited 76/192 indiana_cooking_21_4: 4 clips
Audited 77/192 indiana_music_06_4: 4 clips
Audited 78/192 indiana_music_09_5: 4 clips
Audited 79/192 indiana_music_11_5: 1 clips
Audited 80/192 indiana_music_14_3: 4 clips
Audited 81/192 indiana_music_14_4: 2 clips
Audited 82/192 minnesota_cooking_023_2: 4 clips
Audited 83/192 nus_cpr_08_2: 1 clips
Audited 84/192 nus_cpr_09_2: 3 clips
Audited 85/192 nus_cpr_29_2: 3 clips
Audited 86/192 nus_cpr_47_1: 1 clips
Audited 87/192 nus_cpr_48_1: 2 clips
Audited 88/192 nus_cpr_50_1: 1 clips
Audited 89/192 sfu_basketball013_28: 2 clips
Audited 90/192 sfu_basketball013_7: 2 clips
Audited 91/192 sfu_basketball015_28: 2 clips
Audited 92/192 sfu_basketball017_18: 3 clips
Audited 93/192 sfu_basketball_02_26: 1 clips
Audited 94/192 sfu_basketball_11_29: 1 clips
Audited 95/192 sfu_cooking023_6: 4 clips
Audited 96/192 sfu_cooking_001_8: 4 clips
Audited 97/192 sfu_cooking_002_5: 2 clips
Audited 98/192 sfu_cooking_005_2: 4 clips
Audited 99/192 sfu_cooking_006_1: 4 clips
Audited 100/192 sfu_covid_001_4: 4 clips
Audited 101/192 sfu_covid_002_10: 2 clips
Audited 102/192 sfu_covid_010_6: 3 clips
Audited 103/192 unc_basketball_02-24-23_01_28: 1 clips
Audited 104/192 unc_basketball_02-24-23_01_40: 1 clips
Audited 105/192 unc_basketball_03-09-23_01_32: 1 clips
Audited 106/192 unc_basketball_03-09-23_02_5: 1 clips
Audited 107/192 unc_basketball_03-16-23_01_37: 2 clips
Audited 108/192 unc_basketball_03-16-23_02_28: 3 clips
Audited 109/192 unc_basketball_03-30-23_02_32: 3 clips
Audited 110/192 unc_basketball_03-31-23_01_13: 2 clips
Audited 111/192 unc_basketball_03-31-23_01_42: 2 clips
Audited 112/192 unc_basketball_03-31-23_02_23: 4 clips
Audited 113/192 unc_soccer_09-21-23_01_45: 1 clips
Audited 114/192 unc_soccer_09-22-23_01_10: 1 clips
Audited 115/192 unc_soccer_09-22-23_01_9: 1 clips
Audited 116/192 uniandes_basketball_001_7: 3 clips
Audited 117/192 uniandes_basketball_002_23: 1 clips
Audited 118/192 uniandes_basketball_002_4: 3 clips
Audited 119/192 uniandes_basketball_002_9: 1 clips
Audited 120/192 uniandes_basketball_003_23: 1 clips
Audited 121/192 uniandes_basketball_003_29: 3 clips
Audited 122/192 uniandes_basketball_003_32: 2 clips
Audited 123/192 uniandes_basketball_003_35: 1 clips
Audited 124/192 uniandes_basketball_003_36: 1 clips
Audited 125/192 uniandes_basketball_004_6: 1 clips
Audited 126/192 uniandes_cooking_005_4: 4 clips
Audited 127/192 uniandes_cooking_005_8: 4 clips
Audited 128/192 uniandes_cooking_006_10: 4 clips
Audited 129/192 uniandes_cooking_008_8: 4 clips
Audited 130/192 uniandes_cooking_009_2: 4 clips
Audited 131/192 uniandes_cooking_009_4: 4 clips
Audited 132/192 uniandes_cooking_009_6: 4 clips
Audited 133/192 uniandes_dance_008_22: 1 clips
Audited 134/192 uniandes_dance_008_25: 2 clips
Audited 135/192 uniandes_dance_008_27: 2 clips
Audited 136/192 uniandes_dance_012_28: 2 clips
Audited 137/192 uniandes_dance_012_5: 1 clips
Audited 138/192 uniandes_dance_012_7: 2 clips
Audited 139/192 uniandes_dance_013_19: 2 clips
Audited 140/192 uniandes_dance_015_13: 1 clips
Audited 141/192 uniandes_dance_017_57: 2 clips
Audited 142/192 uniandes_dance_019_36: 1 clips
Audited 143/192 uniandes_dance_019_5: 2 clips
Audited 144/192 uniandes_dance_020_13: 2 clips
Audited 145/192 uniandes_dance_020_33: 2 clips
Audited 146/192 uniandes_dance_020_50: 2 clips
Audited 147/192 uniandes_dance_020_61: 3 clips
Audited 148/192 uniandes_dance_021_35: 3 clips
Audited 149/192 uniandes_dance_022_22: 2 clips
Audited 150/192 uniandes_dance_022_24: 1 clips
Audited 151/192 uniandes_dance_022_30: 1 clips
Audited 152/192 uniandes_dance_022_5: 3 clips
Audited 153/192 uniandes_dance_022_8: 3 clips
Audited 154/192 uniandes_dance_023_15: 3 clips
Audited 155/192 uniandes_dance_024_3: 3 clips
Audited 156/192 uniandes_dance_024_4: 3 clips
Audited 157/192 upenn_0324_Piano_1_3: 4 clips
Audited 158/192 upenn_0407_Violin_1_3: 4 clips
Audited 159/192 upenn_0407_Violin_1_4: 4 clips
Audited 160/192 upenn_0407_Violin_1_5: 4 clips
Audited 161/192 upenn_0407_Violin_2_3: 4 clips
Audited 162/192 upenn_0706_Dance_1_3: 4 clips
Audited 163/192 upenn_0706_Dance_5_3: 4 clips
Audited 164/192 upenn_0706_Dance_5_6: 4 clips
Audited 165/192 upenn_0714_Cooking_1_4: 4 clips
Audited 166/192 upenn_0714_Cooking_7_2: 1 clips
Audited 167/192 upenn_0717_Piano_1_5: 4 clips
Audited 168/192 upenn_0718_Violin_2_6: 4 clips
Audited 169/192 upenn_0719_Piano_2_3: 4 clips
Audited 170/192 upenn_0722_Piano_2_2: 3 clips
Audited 171/192 upenn_0722_Piano_2_3: 4 clips
Audited 172/192 upenn_0722_Piano_2_4: 4 clips
Audited 173/192 upenn_0722_Piano_2_5: 4 clips
Audited 174/192 upenn_0724_Piano_1_4: 4 clips
Audited 175/192 upenn_0724_Piano_1_5: 4 clips
Audited 176/192 upenn_0725_Duet_Violin_1_1_4: 4 clips
Audited 177/192 upenn_0725_Duet_Violin_1_2_3: 2 clips
Audited 178/192 upenn_0725_Duet_Violin_1_2_9: 4 clips
Audited 179/192 upenn_0725_Violin_1_2: 4 clips
Audited 180/192 upenn_0726_Duet_Violin_1_2_3: 4 clips
Audited 181/192 upenn_0726_Piano_1_3: 4 clips
Audited 182/192 upenn_0726_Piano_1_4: 4 clips
Audited 183/192 upenn_0726_Piano_2_2: 4 clips
Audited 184/192 upenn_0727_Partner_Dance_2_1_3: 3 clips
Audited 185/192 upenn_0727_Partner_Dance_2_1_4: 3 clips
Audited 186/192 utokyo_cpr_2005_25_2: 4 clips
Audited 187/192 utokyo_omelet_12_1001_2: 4 clips
Audited 188/192 utokyo_omelet_6_1001_4: 4 clips
Audited 189/192 utokyo_omelet_9_1001_2: 4 clips
Audited 190/192 utokyo_pcr_2001_31_6: 2 clips
Audited 191/192 utokyo_pcr_2001_33_6: 1 clips
Audited 192/192 utokyo_pcr_2001_34_6: 1 clips
