2026-09-29 00:00:48.704 | WARNING  | dataset.smpl_utils:get_smpl:10 - Loading SMPL model: smplx
Preparing take-disjoint teacher-forced engineering batches
G/gaussian 20/2400: train=1.017378
G/gaussian components: {'loss': 1.0173778533935547, 'representation': 0.12333772331476212, 'weighted_dense': 0.4241805970668793, 'weighted_fk': 0.4698595106601715}
G/gaussian 40/2400: train=0.971816
G/gaussian components: {'loss': 0.9718159437179565, 'representation': 0.10814716666936874, 'weighted_dense': 0.4146614074707031, 'weighted_fk': 0.44900742173194885}
G/gaussian 60/2400: train=0.595391
G/gaussian components: {'loss': 0.5953913927078247, 'representation': 0.08506754785776138, 'weighted_dense': 0.2399718463420868, 'weighted_fk': 0.2703520357608795}
G/gaussian 80/2400: train=0.825590
G/gaussian components: {'loss': 0.8255904912948608, 'representation': 0.12759514153003693, 'weighted_dense': 0.32499974966049194, 'weighted_fk': 0.37299564480781555}
G/gaussian 100/2400: train=0.621881
G/gaussian components: {'loss': 0.6218809485435486, 'representation': 0.07878882437944412, 'weighted_dense': 0.26451584696769714, 'weighted_fk': 0.2785762846469879}
G/gaussian 120/2400: train=0.811116
G/gaussian components: {'loss': 0.8111162185668945, 'representation': 0.0950976088643074, 'weighted_dense': 0.34405839443206787, 'weighted_fk': 0.37196022272109985}
G/gaussian 140/2400: train=0.530220
G/gaussian components: {'loss': 0.5302202701568604, 'representation': 0.066853366792202, 'weighted_dense': 0.20492175221443176, 'weighted_fk': 0.258445143699646}
G/gaussian 160/2400: train=0.688676
G/gaussian components: {'loss': 0.6886763572692871, 'representation': 0.09997555613517761, 'weighted_dense': 0.29388320446014404, 'weighted_fk': 0.29481759667396545}
G/gaussian 180/2400: train=0.588884
G/gaussian components: {'loss': 0.5888840556144714, 'representation': 0.0887903943657875, 'weighted_dense': 0.24175897240638733, 'weighted_fk': 0.2583346962928772}
G/gaussian 200/2400: train=0.481254
G/gaussian components: {'loss': 0.4812541604042053, 'representation': 0.07104630768299103, 'weighted_dense': 0.18870572745800018, 'weighted_fk': 0.22150211036205292}
G/gaussian dev sample 200: 339.979 mm (closed_loop_fk)
G/gaussian 220/2400: train=0.451453
G/gaussian components: {'loss': 0.45145338773727417, 'representation': 0.06873023509979248, 'weighted_dense': 0.17052161693572998, 'weighted_fk': 0.21220152080059052}
G/gaussian 240/2400: train=0.449914
G/gaussian components: {'loss': 0.44991374015808105, 'representation': 0.07905565947294235, 'weighted_dense': 0.16950203478336334, 'weighted_fk': 0.20135603845119476}
G/gaussian 260/2400: train=0.523794
G/gaussian components: {'loss': 0.5237944722175598, 'representation': 0.06942866742610931, 'weighted_dense': 0.20786994695663452, 'weighted_fk': 0.2464958280324936}
G/gaussian 280/2400: train=0.473372
G/gaussian components: {'loss': 0.47337210178375244, 'representation': 0.07629282027482986, 'weighted_dense': 0.19075952470302582, 'weighted_fk': 0.20631973445415497}
G/gaussian 300/2400: train=0.573107
G/gaussian components: {'loss': 0.5731070637702942, 'representation': 0.08609369397163391, 'weighted_dense': 0.24484901130199432, 'weighted_fk': 0.24216435849666595}
G/gaussian 320/2400: train=0.424306
G/gaussian components: {'loss': 0.4243059754371643, 'representation': 0.06399035453796387, 'weighted_dense': 0.16015784442424774, 'weighted_fk': 0.2001577913761139}
G/gaussian 340/2400: train=0.516714
G/gaussian components: {'loss': 0.5167140364646912, 'representation': 0.12885595858097076, 'weighted_dense': 0.18917414546012878, 'weighted_fk': 0.1986839324235916}
G/gaussian 360/2400: train=0.494599
G/gaussian components: {'loss': 0.49459850788116455, 'representation': 0.08828093111515045, 'weighted_dense': 0.1972501128911972, 'weighted_fk': 0.2090674787759781}
G/gaussian 380/2400: train=0.546742
G/gaussian components: {'loss': 0.5467420816421509, 'representation': 0.06902997195720673, 'weighted_dense': 0.24967052042484283, 'weighted_fk': 0.2280416190624237}
G/gaussian 400/2400: train=0.630994
G/gaussian components: {'loss': 0.6309942603111267, 'representation': 0.08641372621059418, 'weighted_dense': 0.2880135774612427, 'weighted_fk': 0.25656694173812866}
G/gaussian dev sample 400: 244.356 mm (closed_loop_fk)
G/gaussian 420/2400: train=0.459007
G/gaussian components: {'loss': 0.4590074121952057, 'representation': 0.0733174979686737, 'weighted_dense': 0.18263328075408936, 'weighted_fk': 0.20305663347244263}
G/gaussian 440/2400: train=0.283183
G/gaussian components: {'loss': 0.2831827402114868, 'representation': 0.06030813232064247, 'weighted_dense': 0.10426349192857742, 'weighted_fk': 0.11861109733581543}
G/gaussian 460/2400: train=0.412818
G/gaussian components: {'loss': 0.4128178656101227, 'representation': 0.07103166729211807, 'weighted_dense': 0.16913479566574097, 'weighted_fk': 0.17265141010284424}
G/gaussian 480/2400: train=0.415686
G/gaussian components: {'loss': 0.41568636894226074, 'representation': 0.06590068340301514, 'weighted_dense': 0.14409388601779938, 'weighted_fk': 0.20569178462028503}
G/gaussian 500/2400: train=0.438281
G/gaussian components: {'loss': 0.43828094005584717, 'representation': 0.06271171569824219, 'weighted_dense': 0.1733705997467041, 'weighted_fk': 0.20219862461090088}
G/gaussian 520/2400: train=0.311377
G/gaussian components: {'loss': 0.31137678027153015, 'representation': 0.047613725066185, 'weighted_dense': 0.10736162960529327, 'weighted_fk': 0.15640142560005188}
G/gaussian 540/2400: train=0.483551
G/gaussian components: {'loss': 0.4835505485534668, 'representation': 0.06672417372465134, 'weighted_dense': 0.17460167407989502, 'weighted_fk': 0.24222470819950104}
G/gaussian 560/2400: train=0.458548
G/gaussian components: {'loss': 0.4585479497909546, 'representation': 0.06849115341901779, 'weighted_dense': 0.18448571860790253, 'weighted_fk': 0.20557107031345367}
G/gaussian 580/2400: train=0.494558
G/gaussian components: {'loss': 0.49455782771110535, 'representation': 0.07618837803602219, 'weighted_dense': 0.20225705206394196, 'weighted_fk': 0.2161124050617218}
G/gaussian 600/2400: train=0.434478
G/gaussian components: {'loss': 0.43447837233543396, 'representation': 0.07378921657800674, 'weighted_dense': 0.16863133013248444, 'weighted_fk': 0.19205781817436218}
G/gaussian dev sample 600: 209.379 mm (closed_loop_fk)
G/gaussian 620/2400: train=0.430588
G/gaussian components: {'loss': 0.4305880069732666, 'representation': 0.08306623250246048, 'weighted_dense': 0.15846873819828033, 'weighted_fk': 0.1890530288219452}
G/gaussian 640/2400: train=0.383124
G/gaussian components: {'loss': 0.383123517036438, 'representation': 0.06370650231838226, 'weighted_dense': 0.14814867079257965, 'weighted_fk': 0.17126832902431488}
G/gaussian 660/2400: train=0.378212
G/gaussian components: {'loss': 0.3782120943069458, 'representation': 0.06325545907020569, 'weighted_dense': 0.13820262253284454, 'weighted_fk': 0.17675402760505676}
G/gaussian 680/2400: train=0.402275
G/gaussian components: {'loss': 0.4022751450538635, 'representation': 0.0709681287407875, 'weighted_dense': 0.1310969442129135, 'weighted_fk': 0.2002100646495819}
G/gaussian 700/2400: train=0.418317
G/gaussian components: {'loss': 0.4183168411254883, 'representation': 0.08638044446706772, 'weighted_dense': 0.14191588759422302, 'weighted_fk': 0.19002048671245575}
G/gaussian 720/2400: train=0.320837
G/gaussian components: {'loss': 0.3208369016647339, 'representation': 0.05800012871623039, 'weighted_dense': 0.11386405676603317, 'weighted_fk': 0.14897273480892181}
G/gaussian 740/2400: train=0.392206
G/gaussian components: {'loss': 0.3922056555747986, 'representation': 0.06576666235923767, 'weighted_dense': 0.1443444788455963, 'weighted_fk': 0.1820945292711258}
G/gaussian 760/2400: train=0.402981
G/gaussian components: {'loss': 0.4029805660247803, 'representation': 0.07240474969148636, 'weighted_dense': 0.134196475148201, 'weighted_fk': 0.19637933373451233}
G/gaussian 780/2400: train=0.476236
G/gaussian components: {'loss': 0.476236492395401, 'representation': 0.07711756229400635, 'weighted_dense': 0.1896955668926239, 'weighted_fk': 0.20942336320877075}
G/gaussian 800/2400: train=0.442647
G/gaussian components: {'loss': 0.44264674186706543, 'representation': 0.09241491556167603, 'weighted_dense': 0.1593148559331894, 'weighted_fk': 0.19091694056987762}
G/gaussian dev sample 800: 222.178 mm (closed_loop_fk)
G/gaussian 820/2400: train=0.484290
G/gaussian components: {'loss': 0.48428958654403687, 'representation': 0.0860530287027359, 'weighted_dense': 0.18216805160045624, 'weighted_fk': 0.21606849133968353}
G/gaussian 840/2400: train=0.392601
G/gaussian components: {'loss': 0.3926006555557251, 'representation': 0.0660892054438591, 'weighted_dense': 0.15290068089962006, 'weighted_fk': 0.17361076176166534}
G/gaussian 860/2400: train=0.415188
G/gaussian components: {'loss': 0.4151875376701355, 'representation': 0.08254358917474747, 'weighted_dense': 0.15932805836200714, 'weighted_fk': 0.1733158826828003}
G/gaussian 880/2400: train=0.568933
G/gaussian components: {'loss': 0.5689334273338318, 'representation': 0.1675221472978592, 'weighted_dense': 0.17699021100997925, 'weighted_fk': 0.22442109882831573}
G/gaussian 900/2400: train=0.422544
G/gaussian components: {'loss': 0.4225444793701172, 'representation': 0.07740743458271027, 'weighted_dense': 0.1602049171924591, 'weighted_fk': 0.18493211269378662}
G/gaussian 920/2400: train=0.337735
G/gaussian components: {'loss': 0.33773523569107056, 'representation': 0.05956783890724182, 'weighted_dense': 0.11577242612838745, 'weighted_fk': 0.1623949557542801}
G/gaussian 940/2400: train=0.378180
G/gaussian components: {'loss': 0.37818029522895813, 'representation': 0.07246340066194534, 'weighted_dense': 0.1361827403306961, 'weighted_fk': 0.16953414678573608}
G/gaussian 960/2400: train=0.346040
G/gaussian components: {'loss': 0.3460397720336914, 'representation': 0.07644201070070267, 'weighted_dense': 0.12077035754919052, 'weighted_fk': 0.14882738888263702}
G/gaussian 980/2400: train=0.244172
G/gaussian components: {'loss': 0.24417182803153992, 'representation': 0.04633986949920654, 'weighted_dense': 0.08901786059141159, 'weighted_fk': 0.10881409049034119}
G/gaussian 1000/2400: train=0.377503
G/gaussian components: {'loss': 0.3775027394294739, 'representation': 0.07080431282520294, 'weighted_dense': 0.1342896670103073, 'weighted_fk': 0.17240877449512482}
G/gaussian dev sample 1000: 266.002 mm (closed_loop_fk)
G/gaussian 1020/2400: train=0.296666
G/gaussian components: {'loss': 0.2966657280921936, 'representation': 0.06454002857208252, 'weighted_dense': 0.1094871461391449, 'weighted_fk': 0.12263856083154678}
G/gaussian 1040/2400: train=0.370169
G/gaussian components: {'loss': 0.3701689839363098, 'representation': 0.0716419443488121, 'weighted_dense': 0.1238359734416008, 'weighted_fk': 0.1746910810470581}
G/gaussian 1060/2400: train=0.303616
G/gaussian components: {'loss': 0.3036157488822937, 'representation': 0.05225163325667381, 'weighted_dense': 0.10537976771593094, 'weighted_fk': 0.14598435163497925}
G/gaussian 1080/2400: train=0.279591
G/gaussian components: {'loss': 0.2795912027359009, 'representation': 0.05746421962976456, 'weighted_dense': 0.10382965952157974, 'weighted_fk': 0.11829732358455658}
G/gaussian 1100/2400: train=0.353002
G/gaussian components: {'loss': 0.35300153493881226, 'representation': 0.0731048434972763, 'weighted_dense': 0.13563112914562225, 'weighted_fk': 0.1442655622959137}
G/gaussian 1120/2400: train=0.293274
G/gaussian components: {'loss': 0.2932741641998291, 'representation': 0.055403877049684525, 'weighted_dense': 0.10648120939731598, 'weighted_fk': 0.1313890963792801}
G/gaussian 1140/2400: train=0.397254
G/gaussian components: {'loss': 0.39725440740585327, 'representation': 0.06483283638954163, 'weighted_dense': 0.1427980661392212, 'weighted_fk': 0.18962351977825165}
G/gaussian 1160/2400: train=0.300600
G/gaussian components: {'loss': 0.3006002902984619, 'representation': 0.05583019554615021, 'weighted_dense': 0.10259836912155151, 'weighted_fk': 0.142171710729599}
G/gaussian 1180/2400: train=0.268476
G/gaussian components: {'loss': 0.26847609877586365, 'representation': 0.05672552064061165, 'weighted_dense': 0.09560690820217133, 'weighted_fk': 0.11614366620779037}
G/gaussian 1200/2400: train=0.337521
G/gaussian components: {'loss': 0.3375207185745239, 'representation': 0.068214051425457, 'weighted_dense': 0.11758191883563995, 'weighted_fk': 0.15172474086284637}
G/gaussian dev sample 1200: 224.928 mm (closed_loop_fk)
G/gaussian 1220/2400: train=0.414034
G/gaussian components: {'loss': 0.414034366607666, 'representation': 0.1027422696352005, 'weighted_dense': 0.13780111074447632, 'weighted_fk': 0.1734910011291504}
G/gaussian 1240/2400: train=0.276208
G/gaussian components: {'loss': 0.27620819211006165, 'representation': 0.058758873492479324, 'weighted_dense': 0.10441072285175323, 'weighted_fk': 0.11303859204053879}
G/gaussian 1260/2400: train=0.445133
G/gaussian components: {'loss': 0.4451327919960022, 'representation': 0.07314709573984146, 'weighted_dense': 0.15911853313446045, 'weighted_fk': 0.2128671556711197}
G/gaussian 1280/2400: train=0.347097
G/gaussian components: {'loss': 0.3470970690250397, 'representation': 0.06574507057666779, 'weighted_dense': 0.12901099026203156, 'weighted_fk': 0.15234100818634033}
G/gaussian 1300/2400: train=0.287696
G/gaussian components: {'loss': 0.28769582509994507, 'representation': 0.05199004337191582, 'weighted_dense': 0.10455746948719025, 'weighted_fk': 0.1311483085155487}
G/gaussian 1320/2400: train=0.290723
G/gaussian components: {'loss': 0.29072344303131104, 'representation': 0.05321021005511284, 'weighted_dense': 0.10740790516138077, 'weighted_fk': 0.13010531663894653}
G/gaussian 1340/2400: train=0.279167
G/gaussian components: {'loss': 0.279166579246521, 'representation': 0.053132545202970505, 'weighted_dense': 0.10118865966796875, 'weighted_fk': 0.12484536319971085}
G/gaussian 1360/2400: train=0.352206
G/gaussian components: {'loss': 0.35220572352409363, 'representation': 0.13512392342090607, 'weighted_dense': 0.0981077328324318, 'weighted_fk': 0.11897405982017517}
G/gaussian 1380/2400: train=0.556143
G/gaussian components: {'loss': 0.556143045425415, 'representation': 0.13412661850452423, 'weighted_dense': 0.18792691826820374, 'weighted_fk': 0.23408949375152588}
G/gaussian 1400/2400: train=0.251568
G/gaussian components: {'loss': 0.25156769156455994, 'representation': 0.05046766623854637, 'weighted_dense': 0.08301497995853424, 'weighted_fk': 0.11808503419160843}
G/gaussian dev sample 1400: 274.491 mm (closed_loop_fk)
G/gaussian 1420/2400: train=0.317576
G/gaussian components: {'loss': 0.3175757825374603, 'representation': 0.06867831200361252, 'weighted_dense': 0.10769020020961761, 'weighted_fk': 0.1412072777748108}
G/gaussian 1440/2400: train=0.306836
G/gaussian components: {'loss': 0.3068360388278961, 'representation': 0.0598226822912693, 'weighted_dense': 0.10601456463336945, 'weighted_fk': 0.14099879562854767}
G/gaussian 1460/2400: train=0.315483
G/gaussian components: {'loss': 0.31548288464546204, 'representation': 0.0731283575296402, 'weighted_dense': 0.10953877121210098, 'weighted_fk': 0.13281574845314026}
G/gaussian 1480/2400: train=0.281762
G/gaussian components: {'loss': 0.2817615866661072, 'representation': 0.052083492279052734, 'weighted_dense': 0.09391038864850998, 'weighted_fk': 0.13576769828796387}
G/gaussian 1500/2400: train=0.267144
G/gaussian components: {'loss': 0.2671436369419098, 'representation': 0.05365102365612984, 'weighted_dense': 0.09383083134889603, 'weighted_fk': 0.11966177076101303}
G/gaussian 1520/2400: train=0.439805
G/gaussian components: {'loss': 0.43980497121810913, 'representation': 0.10047247260808945, 'weighted_dense': 0.1229109838604927, 'weighted_fk': 0.21642152965068817}
G/gaussian 1540/2400: train=0.302367
G/gaussian components: {'loss': 0.30236726999282837, 'representation': 0.05194193497300148, 'weighted_dense': 0.11669937521219254, 'weighted_fk': 0.13372597098350525}
G/gaussian 1560/2400: train=0.338046
G/gaussian components: {'loss': 0.33804601430892944, 'representation': 0.06695929169654846, 'weighted_dense': 0.1242557093501091, 'weighted_fk': 0.14683100581169128}
G/gaussian 1580/2400: train=0.363072
G/gaussian components: {'loss': 0.3630719780921936, 'representation': 0.07237011194229126, 'weighted_dense': 0.13489428162574768, 'weighted_fk': 0.15580756962299347}
G/gaussian 1600/2400: train=0.251751
G/gaussian components: {'loss': 0.2517511546611786, 'representation': 0.04720823094248772, 'weighted_dense': 0.0905594527721405, 'weighted_fk': 0.11398347467184067}
G/gaussian dev sample 1600: 278.027 mm (closed_loop_fk)
G/gaussian 1620/2400: train=0.521962
G/gaussian components: {'loss': 0.5219622254371643, 'representation': 0.07784513384103775, 'weighted_dense': 0.18834331631660461, 'weighted_fk': 0.25577378273010254}
G/gaussian 1640/2400: train=0.214202
G/gaussian components: {'loss': 0.21420203149318695, 'representation': 0.04015430435538292, 'weighted_dense': 0.07639061659574509, 'weighted_fk': 0.09765711426734924}
G/gaussian 1660/2400: train=0.417990
G/gaussian components: {'loss': 0.417989581823349, 'representation': 0.08842460811138153, 'weighted_dense': 0.13828615844249725, 'weighted_fk': 0.19127881526947021}
G/gaussian 1680/2400: train=0.237279
G/gaussian components: {'loss': 0.23727896809577942, 'representation': 0.05135451257228851, 'weighted_dense': 0.08317901194095612, 'weighted_fk': 0.1027454361319542}
G/gaussian 1700/2400: train=0.261390
G/gaussian components: {'loss': 0.2613901197910309, 'representation': 0.053958289325237274, 'weighted_dense': 0.09017923474311829, 'weighted_fk': 0.11725258082151413}
G/gaussian 1720/2400: train=0.330616
G/gaussian components: {'loss': 0.3306161165237427, 'representation': 0.06894955784082413, 'weighted_dense': 0.11463279277086258, 'weighted_fk': 0.14703376591205597}
G/gaussian 1740/2400: train=0.371080
G/gaussian components: {'loss': 0.3710799217224121, 'representation': 0.06366785615682602, 'weighted_dense': 0.13184231519699097, 'weighted_fk': 0.17556975781917572}
G/gaussian 1760/2400: train=0.353896
G/gaussian components: {'loss': 0.35389554500579834, 'representation': 0.06882362812757492, 'weighted_dense': 0.11944027245044708, 'weighted_fk': 0.16563165187835693}
G/gaussian 1780/2400: train=0.277431
G/gaussian components: {'loss': 0.2774308919906616, 'representation': 0.06170620769262314, 'weighted_dense': 0.10308445245027542, 'weighted_fk': 0.11264023184776306}
G/gaussian 1800/2400: train=0.333992
G/gaussian components: {'loss': 0.3339918851852417, 'representation': 0.062143269926309586, 'weighted_dense': 0.11513636261224747, 'weighted_fk': 0.15671223402023315}
G/gaussian dev sample 1800: 225.985 mm (closed_loop_fk)
G/gaussian 1820/2400: train=0.290481
G/gaussian components: {'loss': 0.2904810309410095, 'representation': 0.05201522260904312, 'weighted_dense': 0.10298190265893936, 'weighted_fk': 0.13548392057418823}
G/gaussian 1840/2400: train=0.220235
G/gaussian components: {'loss': 0.2202347368001938, 'representation': 0.03877576068043709, 'weighted_dense': 0.0703033059835434, 'weighted_fk': 0.1111556738615036}
G/gaussian 1860/2400: train=0.385307
G/gaussian components: {'loss': 0.3853070139884949, 'representation': 0.06735079735517502, 'weighted_dense': 0.12443269044160843, 'weighted_fk': 0.19352352619171143}
G/gaussian 1880/2400: train=0.312128
G/gaussian components: {'loss': 0.3121284246444702, 'representation': 0.07869189232587814, 'weighted_dense': 0.096468985080719, 'weighted_fk': 0.1369675248861313}
G/gaussian 1900/2400: train=0.344222
G/gaussian components: {'loss': 0.34422215819358826, 'representation': 0.07091236859560013, 'weighted_dense': 0.10753780603408813, 'weighted_fk': 0.1657719910144806}
G/gaussian 1920/2400: train=0.234105
G/gaussian components: {'loss': 0.23410546779632568, 'representation': 0.049034662544727325, 'weighted_dense': 0.0758996531367302, 'weighted_fk': 0.10917114466428757}
G/gaussian 1940/2400: train=0.291728
G/gaussian components: {'loss': 0.2917276620864868, 'representation': 0.057507049292325974, 'weighted_dense': 0.10735724121332169, 'weighted_fk': 0.12686339020729065}
G/gaussian 1960/2400: train=0.240067
G/gaussian components: {'loss': 0.24006718397140503, 'representation': 0.0587850846350193, 'weighted_dense': 0.08274359256029129, 'weighted_fk': 0.09853850305080414}
G/gaussian 1980/2400: train=0.277278
G/gaussian components: {'loss': 0.27727755904197693, 'representation': 0.05894795432686806, 'weighted_dense': 0.10113967955112457, 'weighted_fk': 0.1171899288892746}
G/gaussian 2000/2400: train=0.652688
G/gaussian components: {'loss': 0.6526877880096436, 'representation': 0.3606916666030884, 'weighted_dense': 0.1390470415353775, 'weighted_fk': 0.15294906497001648}
G/gaussian dev sample 2000: 221.109 mm (closed_loop_fk)
G/gaussian 2020/2400: train=0.798964
G/gaussian components: {'loss': 0.7989635467529297, 'representation': 0.5807088017463684, 'weighted_dense': 0.09498746693134308, 'weighted_fk': 0.1232672855257988}
G/gaussian 2040/2400: train=0.307039
G/gaussian components: {'loss': 0.3070392310619354, 'representation': 0.062311895191669464, 'weighted_dense': 0.09925182908773422, 'weighted_fk': 0.14547550678253174}
G/gaussian 2060/2400: train=0.321041
G/gaussian components: {'loss': 0.3210412859916687, 'representation': 0.07984612882137299, 'weighted_dense': 0.11104875057935715, 'weighted_fk': 0.13014642894268036}
G/gaussian 2080/2400: train=0.249446
G/gaussian components: {'loss': 0.24944615364074707, 'representation': 0.05367005988955498, 'weighted_dense': 0.08188075572252274, 'weighted_fk': 0.11389534920454025}
G/gaussian 2100/2400: train=0.320168
G/gaussian components: {'loss': 0.32016804814338684, 'representation': 0.06341102719306946, 'weighted_dense': 0.0999341830611229, 'weighted_fk': 0.1568228304386139}
G/gaussian 2120/2400: train=0.239429
G/gaussian components: {'loss': 0.23942886292934418, 'representation': 0.04104558378458023, 'weighted_dense': 0.0805647075176239, 'weighted_fk': 0.11781857162714005}
G/gaussian 2140/2400: train=0.240957
G/gaussian components: {'loss': 0.24095705151557922, 'representation': 0.04484160244464874, 'weighted_dense': 0.0822199359536171, 'weighted_fk': 0.11389549821615219}
G/gaussian 2160/2400: train=0.303301
G/gaussian components: {'loss': 0.3033008873462677, 'representation': 0.07972867041826248, 'weighted_dense': 0.0981491208076477, 'weighted_fk': 0.1254231035709381}
G/gaussian 2180/2400: train=0.297060
G/gaussian components: {'loss': 0.2970595061779022, 'representation': 0.06474269181489944, 'weighted_dense': 0.10892928391695023, 'weighted_fk': 0.12338753789663315}
G/gaussian 2200/2400: train=0.226082
G/gaussian components: {'loss': 0.22608160972595215, 'representation': 0.04286083206534386, 'weighted_dense': 0.08724518120288849, 'weighted_fk': 0.09597558528184891}
G/gaussian dev sample 2200: 218.871 mm (closed_loop_fk)
G/gaussian 2220/2400: train=0.224272
G/gaussian components: {'loss': 0.22427184879779816, 'representation': 0.05222931504249573, 'weighted_dense': 0.07412076741456985, 'weighted_fk': 0.09792177379131317}
G/gaussian 2240/2400: train=0.277843
G/gaussian components: {'loss': 0.2778432071208954, 'representation': 0.05968363210558891, 'weighted_dense': 0.08732974529266357, 'weighted_fk': 0.1308298259973526}
G/gaussian 2260/2400: train=0.258540
G/gaussian components: {'loss': 0.2585395276546478, 'representation': 0.050907015800476074, 'weighted_dense': 0.08254197239875793, 'weighted_fk': 0.12509053945541382}
G/gaussian 2280/2400: train=0.277308
G/gaussian components: {'loss': 0.2773084044456482, 'representation': 0.05549313500523567, 'weighted_dense': 0.10529612004756927, 'weighted_fk': 0.11651916801929474}
G/gaussian 2300/2400: train=0.287305
G/gaussian components: {'loss': 0.28730547428131104, 'representation': 0.07066767662763596, 'weighted_dense': 0.10171405971050262, 'weighted_fk': 0.11492373049259186}
G/gaussian 2320/2400: train=0.606441
G/gaussian components: {'loss': 0.6064407825469971, 'representation': 0.1522521674633026, 'weighted_dense': 0.22428354620933533, 'weighted_fk': 0.22990505397319794}
G/gaussian 2340/2400: train=0.252300
G/gaussian components: {'loss': 0.25229960680007935, 'representation': 0.04991840198636055, 'weighted_dense': 0.09598997980356216, 'weighted_fk': 0.10639122128486633}
G/gaussian 2360/2400: train=0.313283
G/gaussian components: {'loss': 0.3132830262184143, 'representation': 0.06070316582918167, 'weighted_dense': 0.09448278695344925, 'weighted_fk': 0.1580970734357834}
G/gaussian 2380/2400: train=0.360926
G/gaussian components: {'loss': 0.36092638969421387, 'representation': 0.06286486238241196, 'weighted_dense': 0.13817834854125977, 'weighted_fk': 0.15988315641880035}
G/gaussian 2400/2400: train=0.276710
G/gaussian components: {'loss': 0.27670958638191223, 'representation': 0.0478324331343174, 'weighted_dense': 0.06918289512395859, 'weighted_fk': 0.15969425439834595}
G/gaussian dev sample 2400: 241.649 mm (closed_loop_fk)
{
  "dev_loss_before": 0.10280048847198486,
  "dev_loss_after": 0.07531873136758804,
  "selected_step": 600,
  "curve": [
    {
      "step": 20,
      "train_loss": 1.0173778533935547,
      "loss_components": {
        "loss": 1.0173778533935547,
        "representation": 0.12333772331476212,
        "weighted_dense": 0.4241805970668793,
        "weighted_fk": 0.4698595106601715
      }
    },
    {
      "step": 40,
      "train_loss": 0.9718159437179565,
      "loss_components": {
        "loss": 0.9718159437179565,
        "representation": 0.10814716666936874,
        "weighted_dense": 0.4146614074707031,
        "weighted_fk": 0.44900742173194885
      }
    },
    {
      "step": 60,
      "train_loss": 0.5953913927078247,
      "loss_components": {
        "loss": 0.5953913927078247,
        "representation": 0.08506754785776138,
        "weighted_dense": 0.2399718463420868,
        "weighted_fk": 0.2703520357608795
      }
    },
    {
      "step": 80,
      "train_loss": 0.8255904912948608,
      "loss_components": {
        "loss": 0.8255904912948608,
        "representation": 0.12759514153003693,
        "weighted_dense": 0.32499974966049194,
        "weighted_fk": 0.37299564480781555
      }
    },
    {
      "step": 100,
      "train_loss": 0.6218809485435486,
      "loss_components": {
        "loss": 0.6218809485435486,
        "representation": 0.07878882437944412,
        "weighted_dense": 0.26451584696769714,
        "weighted_fk": 0.2785762846469879
      }
    },
    {
      "step": 120,
      "train_loss": 0.8111162185668945,
      "loss_components": {
        "loss": 0.8111162185668945,
        "representation": 0.0950976088643074,
        "weighted_dense": 0.34405839443206787,
        "weighted_fk": 0.37196022272109985
      }
    },
    {
      "step": 140,
      "train_loss": 0.5302202701568604,
      "loss_components": {
        "loss": 0.5302202701568604,
        "representation": 0.066853366792202,
        "weighted_dense": 0.20492175221443176,
        "weighted_fk": 0.258445143699646
      }
    },
    {
      "step": 160,
      "train_loss": 0.6886763572692871,
      "loss_components": {
        "loss": 0.6886763572692871,
        "representation": 0.09997555613517761,
        "weighted_dense": 0.29388320446014404,
        "weighted_fk": 0.29481759667396545
      }
    },
    {
      "step": 180,
      "train_loss": 0.5888840556144714,
      "loss_components": {
        "loss": 0.5888840556144714,
        "representation": 0.0887903943657875,
        "weighted_dense": 0.24175897240638733,
        "weighted_fk": 0.2583346962928772
      }
    },
    {
      "step": 200,
      "train_loss": 0.4812541604042053,
      "loss_components": {
        "loss": 0.4812541604042053,
        "representation": 0.07104630768299103,
        "weighted_dense": 0.18870572745800018,
        "weighted_fk": 0.22150211036205292
      }
    },
    {
      "step": 200,
      "train_loss": 0.4812541604042053,
      "dev_sample_closed_loop_fk22_mm": 339.97877935568494
    },
    {
      "step": 220,
      "train_loss": 0.45145338773727417,
      "loss_components": {
        "loss": 0.45145338773727417,
        "representation": 0.06873023509979248,
        "weighted_dense": 0.17052161693572998,
        "weighted_fk": 0.21220152080059052
      }
    },
    {
      "step": 240,
      "train_loss": 0.44991374015808105,
      "loss_components": {
        "loss": 0.44991374015808105,
        "representation": 0.07905565947294235,
        "weighted_dense": 0.16950203478336334,
        "weighted_fk": 0.20135603845119476
      }
    },
    {
      "step": 260,
      "train_loss": 0.5237944722175598,
      "loss_components": {
        "loss": 0.5237944722175598,
        "representation": 0.06942866742610931,
        "weighted_dense": 0.20786994695663452,
        "weighted_fk": 0.2464958280324936
      }
    },
    {
      "step": 280,
      "train_loss": 0.47337210178375244,
      "loss_components": {
        "loss": 0.47337210178375244,
        "representation": 0.07629282027482986,
        "weighted_dense": 0.19075952470302582,
        "weighted_fk": 0.20631973445415497
      }
    },
    {
      "step": 300,
      "train_loss": 0.5731070637702942,
      "loss_components": {
        "loss": 0.5731070637702942,
        "representation": 0.08609369397163391,
        "weighted_dense": 0.24484901130199432,
        "weighted_fk": 0.24216435849666595
      }
    },
    {
      "step": 320,
      "train_loss": 0.4243059754371643,
      "loss_components": {
        "loss": 0.4243059754371643,
        "representation": 0.06399035453796387,
        "weighted_dense": 0.16015784442424774,
        "weighted_fk": 0.2001577913761139
      }
    },
    {
      "step": 340,
      "train_loss": 0.5167140364646912,
      "loss_components": {
        "loss": 0.5167140364646912,
        "representation": 0.12885595858097076,
        "weighted_dense": 0.18917414546012878,
        "weighted_fk": 0.1986839324235916
      }
    },
    {
      "step": 360,
      "train_loss": 0.49459850788116455,
      "loss_components": {
        "loss": 0.49459850788116455,
        "representation": 0.08828093111515045,
        "weighted_dense": 0.1972501128911972,
        "weighted_fk": 0.2090674787759781
      }
    },
    {
      "step": 380,
      "train_loss": 0.5467420816421509,
      "loss_components": {
        "loss": 0.5467420816421509,
        "representation": 0.06902997195720673,
        "weighted_dense": 0.24967052042484283,
        "weighted_fk": 0.2280416190624237
      }
    },
    {
      "step": 400,
      "train_loss": 0.6309942603111267,
      "loss_components": {
        "loss": 0.6309942603111267,
        "representation": 0.08641372621059418,
        "weighted_dense": 0.2880135774612427,
        "weighted_fk": 0.25656694173812866
      }
    },
    {
      "step": 400,
      "train_loss": 0.6309942603111267,
      "dev_sample_closed_loop_fk22_mm": 244.3562919894854
    },
    {
      "step": 420,
      "train_loss": 0.4590074121952057,
      "loss_components": {
        "loss": 0.4590074121952057,
        "representation": 0.0733174979686737,
        "weighted_dense": 0.18263328075408936,
        "weighted_fk": 0.20305663347244263
      }
    },
    {
      "step": 440,
      "train_loss": 0.2831827402114868,
      "loss_components": {
        "loss": 0.2831827402114868,
        "representation": 0.06030813232064247,
        "weighted_dense": 0.10426349192857742,
        "weighted_fk": 0.11861109733581543
      }
    },
    {
      "step": 460,
      "train_loss": 0.4128178656101227,
      "loss_components": {
        "loss": 0.4128178656101227,
        "representation": 0.07103166729211807,
        "weighted_dense": 0.16913479566574097,
        "weighted_fk": 0.17265141010284424
      }
    },
    {
      "step": 480,
      "train_loss": 0.41568636894226074,
      "loss_components": {
        "loss": 0.41568636894226074,
        "representation": 0.06590068340301514,
        "weighted_dense": 0.14409388601779938,
        "weighted_fk": 0.20569178462028503
      }
    },
    {
      "step": 500,
      "train_loss": 0.43828094005584717,
      "loss_components": {
        "loss": 0.43828094005584717,
        "representation": 0.06271171569824219,
        "weighted_dense": 0.1733705997467041,
        "weighted_fk": 0.20219862461090088
      }
    },
    {
      "step": 520,
      "train_loss": 0.31137678027153015,
      "loss_components": {
        "loss": 0.31137678027153015,
        "representation": 0.047613725066185,
        "weighted_dense": 0.10736162960529327,
        "weighted_fk": 0.15640142560005188
      }
    },
    {
      "step": 540,
      "train_loss": 0.4835505485534668,
      "loss_components": {
        "loss": 0.4835505485534668,
        "representation": 0.06672417372465134,
        "weighted_dense": 0.17460167407989502,
        "weighted_fk": 0.24222470819950104
      }
    },
    {
      "step": 560,
      "train_loss": 0.4585479497909546,
      "loss_components": {
        "loss": 0.4585479497909546,
        "representation": 0.06849115341901779,
        "weighted_dense": 0.18448571860790253,
        "weighted_fk": 0.20557107031345367
      }
    },
    {
      "step": 580,
      "train_loss": 0.49455782771110535,
      "loss_components": {
        "loss": 0.49455782771110535,
        "representation": 0.07618837803602219,
        "weighted_dense": 0.20225705206394196,
        "weighted_fk": 0.2161124050617218
      }
    },
    {
      "step": 600,
      "train_loss": 0.43447837233543396,
      "loss_components": {
        "loss": 0.43447837233543396,
        "representation": 0.07378921657800674,
        "weighted_dense": 0.16863133013248444,
        "weighted_fk": 0.19205781817436218
      }
    },
    {
      "step": 600,
      "train_loss": 0.43447837233543396,
      "dev_sample_closed_loop_fk22_mm": 209.37862619757652
    },
    {
      "step": 620,
      "train_loss": 0.4305880069732666,
      "loss_components": {
        "loss": 0.4305880069732666,
        "representation": 0.08306623250246048,
        "weighted_dense": 0.15846873819828033,
        "weighted_fk": 0.1890530288219452
      }
    },
    {
      "step": 640,
      "train_loss": 0.383123517036438,
      "loss_components": {
        "loss": 0.383123517036438,
        "representation": 0.06370650231838226,
        "weighted_dense": 0.14814867079257965,
        "weighted_fk": 0.17126832902431488
      }
    },
    {
      "step": 660,
      "train_loss": 0.3782120943069458,
      "loss_components": {
        "loss": 0.3782120943069458,
        "representation": 0.06325545907020569,
        "weighted_dense": 0.13820262253284454,
        "weighted_fk": 0.17675402760505676
      }
    },
    {
      "step": 680,
      "train_loss": 0.4022751450538635,
      "loss_components": {
        "loss": 0.4022751450538635,
        "representation": 0.0709681287407875,
        "weighted_dense": 0.1310969442129135,
        "weighted_fk": 0.2002100646495819
      }
    },
    {
      "step": 700,
      "train_loss": 0.4183168411254883,
      "loss_components": {
        "loss": 0.4183168411254883,
        "representation": 0.08638044446706772,
        "weighted_dense": 0.14191588759422302,
        "weighted_fk": 0.19002048671245575
      }
    },
    {
      "step": 720,
      "train_loss": 0.3208369016647339,
      "loss_components": {
        "loss": 0.3208369016647339,
        "representation": 0.05800012871623039,
        "weighted_dense": 0.11386405676603317,
        "weighted_fk": 0.14897273480892181
      }
    },
    {
      "step": 740,
      "train_loss": 0.3922056555747986,
      "loss_components": {
        "loss": 0.3922056555747986,
        "representation": 0.06576666235923767,
        "weighted_dense": 0.1443444788455963,
        "weighted_fk": 0.1820945292711258
      }
    },
    {
      "step": 760,
      "train_loss": 0.4029805660247803,
      "loss_components": {
        "loss": 0.4029805660247803,
        "representation": 0.07240474969148636,
        "weighted_dense": 0.134196475148201,
        "weighted_fk": 0.19637933373451233
      }
    },
    {
      "step": 780,
      "train_loss": 0.476236492395401,
      "loss_components": {
        "loss": 0.476236492395401,
        "representation": 0.07711756229400635,
        "weighted_dense": 0.1896955668926239,
        "weighted_fk": 0.20942336320877075
      }
    },
    {
      "step": 800,
      "train_loss": 0.44264674186706543,
      "loss_components": {
        "loss": 0.44264674186706543,
        "representation": 0.09241491556167603,
        "weighted_dense": 0.1593148559331894,
        "weighted_fk": 0.19091694056987762
      }
    },
    {
      "step": 800,
      "train_loss": 0.44264674186706543,
      "dev_sample_closed_loop_fk22_mm": 222.17771535118422
    },
    {
      "step": 820,
      "train_loss": 0.48428958654403687,
      "loss_components": {
        "loss": 0.48428958654403687,
        "representation": 0.0860530287027359,
        "weighted_dense": 0.18216805160045624,
        "weighted_fk": 0.21606849133968353
      }
    },
    {
      "step": 840,
      "train_loss": 0.3926006555557251,
      "loss_components": {
        "loss": 0.3926006555557251,
        "representation": 0.0660892054438591,
        "weighted_dense": 0.15290068089962006,
        "weighted_fk": 0.17361076176166534
      }
    },
    {
      "step": 860,
      "train_loss": 0.4151875376701355,
      "loss_components": {
        "loss": 0.4151875376701355,
        "representation": 0.08254358917474747,
        "weighted_dense": 0.15932805836200714,
        "weighted_fk": 0.1733158826828003
      }
    },
    {
      "step": 880,
      "train_loss": 0.5689334273338318,
      "loss_components": {
        "loss": 0.5689334273338318,
        "representation": 0.1675221472978592,
        "weighted_dense": 0.17699021100997925,
        "weighted_fk": 0.22442109882831573
      }
    },
    {
      "step": 900,
      "train_loss": 0.4225444793701172,
      "loss_components": {
        "loss": 0.4225444793701172,
        "representation": 0.07740743458271027,
        "weighted_dense": 0.1602049171924591,
        "weighted_fk": 0.18493211269378662
      }
    },
    {
      "step": 920,
      "train_loss": 0.33773523569107056,
      "loss_components": {
        "loss": 0.33773523569107056,
        "representation": 0.05956783890724182,
        "weighted_dense": 0.11577242612838745,
        "weighted_fk": 0.1623949557542801
      }
    },
    {
      "step": 940,
      "train_loss": 0.37818029522895813,
      "loss_components": {
        "loss": 0.37818029522895813,
        "representation": 0.07246340066194534,
        "weighted_dense": 0.1361827403306961,
        "weighted_fk": 0.16953414678573608
      }
    },
    {
      "step": 960,
      "train_loss": 0.3460397720336914,
      "loss_components": {
        "loss": 0.3460397720336914,
        "representation": 0.07644201070070267,
        "weighted_dense": 0.12077035754919052,
        "weighted_fk": 0.14882738888263702
      }
    },
    {
      "step": 980,
      "train_loss": 0.24417182803153992,
      "loss_components": {
        "loss": 0.24417182803153992,
        "representation": 0.04633986949920654,
        "weighted_dense": 0.08901786059141159,
        "weighted_fk": 0.10881409049034119
      }
    },
    {
      "step": 1000,
      "train_loss": 0.3775027394294739,
      "loss_components": {
        "loss": 0.3775027394294739,
        "representation": 0.07080431282520294,
        "weighted_dense": 0.1342896670103073,
        "weighted_fk": 0.17240877449512482
      }
    },
    {
      "step": 1000,
      "train_loss": 0.3775027394294739,
      "dev_sample_closed_loop_fk22_mm": 266.00204035639763
    },
    {
      "step": 1020,
      "train_loss": 0.2966657280921936,
      "loss_components": {
        "loss": 0.2966657280921936,
        "representation": 0.06454002857208252,
        "weighted_dense": 0.1094871461391449,
        "weighted_fk": 0.12263856083154678
      }
    },
    {
      "step": 1040,
      "train_loss": 0.3701689839363098,
      "loss_components": {
        "loss": 0.3701689839363098,
        "representation": 0.0716419443488121,
        "weighted_dense": 0.1238359734416008,
        "weighted_fk": 0.1746910810470581
      }
    },
    {
      "step": 1060,
      "train_loss": 0.3036157488822937,
      "loss_components": {
        "loss": 0.3036157488822937,
        "representation": 0.05225163325667381,
        "weighted_dense": 0.10537976771593094,
        "weighted_fk": 0.14598435163497925
      }
    },
    {
      "step": 1080,
      "train_loss": 0.2795912027359009,
      "loss_components": {
        "loss": 0.2795912027359009,
        "representation": 0.05746421962976456,
        "weighted_dense": 0.10382965952157974,
        "weighted_fk": 0.11829732358455658
      }
    },
    {
      "step": 1100,
      "train_loss": 0.35300153493881226,
      "loss_components": {
        "loss": 0.35300153493881226,
        "representation": 0.0731048434972763,
        "weighted_dense": 0.13563112914562225,
        "weighted_fk": 0.1442655622959137
      }
    },
    {
      "step": 1120,
      "train_loss": 0.2932741641998291,
      "loss_components": {
        "loss": 0.2932741641998291,
        "representation": 0.055403877049684525,
        "weighted_dense": 0.10648120939731598,
        "weighted_fk": 0.1313890963792801
      }
    },
    {
      "step": 1140,
      "train_loss": 0.39725440740585327,
      "loss_components": {
        "loss": 0.39725440740585327,
        "representation": 0.06483283638954163,
        "weighted_dense": 0.1427980661392212,
        "weighted_fk": 0.18962351977825165
      }
    },
    {
      "step": 1160,
      "train_loss": 0.3006002902984619,
      "loss_components": {
        "loss": 0.3006002902984619,
        "representation": 0.05583019554615021,
        "weighted_dense": 0.10259836912155151,
        "weighted_fk": 0.142171710729599
      }
    },
    {
      "step": 1180,
      "train_loss": 0.26847609877586365,
      "loss_components": {
        "loss": 0.26847609877586365,
        "representation": 0.05672552064061165,
        "weighted_dense": 0.09560690820217133,
        "weighted_fk": 0.11614366620779037
      }
    },
    {
      "step": 1200,
      "train_loss": 0.3375207185745239,
      "loss_components": {
        "loss": 0.3375207185745239,
        "representation": 0.068214051425457,
        "weighted_dense": 0.11758191883563995,
        "weighted_fk": 0.15172474086284637
      }
    },
    {
      "step": 1200,
      "train_loss": 0.3375207185745239,
      "dev_sample_closed_loop_fk22_mm": 224.92841879526773
    },
    {
      "step": 1220,
      "train_loss": 0.414034366607666,
      "loss_components": {
        "loss": 0.414034366607666,
        "representation": 0.1027422696352005,
        "weighted_dense": 0.13780111074447632,
        "weighted_fk": 0.1734910011291504
      }
    },
    {
      "step": 1240,
      "train_loss": 0.27620819211006165,
      "loss_components": {
        "loss": 0.27620819211006165,
        "representation": 0.058758873492479324,
        "weighted_dense": 0.10441072285175323,
        "weighted_fk": 0.11303859204053879
      }
    },
    {
      "step": 1260,
      "train_loss": 0.4451327919960022,
      "loss_components": {
        "loss": 0.4451327919960022,
        "representation": 0.07314709573984146,
        "weighted_dense": 0.15911853313446045,
        "weighted_fk": 0.2128671556711197
      }
    },
    {
      "step": 1280,
      "train_loss": 0.3470970690250397,
      "loss_components": {
        "loss": 0.3470970690250397,
        "representation": 0.06574507057666779,
        "weighted_dense": 0.12901099026203156,
        "weighted_fk": 0.15234100818634033
      }
    },
    {
      "step": 1300,
      "train_loss": 0.28769582509994507,
      "loss_components": {
        "loss": 0.28769582509994507,
        "representation": 0.05199004337191582,
        "weighted_dense": 0.10455746948719025,
        "weighted_fk": 0.1311483085155487
      }
    },
    {
      "step": 1320,
      "train_loss": 0.29072344303131104,
      "loss_components": {
        "loss": 0.29072344303131104,
        "representation": 0.05321021005511284,
        "weighted_dense": 0.10740790516138077,
        "weighted_fk": 0.13010531663894653
      }
    },
    {
      "step": 1340,
      "train_loss": 0.279166579246521,
      "loss_components": {
        "loss": 0.279166579246521,
        "representation": 0.053132545202970505,
        "weighted_dense": 0.10118865966796875,
        "weighted_fk": 0.12484536319971085
      }
    },
    {
      "step": 1360,
      "train_loss": 0.35220572352409363,
      "loss_components": {
        "loss": 0.35220572352409363,
        "representation": 0.13512392342090607,
        "weighted_dense": 0.0981077328324318,
        "weighted_fk": 0.11897405982017517
      }
    },
    {
      "step": 1380,
      "train_loss": 0.556143045425415,
      "loss_components": {
        "loss": 0.556143045425415,
        "representation": 0.13412661850452423,
        "weighted_dense": 0.18792691826820374,
        "weighted_fk": 0.23408949375152588
      }
    },
    {
      "step": 1400,
      "train_loss": 0.25156769156455994,
      "loss_components": {
        "loss": 0.25156769156455994,
        "representation": 0.05046766623854637,
        "weighted_dense": 0.08301497995853424,
        "weighted_fk": 0.11808503419160843
      }
    },
    {
      "step": 1400,
      "train_loss": 0.25156769156455994,
      "dev_sample_closed_loop_fk22_mm": 274.4906010727088
    },
    {
      "step": 1420,
      "train_loss": 0.3175757825374603,
      "loss_components": {
        "loss": 0.3175757825374603,
        "representation": 0.06867831200361252,
        "weighted_dense": 0.10769020020961761,
        "weighted_fk": 0.1412072777748108
      }
    },
    {
      "step": 1440,
      "train_loss": 0.3068360388278961,
      "loss_components": {
        "loss": 0.3068360388278961,
        "representation": 0.0598226822912693,
        "weighted_dense": 0.10601456463336945,
        "weighted_fk": 0.14099879562854767
      }
    },
    {
      "step": 1460,
      "train_loss": 0.31548288464546204,
      "loss_components": {
        "loss": 0.31548288464546204,
        "representation": 0.0731283575296402,
        "weighted_dense": 0.10953877121210098,
        "weighted_fk": 0.13281574845314026
      }
    },
    {
      "step": 1480,
      "train_loss": 0.2817615866661072,
      "loss_components": {
        "loss": 0.2817615866661072,
        "representation": 0.052083492279052734,
        "weighted_dense": 0.09391038864850998,
        "weighted_fk": 0.13576769828796387
      }
    },
    {
      "step": 1500,
      "train_loss": 0.2671436369419098,
      "loss_components": {
        "loss": 0.2671436369419098,
        "representation": 0.05365102365612984,
        "weighted_dense": 0.09383083134889603,
        "weighted_fk": 0.11966177076101303
      }
    },
    {
      "step": 1520,
      "train_loss": 0.43980497121810913,
      "loss_components": {
        "loss": 0.43980497121810913,
        "representation": 0.10047247260808945,
        "weighted_dense": 0.1229109838604927,
        "weighted_fk": 0.21642152965068817
      }
    },
    {
      "step": 1540,
      "train_loss": 0.30236726999282837,
      "loss_components": {
        "loss": 0.30236726999282837,
        "representation": 0.05194193497300148,
        "weighted_dense": 0.11669937521219254,
        "weighted_fk": 0.13372597098350525
      }
    },
    {
      "step": 1560,
      "train_loss": 0.33804601430892944,
      "loss_components": {
        "loss": 0.33804601430892944,
        "representation": 0.06695929169654846,
        "weighted_dense": 0.1242557093501091,
        "weighted_fk": 0.14683100581169128
      }
    },
    {
      "step": 1580,
      "train_loss": 0.3630719780921936,
      "loss_components": {
        "loss": 0.3630719780921936,
        "representation": 0.07237011194229126,
        "weighted_dense": 0.13489428162574768,
        "weighted_fk": 0.15580756962299347
      }
    },
    {
      "step": 1600,
      "train_loss": 0.2517511546611786,
      "loss_components": {
        "loss": 0.2517511546611786,
        "representation": 0.04720823094248772,
        "weighted_dense": 0.0905594527721405,
        "weighted_fk": 0.11398347467184067
      }
    },
    {
      "step": 1600,
      "train_loss": 0.2517511546611786,
      "dev_sample_closed_loop_fk22_mm": 278.0272513628006
    },
    {
      "step": 1620,
      "train_loss": 0.5219622254371643,
      "loss_components": {
        "loss": 0.5219622254371643,
        "representation": 0.07784513384103775,
        "weighted_dense": 0.18834331631660461,
        "weighted_fk": 0.25577378273010254
      }
    },
    {
      "step": 1640,
      "train_loss": 0.21420203149318695,
      "loss_components": {
        "loss": 0.21420203149318695,
        "representation": 0.04015430435538292,
        "weighted_dense": 0.07639061659574509,
        "weighted_fk": 0.09765711426734924
      }
    },
    {
      "step": 1660,
      "train_loss": 0.417989581823349,
      "loss_components": {
        "loss": 0.417989581823349,
        "representation": 0.08842460811138153,
        "weighted_dense": 0.13828615844249725,
        "weighted_fk": 0.19127881526947021
      }
    },
    {
      "step": 1680,
      "train_loss": 0.23727896809577942,
      "loss_components": {
        "loss": 0.23727896809577942,
        "representation": 0.05135451257228851,
        "weighted_dense": 0.08317901194095612,
        "weighted_fk": 0.1027454361319542
      }
    },
    {
      "step": 1700,
      "train_loss": 0.2613901197910309,
      "loss_components": {
        "loss": 0.2613901197910309,
        "representation": 0.053958289325237274,
        "weighted_dense": 0.09017923474311829,
        "weighted_fk": 0.11725258082151413
      }
    },
    {
      "step": 1720,
      "train_loss": 0.3306161165237427,
      "loss_components": {
        "loss": 0.3306161165237427,
        "representation": 0.06894955784082413,
        "weighted_dense": 0.11463279277086258,
        "weighted_fk": 0.14703376591205597
      }
    },
    {
      "step": 1740,
      "train_loss": 0.3710799217224121,
      "loss_components": {
        "loss": 0.3710799217224121,
        "representation": 0.06366785615682602,
        "weighted_dense": 0.13184231519699097,
        "weighted_fk": 0.17556975781917572
      }
    },
    {
      "step": 1760,
      "train_loss": 0.35389554500579834,
      "loss_components": {
        "loss": 0.35389554500579834,
        "representation": 0.06882362812757492,
        "weighted_dense": 0.11944027245044708,
        "weighted_fk": 0.16563165187835693
      }
    },
    {
      "step": 1780,
      "train_loss": 0.2774308919906616,
      "loss_components": {
        "loss": 0.2774308919906616,
        "representation": 0.06170620769262314,
        "weighted_dense": 0.10308445245027542,
        "weighted_fk": 0.11264023184776306
      }
    },
    {
      "step": 1800,
      "train_loss": 0.3339918851852417,
      "loss_components": {
        "loss": 0.3339918851852417,
        "representation": 0.062143269926309586,
        "weighted_dense": 0.11513636261224747,
        "weighted_fk": 0.15671223402023315
      }
    },
    {
      "step": 1800,
      "train_loss": 0.3339918851852417,
      "dev_sample_closed_loop_fk22_mm": 225.98460440834364
    },
    {
      "step": 1820,
      "train_loss": 0.2904810309410095,
      "loss_components": {
        "loss": 0.2904810309410095,
        "representation": 0.05201522260904312,
        "weighted_dense": 0.10298190265893936,
        "weighted_fk": 0.13548392057418823
      }
    },
    {
      "step": 1840,
      "train_loss": 0.2202347368001938,
      "loss_components": {
        "loss": 0.2202347368001938,
        "representation": 0.03877576068043709,
        "weighted_dense": 0.0703033059835434,
        "weighted_fk": 0.1111556738615036
      }
    },
    {
      "step": 1860,
      "train_loss": 0.3853070139884949,
      "loss_components": {
        "loss": 0.3853070139884949,
        "representation": 0.06735079735517502,
        "weighted_dense": 0.12443269044160843,
        "weighted_fk": 0.19352352619171143
      }
    },
    {
      "step": 1880,
      "train_loss": 0.3121284246444702,
      "loss_components": {
        "loss": 0.3121284246444702,
        "representation": 0.07869189232587814,
        "weighted_dense": 0.096468985080719,
        "weighted_fk": 0.1369675248861313
      }
    },
    {
      "step": 1900,
      "train_loss": 0.34422215819358826,
      "loss_components": {
        "loss": 0.34422215819358826,
        "representation": 0.07091236859560013,
        "weighted_dense": 0.10753780603408813,
        "weighted_fk": 0.1657719910144806
      }
    },
    {
      "step": 1920,
      "train_loss": 0.23410546779632568,
      "loss_components": {
        "loss": 0.23410546779632568,
        "representation": 0.049034662544727325,
        "weighted_dense": 0.0758996531367302,
        "weighted_fk": 0.10917114466428757
      }
    },
    {
      "step": 1940,
      "train_loss": 0.2917276620864868,
      "loss_components": {
        "loss": 0.2917276620864868,
        "representation": 0.057507049292325974,
        "weighted_dense": 0.10735724121332169,
        "weighted_fk": 0.12686339020729065
      }
    },
    {
      "step": 1960,
      "train_loss": 0.24006718397140503,
      "loss_components": {
        "loss": 0.24006718397140503,
        "representation": 0.0587850846350193,
        "weighted_dense": 0.08274359256029129,
        "weighted_fk": 0.09853850305080414
      }
    },
    {
      "step": 1980,
      "train_loss": 0.27727755904197693,
      "loss_components": {
        "loss": 0.27727755904197693,
        "representation": 0.05894795432686806,
        "weighted_dense": 0.10113967955112457,
        "weighted_fk": 0.1171899288892746
      }
    },
    {
      "step": 2000,
      "train_loss": 0.6526877880096436,
      "loss_components": {
        "loss": 0.6526877880096436,
        "representation": 0.3606916666030884,
        "weighted_dense": 0.1390470415353775,
        "weighted_fk": 0.15294906497001648
      }
    },
    {
      "step": 2000,
      "train_loss": 0.6526877880096436,
      "dev_sample_closed_loop_fk22_mm": 221.10931078592935
    },
    {
      "step": 2020,
      "train_loss": 0.7989635467529297,
      "loss_components": {
        "loss": 0.7989635467529297,
        "representation": 0.5807088017463684,
        "weighted_dense": 0.09498746693134308,
        "weighted_fk": 0.1232672855257988
      }
    },
    {
      "step": 2040,
      "train_loss": 0.3070392310619354,
      "loss_components": {
        "loss": 0.3070392310619354,
        "representation": 0.062311895191669464,
        "weighted_dense": 0.09925182908773422,
        "weighted_fk": 0.14547550678253174
      }
    },
    {
      "step": 2060,
      "train_loss": 0.3210412859916687,
      "loss_components": {
        "loss": 0.3210412859916687,
        "representation": 0.07984612882137299,
        "weighted_dense": 0.11104875057935715,
        "weighted_fk": 0.13014642894268036
      }
    },
    {
      "step": 2080,
      "train_loss": 0.24944615364074707,
      "loss_components": {
        "loss": 0.24944615364074707,
        "representation": 0.05367005988955498,
        "weighted_dense": 0.08188075572252274,
        "weighted_fk": 0.11389534920454025
      }
    },
    {
      "step": 2100,
      "train_loss": 0.32016804814338684,
      "loss_components": {
        "loss": 0.32016804814338684,
        "representation": 0.06341102719306946,
        "weighted_dense": 0.0999341830611229,
        "weighted_fk": 0.1568228304386139
      }
    },
    {
      "step": 2120,
      "train_loss": 0.23942886292934418,
      "loss_components": {
        "loss": 0.23942886292934418,
        "representation": 0.04104558378458023,
        "weighted_dense": 0.0805647075176239,
        "weighted_fk": 0.11781857162714005
      }
    },
    {
      "step": 2140,
      "train_loss": 0.24095705151557922,
      "loss_components": {
        "loss": 0.24095705151557922,
        "representation": 0.04484160244464874,
        "weighted_dense": 0.0822199359536171,
        "weighted_fk": 0.11389549821615219
      }
    },
    {
      "step": 2160,
      "train_loss": 0.3033008873462677,
      "loss_components": {
        "loss": 0.3033008873462677,
        "representation": 0.07972867041826248,
        "weighted_dense": 0.0981491208076477,
        "weighted_fk": 0.1254231035709381
      }
    },
    {
      "step": 2180,
      "train_loss": 0.2970595061779022,
      "loss_components": {
        "loss": 0.2970595061779022,
        "representation": 0.06474269181489944,
        "weighted_dense": 0.10892928391695023,
        "weighted_fk": 0.12338753789663315
      }
    },
    {
      "step": 2200,
      "train_loss": 0.22608160972595215,
      "loss_components": {
        "loss": 0.22608160972595215,
        "representation": 0.04286083206534386,
        "weighted_dense": 0.08724518120288849,
        "weighted_fk": 0.09597558528184891
      }
    },
    {
      "step": 2200,
      "train_loss": 0.22608160972595215,
      "dev_sample_closed_loop_fk22_mm": 218.87145936489105
    },
    {
      "step": 2220,
      "train_loss": 0.22427184879779816,
      "loss_components": {
        "loss": 0.22427184879779816,
        "representation": 0.05222931504249573,
        "weighted_dense": 0.07412076741456985,
        "weighted_fk": 0.09792177379131317
      }
    },
    {
      "step": 2240,
      "train_loss": 0.2778432071208954,
      "loss_components": {
        "loss": 0.2778432071208954,
        "representation": 0.05968363210558891,
        "weighted_dense": 0.08732974529266357,
        "weighted_fk": 0.1308298259973526
      }
    },
    {
      "step": 2260,
      "train_loss": 0.2585395276546478,
      "loss_components": {
        "loss": 0.2585395276546478,
        "representation": 0.050907015800476074,
        "weighted_dense": 0.08254197239875793,
        "weighted_fk": 0.12509053945541382
      }
    },
    {
      "step": 2280,
      "train_loss": 0.2773084044456482,
      "loss_components": {
        "loss": 0.2773084044456482,
        "representation": 0.05549313500523567,
        "weighted_dense": 0.10529612004756927,
        "weighted_fk": 0.11651916801929474
      }
    },
    {
      "step": 2300,
      "train_loss": 0.28730547428131104,
      "loss_components": {
        "loss": 0.28730547428131104,
        "representation": 0.07066767662763596,
        "weighted_dense": 0.10171405971050262,
        "weighted_fk": 0.11492373049259186
      }
    },
    {
      "step": 2320,
      "train_loss": 0.6064407825469971,
      "loss_components": {
        "loss": 0.6064407825469971,
        "representation": 0.1522521674633026,
        "weighted_dense": 0.22428354620933533,
        "weighted_fk": 0.22990505397319794
      }
    },
    {
      "step": 2340,
      "train_loss": 0.25229960680007935,
      "loss_components": {
        "loss": 0.25229960680007935,
        "representation": 0.04991840198636055,
        "weighted_dense": 0.09598997980356216,
        "weighted_fk": 0.10639122128486633
      }
    },
    {
      "step": 2360,
      "train_loss": 0.3132830262184143,
      "loss_components": {
        "loss": 0.3132830262184143,
        "representation": 0.06070316582918167,
        "weighted_dense": 0.09448278695344925,
        "weighted_fk": 0.1580970734357834
      }
    },
    {
      "step": 2380,
      "train_loss": 0.36092638969421387,
      "loss_components": {
        "loss": 0.36092638969421387,
        "representation": 0.06286486238241196,
        "weighted_dense": 0.13817834854125977,
        "weighted_fk": 0.15988315641880035
      }
    },
    {
      "step": 2400,
      "train_loss": 0.27670958638191223,
      "loss_components": {
        "loss": 0.27670958638191223,
        "representation": 0.0478324331343174,
        "weighted_dense": 0.06918289512395859,
        "weighted_fk": 0.15969425439834595
      }
    },
    {
      "step": 2400,
      "train_loss": 0.27670958638191223,
      "dev_sample_closed_loop_fk22_mm": 241.6489447156588
    }
  ],
  "dense22_mm_per_action": {
    "a11": 47.15774917602539,
    "a10": 48.6207389831543,
    "a01": 47.28822708129883,
    "a00": 48.90721130371094
  },
  "dense22_oracle_gap_mm": 0.9267145991325378,
  "oracle_action_counts": [
    33,
    16,
    6,
    9
  ],
  "checkpoint_sha256": "1877d877cc867acda13c36c864f2ae819d859f9d38887fe10dea3b1f1facfc2e"
}
Saved pilot to exp/egorecover_loss_ablation/g00_g11_v1/train/g1f1_gaussian; G selection=closed_loop_fk; independent validation remains separate.
