/root/miniconda3/envs/egorecover/lib/python3.11/site-packages/torch/cuda/__init__.py:1007: UserWarning: Can't initialize NVML
  raw_cnt = _raw_device_count_nvml()
2026-09-29 21:08:49.474 | WARNING  | dataset.smpl_utils:get_smpl:10 - Loading SMPL model: smplx
dev georgiatech_bike_05_2 1062 1/4 cells
dev georgiatech_bike_05_2 1062 2/4 cells
dev georgiatech_bike_05_2 1062 3/4 cells
dev georgiatech_bike_05_2 1062 4/4 cells
dev georgiatech_bike_05_2 1063 1/4 cells
dev georgiatech_bike_05_2 1063 2/4 cells
dev georgiatech_bike_05_2 1063 3/4 cells
dev georgiatech_bike_05_2 1063 4/4 cells
dev georgiatech_bike_05_2 1064 1/4 cells
dev georgiatech_bike_05_2 1064 2/4 cells
dev georgiatech_bike_05_2 1064 3/4 cells
dev georgiatech_bike_05_2 1064 4/4 cells
dev nus_cpr_52_1 1062 1/4 cells
dev nus_cpr_52_1 1062 2/4 cells
dev nus_cpr_52_1 1062 3/4 cells
dev nus_cpr_52_1 1062 4/4 cells
dev nus_cpr_52_1 1063 1/4 cells
dev nus_cpr_52_1 1063 2/4 cells
dev nus_cpr_52_1 1063 3/4 cells
dev nus_cpr_52_1 1063 4/4 cells
dev nus_cpr_52_1 1064 1/4 cells
dev nus_cpr_52_1 1064 2/4 cells
dev nus_cpr_52_1 1064 3/4 cells
dev nus_cpr_52_1 1064 4/4 cells
dev uniandes_dance_011_27 1062 1/4 cells
dev uniandes_dance_011_27 1062 2/4 cells
dev uniandes_dance_011_27 1062 3/4 cells
dev uniandes_dance_011_27 1062 4/4 cells
dev uniandes_dance_011_27 1063 1/4 cells
dev uniandes_dance_011_27 1063 2/4 cells
dev uniandes_dance_011_27 1063 3/4 cells
dev uniandes_dance_011_27 1063 4/4 cells
dev uniandes_dance_011_27 1064 1/4 cells
dev uniandes_dance_011_27 1064 2/4 cells
dev uniandes_dance_011_27 1064 3/4 cells
dev uniandes_dance_011_27 1064 4/4 cells
