/root/miniconda3/envs/egorecover/lib/python3.11/site-packages/torch/cuda/__init__.py:1007: UserWarning: Can't initialize NVML
  raw_cnt = _raw_device_count_nvml()
2026-09-29 21:08:50.230 | WARNING  | dataset.smpl_utils:get_smpl:10 - Loading SMPL model: smplx
dev iiith_soccer_004_5 1062 1/4 cells
dev iiith_soccer_004_5 1062 2/4 cells
dev iiith_soccer_004_5 1062 3/4 cells
dev iiith_soccer_004_5 1062 4/4 cells
dev iiith_soccer_004_5 1063 1/4 cells
dev iiith_soccer_004_5 1063 2/4 cells
dev iiith_soccer_004_5 1063 3/4 cells
dev iiith_soccer_004_5 1063 4/4 cells
dev iiith_soccer_004_5 1064 1/4 cells
dev iiith_soccer_004_5 1064 2/4 cells
dev iiith_soccer_004_5 1064 3/4 cells
dev iiith_soccer_004_5 1064 4/4 cells
dev sfu_basketball_08_15 1062 1/4 cells
dev sfu_basketball_08_15 1062 2/4 cells
dev sfu_basketball_08_15 1062 3/4 cells
dev sfu_basketball_08_15 1062 4/4 cells
dev sfu_basketball_08_15 1063 1/4 cells
dev sfu_basketball_08_15 1063 2/4 cells
dev sfu_basketball_08_15 1063 3/4 cells
dev sfu_basketball_08_15 1063 4/4 cells
dev sfu_basketball_08_15 1064 1/4 cells
dev sfu_basketball_08_15 1064 2/4 cells
dev sfu_basketball_08_15 1064 3/4 cells
dev sfu_basketball_08_15 1064 4/4 cells
dev upenn_0725_Duet_Violin_1_2_8 1062 1/4 cells
dev upenn_0725_Duet_Violin_1_2_8 1062 2/4 cells
dev upenn_0725_Duet_Violin_1_2_8 1062 3/4 cells
dev upenn_0725_Duet_Violin_1_2_8 1062 4/4 cells
dev upenn_0725_Duet_Violin_1_2_8 1063 1/4 cells
dev upenn_0725_Duet_Violin_1_2_8 1063 2/4 cells
dev upenn_0725_Duet_Violin_1_2_8 1063 3/4 cells
dev upenn_0725_Duet_Violin_1_2_8 1063 4/4 cells
dev upenn_0725_Duet_Violin_1_2_8 1064 1/4 cells
dev upenn_0725_Duet_Violin_1_2_8 1064 2/4 cells
dev upenn_0725_Duet_Violin_1_2_8 1064 3/4 cells
dev upenn_0725_Duet_Violin_1_2_8 1064 4/4 cells
