/root/miniconda3/envs/egorecover/lib/python3.11/site-packages/torch/cuda/__init__.py:1007: UserWarning: Can't initialize NVML
  raw_cnt = _raw_device_count_nvml()
2026-09-29 21:08:50.188 | WARNING  | dataset.smpl_utils:get_smpl:10 - Loading SMPL model: smplx
dev fair_bike_01_12 1062 1/4 cells
dev fair_bike_01_12 1062 2/4 cells
dev fair_bike_01_12 1062 3/4 cells
dev fair_bike_01_12 1062 4/4 cells
dev fair_bike_01_12 1063 1/4 cells
dev fair_bike_01_12 1063 2/4 cells
dev fair_bike_01_12 1063 3/4 cells
dev fair_bike_01_12 1063 4/4 cells
dev fair_bike_01_12 1064 1/4 cells
dev fair_bike_01_12 1064 2/4 cells
dev fair_bike_01_12 1064 3/4 cells
dev fair_bike_01_12 1064 4/4 cells
dev indiana_music_13_5 1062 1/4 cells
dev indiana_music_13_5 1062 2/4 cells
dev indiana_music_13_5 1062 3/4 cells
dev indiana_music_13_5 1062 4/4 cells
dev indiana_music_13_5 1063 1/4 cells
dev indiana_music_13_5 1063 2/4 cells
dev indiana_music_13_5 1063 3/4 cells
dev indiana_music_13_5 1063 4/4 cells
dev indiana_music_13_5 1064 1/4 cells
dev indiana_music_13_5 1064 2/4 cells
dev indiana_music_13_5 1064 3/4 cells
dev indiana_music_13_5 1064 4/4 cells
dev unc_basketball_03-16-23_01_18 1062 1/4 cells
dev unc_basketball_03-16-23_01_18 1062 2/4 cells
dev unc_basketball_03-16-23_01_18 1062 3/4 cells
dev unc_basketball_03-16-23_01_18 1062 4/4 cells
dev unc_basketball_03-16-23_01_18 1063 1/4 cells
dev unc_basketball_03-16-23_01_18 1063 2/4 cells
dev unc_basketball_03-16-23_01_18 1063 3/4 cells
dev unc_basketball_03-16-23_01_18 1063 4/4 cells
dev unc_basketball_03-16-23_01_18 1064 1/4 cells
dev unc_basketball_03-16-23_01_18 1064 2/4 cells
dev unc_basketball_03-16-23_01_18 1064 3/4 cells
dev unc_basketball_03-16-23_01_18 1064 4/4 cells
