2026-09-29 21:05:39.349 | WARNING  | dataset.smpl_utils:get_smpl:10 - Loading SMPL model: smplx
[
  {
    "take": "cmu_soccer07_1",
    "window": [
      0,
      21
    ],
    "native_input_max_abs": 0.0,
    "source_GT_dense_roundtrip_max_mm": 0.0016598582733422518,
    "source_GT_FK_roundtrip_max_mm": 0.5450144410133362
  },
  {
    "take": "cmu_soccer07_1",
    "window": [
      0,
      80
    ],
    "native_input_max_abs": 0.0,
    "source_GT_dense_roundtrip_max_mm": 0.005639494396746159,
    "source_GT_FK_roundtrip_max_mm": 0.5511332154273987
  },
  {
    "take": "cmu_soccer07_1",
    "window": [
      1,
      81
    ],
    "native_input_max_abs": 0.0,
    "source_GT_dense_roundtrip_max_mm": 0.006903741974383593,
    "source_GT_FK_roundtrip_max_mm": 0.5525892376899719
  },
  {
    "take": "cmu_soccer07_1",
    "window": [
      120,
      200
    ],
    "native_input_max_abs": 0.0,
    "source_GT_dense_roundtrip_max_mm": 0.007298162207007408,
    "source_GT_FK_roundtrip_max_mm": 0.5554108023643494
  },
  {
    "take": "cmu_soccer11_2",
    "window": [
      0,
      21
    ],
    "native_input_max_abs": 0.0,
    "source_GT_dense_roundtrip_max_mm": 0.0011246181093156338,
    "source_GT_FK_roundtrip_max_mm": 0.6263937950134277
  },
  {
    "take": "cmu_soccer11_2",
    "window": [
      0,
      80
    ],
    "native_input_max_abs": 0.0,
    "source_GT_dense_roundtrip_max_mm": 0.00413340050727129,
    "source_GT_FK_roundtrip_max_mm": 0.6344389319419861
  },
  {
    "take": "cmu_soccer11_2",
    "window": [
      1,
      81
    ],
    "native_input_max_abs": 0.0,
    "source_GT_dense_roundtrip_max_mm": 0.006330450996756554,
    "source_GT_FK_roundtrip_max_mm": 0.6358427405357361
  },
  {
    "take": "cmu_soccer11_2",
    "window": [
      120,
      200
    ],
    "native_input_max_abs": 0.0,
    "source_GT_dense_roundtrip_max_mm": 0.005674975924193859,
    "source_GT_FK_roundtrip_max_mm": 0.640101969242096
  }
]
2026-09-29 21:06:57.771 | WARNING  | dataset.smpl_utils:get_smpl:10 - Loading SMPL model: smplx
[
  {
    "take": "cmu_soccer07_1",
    "window": [
      0,
      21
    ],
    "native_input_max_abs": 0.0,
    "source_GT_dense_roundtrip_max_mm": 0.0016598582733422518,
    "source_GT_FK_roundtrip_max_mm": 0.5450144410133362
  },
  {
    "take": "cmu_soccer07_1",
    "window": [
      0,
      80
    ],
    "native_input_max_abs": 0.0,
    "source_GT_dense_roundtrip_max_mm": 0.005639494396746159,
    "source_GT_FK_roundtrip_max_mm": 0.5511332154273987
  },
  {
    "take": "cmu_soccer07_1",
    "window": [
      1,
      81
    ],
    "native_input_max_abs": 0.0,
    "source_GT_dense_roundtrip_max_mm": 0.006903741974383593,
    "source_GT_FK_roundtrip_max_mm": 0.5525892376899719
  },
  {
    "take": "cmu_soccer07_1",
    "window": [
      120,
      200
    ],
    "native_input_max_abs": 0.0,
    "source_GT_dense_roundtrip_max_mm": 0.007298162207007408,
    "source_GT_FK_roundtrip_max_mm": 0.5554108023643494
  },
  {
    "take": "cmu_soccer11_2",
    "window": [
      0,
      21
    ],
    "native_input_max_abs": 0.0,
    "source_GT_dense_roundtrip_max_mm": 0.0011246181093156338,
    "source_GT_FK_roundtrip_max_mm": 0.6263937950134277
  },
  {
    "take": "cmu_soccer11_2",
    "window": [
      0,
      80
    ],
    "native_input_max_abs": 0.0,
    "source_GT_dense_roundtrip_max_mm": 0.00413340050727129,
    "source_GT_FK_roundtrip_max_mm": 0.6344389319419861
  },
  {
    "take": "cmu_soccer11_2",
    "window": [
      1,
      81
    ],
    "native_input_max_abs": 0.0,
    "source_GT_dense_roundtrip_max_mm": 0.006330450996756554,
    "source_GT_FK_roundtrip_max_mm": 0.6358427405357361
  },
  {
    "take": "cmu_soccer11_2",
    "window": [
      120,
      200
    ],
    "native_input_max_abs": 0.0,
    "source_GT_dense_roundtrip_max_mm": 0.005674975924193859,
    "source_GT_FK_roundtrip_max_mm": 0.640101969242096
  }
]
2026-09-29 21:08:21.690 | WARNING  | dataset.smpl_utils:get_smpl:10 - Loading SMPL model: smplx
[
  {
    "take": "cmu_soccer07_1",
    "window": [
      0,
      21
    ],
    "native_input_max_abs": 0.0,
    "source_GT_dense_roundtrip_max_mm": 0.0016598582733422518,
    "source_GT_FK_roundtrip_max_mm": 0.5450144410133362
  },
  {
    "take": "cmu_soccer07_1",
    "window": [
      0,
      80
    ],
    "native_input_max_abs": 0.0,
    "source_GT_dense_roundtrip_max_mm": 0.005639494396746159,
    "source_GT_FK_roundtrip_max_mm": 0.5511332154273987
  },
  {
    "take": "cmu_soccer07_1",
    "window": [
      1,
      81
    ],
    "native_input_max_abs": 0.0,
    "source_GT_dense_roundtrip_max_mm": 0.006903741974383593,
    "source_GT_FK_roundtrip_max_mm": 0.5525892376899719
  },
  {
    "take": "cmu_soccer07_1",
    "window": [
      120,
      200
    ],
    "native_input_max_abs": 0.0,
    "source_GT_dense_roundtrip_max_mm": 0.007298162207007408,
    "source_GT_FK_roundtrip_max_mm": 0.5554108023643494
  },
  {
    "take": "cmu_soccer11_2",
    "window": [
      0,
      21
    ],
    "native_input_max_abs": 0.0,
    "source_GT_dense_roundtrip_max_mm": 0.0011246181093156338,
    "source_GT_FK_roundtrip_max_mm": 0.6263937950134277
  },
  {
    "take": "cmu_soccer11_2",
    "window": [
      0,
      80
    ],
    "native_input_max_abs": 0.0,
    "source_GT_dense_roundtrip_max_mm": 0.00413340050727129,
    "source_GT_FK_roundtrip_max_mm": 0.6344389319419861
  },
  {
    "take": "cmu_soccer11_2",
    "window": [
      1,
      81
    ],
    "native_input_max_abs": 0.0,
    "source_GT_dense_roundtrip_max_mm": 0.006330450996756554,
    "source_GT_FK_roundtrip_max_mm": 0.6358427405357361
  },
  {
    "take": "cmu_soccer11_2",
    "window": [
      120,
      200
    ],
    "native_input_max_abs": 0.0,
    "source_GT_dense_roundtrip_max_mm": 0.005674975924193859,
    "source_GT_FK_roundtrip_max_mm": 0.640101969242096
  }
]
