2026-09-29 12:13:20.143 | WARNING  | dataset.smpl_utils:get_smpl:10 - Loading SMPL model: smplx
Audited cmu_soccer07_1
Audited cmu_soccer11_2
Audited fair_bike_01_12
Audited fair_bike_01_14
Audited fair_bike_08_10
Audited georgiatech_bike_04_8
Audited georgiatech_bike_05_2
Audited georgiatech_bike_08_14
Audited georgiatech_bike_09_8
Audited georgiatech_covid_03_14
Audited georgiatech_covid_03_2
Audited georgiatech_covid_09_8
Audited georgiatech_covid_12_13
Audited iiith_cooking_109_4
Audited iiith_cooking_146_2
Audited iiith_piano_001_8
Audited iiith_soccer_004_5
Audited iiith_soccer_020_3
Audited iiith_soccer_020_6
Audited iiith_soccer_035_3
Audited indiana_bike_04_7
Audited indiana_cooking_03_2
Audited indiana_cooking_10_4
Audited indiana_music_13_5
Audited minnesota_cooking_023_2
Audited nus_cpr_09_2
Audited nus_cpr_48_1
Audited nus_cpr_52_1
Audited sfu_basketball_02_26
Audited sfu_basketball_03_44
Audited sfu_basketball_08_15
Audited sfu_cooking_005_2
Audited unc_basketball_03-09-23_02_5
Audited unc_basketball_03-16-23_01_18
Audited unc_basketball_03-31-23_02_23
Audited uniandes_basketball_003_35
Audited uniandes_basketball_003_36
Audited uniandes_basketball_004_6
Audited uniandes_cooking_009_4
Audited uniandes_cooking_009_6
Audited uniandes_dance_008_22
Audited uniandes_dance_011_27
Audited uniandes_dance_012_15
Audited uniandes_dance_013_19
Audited uniandes_dance_017_57
Audited uniandes_dance_019_36
Audited uniandes_dance_020_13
Audited uniandes_dance_020_50
Audited uniandes_dance_022_22
Audited upenn_0407_Violin_1_3
Audited upenn_0407_Violin_2_3
Audited upenn_0719_Piano_2_3
Audited upenn_0725_Duet_Violin_1_2_8
Audited upenn_0725_Duet_Violin_1_2_9
Audited upenn_0726_Piano_1_3
Audited upenn_0726_Piano_1_4
Audited upenn_0727_Partner_Dance_2_1_4
Audited utokyo_omelet_12_1001_2
Audited utokyo_omelet_6_1001_4
Audited utokyo_pcr_2001_33_6
