Loading official source once to materialize 12 dev + 2 train smoke takes
Prepared dev fair_bike_01_12 clean
Prepared dev fair_bike_01_12 freeze_3s
Prepared dev fair_bike_01_12 drift_0p03mps
Prepared dev georgiatech_bike_05_2 clean
Prepared dev georgiatech_bike_05_2 freeze_3s
Prepared dev georgiatech_bike_05_2 drift_0p03mps
Prepared dev iiith_cooking_109_4 clean
Prepared dev iiith_cooking_109_4 freeze_3s
Prepared dev iiith_cooking_109_4 drift_0p03mps
Prepared dev iiith_soccer_004_5 clean
Prepared dev iiith_soccer_004_5 freeze_3s
Prepared dev iiith_soccer_004_5 drift_0p03mps
Prepared dev indiana_music_13_5 clean
Prepared dev indiana_music_13_5 freeze_3s
Prepared dev indiana_music_13_5 drift_0p03mps
Prepared dev nus_cpr_52_1 clean
Prepared dev nus_cpr_52_1 freeze_3s
Prepared dev nus_cpr_52_1 drift_0p03mps
Prepared dev sfu_basketball_03_44 clean
Prepared dev sfu_basketball_03_44 freeze_3s
Prepared dev sfu_basketball_03_44 drift_0p03mps
Prepared dev sfu_basketball_08_15 clean
Prepared dev sfu_basketball_08_15 freeze_3s
Prepared dev sfu_basketball_08_15 drift_0p03mps
Prepared dev unc_basketball_03-16-23_01_18 clean
Prepared dev unc_basketball_03-16-23_01_18 freeze_3s
Prepared dev unc_basketball_03-16-23_01_18 drift_0p03mps
Prepared dev uniandes_dance_011_27 clean
Prepared dev uniandes_dance_011_27 freeze_3s
Prepared dev uniandes_dance_011_27 drift_0p03mps
Prepared dev uniandes_dance_012_15 clean
Prepared dev uniandes_dance_012_15 freeze_3s
Prepared dev uniandes_dance_012_15 drift_0p03mps
Prepared dev upenn_0725_Duet_Violin_1_2_8 clean
Prepared dev upenn_0725_Duet_Violin_1_2_8 freeze_3s
Prepared dev upenn_0725_Duet_Violin_1_2_8 drift_0p03mps
Prepared smoke cmu_soccer07_1 clean
Prepared smoke cmu_soccer11_2 clean
