2026-09-30 17:33:45.383 | WARNING  | dataset.smpl_utils:get_smpl:10 - Loading SMPL model: smplx
{"step": 1, "total": 24000, "loss": 384.48122787475586, "mixture_probability": 0.0, "actual_mixture": 0.0, "gradient_norm": 7803679.5, "pid": 1130487, "elapsed_this_session_seconds": 0.8923117872327566, "steps_this_session": 1, "phase": "training", "gpu": "7"}
{"step": 20, "total": 24000, "loss": 316.31507873535156, "mixture_probability": 0.0, "actual_mixture": 0.0, "gradient_norm": 5651541.0, "pid": 1130487, "elapsed_this_session_seconds": 7.139427355490625, "steps_this_session": 20, "phase": "training", "gpu": "7"}
{"step": 40, "total": 24000, "loss": 286.5690231323242, "mixture_probability": 0.0, "actual_mixture": 0.0, "gradient_norm": 19812156.0, "pid": 1130487, "elapsed_this_session_seconds": 13.719402673654258, "steps_this_session": 40, "phase": "training", "gpu": "7"}
{"step": 60, "total": 24000, "loss": 150.36480712890625, "mixture_probability": 0.0, "actual_mixture": 0.0, "gradient_norm": 319857.25, "pid": 1130487, "elapsed_this_session_seconds": 21.093867843039334, "steps_this_session": 60, "phase": "training", "gpu": "7"}
{"step": 80, "total": 24000, "loss": 109.61004257202148, "mixture_probability": 0.0, "actual_mixture": 0.0, "gradient_norm": 162496.15625, "pid": 1130487, "elapsed_this_session_seconds": 30.664596784859896, "steps_this_session": 80, "phase": "training", "gpu": "7"}
{"step": 100, "total": 24000, "loss": 179.36746215820312, "mixture_probability": 0.0, "actual_mixture": 0.0, "gradient_norm": 5538891.5, "pid": 1130487, "elapsed_this_session_seconds": 37.18223745375872, "steps_this_session": 100, "phase": "training", "gpu": "7"}
{"step": 120, "total": 24000, "loss": 122.08248519897461, "mixture_probability": 0.0, "actual_mixture": 0.0, "gradient_norm": 4131756.0, "pid": 1130487, "elapsed_this_session_seconds": 43.86822109948844, "steps_this_session": 120, "phase": "training", "gpu": "7"}
{"step": 140, "total": 24000, "loss": 121.19491577148438, "mixture_probability": 0.0, "actual_mixture": 0.0, "gradient_norm": 544546.8125, "pid": 1130487, "elapsed_this_session_seconds": 50.378568531014025, "steps_this_session": 140, "phase": "training", "gpu": "7"}
{"step": 160, "total": 24000, "loss": 148.97536659240723, "mixture_probability": 0.0, "actual_mixture": 0.0, "gradient_norm": 6773618.5, "pid": 1130487, "elapsed_this_session_seconds": 56.90988172031939, "steps_this_session": 160, "phase": "training", "gpu": "7"}
{"step": 180, "total": 24000, "loss": 110.68103790283203, "mixture_probability": 0.0, "actual_mixture": 0.0, "gradient_norm": 4080887.5, "pid": 1130487, "elapsed_this_session_seconds": 63.44770008791238, "steps_this_session": 180, "phase": "training", "gpu": "7"}
{"step": 200, "total": 24000, "loss": 185.55159378051758, "mixture_probability": 0.0, "actual_mixture": 0.0, "gradient_norm": 5895125.5, "pid": 1130487, "elapsed_this_session_seconds": 69.93065435998142, "steps_this_session": 200, "phase": "training", "gpu": "7"}
{"step": 220, "total": 24000, "loss": 106.70263862609863, "mixture_probability": 0.0, "actual_mixture": 0.0, "gradient_norm": 1512673.875, "pid": 1130487, "elapsed_this_session_seconds": 79.66458332538605, "steps_this_session": 220, "phase": "training", "gpu": "7"}
{"step": 240, "total": 24000, "loss": 147.46582794189453, "mixture_probability": 0.0, "actual_mixture": 0.0, "gradient_norm": 20105312.0, "pid": 1130487, "elapsed_this_session_seconds": 88.0750646898523, "steps_this_session": 240, "phase": "training", "gpu": "7"}
{"step": 260, "total": 24000, "loss": 147.95407009124756, "mixture_probability": 0.0, "actual_mixture": 0.0, "gradient_norm": 6614988.0, "pid": 1130487, "elapsed_this_session_seconds": 94.73353352025151, "steps_this_session": 260, "phase": "training", "gpu": "7"}
{"step": 280, "total": 24000, "loss": 82.51387310028076, "mixture_probability": 0.0, "actual_mixture": 0.0, "gradient_norm": 221640.046875, "pid": 1130487, "elapsed_this_session_seconds": 101.51659180689603, "steps_this_session": 280, "phase": "training", "gpu": "7"}
{"step": 300, "total": 24000, "loss": 51.601319313049316, "mixture_probability": 0.0, "actual_mixture": 0.0, "gradient_norm": 289447.53125, "pid": 1130487, "elapsed_this_session_seconds": 108.09848746843636, "steps_this_session": 300, "phase": "training", "gpu": "7"}
{"step": 320, "total": 24000, "loss": 100.86978435516357, "mixture_probability": 0.0, "actual_mixture": 0.0, "gradient_norm": 206878.53125, "pid": 1130487, "elapsed_this_session_seconds": 114.64172140229493, "steps_this_session": 320, "phase": "training", "gpu": "7"}
{"step": 340, "total": 24000, "loss": 51.62459754943848, "mixture_probability": 0.0, "actual_mixture": 0.0, "gradient_norm": 215716.875, "pid": 1130487, "elapsed_this_session_seconds": 121.23046156577766, "steps_this_session": 340, "phase": "training", "gpu": "7"}
{"step": 360, "total": 24000, "loss": 100.6233811378479, "mixture_probability": 0.0, "actual_mixture": 0.0, "gradient_norm": 1502944.0, "pid": 1130487, "elapsed_this_session_seconds": 127.77207157295197, "steps_this_session": 360, "phase": "training", "gpu": "7"}
{"step": 380, "total": 24000, "loss": 71.22613620758057, "mixture_probability": 0.0, "actual_mixture": 0.0, "gradient_norm": 4865372.0, "pid": 1130487, "elapsed_this_session_seconds": 139.45969188213348, "steps_this_session": 380, "phase": "training", "gpu": "7"}
{"step": 400, "total": 24000, "loss": 115.68862342834473, "mixture_probability": 0.0, "actual_mixture": 0.0, "gradient_norm": 2391740.5, "pid": 1130487, "elapsed_this_session_seconds": 147.7153355013579, "steps_this_session": 400, "phase": "training", "gpu": "7"}
{"step": 420, "total": 24000, "loss": 108.81682014465332, "mixture_probability": 0.0, "actual_mixture": 0.0, "gradient_norm": 15130195.0, "pid": 1130487, "elapsed_this_session_seconds": 154.23172675725073, "steps_this_session": 420, "phase": "training", "gpu": "7"}
{"step": 440, "total": 24000, "loss": 131.0178747177124, "mixture_probability": 0.0, "actual_mixture": 0.0, "gradient_norm": 1189333.125, "pid": 1130487, "elapsed_this_session_seconds": 160.98528262227774, "steps_this_session": 440, "phase": "training", "gpu": "7"}
{"step": 460, "total": 24000, "loss": 309.96380615234375, "mixture_probability": 0.0, "actual_mixture": 0.0, "gradient_norm": 3247429.75, "pid": 1130487, "elapsed_this_session_seconds": 167.5406608749181, "steps_this_session": 460, "phase": "training", "gpu": "7"}
{"step": 480, "total": 24000, "loss": 236.15560722351074, "mixture_probability": 0.0, "actual_mixture": 0.0, "gradient_norm": 3756463.75, "pid": 1130487, "elapsed_this_session_seconds": 174.04588112048805, "steps_this_session": 480, "phase": "training", "gpu": "7"}
{"step": 500, "total": 24000, "loss": 131.38087940216064, "mixture_probability": 0.0, "actual_mixture": 0.0, "gradient_norm": 2163370.0, "pid": 1130487, "elapsed_this_session_seconds": 180.6392155168578, "steps_this_session": 500, "phase": "training", "gpu": "7"}
{"step": 520, "total": 24000, "loss": 108.44931077957153, "mixture_probability": 0.0, "actual_mixture": 0.0, "gradient_norm": 1394067.875, "pid": 1130487, "elapsed_this_session_seconds": 187.18423643615097, "steps_this_session": 520, "phase": "training", "gpu": "7"}
{"step": 540, "total": 24000, "loss": 34.68910264968872, "mixture_probability": 0.0, "actual_mixture": 0.0, "gradient_norm": 32921.75, "pid": 1130487, "elapsed_this_session_seconds": 197.28485476225615, "steps_this_session": 540, "phase": "training", "gpu": "7"}
{"step": 560, "total": 24000, "loss": 84.68426871299744, "mixture_probability": 0.0, "actual_mixture": 0.0, "gradient_norm": 5580990.0, "pid": 1130487, "elapsed_this_session_seconds": 203.761558605358, "steps_this_session": 560, "phase": "training", "gpu": "7"}
{"step": 580, "total": 24000, "loss": 153.9713749885559, "mixture_probability": 0.0, "actual_mixture": 0.0, "gradient_norm": 45010464.0, "pid": 1130487, "elapsed_this_session_seconds": 210.26994439773262, "steps_this_session": 580, "phase": "training", "gpu": "7"}
{"step": 600, "total": 24000, "loss": 206.58756256103516, "mixture_probability": 0.0, "actual_mixture": 0.0, "gradient_norm": 5144847.5, "pid": 1130487, "elapsed_this_session_seconds": 217.0108283245936, "steps_this_session": 600, "phase": "training", "gpu": "7"}
{"step": 620, "total": 24000, "loss": 106.91517543792725, "mixture_probability": 0.0, "actual_mixture": 0.0, "gradient_norm": 4132999.25, "pid": 1130487, "elapsed_this_session_seconds": 223.50461396109313, "steps_this_session": 620, "phase": "training", "gpu": "7"}
{"step": 640, "total": 24000, "loss": 96.52598190307617, "mixture_probability": 0.0, "actual_mixture": 0.0, "gradient_norm": 678196.4375, "pid": 1130487, "elapsed_this_session_seconds": 230.04211195744574, "steps_this_session": 640, "phase": "training", "gpu": "7"}
{"step": 660, "total": 24000, "loss": 115.53139472007751, "mixture_probability": 0.0, "actual_mixture": 0.0, "gradient_norm": 197855152.0, "pid": 1130487, "elapsed_this_session_seconds": 236.60555302910507, "steps_this_session": 660, "phase": "training", "gpu": "7"}
{"step": 680, "total": 24000, "loss": 80.58294773101807, "mixture_probability": 0.0, "actual_mixture": 0.0, "gradient_norm": 1189212.125, "pid": 1130487, "elapsed_this_session_seconds": 245.18036010768265, "steps_this_session": 680, "phase": "training", "gpu": "7"}
{"step": 700, "total": 24000, "loss": 73.5250825881958, "mixture_probability": 0.0, "actual_mixture": 0.0, "gradient_norm": 2688274.25, "pid": 1130487, "elapsed_this_session_seconds": 253.07167049031705, "steps_this_session": 700, "phase": "training", "gpu": "7"}
{"step": 720, "total": 24000, "loss": 117.6531753540039, "mixture_probability": 0.0, "actual_mixture": 0.0, "gradient_norm": 781291.25, "pid": 1130487, "elapsed_this_session_seconds": 259.608296927996, "steps_this_session": 720, "phase": "training", "gpu": "7"}
{"step": 740, "total": 24000, "loss": 373.2768220901489, "mixture_probability": 0.0, "actual_mixture": 0.0, "gradient_norm": 17317886.0, "pid": 1130487, "elapsed_this_session_seconds": 266.3566459855065, "steps_this_session": 740, "phase": "training", "gpu": "7"}
{"step": 760, "total": 24000, "loss": 142.77250480651855, "mixture_probability": 0.0, "actual_mixture": 0.0, "gradient_norm": 1236649.375, "pid": 1130487, "elapsed_this_session_seconds": 272.91286842431873, "steps_this_session": 760, "phase": "training", "gpu": "7"}
{"step": 780, "total": 24000, "loss": 227.74459171295166, "mixture_probability": 0.0, "actual_mixture": 0.0, "gradient_norm": 5468311.5, "pid": 1130487, "elapsed_this_session_seconds": 279.51176266744733, "steps_this_session": 780, "phase": "training", "gpu": "7"}
{"step": 800, "total": 24000, "loss": 153.24566555023193, "mixture_probability": 0.0, "actual_mixture": 0.0, "gradient_norm": 1090820.125, "pid": 1130487, "elapsed_this_session_seconds": 286.01404335629195, "steps_this_session": 800, "phase": "training", "gpu": "7"}
{"step": 820, "total": 24000, "loss": 163.18033409118652, "mixture_probability": 0.0, "actual_mixture": 0.0, "gradient_norm": 17191100.0, "pid": 1130487, "elapsed_this_session_seconds": 292.4980187462643, "steps_this_session": 820, "phase": "training", "gpu": "7"}
{"step": 840, "total": 24000, "loss": 258.5691509246826, "mixture_probability": 0.0, "actual_mixture": 0.0, "gradient_norm": 274126528.0, "pid": 1130487, "elapsed_this_session_seconds": 302.7965533155948, "steps_this_session": 840, "phase": "training", "gpu": "7"}
{"step": 860, "total": 24000, "loss": 305.56107902526855, "mixture_probability": 0.0, "actual_mixture": 0.0, "gradient_norm": 9248583.0, "pid": 1130487, "elapsed_this_session_seconds": 309.3330295011401, "steps_this_session": 860, "phase": "training", "gpu": "7"}
{"step": 880, "total": 24000, "loss": 377.21812438964844, "mixture_probability": 0.0, "actual_mixture": 0.0, "gradient_norm": 9472025.0, "pid": 1130487, "elapsed_this_session_seconds": 315.9613122623414, "steps_this_session": 880, "phase": "training", "gpu": "7"}
{"step": 900, "total": 24000, "loss": 392.6053695678711, "mixture_probability": 0.0, "actual_mixture": 0.0, "gradient_norm": 222914608.0, "pid": 1130487, "elapsed_this_session_seconds": 322.60710083227605, "steps_this_session": 900, "phase": "training", "gpu": "7"}
{"step": 920, "total": 24000, "loss": 407.96081733703613, "mixture_probability": 0.0, "actual_mixture": 0.0, "gradient_norm": 54016296.0, "pid": 1130487, "elapsed_this_session_seconds": 329.2067903066054, "steps_this_session": 920, "phase": "training", "gpu": "7"}
{"step": 940, "total": 24000, "loss": 311.2306079864502, "mixture_probability": 0.0, "actual_mixture": 0.0, "gradient_norm": 60439512.0, "pid": 1130487, "elapsed_this_session_seconds": 335.7384581733495, "steps_this_session": 940, "phase": "training", "gpu": "7"}
{"step": 960, "total": 24000, "loss": 462.35422134399414, "mixture_probability": 0.0, "actual_mixture": 0.0, "gradient_norm": 211919440.0, "pid": 1130487, "elapsed_this_session_seconds": 342.2922663995996, "steps_this_session": 960, "phase": "training", "gpu": "7"}
{"step": 980, "total": 24000, "loss": 439.230037689209, "mixture_probability": 0.0, "actual_mixture": 0.0, "gradient_norm": 734491392.0, "pid": 1130487, "elapsed_this_session_seconds": 351.24752110335976, "steps_this_session": 980, "phase": "training", "gpu": "7"}
{"step": 1000, "total": 24000, "loss": 640.633918762207, "mixture_probability": 0.0, "actual_mixture": 0.0, "gradient_norm": 73123608.0, "pid": 1130487, "elapsed_this_session_seconds": 358.92663496918976, "steps_this_session": 1000, "phase": "training", "gpu": "7"}
{"step": 1020, "total": 24000, "loss": 163.1667423248291, "mixture_probability": 0.0, "actual_mixture": 0.0, "gradient_norm": 2536345.5, "pid": 1130487, "elapsed_this_session_seconds": 365.4800664447248, "steps_this_session": 1020, "phase": "training", "gpu": "7"}
{"step": 1040, "total": 24000, "loss": 485.75333404541016, "mixture_probability": 0.0, "actual_mixture": 0.0, "gradient_norm": 27504050.0, "pid": 1130487, "elapsed_this_session_seconds": 372.36968674790114, "steps_this_session": 1040, "phase": "training", "gpu": "7"}
{"step": 1060, "total": 24000, "loss": 1386.9836883544922, "mixture_probability": 0.0, "actual_mixture": 0.0, "gradient_norm": 110700224512.0, "pid": 1130487, "elapsed_this_session_seconds": 379.17111481167376, "steps_this_session": 1060, "phase": "training", "gpu": "7"}
{"step": 1080, "total": 24000, "loss": 2223.53857421875, "mixture_probability": 0.0, "actual_mixture": 0.0, "gradient_norm": 2799037696.0, "pid": 1130487, "elapsed_this_session_seconds": 385.79962233360857, "steps_this_session": 1080, "phase": "training", "gpu": "7"}
{"step": 1100, "total": 24000, "loss": 1358.9903411865234, "mixture_probability": 0.0, "actual_mixture": 0.0, "gradient_norm": 2890825728.0, "pid": 1130487, "elapsed_this_session_seconds": 392.33861623704433, "steps_this_session": 1100, "phase": "training", "gpu": "7"}
{"step": 1120, "total": 24000, "loss": 847.8717193603516, "mixture_probability": 0.0, "actual_mixture": 0.0, "gradient_norm": 321977504.0, "pid": 1130487, "elapsed_this_session_seconds": 399.4530768021941, "steps_this_session": 1120, "phase": "training", "gpu": "7"}
{"step": 1140, "total": 24000, "loss": 1136.3962097167969, "mixture_probability": 0.0, "actual_mixture": 0.0, "gradient_norm": 8286823936.0, "pid": 1130487, "elapsed_this_session_seconds": 410.3986183004454, "steps_this_session": 1140, "phase": "training", "gpu": "7"}
{"step": 1160, "total": 24000, "loss": 1542.684196472168, "mixture_probability": 0.0, "actual_mixture": 0.0, "gradient_norm": 2101531136.0, "pid": 1130487, "elapsed_this_session_seconds": 416.9207140253857, "steps_this_session": 1160, "phase": "training", "gpu": "7"}
{"step": 1180, "total": 24000, "loss": 1575.6337585449219, "mixture_probability": 0.0, "actual_mixture": 0.0, "gradient_norm": 13029899264.0, "pid": 1130487, "elapsed_this_session_seconds": 423.4967909157276, "steps_this_session": 1180, "phase": "training", "gpu": "7"}
{"step": 1200, "total": 24000, "loss": 1997.0294189453125, "mixture_probability": 0.0, "actual_mixture": 0.0, "gradient_norm": 2128597376.0, "pid": 1130487, "elapsed_this_session_seconds": 430.1600099168718, "steps_this_session": 1200, "phase": "training", "gpu": "7"}
{"step": 1220, "total": 24000, "loss": 4645.184326171875, "mixture_probability": 0.0, "actual_mixture": 0.0, "gradient_norm": 24871809024.0, "pid": 1130487, "elapsed_this_session_seconds": 436.68106902576983, "steps_this_session": 1220, "phase": "training", "gpu": "7"}
{"step": 1240, "total": 24000, "loss": 7495.5565185546875, "mixture_probability": 0.0, "actual_mixture": 0.0, "gradient_norm": 685712867328.0, "pid": 1130487, "elapsed_this_session_seconds": 443.21493986528367, "steps_this_session": 1240, "phase": "training", "gpu": "7"}
{"step": 1260, "total": 24000, "loss": 15195.6826171875, "mixture_probability": 0.0, "actual_mixture": 0.0, "gradient_norm": 123202672001024.0, "pid": 1130487, "elapsed_this_session_seconds": 449.73482876550406, "steps_this_session": 1260, "phase": "training", "gpu": "7"}
{"step": 1280, "total": 24000, "loss": 18952.244995117188, "mixture_probability": 0.0, "actual_mixture": 0.0, "gradient_norm": 7662676738048.0, "pid": 1130487, "elapsed_this_session_seconds": 458.6677226908505, "steps_this_session": 1280, "phase": "training", "gpu": "7"}
{"step": 1300, "total": 24000, "loss": 30877.324951171875, "mixture_probability": 0.0, "actual_mixture": 0.0, "gradient_norm": 76501965864960.0, "pid": 1130487, "elapsed_this_session_seconds": 466.2398934708908, "steps_this_session": 1300, "phase": "training", "gpu": "7"}
{"step": 1320, "total": 24000, "loss": 21760.47412109375, "mixture_probability": 0.0, "actual_mixture": 0.0, "gradient_norm": 322400518144.0, "pid": 1130487, "elapsed_this_session_seconds": 472.72968409303576, "steps_this_session": 1320, "phase": "training", "gpu": "7"}
{"step": 1340, "total": 24000, "loss": 17349.569580078125, "mixture_probability": 0.0, "actual_mixture": 0.0, "gradient_norm": 27718887424.0, "pid": 1130487, "elapsed_this_session_seconds": 479.44716438744217, "steps_this_session": 1340, "phase": "training", "gpu": "7"}
{"step": 1360, "total": 24000, "loss": 25526.21728515625, "mixture_probability": 0.0, "actual_mixture": 0.0, "gradient_norm": 1829006082048.0, "pid": 1130487, "elapsed_this_session_seconds": 485.9175380654633, "steps_this_session": 1360, "phase": "training", "gpu": "7"}
{"step": 1380, "total": 24000, "loss": 59368.1015625, "mixture_probability": 0.0, "actual_mixture": 0.0, "gradient_norm": 4260779356323840.0, "pid": 1130487, "elapsed_this_session_seconds": 492.4545907629654, "steps_this_session": 1380, "phase": "training", "gpu": "7"}
{"step": 1400, "total": 24000, "loss": 288833.189453125, "mixture_probability": 0.0, "actual_mixture": 0.0, "gradient_norm": 40491223613440.0, "pid": 1130487, "elapsed_this_session_seconds": 499.00637102127075, "steps_this_session": 1400, "phase": "training", "gpu": "7"}
Traceback (most recent call last):
  File "<frozen runpy>", line 198, in _run_module_as_main
  File "<frozen runpy>", line 88, in _run_code
  File "/gaozt-test1/sxh/EgoRecover/run/train_observation_reference.py", line 241, in <module>
    if __name__=='__main__':main()
                            ^^^^^^
  File "/gaozt-test1/sxh/EgoRecover/run/train_observation_reference.py", line 236, in main
    if args.stage=='train':train(args,cfg)
                           ^^^^^^^^^^^^^^^
  File "/gaozt-test1/sxh/EgoRecover/run/train_observation_reference.py", line 128, in train
    norm=torch.nn.utils.clip_grad_norm_(model.parameters(),1.,error_if_nonfinite=True)
         ^^^^^^^^^^^^^^^^^^^^^^^^^^^^^^^^^^^^^^^^^^^^^^^^^^^^^^^^^^^^^^^^^^^^^^^^^^^^^
  File "/root/miniconda3/envs/egorecover/lib/python3.11/site-packages/torch/nn/utils/clip_grad.py", line 42, in _no_grad_wrapper
    return func(*args, **kwargs)
           ^^^^^^^^^^^^^^^^^^^^^
  File "/root/miniconda3/envs/egorecover/lib/python3.11/site-packages/torch/nn/utils/clip_grad.py", line 231, in clip_grad_norm_
    total_norm = _get_total_norm(grads, norm_type, error_if_nonfinite, foreach)
                 ^^^^^^^^^^^^^^^^^^^^^^^^^^^^^^^^^^^^^^^^^^^^^^^^^^^^^^^^^^^^^^
  File "/root/miniconda3/envs/egorecover/lib/python3.11/site-packages/torch/nn/utils/clip_grad.py", line 42, in _no_grad_wrapper
    return func(*args, **kwargs)
           ^^^^^^^^^^^^^^^^^^^^^
  File "/root/miniconda3/envs/egorecover/lib/python3.11/site-packages/torch/nn/utils/clip_grad.py", line 111, in _get_total_norm
    raise RuntimeError(
RuntimeError: The total norm of order 2.0 for gradients from `parameters` is non-finite, so it cannot be clipped. To disable this error and scale the gradients by the non-finite norm anyway, set `error_if_nonfinite=False`
