2026-09-29T21:03:34.673402+08:00 waiting_for_data_preparation
2026-09-29T21:05:34.737472+08:00 verify
2026-09-29T21:05:34.741943+08:00 verify
2026-09-29T21:05:41.227041+08:00 smoke
2026-09-29T21:05:41.236398+08:00 smoke
2026-09-29T21:05:45.601957+08:00 failed
Traceback (most recent call last):
  File "<frozen runpy>", line 198, in _run_module_as_main
  File "<frozen runpy>", line 88, in _run_code
  File "/gaozt-test1/sxh/EgoRecover/run/e7_ablation_queue.py", line 72, in <module>
    if __name__=='__main__':main()
                            ^^^^^^
  File "/gaozt-test1/sxh/EgoRecover/run/e7_ablation_queue.py", line 50, in main
    if code:raise RuntimeError(f'{name} failed with exit {code}; see jobs/{name}.log')
            ^^^^^^^^^^^^^^^^^^^^^^^^^^^^^^^^^^^^^^^^^^^^^^^^^^^^^^^^^^^^^^^^^^^^^^^^^^
RuntimeError: smoke failed with exit 1; see jobs/smoke.log
2026-09-29T21:06:53.498989+08:00 verify
2026-09-29T21:06:53.502100+08:00 verify
2026-09-29T21:06:59.608299+08:00 smoke
2026-09-29T21:06:59.609673+08:00 smoke
2026-09-29T21:07:11.341129+08:00 failed
Traceback (most recent call last):
  File "<frozen runpy>", line 198, in _run_module_as_main
  File "<frozen runpy>", line 88, in _run_code
  File "/gaozt-test1/sxh/EgoRecover/run/e7_ablation_queue.py", line 72, in <module>
    if __name__=='__main__':main()
                            ^^^^^^
  File "/gaozt-test1/sxh/EgoRecover/run/e7_ablation_queue.py", line 50, in main
    if code:raise RuntimeError(f'{name} failed with exit {code}; see jobs/{name}.log')
            ^^^^^^^^^^^^^^^^^^^^^^^^^^^^^^^^^^^^^^^^^^^^^^^^^^^^^^^^^^^^^^^^^^^^^^^^^^
RuntimeError: smoke failed with exit 1; see jobs/smoke.log
2026-09-29T21:08:17.745068+08:00 verify
2026-09-29T21:08:17.746143+08:00 verify
2026-09-29T21:08:23.530636+08:00 smoke
2026-09-29T21:08:23.533181+08:00 smoke
2026-09-29T21:08:39.038780+08:00 formal_evaluation
2026-09-29T21:08:39.040340+08:00 formal_evaluation
2026-09-29T21:08:59.040823+08:00 formal_evaluation
2026-09-29T21:09:19.042909+08:00 formal_evaluation
2026-09-29T21:09:39.045006+08:00 formal_evaluation
2026-09-29T21:09:59.048015+08:00 formal_evaluation
2026-09-29T21:10:19.048939+08:00 formal_evaluation
2026-09-29T21:10:39.051030+08:00 formal_evaluation
2026-09-29T21:10:59.055550+08:00 formal_evaluation
2026-09-29T21:11:19.057973+08:00 formal_evaluation
2026-09-29T21:11:39.060063+08:00 formal_evaluation
2026-09-29T21:11:59.061144+08:00 formal_evaluation
2026-09-29T21:12:19.063652+08:00 summarize
2026-09-29T21:12:23.743504+08:00 completed
