REUSE expanded_547795b38a99407f
Loading source train
Loaded source train
2026-09-29 22:32:34.864 | WARNING  | dataset.smpl_utils:get_smpl:10 - Loading SMPL model: smplx
2/1204 cmu_bike01_7 expanded_62d9bcbf408caab4 6.5s
3/1204 cmu_bike02_3 expanded_6d589da4b844252c 5.3s
4/1204 cmu_bike02_5 expanded_efff530467793f7b 5.3s
5/1204 cmu_bike02_6 expanded_dd225ade6265ca84 5.0s
6/1204 cmu_bike03_3 expanded_1a5ac5b28083f362 5.4s
7/1204 cmu_bike05_4 expanded_a7e940f177c9b593 5.0s
8/1204 cmu_bike05_6 expanded_b265543a69f8ead8 5.3s
9/1204 cmu_bike08_6 expanded_5e96e675819f3e6e 4.9s
10/1204 cmu_bike10_7 expanded_897edef13de182d0 7.0s
11/1204 cmu_bike12_5 expanded_1043b44c4bb96d97 7.6s
12/1204 cmu_bike13_2 expanded_8774bb422913d3db 8.2s
13/1204 cmu_bike13_4 expanded_5a110d4050730e76 7.8s
14/1204 cmu_bike13_6 expanded_2b7493f4eb606d32 8.3s
15/1204 cmu_bike14_5 expanded_608bbde44f3ecd8d 8.0s
16/1204 cmu_bike15_5 expanded_fceaab78d1eb088e 8.0s
17/1204 cmu_bike16_3 expanded_110c1f06b8405c68 8.3s
18/1204 cmu_bike16_5 expanded_1bad114cf9395645 7.8s
19/1204 cmu_bike17_3 expanded_99683b6cdb188c24 8.2s
20/1204 cmu_bike17_5 expanded_19d36694c586c22a 7.8s
21/1204 cmu_bike18_3 expanded_8319311649092109 8.2s
22/1204 cmu_bike19_2 expanded_a9ab2862487ca577 7.8s
23/1204 cmu_bike19_3 expanded_26c8de5eebeb72ae 8.2s
24/1204 cmu_bike19_5 expanded_e06d15f52ed7aa4a 8.0s
25/1204 cmu_bike20_3 expanded_f85870e117e35a07 7.9s
26/1204 cmu_bike20_4 expanded_6988c1a70d9df5fb 8.3s
27/1204 cmu_bike21_3 expanded_759f844999507302 7.8s
28/1204 cmu_bike21_5 expanded_ac00e00c05594872 8.3s
29/1204 cmu_soccer03_1 expanded_63441fdcb4435350 7.8s
30/1204 cmu_soccer03_2 expanded_cf6ed91235b3b3d9 8.3s
31/1204 cmu_soccer06_4 expanded_a07a8c29a5def926 7.8s
32/1204 cmu_soccer06_5 expanded_4489bc43e38a9d5a 8.3s
33/1204 cmu_soccer06_6 expanded_f9bfc65fd7365279 8.0s
34/1204 cmu_soccer07_1 expanded_98a52d85fed75f5c 8.0s
35/1204 cmu_soccer07_2 expanded_8fcf2a5bf4f360a9 8.3s
36/1204 cmu_soccer07_3 expanded_8e7fc3cbfefc8224 7.8s
37/1204 cmu_soccer08_2 expanded_84006aef27014196 8.3s
38/1204 cmu_soccer08_3 expanded_0f5d595c50fb5999 7.8s
39/1204 cmu_soccer09_1 expanded_069bb528f42c8417 8.1s
40/1204 cmu_soccer09_2 expanded_abaa8967f6456233 7.9s
41/1204 cmu_soccer14_4 expanded_e57bd10f342720f5 8.1s
42/1204 cmu_soccer15_2 expanded_db3e75863db345b7 7.9s
43/1204 cmu_soccer15_3 expanded_3a36252572f94c10 8.0s
44/1204 cmu_soccer16_6 expanded_b3a68b5a21a0954f 7.7s
45/1204 fair_bike_01_11 expanded_a8b020452a8f9263 8.1s
46/1204 fair_bike_01_16 expanded_b5c109b9be680761 8.1s
47/1204 fair_bike_01_3 expanded_00611f4f6d584cbe 8.2s
48/1204 fair_bike_01_7 expanded_14b5dcfc6d49aa09 8.1s
49/1204 fair_bike_01_8 expanded_738ef220096ae3cf 8.2s
50/1204 fair_bike_02_10 expanded_2b3cbf5cdf453d03 8.1s
51/1204 fair_bike_02_11 expanded_b18aa32e9a3c1741 8.1s
52/1204 fair_bike_02_12 expanded_e1b6eb8cb885dc32 8.1s
53/1204 fair_bike_02_3 expanded_6fcfdac30a26ca67 8.1s
54/1204 fair_bike_02_6 expanded_7a5039d3b7b1b463 8.1s
55/1204 fair_bike_02_7 expanded_be0842c3c85ae1ea 8.2s
56/1204 fair_bike_02_8 expanded_32b02bdf7b8d4084 6.8s
57/1204 fair_bike_06_11 expanded_1758003eccda3115 4.5s
58/1204 fair_bike_06_12 expanded_168bf907aa797f35 4.5s
59/1204 fair_bike_06_15 expanded_f052031bc9826c97 4.5s
60/1204 fair_bike_06_16 expanded_dbb55276cbe09f2e 4.5s
61/1204 fair_bike_06_19 expanded_c906abc5251e65b1 4.5s
62/1204 fair_bike_06_2 expanded_7cba81029f67f210 4.5s
63/1204 fair_bike_06_3 expanded_75727c989dbe18d1 4.5s
64/1204 fair_bike_06_4 expanded_95e85dcdd8c09234 4.5s
65/1204 fair_bike_06_7 expanded_eb4d14de5033c777 4.5s
66/1204 fair_bike_06_8 expanded_9439152bd6a5dadf 4.5s
67/1204 fair_bike_07_11 expanded_a28e2b2aad866264 4.5s
68/1204 fair_bike_07_15 expanded_c12977f4c935ae03 4.5s
69/1204 fair_bike_07_16 expanded_84d6fa58a5f5da28 4.5s
70/1204 fair_bike_07_19 expanded_7f70597bb3dc155d 4.5s
71/1204 fair_bike_07_20 expanded_80c35dc3b5ef02df 4.5s
72/1204 fair_bike_07_3 expanded_3d072adfca48bc00 4.5s
73/1204 fair_bike_07_6 expanded_56265e4d5cf45290 4.5s
74/1204 fair_bike_07_7 expanded_66a4afaf5128135f 4.5s
75/1204 fair_bike_07_8 expanded_c1999ef72e4f41de 4.5s
76/1204 fair_bike_08_10 expanded_b5540162fabbdd3c 4.5s
77/1204 fair_bike_08_17 expanded_8eb9c425986eaf03 4.6s
78/1204 fair_bike_08_2 expanded_f592961031273b84 4.5s
79/1204 fair_bike_08_4 expanded_ad5d077138ffc230 4.5s
80/1204 fair_bike_09_10 expanded_cbf952f206dba33e 4.6s
81/1204 fair_bike_09_2 expanded_04b8c49f15714e21 4.5s
82/1204 fair_bike_09_4 expanded_94449028e3e42b60 4.5s
83/1204 fair_bike_09_6 expanded_78ade7724d2fd5c4 4.6s
84/1204 fair_bike_09_8 expanded_5293d14a39b549fc 4.5s
85/1204 fair_bike_10_10 expanded_8a2b9b0916629a8a 4.5s
86/1204 fair_bike_10_2 expanded_f311291982da0a4a 4.5s
87/1204 fair_bike_10_4 expanded_776000e72ee4f8ab 4.5s
88/1204 fair_bike_10_6 expanded_7bb83871cb800e58 4.5s
89/1204 fair_bike_10_8 expanded_8ee3c2d06e7e0e61 4.5s
90/1204 fair_cooking_05_2 expanded_fe014aa1ba9fd0cb 4.6s
91/1204 fair_cooking_05_4 expanded_6423a1f193b1744a 4.5s
92/1204 fair_cooking_05_6 expanded_ad1847ac5cb3610a 4.5s
93/1204 fair_cooking_06_2 expanded_d54851f280753633 4.5s
94/1204 fair_cooking_06_4 expanded_e313e62072453e3c 4.5s
95/1204 fair_cooking_06_6 expanded_531834b90b81db81 4.5s
96/1204 fair_cooking_07_2 expanded_bcbcc22c2f8fd02e 4.4s
97/1204 fair_cooking_07_4 expanded_06921da496e0701f 4.4s
98/1204 fair_cooking_08_10 expanded_0420e6642bc33d16 4.4s
99/1204 fair_cooking_08_2 expanded_02b397c4e8c2821e 4.5s
100/1204 fair_cooking_08_4 expanded_1319c5a32a40d35e 4.5s
101/1204 fair_cooking_08_6 expanded_6e43e93acc7456ce 4.5s
102/1204 fair_cooking_08_8 expanded_a4b2064690e0b756 4.4s
103/1204 georgiatech_bike_01_10 expanded_0a55d9c492fb4eb5 4.5s
104/1204 georgiatech_bike_01_4 expanded_cf7b66341adb17e7 4.5s
105/1204 georgiatech_bike_01_6 expanded_a0429984f621be11 4.5s
106/1204 georgiatech_bike_01_8 expanded_861ad552e6d90ed2 4.5s
107/1204 georgiatech_bike_02_4 expanded_0d5bd1fd0bd25ba3 4.5s
108/1204 georgiatech_bike_02_8 expanded_97cf444f3e182009 4.5s
109/1204 georgiatech_bike_02_9 expanded_0e532893af28f859 4.4s
110/1204 georgiatech_bike_03_11 expanded_de19e29a58095ed4 4.4s
111/1204 georgiatech_bike_03_3 expanded_944689b7db1c692e 4.4s
112/1204 georgiatech_bike_04_10 expanded_665fe64939ab0391 4.6s
113/1204 georgiatech_bike_04_12 expanded_d03985d6b60e9445 4.5s
114/1204 georgiatech_bike_04_4 expanded_927964d68fb6b7d3 4.5s
115/1204 georgiatech_bike_05_13 expanded_f444b85c0a94d0f4 4.5s
116/1204 georgiatech_bike_05_4 expanded_4d2f2a2959fb7637 4.5s
117/1204 georgiatech_bike_05_7 expanded_8d993512673c7685 4.5s
118/1204 georgiatech_bike_05_9 expanded_967731385e92916a 4.4s
119/1204 georgiatech_bike_08_10 expanded_a5c513c860ce4567 4.5s
120/1204 georgiatech_bike_08_12 expanded_662cacc931961f59 4.4s
121/1204 georgiatech_bike_08_14 expanded_819383eca56ddd52 4.5s
122/1204 georgiatech_bike_08_4 expanded_f85b79378b344a74 4.5s
123/1204 georgiatech_bike_09_11 expanded_691f4fc497de5097 4.5s
124/1204 georgiatech_bike_09_4 expanded_a35e41aafe3be6c7 4.5s
125/1204 georgiatech_bike_09_6 expanded_ecc35aa0331f9c9c 4.5s
126/1204 georgiatech_bike_09_8 expanded_bb51bc2637e8d7e3 4.6s
127/1204 georgiatech_bike_09_9 expanded_e17afcbceecd9631 4.7s
128/1204 georgiatech_bike_11_4 expanded_2421adfeb4cbb556 5.4s
129/1204 georgiatech_bike_11_8 expanded_dc7ce424d51b1515 4.9s
130/1204 georgiatech_bike_11_9 expanded_172e6f9618886c87 5.7s
131/1204 georgiatech_bike_18_10 expanded_5715926eace42101 6.8s
132/1204 georgiatech_bike_18_12 expanded_6f294835348035c7 6.4s
133/1204 georgiatech_bike_18_15 expanded_ffe332d4f9a6391e 7.0s
134/1204 georgiatech_bike_18_2 expanded_e4738eb97bbe73f3 6.6s
135/1204 georgiatech_bike_18_4 expanded_53c512fbb44d19ca 7.1s
136/1204 georgiatech_bike_18_6 expanded_3c45e8322216e5b7 6.8s
137/1204 georgiatech_bike_18_8 expanded_af6ef1fd11b46244 6.7s
138/1204 georgiatech_bike_19_10 expanded_2b23899a635ad21b 6.8s
139/1204 georgiatech_bike_19_12 expanded_839e8d37642f816c 6.5s
140/1204 georgiatech_bike_19_2 expanded_cade8c27f9cbbe54 6.8s
141/1204 georgiatech_bike_19_4 expanded_42c1f41ecd06eff7 6.5s
142/1204 georgiatech_bike_19_6 expanded_b78a5ef8036689e2 6.7s
143/1204 georgiatech_bike_19_8 expanded_514a72e506f9a834 6.2s
144/1204 georgiatech_cooking_01_01_2 expanded_81b01b8999839b30 6.2s
145/1204 georgiatech_cooking_01_01_4 expanded_a463dbdd4bca1c8d 8.0s
146/1204 georgiatech_cooking_01_02_2 expanded_0465b306ba612797 8.0s
147/1204 georgiatech_cooking_01_02_4 expanded_f862f85169c8c6b7 6.3s
148/1204 georgiatech_cooking_01_03_2 expanded_7399ac61f70079e1 8.6s
149/1204 georgiatech_cooking_01_03_4 expanded_01d66b8d6017a0c5 8.0s
150/1204 georgiatech_cooking_04_01_2 expanded_feb45a34ea7d583f 5.2s
151/1204 georgiatech_cooking_04_02_2 expanded_1a649df7c36ff3c1 8.5s
152/1204 georgiatech_cooking_04_02_4 expanded_74282004f7fd51bc 8.5s
153/1204 georgiatech_cooking_04_03_2 expanded_d6f7cf1f6f349bb6 6.5s
154/1204 georgiatech_cooking_07_03_2 expanded_a15e09e832d992c2 6.1s
155/1204 georgiatech_cooking_09_01_3 expanded_3767364a5e79dcd5 8.9s
156/1204 georgiatech_cooking_09_01_6 expanded_2af7e4c8d5ce573a 8.4s
157/1204 georgiatech_cooking_09_02_2 expanded_fa83d2a05da73b41 5.1s
158/1204 georgiatech_cooking_09_02_4 expanded_32ec0a5b401052d1 8.0s
159/1204 georgiatech_cooking_10_01_2 expanded_88c7f7c57fdf835f 8.4s
160/1204 georgiatech_cooking_10_01_6 expanded_7ecb881d5cbe55b9 7.5s
161/1204 georgiatech_cooking_10_02_2 expanded_4c094f2aef896719 5.2s
162/1204 georgiatech_cooking_10_02_4 expanded_d78555ccc6e4a2dd 8.3s
163/1204 georgiatech_cooking_11_01_4 expanded_c683903bf515c6b8 8.0s
164/1204 georgiatech_cooking_11_01_6 expanded_2a7d9ac10760d8de 7.4s
165/1204 georgiatech_cooking_11_02_3 expanded_32a5ba422a1c3171 7.8s
166/1204 georgiatech_cooking_11_02_6 expanded_ce59d344ceeb55d2 7.8s
167/1204 georgiatech_cooking_14_01_2 expanded_946bc58302a0ddac 7.8s
168/1204 georgiatech_cooking_14_01_6 expanded_0c425bc08bdd11aa 7.7s
169/1204 georgiatech_cooking_14_02_5 expanded_06bec689067ccdd1 7.8s
170/1204 georgiatech_cooking_14_02_7 expanded_64355006f3e14f42 7.8s
171/1204 georgiatech_cooking_14_03_2 expanded_454f61034781eae1 7.6s
172/1204 georgiatech_covid_03_10 expanded_ac7df2673cb939b1 7.8s
173/1204 georgiatech_covid_03_12 expanded_5cbbff92d71f1a09 7.8s
174/1204 georgiatech_covid_03_14 expanded_36b0b77d83ae6d13 7.4s
175/1204 georgiatech_covid_03_2 expanded_67c5f337293b67e0 7.9s
176/1204 georgiatech_covid_03_4 expanded_3ef68fc08f75009b 7.8s
177/1204 georgiatech_covid_03_6 expanded_78405a838f688871 7.8s
178/1204 georgiatech_covid_03_8 expanded_450f81dc87fd97d9 7.9s
179/1204 georgiatech_covid_05_10 expanded_eff8a0f9908ca371 7.8s
180/1204 georgiatech_covid_05_12 expanded_f065e09074e136ec 7.9s
181/1204 georgiatech_covid_05_2 expanded_f5325d7db19a09b5 9.0s
182/1204 georgiatech_covid_05_4 expanded_60c76179f2ce3ab1 8.4s
183/1204 georgiatech_covid_05_6 expanded_37c6a2a4c34097cb 8.3s
184/1204 georgiatech_covid_05_8 expanded_90cf382f2e1fff26 7.8s
185/1204 georgiatech_covid_07_10 expanded_48e43690f37aac1c 7.8s
186/1204 georgiatech_covid_07_12 expanded_881a73cedc24f268 7.2s
187/1204 georgiatech_covid_07_2 expanded_41880b63872328e3 7.9s
188/1204 georgiatech_covid_07_4 expanded_a09a6c1dd820a246 7.8s
189/1204 georgiatech_covid_07_6 expanded_89e4ddd211ea56c6 7.9s
190/1204 georgiatech_covid_07_8 expanded_e5ed7a3a714ef91b 7.8s
191/1204 georgiatech_covid_09_10 expanded_2a1b59be0800100c 7.8s
192/1204 georgiatech_covid_09_12 expanded_d2daf163ed81c06f 7.8s
193/1204 georgiatech_covid_09_2 expanded_7c86c5bab7807150 7.9s
194/1204 georgiatech_covid_09_4 expanded_cd435bc0421fef6f 7.8s
195/1204 georgiatech_covid_09_8 expanded_6e2a389eb831e6c0 8.0s
196/1204 georgiatech_covid_12_11 expanded_cd6a95ad29401542 8.0s
197/1204 georgiatech_covid_12_13 expanded_6c4d10439f133e4a 7.8s
198/1204 georgiatech_covid_12_3 expanded_d410cab3a6be77f7 7.8s
199/1204 georgiatech_covid_12_5 expanded_fbcde9bbb72d59d4 8.8s
200/1204 georgiatech_covid_12_7 expanded_bd8d98d66b3ee4b9 8.7s
201/1204 georgiatech_covid_12_9 expanded_cd7852a378095056 8.6s
202/1204 georgiatech_covid_13_10 expanded_e3be2b7138a4fc00 6.6s
203/1204 georgiatech_covid_13_2 expanded_1697bb9dbaccd234 7.4s
204/1204 georgiatech_covid_13_4 expanded_af15f45514c5ee02 7.3s
205/1204 georgiatech_covid_13_6 expanded_b88ee9b9d18cc0e4 7.3s
206/1204 georgiatech_covid_13_8 expanded_cfbd6ee5053242cc 7.3s
207/1204 georgiatech_covid_14_10 expanded_370d67488b76434f 7.2s
208/1204 georgiatech_covid_14_12 expanded_316668e84859f8ac 7.3s
209/1204 georgiatech_covid_14_4 expanded_aacef2d9bcca091a 7.2s
210/1204 georgiatech_covid_14_6 expanded_8f56529a62d210bb 7.3s
211/1204 georgiatech_covid_14_8 expanded_00f774dcbc4b0c8f 7.1s
212/1204 georgiatech_covid_16_10 expanded_1a8a065351024342 7.4s
213/1204 georgiatech_covid_16_12 expanded_a6e22a407b37eff5 7.3s
214/1204 georgiatech_covid_16_2 expanded_766e4fd37c262a3b 7.3s
215/1204 georgiatech_covid_16_4 expanded_e5a6bdbc0bf51e6a 7.3s
216/1204 georgiatech_covid_16_6 expanded_0d1e88476f094e81 7.3s
217/1204 georgiatech_covid_16_8 expanded_16cc3db51180e3ec 7.3s
218/1204 iiith_cooking_01_1 expanded_cf37e854d639a9a6 7.4s
219/1204 iiith_cooking_02_1 expanded_2efea37401ab044e 9.0s
220/1204 iiith_cooking_02_3 expanded_7ba5195e9f452ce5 8.7s
221/1204 iiith_cooking_03_1 expanded_a0315836c0b34bfa 9.0s
222/1204 iiith_cooking_03_3 expanded_e212c1ba38c41b2c 8.6s
223/1204 iiith_cooking_04_1 expanded_cac2f3d010d89c41 6.9s
224/1204 iiith_cooking_05_1 expanded_2c2ae4e9eeab80cc 7.2s
225/1204 iiith_cooking_05_5 expanded_5e2a3215b9a2f159 7.1s
226/1204 iiith_cooking_06_1 expanded_a3ee0cb5fbc3cd9b 7.2s
227/1204 iiith_cooking_09_1 expanded_b1a10b0686feaff1 7.3s
228/1204 iiith_cooking_100_2 expanded_182200e63526becb 7.1s
229/1204 iiith_cooking_108_2 expanded_29373075694b1058 7.2s
230/1204 iiith_cooking_108_4 expanded_c862091742e4a116 7.3s
231/1204 iiith_cooking_109_2 expanded_9275d12a95277652 7.2s
232/1204 iiith_cooking_10_1 expanded_e46d858f69f091aa 7.1s
233/1204 iiith_cooking_110_4 expanded_a3dbfc8a8af5bd85 7.7s
234/1204 iiith_cooking_111_2 expanded_95908ff9cf2d2216 7.8s
235/1204 iiith_cooking_111_5 expanded_ca5a978fed0841f9 7.9s
236/1204 iiith_cooking_112_3 expanded_43fcb7d23e0684a6 7.8s
237/1204 iiith_cooking_115_2 expanded_168dff670aa7b980 7.8s
238/1204 iiith_cooking_115_5 expanded_b72ed4bf4485a038 7.8s
239/1204 iiith_cooking_116_2 expanded_a853905db964ddd7 9.2s
240/1204 iiith_cooking_116_5 expanded_1dfefdc5b7b24a83 8.8s
241/1204 iiith_cooking_117_4 expanded_cd15426d1f09bfa1 8.7s
242/1204 iiith_cooking_11_1 expanded_67efbae58380c404 8.6s
243/1204 iiith_cooking_123_2 expanded_dc63a40b831d1199 8.4s
244/1204 iiith_cooking_123_4 expanded_8168631414409032 4.5s
245/1204 iiith_cooking_123_6 expanded_0630346319b5f6c7 4.5s
246/1204 iiith_cooking_124_2 expanded_f7b4b9d49f9e8949 4.5s
247/1204 iiith_cooking_124_4 expanded_6e87023b92e618fa 4.5s
248/1204 iiith_cooking_128_2 expanded_225acf639c313bcc 4.5s
249/1204 iiith_cooking_128_4 expanded_0a66dfc8be44544a 4.5s
250/1204 iiith_cooking_12_1 expanded_ccd7be3f2907201d 4.5s
251/1204 iiith_cooking_130_2 expanded_3448beac7428d1af 4.5s
252/1204 iiith_cooking_130_4 expanded_1b7ef59daa56f036 4.5s
253/1204 iiith_cooking_131_2 expanded_eb5b79db0553fb9d 4.5s
254/1204 iiith_cooking_131_4 expanded_ada56b673530118f 4.6s
255/1204 iiith_cooking_132_2 expanded_c81ae0135ee29c01 4.6s
256/1204 iiith_cooking_132_4 expanded_082c4a6bdb757520 4.6s
257/1204 iiith_cooking_134_2 expanded_e9fcebe57bdec9a2 4.5s
258/1204 iiith_cooking_135_2 expanded_047a5c46231ffbe2 4.8s
259/1204 iiith_cooking_136_2 expanded_b405e703da70adf0 4.5s
260/1204 iiith_cooking_13_1 expanded_d7728780b6e406a5 4.6s
261/1204 iiith_cooking_141_2 expanded_39119a4abd4f7cee 4.5s
262/1204 iiith_cooking_142_2 expanded_5ac21a54c4c1c045 4.5s
263/1204 iiith_cooking_142_4 expanded_e01f073ed924b229 4.5s
264/1204 iiith_cooking_143_2 expanded_45171e8409c89dcc 4.5s
265/1204 iiith_cooking_146_2 expanded_c22a6f6e2f7fa2e3 4.5s
266/1204 iiith_cooking_147_2 expanded_5886b32b0cdb4ef2 4.5s
267/1204 iiith_cooking_148_2 expanded_31b94294b4a65369 4.5s
268/1204 iiith_cooking_15_1 expanded_244b80b88c4e2cef 4.5s
269/1204 iiith_cooking_17_1 expanded_85c2918b1decc324 4.5s
270/1204 iiith_cooking_19_1 expanded_d036b38babaaa8dd 4.5s
271/1204 iiith_cooking_22_1 expanded_24b483bcf9e3f0da 4.5s
272/1204 iiith_cooking_23_1 expanded_67739d7d169896ba 4.5s
273/1204 iiith_cooking_25_1 expanded_7d9397a4edcebf2f 4.5s
274/1204 iiith_cooking_25_3 expanded_3e2d224b1bbb3047 4.5s
275/1204 iiith_cooking_26_1 expanded_f00c6b8cab94802c 4.4s
276/1204 iiith_cooking_27_1 expanded_1866188563ccd7ac 4.5s
277/1204 iiith_cooking_27_3 expanded_7008984af78f43d4 4.5s
278/1204 iiith_cooking_28_1 expanded_911200ddde70b016 4.5s
279/1204 iiith_cooking_40_1 expanded_7ca9a8bb67fc9d53 4.5s
280/1204 iiith_cooking_41_1 expanded_547716a281bbea53 4.5s
281/1204 iiith_cooking_42_1 expanded_c9abb94a0ccfa41f 4.5s
282/1204 iiith_cooking_43_3 expanded_417d4a47f0b5c42b 4.5s
283/1204 iiith_cooking_44_1 expanded_8086906d96793386 4.5s
284/1204 iiith_cooking_45_3 expanded_96244a8a7a263dd1 4.5s
285/1204 iiith_cooking_56_2 expanded_77b8ec7ed3c32810 4.6s
286/1204 iiith_cooking_57_2 expanded_740d399831fb9db0 4.5s
287/1204 iiith_cooking_57_4 expanded_e6ca65b463c9c69c 4.5s
288/1204 iiith_cooking_71_2 expanded_5eee3bff484dd1f5 4.5s
289/1204 iiith_cooking_71_4 expanded_226f7e42b545bd7b 4.5s
290/1204 iiith_cooking_71_6 expanded_16cf98ed09660934 4.5s
291/1204 iiith_cooking_72_2 expanded_1fde31918be297a5 4.5s
292/1204 iiith_cooking_74_2 expanded_5b5aef22ec587bde 4.5s
293/1204 iiith_cooking_74_6 expanded_08706bc22cbab86e 4.6s
294/1204 iiith_cooking_75_2 expanded_ae0c42e0dda64592 4.5s
295/1204 iiith_cooking_77_2 expanded_563e5be839303472 4.5s
296/1204 iiith_cooking_78_2 expanded_3aab88b5912409c7 4.5s
297/1204 iiith_cooking_79_2 expanded_ef0521787cfaba78 4.5s
298/1204 iiith_cooking_81_2 expanded_f8186aa267b48f5a 4.5s
299/1204 iiith_cooking_85_2 expanded_6553c05fb5cee2b3 4.5s
300/1204 iiith_cooking_87_2 expanded_0254aa3e84b1206a 4.5s
301/1204 iiith_cooking_87_4 expanded_64c223cc6fac652d 4.6s
302/1204 iiith_cooking_91_2 expanded_4f1d73de27221a30 4.5s
303/1204 iiith_cooking_93_2 expanded_01b13c24074607ba 4.5s
304/1204 iiith_cooking_93_6 expanded_50621f79db7b53c5 4.5s
305/1204 iiith_cooking_96_2 expanded_312a0a7105072c34 4.5s
306/1204 iiith_cooking_98_7 expanded_98b0a75ee222f4e7 4.5s
307/1204 iiith_piano_002_7 expanded_b36388edfaa5ce49 4.5s
308/1204 iiith_soccer_004_2 expanded_4bae6637d081ed6c 4.5s
309/1204 iiith_soccer_004_3 expanded_322b0de56d4dc0f5 4.5s
310/1204 iiith_soccer_006_2 expanded_89cf01010290c6a3 4.6s
311/1204 iiith_soccer_006_3 expanded_4df1e8fd5c3c2d0c 4.5s
312/1204 iiith_soccer_014_3 expanded_3077ef85150ad495 4.5s
313/1204 iiith_soccer_014_5 expanded_a680b53ff51f025d 4.5s
314/1204 iiith_soccer_016_2 expanded_2050a437445185ca 4.5s
315/1204 iiith_soccer_020_3 expanded_cfc64ac7083f9457 4.5s
316/1204 iiith_soccer_020_6 expanded_f85cd4803137cdef 4.5s
317/1204 iiith_soccer_021_2 expanded_837d0079c4097a45 4.5s
318/1204 iiith_soccer_021_3 expanded_ab25c36c62344bce 4.5s
319/1204 iiith_soccer_021_4 expanded_b051d4d673950256 4.6s
320/1204 iiith_soccer_028_2 expanded_2890b105ddcda662 4.5s
321/1204 iiith_soccer_028_4 expanded_44fabe5cc6bc2c04 4.5s
322/1204 iiith_soccer_029_2 expanded_585119d037a95a7b 4.5s
323/1204 iiith_soccer_029_3 expanded_fb7e9581cee7e15d 4.5s
324/1204 iiith_soccer_030_2 expanded_1374746398568675 4.5s
325/1204 iiith_soccer_030_4 expanded_622b8530f7947435 4.6s
326/1204 iiith_soccer_032_6 expanded_e76f4f72f97bcd8f 4.5s
327/1204 iiith_soccer_033_2 expanded_fe2ac3c66c96a148 4.4s
328/1204 iiith_soccer_033_4 expanded_1999a50b53bf6e02 4.5s
329/1204 iiith_soccer_034_2 expanded_1449c5dfa6eecad8 4.5s
330/1204 iiith_soccer_035_2 expanded_2cb29a41c0354ea2 4.5s
331/1204 iiith_soccer_035_3 expanded_9714926083b3d459 4.5s
332/1204 iiith_soccer_035_5 expanded_f9abe011a828976e 4.6s
333/1204 iiith_soccer_036_2 expanded_ba64d00b79c57eef 4.5s
334/1204 iiith_soccer_036_3 expanded_3d393bd2af2396e2 4.6s
335/1204 iiith_soccer_039_2 expanded_c66ffb3299c224be 4.6s
336/1204 iiith_soccer_041_2 expanded_77a8889e9144239d 4.5s
337/1204 iiith_soccer_042_2 expanded_e94aff2610ae8b7f 4.5s
338/1204 iiith_soccer_042_4 expanded_9d04c54e76491c30 4.5s
339/1204 iiith_soccer_052_2 expanded_7f72cab085fd2c16 4.7s
340/1204 iiith_soccer_052_4 expanded_8b6377b34fd879d4 4.5s
341/1204 iiith_soccer_053_2 expanded_14fea891a81fd79f 4.6s
342/1204 iiith_soccer_057_2 expanded_99a989cc2aecbae7 4.5s
343/1204 iiith_soccer_060_2 expanded_b7fbb3efa7067c49 4.5s
344/1204 iiith_soccer_060_4 expanded_c5d45452f4c5b737 4.5s
345/1204 iiith_soccer_061_2 expanded_678749ad2e8a9990 4.5s
346/1204 iiith_soccer_061_4 expanded_9e73a11bce972707 4.5s
347/1204 indiana_bike_02_1 expanded_b2122d26183d2488 4.6s
348/1204 indiana_bike_02_2 expanded_f2fc19c511e18e51 4.5s
349/1204 indiana_bike_02_3 expanded_00c50fea24003120 4.5s
350/1204 indiana_bike_04_2 expanded_e69f2a6f1e46e090 4.5s
351/1204 indiana_bike_04_3 expanded_e933b8f18e1b9fd5 4.5s
352/1204 indiana_bike_04_4 expanded_aa658b98136f2487 4.5s
353/1204 indiana_bike_04_5 expanded_691467166188d0e5 4.5s
354/1204 indiana_bike_04_7 expanded_4a5880abe458f39b 4.5s
355/1204 indiana_bike_04_9 expanded_eee62dba0b6cfb4a 4.5s
356/1204 indiana_bike_06_10 expanded_eddbd7ad855e62b5 4.5s
357/1204 indiana_bike_06_11 expanded_6b6652051a10c705 4.5s
358/1204 indiana_bike_06_3 expanded_fbc93009bf2f2dc5 4.4s
359/1204 indiana_bike_06_4 expanded_696c3a9b7229d79a 4.5s
360/1204 indiana_bike_06_5 expanded_536d59358eda5676 4.5s
361/1204 indiana_bike_06_7 expanded_1c126ee49300dd93 4.5s
362/1204 indiana_bike_06_9 expanded_5f3e50ef812e2aa4 4.5s
363/1204 indiana_bike_09_14 expanded_9825a998497d2256 4.5s
364/1204 indiana_bike_12_11 expanded_e24c1921e81ddcd8 4.5s
365/1204 indiana_bike_12_14 expanded_42268f97941da56a 4.5s
366/1204 indiana_bike_12_15 expanded_abfeb6c316134a61 4.5s
367/1204 indiana_bike_12_16 expanded_9411430f9bd4dc1b 4.5s
368/1204 indiana_bike_12_4 expanded_97051cd4685589eb 4.7s
369/1204 indiana_bike_12_5 expanded_4ecc35bb5d8295a0 4.6s
370/1204 indiana_bike_12_7 expanded_367863687e1b6bbc 4.5s
371/1204 indiana_bike_12_9 expanded_25b9d1694977dfb9 4.5s
372/1204 indiana_bike_13_12 expanded_28ddbfa5d36e764b 4.6s
373/1204 indiana_bike_13_2 expanded_960345758f975cdd 4.5s
374/1204 indiana_bike_13_3 expanded_526af45e4bfdb90c 4.6s
375/1204 indiana_bike_13_4 expanded_91ba2d865e56ef85 4.5s
376/1204 indiana_bike_13_5 expanded_3c7bd8f1bef0286e 4.6s
377/1204 indiana_bike_13_8 expanded_942aec18e021ad9b 4.5s
378/1204 indiana_bike_13_9 expanded_11a630978d993073 4.6s
379/1204 indiana_bike_15_2 expanded_afcb02bd18412c70 4.5s
380/1204 indiana_bike_15_22 expanded_a18c2d00e88667ad 4.5s
381/1204 indiana_bike_15_4 expanded_c60cacae2bc20bcf 4.5s
382/1204 indiana_bike_15_8 expanded_f18d3576ba2042b7 4.5s
383/1204 indiana_cooking_01_2 expanded_207cde76ed9d7acd 4.5s
384/1204 indiana_cooking_01_3 expanded_51929d56fca4883e 4.5s
385/1204 indiana_cooking_03_2 expanded_360d8fa350b06a8f 4.5s
386/1204 indiana_cooking_03_3 expanded_0387f6a23651d2bd 4.5s
387/1204 indiana_cooking_04_2 expanded_0781713eec7f1ed9 4.5s
388/1204 indiana_cooking_04_3 expanded_ed436d0e66c618d8 4.5s
389/1204 indiana_cooking_08_6 expanded_0036ee87ca4eeef9 4.5s
390/1204 indiana_cooking_10_2 expanded_d12e7e391cdad998 4.5s
391/1204 indiana_cooking_10_3 expanded_52638a50a1d35500 4.5s
392/1204 indiana_cooking_10_4 expanded_f42e7359e0344b9d 4.5s
393/1204 indiana_cooking_10_5 expanded_f1d25e087da08523 4.5s
394/1204 indiana_cooking_12_3 expanded_76a755cb94984384 4.6s
395/1204 indiana_cooking_12_4 expanded_b824cba33705f203 4.6s
396/1204 indiana_cooking_13_2 expanded_56d71449add17b9d 4.7s
397/1204 indiana_cooking_14_3 expanded_45408d8a7687bbcc 4.6s
398/1204 indiana_cooking_14_4 expanded_10df983baeecc3d0 4.9s
399/1204 indiana_cooking_14_5 expanded_1fa94d41c9cc0745 4.9s
400/1204 indiana_cooking_14_6 expanded_2094c264343ce20e 4.6s
401/1204 indiana_cooking_20_2 expanded_a236e6ced51cb209 4.9s
402/1204 indiana_cooking_20_3 expanded_52872db6834000b6 6.5s
403/1204 indiana_cooking_20_4 expanded_5a7f13b2eca3e577 6.9s
404/1204 indiana_cooking_20_5 expanded_90ab6c1cf69de88f 8.1s
405/1204 indiana_cooking_21_2 expanded_ba3ea5cf29119760 8.2s
406/1204 indiana_cooking_21_3 expanded_21a614a2e5df76fd 7.8s
407/1204 indiana_cooking_21_4 expanded_0d4c76131ba8e7ea 8.3s
408/1204 indiana_cooking_21_5 expanded_20fc2fffe400ff19 7.9s
409/1204 indiana_cooking_22_2 expanded_a8464996817a46da 8.0s
410/1204 indiana_cooking_22_3 expanded_abc65f32759127b6 8.1s
411/1204 indiana_cooking_22_4 expanded_135dd40963372175 7.5s
412/1204 indiana_cooking_22_5 expanded_27fefc30688b183e 7.6s
413/1204 indiana_cooking_26_2 expanded_6af05f82cc80a5c0 7.8s
414/1204 indiana_cooking_26_3 expanded_7ddc7122ed0edfa0 7.7s
415/1204 indiana_cooking_26_4 expanded_e6af981922064571 7.7s
416/1204 indiana_cooking_27_2 expanded_0888f3f1421bf6b0 7.6s
417/1204 indiana_music_05_2 expanded_489dbd573233da37 7.8s
418/1204 indiana_music_05_3 expanded_99635fbcff4cc969 7.4s
419/1204 indiana_music_05_4 expanded_eb02973a8aa89f9e 7.2s
420/1204 indiana_music_06_2 expanded_b3d8a7881952b3c0 7.6s
421/1204 indiana_music_06_3 expanded_2f3181100d294de8 7.3s
422/1204 indiana_music_06_4 expanded_5c6baa80de245755 7.5s
423/1204 indiana_music_09_4 expanded_61f3e452d82c9620 7.2s
424/1204 indiana_music_09_5 expanded_413e8846005fe108 7.4s
425/1204 indiana_music_11_5 expanded_64cf1fbdb2022e5d 7.3s
426/1204 indiana_music_12_3 expanded_95bc25584410355c 7.2s
427/1204 indiana_music_12_5 expanded_4bc252646b0687ef 7.1s
428/1204 indiana_music_12_6 expanded_e47226dfa93ca2b4 6.9s
429/1204 indiana_music_13_3 expanded_97f02a03c2d47eba 7.1s
430/1204 indiana_music_13_4 expanded_6508623287d66ac2 7.1s
431/1204 indiana_music_14_3 expanded_dd6df12fc210e6ca 7.3s
432/1204 indiana_music_14_5 expanded_d1eb9d9cc4811f3f 6.9s
433/1204 minnesota_cooking_021_2 expanded_b37941b72d967c1c 6.8s
434/1204 minnesota_cooking_022_2 expanded_1f1832cb32c40d50 6.8s
435/1204 minnesota_cooking_022_4 expanded_ae20207fc0683a48 8.6s
436/1204 minnesota_cooking_023_2 expanded_9edd900ae6b5f7e0 7.4s
437/1204 minnesota_cooking_023_4 expanded_8370dae664d68082 7.9s
438/1204 minnesota_cooking_023_6 expanded_2cb26703e83fc398 7.8s
439/1204 minnesota_cooking_024_2 expanded_5b4421d2d6b6fc7b 7.9s
440/1204 minnesota_cooking_030_2 expanded_14c96ffc95af8fbf 7.8s
441/1204 minnesota_cooking_030_5 expanded_b6ab8d41e3c6e9c4 7.7s
442/1204 minnesota_cooking_031_2 expanded_ee5122c5ba5dab3a 7.7s
443/1204 minnesota_cooking_031_4 expanded_ec50385bedf9917a 8.0s
444/1204 minnesota_cooking_032_2 expanded_0e7704f027904dc2 7.9s
445/1204 minnesota_cooking_032_4 expanded_af0674ab981905a3 7.9s
446/1204 minnesota_cooking_050_4 expanded_129718eb29a708f8 7.9s
447/1204 minnesota_cooking_070_2 expanded_f7c0aadcc63d8535 7.5s
448/1204 minnesota_cooking_074_2 expanded_746b705477d811ec 8.0s
449/1204 nus_cooking_16_2 expanded_982be277ba6350cb 8.0s
450/1204 nus_cooking_16_3 expanded_7028c8466436dfb3 8.4s
451/1204 nus_cooking_16_4 expanded_43d24fa8e105e75c 8.0s
452/1204 nus_cooking_16_5 expanded_98769bd2564f7542 7.7s
453/1204 nus_cooking_17_3 expanded_893e548c739adf05 7.8s
454/1204 nus_cooking_17_4 expanded_4d9c68b22bee2120 7.9s
455/1204 nus_covidtest_49_1 expanded_0af4d284e717da53 7.8s
456/1204 nus_cpr_07_1 expanded_91c194673a04eb92 7.9s
457/1204 nus_cpr_08_1 expanded_1172c8af369ebd37 7.9s
458/1204 nus_cpr_09_1 expanded_e30add57ee9d7c12 7.7s
459/1204 nus_cpr_14_1 expanded_ef941660620eb114 7.9s
460/1204 nus_cpr_19_1 expanded_85175d7f0c68076e 8.0s
461/1204 nus_cpr_22_1 expanded_bbccc601cea7f964 7.9s
462/1204 nus_cpr_24_1 expanded_2f7b42504092bd16 7.8s
463/1204 nus_cpr_25_1 expanded_f253bf0522aff032 7.7s
464/1204 nus_cpr_25_2 expanded_f7cd0bf90f7d3a43 8.0s
465/1204 nus_cpr_26_3 expanded_a7eb18b66019c8a0 7.8s
466/1204 nus_cpr_29_2 expanded_1d2603e6be193176 7.8s
467/1204 nus_cpr_29_3 expanded_a3342ef10481b200 7.9s
468/1204 nus_cpr_47_1 expanded_2982c69879e31be3 7.9s
469/1204 sfu_basketball013_12 expanded_e6bfd8e1f066ba07 7.7s
470/1204 sfu_basketball013_15 expanded_9b92d85065813433 8.0s
471/1204 sfu_basketball013_18 expanded_1d701acb824de5b2 7.9s
472/1204 sfu_basketball013_20 expanded_35ed27eac373fbe0 7.9s
473/1204 sfu_basketball013_23 expanded_65a0c93a46fe82ce 7.9s
474/1204 sfu_basketball013_26 expanded_9f4005927c7f7ca5 7.6s
475/1204 sfu_basketball013_28 expanded_57a631b9a049cec1 7.9s
476/1204 sfu_basketball013_7 expanded_f4a81c9113def4e9 7.9s
477/1204 sfu_basketball014_13 expanded_b758b43fe7ce8d9f 7.9s
478/1204 sfu_basketball014_19 expanded_f30fa24a9254c74c 7.9s
479/1204 sfu_basketball014_21 expanded_0fb3eb725a3f7546 7.7s
480/1204 sfu_basketball014_23 expanded_8322c035b7f551ae 7.9s
481/1204 sfu_basketball014_4 expanded_932866342115a9d1 8.0s
482/1204 sfu_basketball015_11 expanded_1147db74e0b3f6d0 7.9s
483/1204 sfu_basketball015_15 expanded_a6d7402573523cbe 8.0s
484/1204 sfu_basketball015_17 expanded_67a188f2d6436308 7.9s
485/1204 sfu_basketball015_20 expanded_7494f5b636fffe47 7.6s
486/1204 sfu_basketball015_23 expanded_15732ddfe46ba997 8.0s
487/1204 sfu_basketball015_26 expanded_ea3926adb9609d35 7.9s
488/1204 sfu_basketball015_29 expanded_903bfb79fe4421d8 7.9s
489/1204 sfu_basketball015_4 expanded_a0ee1d1c2c4483fd 8.0s
490/1204 sfu_basketball016_10 expanded_7745b434d655f95c 7.6s
491/1204 sfu_basketball016_6 expanded_12c1bd67909839e0 7.9s
492/1204 sfu_basketball016_9 expanded_a0e0ea7f47c107b3 7.9s
493/1204 sfu_basketball017_10 expanded_0927f4caac9368ac 7.9s
494/1204 sfu_basketball017_14 expanded_7f16be2088ead038 8.0s
495/1204 sfu_basketball017_18 expanded_b8b182779f0dfa18 7.8s
496/1204 sfu_basketball017_23 expanded_b9d70d81807bd760 7.8s
497/1204 sfu_basketball017_5 expanded_961026cbd6b1962a 7.9s
498/1204 sfu_basketball_02_17 expanded_c9e6a53c8b688118 7.9s
499/1204 sfu_basketball_02_22 expanded_b8e5c5fee67ec01a 7.8s
500/1204 sfu_basketball_02_7 expanded_38c7d66018159795 7.9s
501/1204 sfu_basketball_03_18 expanded_bcc83719cba3dd00 7.5s
502/1204 sfu_basketball_03_39 expanded_8dd3304b066249bd 8.0s
503/1204 sfu_basketball_03_54 expanded_2a9779085214c618 8.0s
504/1204 sfu_basketball_05_11 expanded_636e37db7744198f 7.9s
505/1204 sfu_basketball_05_28 expanded_eb400ee8541b3039 8.0s
506/1204 sfu_basketball_05_7 expanded_15f002ec945db6a1 7.5s
507/1204 sfu_basketball_06_18 expanded_21fe4912ab615f5d 7.9s
508/1204 sfu_basketball_07_19 expanded_c2b4137d9ee9c850 8.0s
509/1204 sfu_basketball_07_23 expanded_11ca1c581e2c0a1b 8.0s
510/1204 sfu_basketball_07_8 expanded_399683d9c665e605 7.9s
511/1204 sfu_basketball_08_13 expanded_25a630b8eae9d3d4 7.3s
512/1204 sfu_basketball_08_21 expanded_6452b96bbef39e4d 7.9s
513/1204 sfu_basketball_08_35 expanded_63394533e76e0a92 7.9s
514/1204 sfu_basketball_08_43 expanded_e4f33c4483309b9b 8.0s
515/1204 sfu_basketball_08_51 expanded_437c9cc8d2de6378 8.0s
516/1204 sfu_basketball_08_6 expanded_dd9c46e1c75dec1b 8.0s
517/1204 sfu_basketball_10_15 expanded_b20976d24f9982ca 8.0s
518/1204 sfu_basketball_10_28 expanded_2f8bdbf73c936ae7 7.9s
519/1204 sfu_basketball_11_17 expanded_e67435cc1bb007e5 8.0s
520/1204 sfu_basketball_11_29 expanded_baa546f6d8dde66e 7.7s
521/1204 sfu_basketball_11_6 expanded_189337c65a30d6dd 7.7s
522/1204 sfu_cooking015_4 expanded_a761a9f8e20daef4 7.6s
523/1204 sfu_cooking017_6 expanded_c3a1222ee0e93c05 7.6s
524/1204 sfu_cooking017_9 expanded_39ee8c97fa1b29ec 7.6s
525/1204 sfu_cooking020_6 expanded_2f367d7c97add610 7.6s
526/1204 sfu_cooking020_8 expanded_2d72c7737019b293 7.6s
527/1204 sfu_cooking023_6 expanded_d54ab4ef0449994d 7.6s
528/1204 sfu_cooking023_8 expanded_ec5c33b1a24370e3 7.6s
529/1204 sfu_cooking025_3 expanded_9747d90d57df423c 7.7s
530/1204 sfu_cooking025_5 expanded_c1d22842d5c59dd6 7.6s
531/1204 sfu_cooking026_8 expanded_4ef9139bef460c01 7.7s
532/1204 sfu_cooking029_4 expanded_4ec31443724f9bea 7.9s
533/1204 sfu_cooking029_6 expanded_77cc4591fd356e2e 9.3s
534/1204 sfu_cooking029_8 expanded_01fb1d55c8e284b9 9.2s
535/1204 sfu_cooking031_1 expanded_ee0d5bdb50ebabb8 8.9s
536/1204 sfu_cooking031_3 expanded_4031727cabef785e 8.8s
537/1204 sfu_cooking031_5 expanded_a8078f4d47690c08 8.8s
538/1204 sfu_cooking031_7 expanded_490c81a913519815 9.0s
539/1204 sfu_cooking031_9 expanded_9fe7d88680a9075c 8.9s
540/1204 sfu_cooking032_3 expanded_76d55cb654c86d87 4.6s
541/1204 sfu_cooking032_4 expanded_18c1fb7b411886f1 7.7s
542/1204 sfu_cooking_001_4 expanded_b2258988f1c33e17 9.9s
543/1204 sfu_cooking_001_6 expanded_6e34047fea530ab4 9.7s
544/1204 sfu_cooking_001_8 expanded_f0e740b6a5bcc3b3 6.7s
545/1204 sfu_cooking_002_1 expanded_bf43bd60d4ecf8b6 10.1s
546/1204 sfu_cooking_002_3 expanded_a56444aa9398ee18 9.9s
547/1204 sfu_cooking_002_5 expanded_f1352ee38115fd37 8.1s
548/1204 sfu_cooking_002_7 expanded_b9f191ea0c01254b 8.4s
549/1204 sfu_cooking_003_1 expanded_46aea35666b779cf 9.7s
550/1204 sfu_cooking_003_3 expanded_4d36e548e8b2536c 9.7s
551/1204 sfu_cooking_003_5 expanded_894f9cc08a12c495 6.5s
552/1204 sfu_cooking_005_1 expanded_c6d3dd3614e0ad97 9.5s
553/1204 sfu_cooking_005_2 expanded_76524ba9e8a7ea87 9.6s
554/1204 sfu_cooking_005_4 expanded_d25648858b8e8a80 10.0s
555/1204 sfu_cooking_006_1 expanded_3c1363ba06309eae 9.6s
556/1204 sfu_cooking_009_1 expanded_6ea1587e81c18efc 9.9s
557/1204 sfu_cooking_009_3 expanded_c101c277fc2ed6a4 9.9s
558/1204 sfu_cooking_009_5 expanded_dc54e42d0af05b29 9.5s
559/1204 sfu_cooking_009_7 expanded_2bb80c822a5dd25f 9.6s
560/1204 sfu_cooking_011_1 expanded_9f5bb7022a5c50fb 9.5s
561/1204 sfu_cooking_011_3 expanded_552ff1945597f687 9.9s
562/1204 sfu_cooking_013_1 expanded_7c5e192a297ca0f0 9.6s
563/1204 sfu_covid_001_10 expanded_e2d7eaf8a954943e 9.8s
564/1204 sfu_covid_001_2 expanded_33078009ff85c1c2 9.5s
565/1204 sfu_covid_001_4 expanded_b6d40c2e0ff50b5a 9.7s
566/1204 sfu_covid_001_6 expanded_395f6cde29ba7f25 9.5s
567/1204 sfu_covid_001_8 expanded_54c1d1e7a76f4a72 9.6s
568/1204 sfu_covid_002_10 expanded_c0358df4280fa3c4 9.2s
569/1204 sfu_covid_007_2 expanded_369c6d58920606e4 9.6s
570/1204 sfu_covid_009_10 expanded_2c3d0887b4dd7a41 9.4s
571/1204 sfu_covid_009_12 expanded_4d53a5638124a600 10.9s
572/1204 sfu_covid_009_14 expanded_172cfe0b047ff89c 10.2s
573/1204 sfu_covid_009_2 expanded_05759afdf33f6dad 10.2s
574/1204 sfu_covid_009_6 expanded_575ceb26601d53ed 10.0s
575/1204 sfu_covid_009_8 expanded_4066949153762802 10.3s
576/1204 sfu_covid_010_2 expanded_60b20b7b36d63138 9.9s
577/1204 sfu_covid_010_6 expanded_b80647fa0327715b 5.2s
578/1204 sfu_covid_013_12 expanded_292b8da69d0fa0c4 5.2s
579/1204 sfu_covid_014_2 expanded_6efca37ac14ca537 6.6s
580/1204 unc_basketball_02-24-23_01_10 expanded_66eddff6df9e98ee 10.2s
581/1204 unc_basketball_02-24-23_01_22 expanded_8550b3e47c920fd4 7.7s
582/1204 unc_basketball_02-24-23_01_28 expanded_c5cbeb781b7eeae3 5.2s
583/1204 unc_basketball_02-24-23_01_40 expanded_67c8bc050a1f54da 8.5s
584/1204 unc_basketball_02-24-23_01_43 expanded_aa2e23b4d3ded72d 10.1s
585/1204 unc_basketball_02-24-23_01_8 expanded_fed71c190d94b8bd 9.5s
586/1204 unc_basketball_02-24-23_02_3 expanded_26d593a9d919739d 6.4s
587/1204 unc_basketball_02-24-23_02_6 expanded_307d9372c9ccd780 9.9s
588/1204 unc_basketball_03-09-23_01_2 expanded_a60a143c098b4b61 10.0s
589/1204 unc_basketball_03-09-23_01_30 expanded_3b5d72a617c5a5f1 8.3s
590/1204 unc_basketball_03-09-23_01_38 expanded_2f4f149e8ee2bbf6 7.8s
591/1204 unc_basketball_03-09-23_01_4 expanded_1c5d7173c0e63aff 10.0s
592/1204 unc_basketball_03-09-23_01_54 expanded_65ff4cb031dbbfe0 9.8s
593/1204 unc_basketball_03-09-23_02_11 expanded_656998ebc29f0a7a 6.4s
594/1204 unc_basketball_03-09-23_02_16 expanded_d70a821a09302f1f 9.6s
595/1204 unc_basketball_03-09-23_02_19 expanded_56a794352ead6158 9.5s
596/1204 unc_basketball_03-09-23_02_21 expanded_4c6954c636422d84 9.0s
597/1204 unc_basketball_03-09-23_02_40 expanded_cd70675633b3c0a8 6.6s
598/1204 unc_basketball_03-09-23_02_47 expanded_14739d5f89d73078 10.0s
599/1204 unc_basketball_03-09-23_02_6 expanded_d95a836a6f4fcaea 9.8s
600/1204 unc_basketball_03-09-23_02_7 expanded_dfa8c95b37d67df7 6.9s
601/1204 unc_basketball_03-16-23_01_17 expanded_be8d471be2ec406f 9.1s
602/1204 unc_basketball_03-16-23_01_21 expanded_32eea2fcdc673c7c 10.0s
603/1204 unc_basketball_03-16-23_01_23 expanded_26400e2fba3e41ed 9.1s
604/1204 unc_basketball_03-16-23_01_37 expanded_2761145a69fee18d 5.8s
605/1204 unc_basketball_03-16-23_01_38 expanded_928a8fb03e3ac34d 9.7s
606/1204 unc_basketball_03-16-23_01_41 expanded_a5f0f616a9b0f95e 9.5s
607/1204 unc_basketball_03-16-23_02_12 expanded_01373c45845a00f4 7.8s
608/1204 unc_basketball_03-16-23_02_14 expanded_7925031854da5816 7.8s
609/1204 unc_basketball_03-16-23_02_15 expanded_aefd988aebda1021 10.0s
610/1204 unc_basketball_03-16-23_02_19 expanded_9f8be859822caa95 9.4s
611/1204 unc_basketball_03-16-23_02_2 expanded_44bd5d1a029ea47e 5.6s
612/1204 unc_basketball_03-16-23_02_21 expanded_a48be3d13c60677c 9.9s
613/1204 unc_basketball_03-16-23_02_25 expanded_9a30548dac7dbfd8 9.6s
614/1204 unc_basketball_03-16-23_02_26 expanded_3ce011e4eb00adfc 8.6s
615/1204 unc_basketball_03-16-23_02_28 expanded_1740c526521091cf 6.3s
616/1204 unc_basketball_03-16-23_02_29 expanded_2afe0266fb9dad42 9.6s
617/1204 unc_basketball_03-16-23_02_36 expanded_bed79dc4e6615581 10.1s
618/1204 unc_basketball_03-16-23_02_39 expanded_e796855a426a5917 6.6s
619/1204 unc_basketball_03-16-23_02_5 expanded_2479f23e50814ffe 8.3s
620/1204 unc_basketball_03-16-23_02_7 expanded_309515499fc58408 9.6s
621/1204 unc_basketball_03-16-23_02_8 expanded_b58f4e20f66faf37 9.0s
622/1204 unc_basketball_03-17-23_01_11 expanded_62f246d08dbeb19b 5.6s
623/1204 unc_basketball_03-17-23_01_13 expanded_5adb5a41bccb7bce 9.7s
624/1204 unc_basketball_03-17-23_01_17 expanded_376c22a8fccb23e5 9.4s
625/1204 unc_basketball_03-17-23_01_20 expanded_74d2ec0c03c1761f 8.3s
626/1204 unc_basketball_03-17-23_01_22 expanded_bf20122f9e3cc13c 6.2s
627/1204 unc_basketball_03-17-23_01_6 expanded_8cb5769ac788b318 9.7s
628/1204 unc_basketball_03-30-23_01_12 expanded_d7e2162f79c977b0 9.4s
629/1204 unc_basketball_03-30-23_01_15 expanded_e1ed6b3248af5713 6.8s
630/1204 unc_basketball_03-30-23_01_40 expanded_afbe735c4335e83d 8.3s
631/1204 unc_basketball_03-30-23_01_45 expanded_31b9302358f42d4d 9.4s
632/1204 unc_basketball_03-30-23_01_48 expanded_fa16eadca9f9e312 9.4s
633/1204 unc_basketball_03-30-23_01_7 expanded_2ecaeae12c0bfea7 5.4s
634/1204 unc_basketball_03-30-23_02_21 expanded_f35a466c07893dc7 9.4s
635/1204 unc_basketball_03-30-23_02_26 expanded_5af762b1eabdf0a5 9.8s
636/1204 unc_basketball_03-30-23_02_29 expanded_468fac2713524bb7 7.8s
637/1204 unc_basketball_03-30-23_02_32 expanded_5d2e4141c27629a6 6.5s
638/1204 unc_basketball_03-30-23_02_34 expanded_0dc421a8c9f7463e 9.8s
639/1204 unc_basketball_03-30-23_02_36 expanded_2edfb8dfc2121133 9.5s
640/1204 unc_basketball_03-31-23_01_10 expanded_ab2a808d372468b5 6.2s
641/1204 unc_basketball_03-31-23_01_14 expanded_e7bb3164dc4aed45 8.7s
642/1204 unc_basketball_03-31-23_01_18 expanded_d2f912ee0a196fb8 9.7s
643/1204 unc_basketball_03-31-23_01_4 expanded_5f476f63a2d71fd5 8.6s
644/1204 unc_basketball_03-31-23_01_45 expanded_fa47557d0d382aaf 6.2s
645/1204 unc_basketball_03-31-23_01_51 expanded_7763dfcbd4f71ae0 9.2s
646/1204 unc_basketball_03-31-23_01_57 expanded_4d1332b9847b78b3 9.7s
647/1204 unc_basketball_03-31-23_01_9 expanded_41213d4f2dd8e0cb 6.6s
648/1204 unc_basketball_03-31-23_02_13 expanded_4ac7a9dc21d2ddbd 7.0s
649/1204 unc_basketball_03-31-23_02_21 expanded_7b79ee7b71a3c6f6 9.6s
650/1204 unc_basketball_03-31-23_02_23 expanded_97019f5b492c6533 9.2s
651/1204 unc_basketball_03-31-23_02_27 expanded_545ce8e83c802541 9.3s
652/1204 unc_basketball_03-31-23_02_31 expanded_819b6239c253f859 9.3s
653/1204 unc_basketball_03-31-23_02_40 expanded_1eb2bcea567043e4 9.4s
654/1204 unc_basketball_03-31-23_02_45 expanded_a23b0d905b252381 9.0s
655/1204 unc_basketball_03-31-23_02_7 expanded_b3c4e2eca46d34a4 9.3s
656/1204 unc_music_04-26-23_02_7 expanded_80ebee9fdb02e1ea 9.3s
657/1204 unc_soccer_09-22-23_01_2 expanded_a58e358fb4f423e8 9.5s
658/1204 unc_soccer_09-22-23_01_31 expanded_8885bb328584ac90 8.8s
659/1204 unc_soccer_09-22-23_01_8 expanded_21b7547d711e0e7c 9.4s
660/1204 uniandes_basketball_001_11 expanded_5fb3c09951de5c92 9.2s
661/1204 uniandes_basketball_001_14 expanded_6bb54fd84ff85055 9.1s
662/1204 uniandes_basketball_001_32 expanded_632195f93c8a3854 9.5s
663/1204 uniandes_basketball_001_33 expanded_1931918f1485650c 8.7s
664/1204 uniandes_basketball_001_35 expanded_701f5a30d2cb9c46 9.2s
665/1204 uniandes_basketball_001_4 expanded_98f550e9a2280592 8.7s
666/1204 uniandes_basketball_001_7 expanded_dc2916d912e2ab28 8.8s
667/1204 uniandes_basketball_002_12 expanded_ee8499be9263b6ed 10.0s
668/1204 uniandes_basketball_002_18 expanded_bcb9c04f936c3f2f 9.4s
669/1204 uniandes_basketball_002_2 expanded_4aa43d6692161f23 9.0s
670/1204 uniandes_basketball_002_25 expanded_cedd1f113bc97396 9.2s
671/1204 uniandes_basketball_002_29 expanded_915f8afc96136262 9.2s
672/1204 uniandes_basketball_002_4 expanded_6b1ce7f9d632dc63 9.0s
673/1204 uniandes_basketball_002_7 expanded_f619a2002c4d82e6 9.1s
674/1204 uniandes_basketball_003_11 expanded_63733e97f1fccd8c 9.1s
675/1204 uniandes_basketball_003_14 expanded_1d5fa3f03c50923f 9.0s
676/1204 uniandes_basketball_003_18 expanded_fae1ed3117c731b1 9.1s
677/1204 uniandes_basketball_003_21 expanded_b2aafa474f5e653c 8.8s
678/1204 uniandes_basketball_003_25 expanded_26cddf74b0454489 6.6s
679/1204 uniandes_basketball_003_29 expanded_f30091aafb012293 6.0s
680/1204 uniandes_basketball_003_33 expanded_014a89de757aa25e 9.5s
681/1204 uniandes_basketball_003_4 expanded_a4411f58475d267d 9.5s
682/1204 uniandes_basketball_003_45 expanded_5ff88e429e01a485 6.2s
683/1204 uniandes_basketball_003_5 expanded_d99dbde75d68d85a 8.6s
684/1204 uniandes_basketball_003_7 expanded_8338f2296ccb830b 9.2s
685/1204 uniandes_basketball_003_9 expanded_3221d5d24b4800ba 9.6s
686/1204 uniandes_basketball_004_17 expanded_e7a3a70c52925736 9.3s
687/1204 uniandes_basketball_004_38 expanded_419ac4a6c352d0a2 9.3s
688/1204 uniandes_basketball_004_4 expanded_6301194fd39df970 9.5s
689/1204 uniandes_basketball_004_42 expanded_ac0bd5070267e3a2 10.0s
690/1204 uniandes_basketball_004_56 expanded_59eb716f95b7e917 10.6s
691/1204 uniandes_basketball_004_6 expanded_008ad7c9367cbc6b 9.5s
692/1204 uniandes_basketball_004_62 expanded_e38c6793b6f927fd 9.7s
693/1204 uniandes_basketball_005_12 expanded_4c5b1b53c7048bad 9.4s
694/1204 uniandes_basketball_005_2 expanded_623c941669e3efea 9.7s
695/1204 uniandes_basketball_005_4 expanded_f563b9183adb130b 9.6s
696/1204 uniandes_cooking_001_10 expanded_47e678e51d735e50 9.6s
697/1204 uniandes_cooking_001_12 expanded_ff8e4a1110875132 9.8s
698/1204 uniandes_cooking_002_10 expanded_3a6d956a1d0b0235 9.5s
699/1204 uniandes_cooking_002_12 expanded_b42896afe4d42cc4 9.6s
700/1204 uniandes_cooking_002_6 expanded_469f3160dc58e039 9.5s
701/1204 uniandes_cooking_002_8 expanded_796b325266f9dc70 8.0s
702/1204 uniandes_cooking_003_13 expanded_044c2e009e50afde 6.8s
703/1204 uniandes_cooking_003_6 expanded_ca8edfd15a669118 8.9s
704/1204 uniandes_cooking_003_8 expanded_7380625b4392a3c5 8.8s
705/1204 uniandes_cooking_005_2 expanded_d66396f62750fcc3 5.9s
706/1204 uniandes_cooking_005_4 expanded_3c085376263d10e8 8.0s
707/1204 uniandes_cooking_005_8 expanded_c01b2b7f58e30f20 8.9s
708/1204 uniandes_cooking_006_10 expanded_e903fded476e735a 9.1s
709/1204 uniandes_cooking_006_2 expanded_e6a41682a4cdbcd8 8.8s
710/1204 uniandes_cooking_006_4 expanded_67e442ba28b99045 9.0s
711/1204 uniandes_cooking_007_2 expanded_486d8c552b4d642a 9.0s
712/1204 uniandes_cooking_007_4 expanded_05989e84b1aca20d 9.4s
713/1204 uniandes_cooking_007_6 expanded_f90239ec4b00f721 9.9s
714/1204 uniandes_cooking_008_10 expanded_8123c6fc54bc7cc1 9.7s
715/1204 uniandes_cooking_008_4 expanded_94d7a8d25d520cba 9.4s
716/1204 uniandes_cooking_008_6 expanded_655659db8c4527b1 9.4s
717/1204 uniandes_cooking_008_8 expanded_11f7e0dc05b5a2b8 9.3s
718/1204 uniandes_cooking_009_2 expanded_b35624c77dbf6e6b 9.3s
719/1204 uniandes_cooking_009_4 expanded_dc3860d755fbeeea 9.4s
720/1204 uniandes_cooking_009_6 expanded_5dd385b6e9bf2461 9.3s
721/1204 uniandes_dance_002_15 expanded_79ad27859fd2c0bc 9.6s
722/1204 uniandes_dance_008_11 expanded_3145c3acdb503170 9.3s
723/1204 uniandes_dance_008_13 expanded_0371c3e54c9e0fe4 9.4s
724/1204 uniandes_dance_008_19 expanded_b374c1f596daf374 8.5s
725/1204 uniandes_dance_008_23 expanded_b19294efad6d0e1e 6.5s
726/1204 uniandes_dance_008_25 expanded_2da2e0558ef2b394 9.7s
727/1204 uniandes_dance_008_27 expanded_dc163a5542bd3751 9.3s
728/1204 uniandes_dance_008_43 expanded_4f7d2bd6df4b454e 6.3s
729/1204 uniandes_dance_008_46 expanded_966de7d4fd1f632d 9.0s
730/1204 uniandes_dance_008_48 expanded_fb506a0a57d5d0e2 9.3s
731/1204 uniandes_dance_008_50 expanded_2cb799918612b453 8.6s
732/1204 uniandes_dance_008_6 expanded_83083959ec3ee95f 6.1s
733/1204 uniandes_dance_008_9 expanded_aeab6fe95a08558a 8.8s
734/1204 uniandes_dance_011_17 expanded_0279aa28121acbe0 9.0s
735/1204 uniandes_dance_011_20 expanded_9be03a3a4b0a4348 8.0s
736/1204 uniandes_dance_011_23 expanded_c36d5a899ebd7d0c 6.5s
737/1204 uniandes_dance_011_29 expanded_00511d86e70c461d 8.9s
738/1204 uniandes_dance_011_32 expanded_9e9e6c2e0b474ff3 9.2s
739/1204 uniandes_dance_011_34 expanded_c03c971388d750e9 7.5s
740/1204 uniandes_dance_011_9 expanded_5df2977572d01cbd 7.2s
741/1204 uniandes_dance_012_12 expanded_eabfde087a94cdc1 8.9s
742/1204 uniandes_dance_012_17 expanded_9988685f21baa9aa 8.9s
743/1204 uniandes_dance_012_20 expanded_4ba41a0bfd2cc246 7.2s
744/1204 uniandes_dance_012_23 expanded_452525293c8947cf 7.2s
745/1204 uniandes_dance_012_25 expanded_153803b548d3100b 9.6s
746/1204 uniandes_dance_012_28 expanded_db45be9e63e24a8f 8.6s
747/1204 uniandes_dance_012_3 expanded_b3aa07f25e8d628b 6.2s
748/1204 uniandes_dance_012_33 expanded_541d5dc940286e94 8.0s
749/1204 uniandes_dance_012_35 expanded_0c3e5de2c4bafcb8 9.0s
750/1204 uniandes_dance_012_37 expanded_a560c9e6406ed34a 8.7s
751/1204 uniandes_dance_012_5 expanded_26f2b7374a3b7d36 5.6s
752/1204 uniandes_dance_012_8 expanded_2a9a3c40549feab9 9.6s
753/1204 uniandes_dance_013_10 expanded_daea809f9870322c 8.9s
754/1204 uniandes_dance_013_13 expanded_a626efcb899864fe 7.5s
755/1204 uniandes_dance_013_15 expanded_ab7311e33a4fed94 6.2s
756/1204 uniandes_dance_013_16 expanded_7b128d78252e7b6b 8.8s
757/1204 uniandes_dance_013_18 expanded_96d84209d799a2c4 9.0s
758/1204 uniandes_dance_013_2 expanded_3b0c4771bc7c1eb2 6.2s
759/1204 uniandes_dance_013_21 expanded_4f41b9bb34789f0e 7.3s
760/1204 uniandes_dance_013_4 expanded_b9f6650a60d96f55 8.5s
761/1204 uniandes_dance_013_7 expanded_bf6909516ac130de 9.1s
762/1204 uniandes_dance_013_8 expanded_87d0295cbebd9d95 8.2s
763/1204 uniandes_dance_015_14 expanded_dd52e2ce597838aa 4.9s
764/1204 uniandes_dance_015_18 expanded_f67bca3d2deab968 8.6s
765/1204 uniandes_dance_015_20 expanded_e3ed25f51b426daf 8.3s
766/1204 uniandes_dance_015_22 expanded_7843b3fbe56c640f 8.4s
767/1204 uniandes_dance_017_12 expanded_8834a05d61199a76 7.3s
768/1204 uniandes_dance_017_14 expanded_d45abb6cc66e668f 5.5s
769/1204 uniandes_dance_017_16 expanded_be9a53fb09da4692 8.5s
770/1204 uniandes_dance_017_18 expanded_46aca0a280938522 8.4s
771/1204 uniandes_dance_017_32 expanded_46cab852e168bbc9 8.4s
772/1204 uniandes_dance_017_36 expanded_08981340bc7317e3 8.2s
773/1204 uniandes_dance_017_38 expanded_4b81f3a46acbbaf6 5.3s
774/1204 uniandes_dance_017_40 expanded_ec09bc8dcde316fc 7.3s
775/1204 uniandes_dance_017_41 expanded_501ba56992a36ba3 8.6s
776/1204 uniandes_dance_017_56 expanded_bbb79d15b4bf5894 8.2s
777/1204 uniandes_dance_017_57 expanded_bfb22c5de5f5eeea 8.3s
778/1204 uniandes_dance_017_8 expanded_e39671ae56217126 7.5s
779/1204 uniandes_dance_017_9 expanded_e4871bb24a59c7a4 5.2s
780/1204 uniandes_dance_019_10 expanded_cbc1152648814df1 8.3s
781/1204 uniandes_dance_019_14 expanded_38739915e8d4d0d0 8.2s
782/1204 uniandes_dance_019_15 expanded_2499a13dc8bfd650 8.2s
783/1204 uniandes_dance_019_36 expanded_82afcbff6777b000 8.4s
784/1204 uniandes_dance_019_5 expanded_e3d270d0ed1edabc 5.9s
785/1204 uniandes_dance_019_7 expanded_38e307af99405df4 6.6s
786/1204 uniandes_dance_019_9 expanded_6389653cab1a699b 8.3s
787/1204 uniandes_dance_020_13 expanded_4ba3492e5775a11c 8.4s
788/1204 uniandes_dance_020_15 expanded_1b454cfdec6cfea7 8.2s
789/1204 uniandes_dance_020_17 expanded_98bf2423a36403eb 8.0s
790/1204 uniandes_dance_020_20 expanded_8fe564a450fc1899 4.6s
791/1204 uniandes_dance_020_21 expanded_9e2cd8eb28a275cd 8.5s
792/1204 uniandes_dance_020_22 expanded_3ffde54097a24950 8.2s
793/1204 uniandes_dance_020_25 expanded_84069f602fc0282d 8.2s
794/1204 uniandes_dance_020_26 expanded_ef2356175d9d038e 8.2s
795/1204 uniandes_dance_020_28 expanded_8106c3c44e8a3a4a 6.6s
796/1204 uniandes_dance_020_3 expanded_bc00d79a3a4730f5 6.0s
797/1204 uniandes_dance_020_31 expanded_c18a2d39e2b2cfc6 8.2s
798/1204 uniandes_dance_020_33 expanded_48f8caa87c49fa9d 8.4s
799/1204 uniandes_dance_020_36 expanded_53ad5776199c54be 8.1s
800/1204 uniandes_dance_020_38 expanded_101d104862ca382c 8.3s
801/1204 uniandes_dance_020_42 expanded_45249b9c755edfb7 4.8s
802/1204 uniandes_dance_020_45 expanded_d6cecead1dabcbcd 7.6s
803/1204 uniandes_dance_020_49 expanded_582b5ce40f472872 8.2s
804/1204 uniandes_dance_020_50 expanded_6f2eb58a865e6bb0 7.9s
805/1204 uniandes_dance_020_52 expanded_d2c0777f892eaa44 7.9s
806/1204 uniandes_dance_020_58 expanded_21069c097cbeb64f 7.6s
807/1204 uniandes_dance_020_59 expanded_109146cb8a369939 7.9s
808/1204 uniandes_dance_020_61 expanded_8c533d41a289ef7a 7.9s
809/1204 uniandes_dance_020_62 expanded_ec1d94530cffa582 8.0s
810/1204 uniandes_dance_020_8 expanded_f9c53a2d18e7470b 7.9s
811/1204 uniandes_dance_021_11 expanded_c7c40b0fc359b032 7.8s
812/1204 uniandes_dance_021_13 expanded_980311a50128d54f 7.7s
813/1204 uniandes_dance_021_15 expanded_b62a094851b695ec 7.9s
814/1204 uniandes_dance_021_17 expanded_1d4a21427f13b6c6 8.0s
815/1204 uniandes_dance_021_19 expanded_0421e2658f310937 7.9s
816/1204 uniandes_dance_021_2 expanded_67799d92a1d70557 8.0s
817/1204 uniandes_dance_021_22 expanded_ec9f805c64ac8524 7.5s
818/1204 uniandes_dance_021_23 expanded_8e6e3a677113f33e 7.9s
819/1204 uniandes_dance_021_26 expanded_c71561397a95583c 8.0s
820/1204 uniandes_dance_021_29 expanded_be23e8cff166ed9b 8.0s
821/1204 uniandes_dance_021_31 expanded_83bde4d8d5d103cd 7.9s
822/1204 uniandes_dance_021_32 expanded_439dddf4d3f31537 7.6s
823/1204 uniandes_dance_021_35 expanded_dffe4587a73bcd5e 7.9s
824/1204 uniandes_dance_021_37 expanded_bea62a2659cbb8a6 7.9s
825/1204 uniandes_dance_021_38 expanded_4ec502d5dc66e0eb 8.0s
826/1204 uniandes_dance_021_4 expanded_d044ef7f7397dabc 7.9s
827/1204 uniandes_dance_021_42 expanded_55860b48241d9f1a 7.9s
828/1204 uniandes_dance_021_46 expanded_eeca1ca031f4e237 7.6s
829/1204 uniandes_dance_021_47 expanded_80a6044ae0362c10 7.9s
830/1204 uniandes_dance_021_5 expanded_d18849143c0d061c 8.1s
831/1204 uniandes_dance_021_51 expanded_4a889911a86712ba 7.9s
832/1204 uniandes_dance_021_53 expanded_b90efeec7ac1dc2f 8.0s
833/1204 uniandes_dance_021_54 expanded_1d3fbb824c49804c 7.6s
834/1204 uniandes_dance_021_56 expanded_85ab2816708df6ca 7.9s
835/1204 uniandes_dance_021_57 expanded_faffac0a6a1ee6aa 7.9s
836/1204 uniandes_dance_021_7 expanded_4eac31dad342d209 8.0s
837/1204 uniandes_dance_022_10 expanded_aed5c689a1532b28 8.0s
838/1204 uniandes_dance_022_11 expanded_db302b0fd03245db 7.8s
839/1204 uniandes_dance_022_12 expanded_85980920f77aa5af 7.7s
840/1204 uniandes_dance_022_16 expanded_aa7f467362a97fd7 7.9s
841/1204 uniandes_dance_022_17 expanded_700d4abec24cd182 7.9s
842/1204 uniandes_dance_022_18 expanded_0971dd805b542a02 7.9s
843/1204 uniandes_dance_022_22 expanded_224f59a414f1a8c5 7.9s
844/1204 uniandes_dance_022_23 expanded_ff5a85de55b2b578 7.5s
845/1204 uniandes_dance_022_26 expanded_fa979964771c40eb 7.9s
846/1204 uniandes_dance_022_27 expanded_51d8a066254ce0e0 7.9s
847/1204 uniandes_dance_022_3 expanded_059b92da33ebbd53 7.9s
848/1204 uniandes_dance_022_31 expanded_2a56445d627b23de 7.9s
849/1204 uniandes_dance_022_35 expanded_e61875ba6672f284 7.7s
850/1204 uniandes_dance_022_37 expanded_df4f4a936eeb6272 8.0s
851/1204 uniandes_dance_022_38 expanded_caef4adf4300344c 7.9s
852/1204 uniandes_dance_022_4 expanded_e871b53d25f8c61f 7.9s
853/1204 uniandes_dance_022_42 expanded_bf224707d1a82181 8.0s
854/1204 uniandes_dance_022_45 expanded_c96d3a8382b7100e 7.9s
855/1204 uniandes_dance_022_46 expanded_6976ec92b494c9a9 7.4s
856/1204 uniandes_dance_022_48 expanded_a2b46de915b45b80 7.9s
857/1204 uniandes_dance_022_49 expanded_f1f90b9eca98ba37 7.9s
858/1204 uniandes_dance_022_5 expanded_d4304fc27d5ddfca 7.9s
859/1204 uniandes_dance_022_52 expanded_0d72908ae6ece3e7 7.9s
860/1204 uniandes_dance_022_6 expanded_97948c5fe94f82de 7.7s
861/1204 uniandes_dance_022_8 expanded_f31ee206458ccf98 8.1s
862/1204 uniandes_dance_022_9 expanded_797c3c3de470d296 7.9s
863/1204 uniandes_dance_023_14 expanded_0a0d1aa400df58ba 7.9s
864/1204 uniandes_dance_023_15 expanded_77f4ec3794362cfa 8.0s
865/1204 uniandes_dance_023_17 expanded_b83b1558e705fbe9 7.9s
866/1204 uniandes_dance_023_18 expanded_d9084e95d766f7a6 7.6s
867/1204 uniandes_dance_023_20 expanded_e50209f3b3433874 8.0s
868/1204 uniandes_dance_023_22 expanded_4143090725e61d02 7.9s
869/1204 uniandes_dance_024_2 expanded_ac50f64f26ea10ca 7.8s
870/1204 uniandes_dance_024_3 expanded_161544ed6cdc6ed8 7.6s
871/1204 uniandes_dance_024_37 expanded_1bb7649b84dbae3d 7.5s
872/1204 uniandes_dance_024_39 expanded_1e5a34c9f0182255 7.7s
873/1204 uniandes_dance_024_4 expanded_a7a4ffff7c7f3307 7.6s
874/1204 uniandes_dance_024_42 expanded_b892749225e4dcd3 7.6s
875/1204 uniandes_dance_024_43 expanded_7d6589a2095d0380 7.7s
876/1204 uniandes_dance_024_6 expanded_497c65817d5801f4 8.0s
877/1204 uniandes_dance_024_7 expanded_2e9206596761b607 7.6s
878/1204 upenn_0317_Violin_3_10 expanded_cba2b8fd00f05846 7.8s
879/1204 upenn_0317_Violin_3_7 expanded_8c1bda3c5aeb9ad1 7.7s
880/1204 upenn_0317_Violin_3_8 expanded_ac28ce2fad0a2a5d 7.7s
881/1204 upenn_0317_Violin_3_9 expanded_1aa7aea69c563e97 7.7s
882/1204 upenn_0324_Piano_1_2 expanded_ff856728bbd3d871 7.6s
883/1204 upenn_0324_Piano_1_3 expanded_10d53b6bd5c6bc95 7.3s
884/1204 upenn_0324_Piano_1_4 expanded_9d52c3fe348c0076 7.7s
885/1204 upenn_0324_Piano_1_5 expanded_29445684060b630c 7.7s
886/1204 upenn_0407_Guitar_1_3 expanded_04b207096d8389ce 7.6s
887/1204 upenn_0407_Guitar_1_4 expanded_7ab5659a34a1e15e 7.3s
888/1204 upenn_0407_Violin_1_2 expanded_b36654cfa3d3ee74 7.6s
889/1204 upenn_0407_Violin_1_3 expanded_2aab4ba8f7d215c1 7.7s
890/1204 upenn_0407_Violin_1_4 expanded_b288024f5606ffb1 8.0s
891/1204 upenn_0407_Violin_1_5 expanded_b80e51fd4b1600dd 7.8s
892/1204 upenn_0407_Violin_2_2 expanded_b0a85027ba8c371b 7.6s
893/1204 upenn_0407_Violin_2_3 expanded_0816974f2c2b92af 7.6s
894/1204 upenn_0407_Violin_2_4 expanded_6e6b5381cce25f62 7.6s
895/1204 upenn_0407_Violin_2_5 expanded_f6427297bf4a73d7 7.6s
896/1204 upenn_0628_Cooking_1_2 expanded_3d387d00c94b1797 7.6s
897/1204 upenn_0629_Dance_2_2 expanded_8051a8c8bab71bb5 7.6s
898/1204 upenn_0629_Dance_2_4 expanded_1b60c7981238ed43 7.6s
899/1204 upenn_0629_Dance_2_5 expanded_1ed05075cd3b0b58 7.7s
900/1204 upenn_0629_Dance_2_6 expanded_9449036fa37a2838 7.6s
901/1204 upenn_0629_Dance_2_7 expanded_6f9769d0ade33583 7.7s
902/1204 upenn_0629_Dance_3_2 expanded_7c2216c2f72ae68c 8.1s
903/1204 upenn_0629_Dance_3_3 expanded_91bece82f9decb6c 9.3s
904/1204 upenn_0629_Dance_3_4 expanded_86e04dce05e3d965 9.3s
905/1204 upenn_0629_Dance_3_5 expanded_a4e55ab911dd89e0 9.3s
906/1204 upenn_0629_Dance_3_6 expanded_90a4fb97f47505d6 9.2s
907/1204 upenn_0701_Piano_2_2 expanded_eedc6e01718b64d7 8.9s
908/1204 upenn_0701_Piano_2_6 expanded_aa1716efef3e8277 8.9s
909/1204 upenn_0701_Piano_2_7 expanded_e753c62020401f9e 9.0s
910/1204 upenn_0702_Cooking_2_2 expanded_9e5464fc8fc90dcb 9.0s
911/1204 upenn_0702_Cooking_2_3 expanded_10594c533e2cc74d 9.0s
912/1204 upenn_0702_Cooking_3_2 expanded_1cde99d29ea10d1f 8.9s
913/1204 upenn_0702_Cooking_3_3 expanded_2c5fb88d1c7284f4 9.0s
914/1204 upenn_0702_Cooking_4_2 expanded_5320cb8138e6af7e 9.0s
915/1204 upenn_0702_Cooking_4_3 expanded_69a14f442bb5f6eb 4.9s
916/1204 upenn_0702_Cooking_5_2 expanded_b13e232d5acecc13 7.5s
917/1204 upenn_0702_Cooking_5_3 expanded_8f4cc7e20589c760 9.3s
918/1204 upenn_0706_Dance_1_2 expanded_4602df39c54f88bc 9.2s
919/1204 upenn_0706_Dance_1_3 expanded_874a96e159527af2 8.7s
920/1204 upenn_0706_Dance_1_4 expanded_4d566be66575bf9a 6.2s
921/1204 upenn_0706_Dance_1_6 expanded_aedb41ec99c1e677 9.3s
922/1204 upenn_0706_Dance_1_7 expanded_5fd91786cb97110f 9.3s
923/1204 upenn_0706_Dance_2_2 expanded_7b11de8d7aeb3a4b 9.3s
924/1204 upenn_0706_Dance_2_3 expanded_3906262d239e0d46 6.5s
925/1204 upenn_0706_Dance_2_4 expanded_7a7ad4c51e63f47f 8.4s
926/1204 upenn_0706_Dance_2_5 expanded_c2f73a4db17c3cc3 9.3s
927/1204 upenn_0706_Dance_5_2 expanded_13c154531e80bdef 9.0s
928/1204 upenn_0706_Dance_5_3 expanded_0bdc900cdced30b9 5.5s
929/1204 upenn_0706_Dance_5_4 expanded_75be70c2ee2f81fc 9.0s
930/1204 upenn_0706_Dance_5_5 expanded_13143f307aa9092a 9.3s
931/1204 upenn_0706_Dance_5_6 expanded_7d5078a365ae5d51 9.5s
932/1204 upenn_0710_Cooking_1_2 expanded_b1a3f3569e298ca6 9.1s
933/1204 upenn_0710_Cooking_1_3 expanded_3de62431e54a7725 9.5s
934/1204 upenn_0710_Cooking_2_2 expanded_911b6824568f9170 9.1s
935/1204 upenn_0710_Cooking_2_3 expanded_fe6f9465f60ef08c 9.2s
936/1204 upenn_0710_Cooking_4_2 expanded_6646143880a71282 9.1s
937/1204 upenn_0710_Cooking_4_3 expanded_3ecf0a7f04b23ef7 9.1s
938/1204 upenn_0712_Cooking_1_2 expanded_bd386b71611ea0b4 9.4s
939/1204 upenn_0712_Cooking_1_3 expanded_9f98cb9c3f0d7463 9.2s
940/1204 upenn_0712_Cooking_1_4 expanded_3201b24121852f82 9.1s
941/1204 upenn_0712_Cooking_1_5 expanded_58478b4d184d8858 10.2s
942/1204 upenn_0712_Cooking_4_2 expanded_ac29d087e0721c55 10.4s
943/1204 upenn_0712_Cooking_4_3 expanded_e4a0d30b344cb0c1 10.1s
944/1204 upenn_0712_Cooking_5_2 expanded_e0a25072aa61c787 10.3s
945/1204 upenn_0712_Cooking_5_3 expanded_12f7790e1fb97b13 9.9s
946/1204 upenn_0713_Dance_1_2 expanded_6c8155dc06671149 9.8s
947/1204 upenn_0713_Dance_1_3 expanded_1aa41a3043974c0a 9.7s
948/1204 upenn_0713_Dance_1_4 expanded_79da2d2b382a5b1f 9.7s
949/1204 upenn_0713_Dance_1_5 expanded_3537659c4a2248b0 9.8s
950/1204 upenn_0713_Dance_2_2 expanded_f0009dfe573aaa36 9.8s
951/1204 upenn_0713_Dance_2_3 expanded_2973238411641e40 9.7s
952/1204 upenn_0713_Dance_2_4 expanded_25eadbbf1a66f646 9.9s
953/1204 upenn_0713_Dance_2_5 expanded_c7469e59d1f5ecb2 9.8s
954/1204 upenn_0714_Cooking_1_2 expanded_751a99e355586e3a 7.7s
955/1204 upenn_0714_Cooking_1_3 expanded_b9d3f6986f354688 6.7s
956/1204 upenn_0714_Cooking_1_4 expanded_8761773b1f4e5c6d 10.3s
957/1204 upenn_0714_Cooking_1_5 expanded_8607bfac85b3ff00 8.0s
958/1204 upenn_0714_Cooking_2_3 expanded_5590cca1af96dfa6 9.3s
959/1204 upenn_0714_Cooking_2_4 expanded_55ef5aa4f5a002a5 10.2s
960/1204 upenn_0714_Cooking_3_2 expanded_dd715f30500b7951 7.0s
961/1204 upenn_0714_Cooking_3_3 expanded_7ceddf53d369c6e2 10.5s
962/1204 upenn_0714_Cooking_5_2 expanded_82c508694b495de4 9.4s
963/1204 upenn_0714_Cooking_5_3 expanded_a9af964dbc6d8788 7.5s
964/1204 upenn_0714_Cooking_6_2 expanded_bc5c93592fb332bc 9.6s
965/1204 upenn_0714_Cooking_6_3 expanded_fda243e194e21618 7.2s
966/1204 upenn_0714_Cooking_7_3 expanded_336b2b0bba907401 10.5s
967/1204 upenn_0715_Dance_1_4 expanded_5c5fbe5c9170f777 10.4s
968/1204 upenn_0715_Dance_1_5 expanded_46051c1c5b850e88 10.6s
969/1204 upenn_0715_Dance_1_6 expanded_6378563deeaf70a1 10.4s
970/1204 upenn_0715_Dance_1_7 expanded_e96f17366371a280 9.7s
971/1204 upenn_0717_Piano_1_2 expanded_7eaf0d9e3c187f91 10.0s
972/1204 upenn_0717_Piano_1_3 expanded_430c166e3cdd4009 10.3s
973/1204 upenn_0717_Piano_1_5 expanded_c5e7ba6148bb60ae 10.5s
974/1204 upenn_0717_Piano_3_2 expanded_f494fdb152ba00ea 10.3s
975/1204 upenn_0717_Piano_3_3 expanded_54442b4be4256a6c 10.2s
976/1204 upenn_0717_Piano_3_4 expanded_17506c54416272c9 10.1s
977/1204 upenn_0717_Piano_3_5 expanded_313abda7e94667de 10.0s
978/1204 upenn_0718_Violin_1_2 expanded_d2d811527b7b7203 10.0s
979/1204 upenn_0718_Violin_1_3 expanded_50bb70d1c7711049 10.0s
980/1204 upenn_0718_Violin_1_4 expanded_78499573ef208fec 9.9s
981/1204 upenn_0718_Violin_1_5 expanded_f060cc68cc20ab9b 9.9s
982/1204 upenn_0718_Violin_2_2 expanded_142fae157918997e 10.0s
983/1204 upenn_0718_Violin_2_5 expanded_9306b1c082162c29 9.8s
984/1204 upenn_0718_Violin_2_6 expanded_14766519a4113253 10.1s
985/1204 upenn_0718_Violin_2_7 expanded_c85fb7828cb58860 9.8s
986/1204 upenn_0719_Piano_2_2 expanded_c699144b7df0673a 10.0s
987/1204 upenn_0719_Piano_2_3 expanded_3f9597da4c480682 6.4s
988/1204 upenn_0719_Piano_2_4 expanded_8fd2112cb2760ffd 8.4s
989/1204 upenn_0719_Piano_2_5 expanded_1b3ff8684e7195ed 10.2s
990/1204 upenn_0720_Dance_2_2 expanded_c00ece9788f39e59 9.3s
991/1204 upenn_0720_Dance_2_4 expanded_95124f7c3391c35c 6.3s
992/1204 upenn_0720_Dance_2_5 expanded_51b0545ea5bb505f 10.0s
993/1204 upenn_0720_Dance_3_10 expanded_d6ac7282f21679b9 9.8s
994/1204 upenn_0720_Dance_3_11 expanded_861ff7b5dda1842e 7.2s
995/1204 upenn_0720_Dance_3_14 expanded_f4f7800f3636e2db 8.6s
996/1204 upenn_0720_Dance_3_15 expanded_61e183d74f7d3fb7 9.7s
997/1204 upenn_0720_Dance_3_18 expanded_6a906a20cc4bd9e8 9.0s
998/1204 upenn_0720_Dance_3_2 expanded_ba40f59a8688a819 5.5s
999/1204 upenn_0720_Dance_3_3 expanded_2ad61f83d0ed10f3 9.3s
1000/1204 upenn_0720_Dance_3_5 expanded_f749a4a0db34505c 9.4s
1001/1204 upenn_0720_Dance_3_7 expanded_676e663d9960e6f4 9.2s
1002/1204 upenn_0720_Dance_3_9 expanded_4d722c71766b1b15 6.3s
1003/1204 upenn_0720_Dance_4_2 expanded_4bdb4b0f7036e5a2 8.7s
1004/1204 upenn_0720_Dance_4_4 expanded_7a081ba70d575a45 9.2s
1005/1204 upenn_0720_Dance_4_5 expanded_8ebbd6489976e0bb 8.7s
1006/1204 upenn_0721_Piano_2_2 expanded_792060661780b0af 5.4s
1007/1204 upenn_0721_Piano_2_3 expanded_b131c246b3c4949e 9.1s
1008/1204 upenn_0721_Piano_2_5 expanded_da440409ce88de40 9.4s
1009/1204 upenn_0721_Piano_2_6 expanded_954da4c4a6c19efa 9.2s
1010/1204 upenn_0722_Guitar_1_4 expanded_9258690ed262205f 9.1s
1011/1204 upenn_0722_Piano_2_2 expanded_b8b76a6f31678389 8.5s
1012/1204 upenn_0722_Piano_2_3 expanded_f329726582ed2d2e 8.6s
1013/1204 upenn_0722_Piano_2_4 expanded_2a59cacc5b3191a4 9.8s
1014/1204 upenn_0722_Piano_2_5 expanded_fb5bcedf9203a6ff 9.8s
1015/1204 upenn_0722_Violin_1_2 expanded_ac59387244ff948b 9.8s
1016/1204 upenn_0722_Violin_1_3 expanded_301625a6168fad01 9.8s
1017/1204 upenn_0722_Violin_1_4 expanded_6e93d12a83d1185c 9.3s
1018/1204 upenn_0724_Piano_1_3 expanded_8ee7c31df9345108 9.5s
1019/1204 upenn_0724_Piano_1_4 expanded_fceeecedda4271cf 9.3s
1020/1204 upenn_0724_Piano_1_5 expanded_4eb2c7b073b16757 9.4s
1021/1204 upenn_0725_Duet_Violin_1_1_10 expanded_35edb65da0c891dd 9.4s
1022/1204 upenn_0725_Duet_Violin_1_1_3 expanded_d2ce843ab6c97e10 9.4s
1023/1204 upenn_0725_Duet_Violin_1_1_4 expanded_7073f252aa9403bb 9.4s
1024/1204 upenn_0725_Duet_Violin_1_1_8 expanded_b086a675d5ef7fa5 9.4s
1025/1204 upenn_0725_Duet_Violin_1_1_9 expanded_0bd19ed480af62dc 9.3s
1026/1204 upenn_0725_Duet_Violin_1_2_10 expanded_e8cd2636ae0a3019 9.4s
1027/1204 upenn_0725_Duet_Violin_1_2_11 expanded_50f6afc0c3e6f7db 8.4s
1028/1204 upenn_0725_Duet_Violin_1_2_4 expanded_6f6c4ef306f9ede6 5.4s
1029/1204 upenn_0725_Duet_Violin_1_2_7 expanded_6c45cc3da4a7be11 8.4s
1030/1204 upenn_0725_Duet_Violin_1_2_9 expanded_ebdae276d2a42b82 8.7s
1031/1204 upenn_0725_Violin_1_2 expanded_e7133338045ec4f1 8.9s
1032/1204 upenn_0725_Violin_1_3 expanded_26319faaca562c29 6.5s
1033/1204 upenn_0725_Violin_1_4 expanded_99122726a1fc90bc 7.2s
1034/1204 upenn_0726_Duet_Violin_1_2_2 expanded_37ea6d23e2e117ed 8.7s
1035/1204 upenn_0726_Duet_Violin_1_2_3 expanded_680933d3ca8aaaf1 8.8s
1036/1204 upenn_0726_Duet_Violin_1_2_4 expanded_c41a7cfc1a33caac 8.8s
1037/1204 upenn_0726_Piano_1_2 expanded_b8164c5553c95a1f 7.8s
1038/1204 upenn_0726_Piano_1_3 expanded_1882abb3be3e4f3f 5.6s
1039/1204 upenn_0726_Piano_1_4 expanded_ead342133adfd6da 8.7s
1040/1204 upenn_0726_Piano_1_5 expanded_af2d88f3c3fded09 8.8s
1041/1204 upenn_0726_Piano_2_2 expanded_a34145005f9a9d94 8.6s
1042/1204 upenn_0726_Piano_2_3 expanded_a57b834b287b663f 8.5s
1043/1204 upenn_0726_Piano_2_4 expanded_49895f138345f5d6 5.6s
1044/1204 upenn_0726_Piano_2_5 expanded_ecee4d87a3d41e68 8.1s
1045/1204 upenn_0727_Partner_Dance_2_1_2 expanded_57783191090d6f07 8.2s
1046/1204 upenn_0727_Partner_Dance_2_1_4 expanded_16e40700f9cbff57 8.3s
1047/1204 upenn_0727_Partner_Dance_2_1_5 expanded_01d05345d0529c6c 8.4s
1048/1204 upenn_0727_Partner_Dance_3_2_3 expanded_9d8ff8f6476510ad 8.1s
1049/1204 upenn_0727_Partner_Dance_4_2_5 expanded_e6c25654c7a5d515 5.1s
1050/1204 upenn_0728_Guitar_1_6 expanded_a0f7ed43643f26ab 8.4s
1051/1204 upenn_0730_Dance_1_3 expanded_8990f235f406fda1 8.7s
1052/1204 upenn_0730_Dance_1_4 expanded_94f67fa41da43e8d 8.5s
1053/1204 upenn_0730_Dance_1_6 expanded_e6490cbb46aae9db 8.5s
1054/1204 upenn_0730_Dance_1_7 expanded_dcf444ab3b16ea4a 6.1s
1055/1204 upenn_0730_Dance_2_2 expanded_9eaae9189fc62191 7.0s
1056/1204 upenn_0730_Dance_2_3 expanded_22472c7360e9b826 8.5s
1057/1204 upenn_0730_Dance_2_4 expanded_bcc6386695acb787 8.7s
1058/1204 upenn_0730_Dance_2_5 expanded_63e10ef44b4beed4 8.4s
1059/1204 upenn_0730_Dance_2_6 expanded_cd14c680e4ea2160 7.9s
1060/1204 upenn_0730_Partner_Dance_1_1_4 expanded_04d7d815b69ba19a 5.2s
1061/1204 upenn_0730_Partner_Dance_1_1_6 expanded_e9a9b8043fe86857 8.6s
1062/1204 upenn_0730_Partner_Dance_1_1_7 expanded_49bb7a26c4d36d36 8.6s
1063/1204 utokyo_cpr_2005_25_2 expanded_83fc5cc20663554f 8.6s
1064/1204 utokyo_cpr_2005_26_2 expanded_a70dbb5675d28a28 8.5s
1065/1204 utokyo_cpr_2005_28_2 expanded_aecc824f32f21486 5.9s
1066/1204 utokyo_cpr_2005_34_2 expanded_ed59282b7c4ebf6c 6.8s
1067/1204 utokyo_cpr_2005_36_2 expanded_d6194393909e4f06 8.0s
1068/1204 utokyo_cpr_2005_38_2 expanded_f366b4dd5d63476a 8.3s
1069/1204 utokyo_omelet_12_1001_2 expanded_e502ddb495c80d7b 8.1s
1070/1204 utokyo_omelet_12_1001_4 expanded_a858653ff94a45ca 7.8s
1071/1204 utokyo_omelet_4_1001_2 expanded_b4f7f945bf096c51 7.7s
1072/1204 utokyo_omelet_4_1001_4 expanded_52d5d2258675f068 8.0s
1073/1204 utokyo_omelet_6_1001_2 expanded_0b25b52340256e12 7.9s
1074/1204 utokyo_omelet_6_1001_4 expanded_2b6f59e907962c2f 7.9s
1075/1204 utokyo_omelet_9_1001_2 expanded_46f4aa777455a5dd 7.9s
1076/1204 utokyo_omelet_9_1001_4 expanded_325013595628d36b 7.6s
1077/1204 utokyo_pcr_2001_31_6 expanded_9e40fe907b5086e1 7.9s
1078/1204 utokyo_pcr_2001_34_6 expanded_623cf71cd9672f00 7.9s
1079/1204 utokyo_pcr_2001_38_8 expanded_9cfe22585e05876c 7.9s
1080/1204 utokyo_salad_12_1018_2 expanded_e560960cfc4d7768 7.6s
1081/1204 utokyo_salad_12_1018_4 expanded_572081790f039b61 7.6s
1082/1204 utokyo_salad_4_1018_2 expanded_1002aad87da9034a 7.5s
1083/1204 utokyo_salad_4_1018_4 expanded_85e48ad479ff3942 7.6s
1084/1204 utokyo_sushi_12_1008_2 expanded_4f84cb3ae9aaf534 7.6s
1085/1204 utokyo_sushi_12_1008_4 expanded_39f0224de006b17f 7.7s
1086/1204 utokyo_sushi_4_1008_2 expanded_0fabacfd015a6e72 7.9s
1087/1204 utokyo_sushi_4_1008_4 expanded_296c42e783551ba9 7.7s
1088/1204 utokyo_sushi_6_1008_2 expanded_db718fc43a16439d 7.5s
1089/1204 utokyo_sushi_6_1008_4 expanded_8dd7e00587130066 7.6s
1090/1204 utokyo_sushi_8_1008_2 expanded_6a4bfe8eeb53aadc 7.6s
1091/1204 utokyo_sushi_8_1008_4 expanded_3fe8bcfe5f353748 7.6s
1092/1204 utokyo_sushi_9_1008_2 expanded_3fac730ea4fd0499 7.7s
1093/1204 utokyo_sushi_9_1008_4 expanded_08df8e5c7f1ae006 7.6s
Loading source val
Loaded source val
1094/1204 georgiatech_bike_14_10 expanded_33ae7a3536de7c50 7.4s
1095/1204 georgiatech_bike_15_12 expanded_8d9c9762207fda8d 7.7s
1096/1204 georgiatech_cooking_02_01_2 expanded_e30ab6611f57658c 7.6s
1097/1204 georgiatech_cooking_13_02_2 expanded_6aa9b62f83b94b34 7.6s
1098/1204 georgiatech_covid_04_14 expanded_a1484c3e1d8908f7 7.7s
1099/1204 georgiatech_covid_06_10 expanded_176335284985164a 7.7s
1100/1204 georgiatech_covid_18_12 expanded_6b32d88afedb0434 7.7s
1101/1204 iiith_cooking_120_6 expanded_031783e3fa289607 8.0s
1102/1204 iiith_cooking_30_1 expanded_0d38db18d16cb4b0 7.9s
1103/1204 iiith_cooking_59_2 expanded_b0cb1c475f8d64b7 7.9s
1104/1204 iiith_soccer_002_6 expanded_cd340e3b74bb445c 7.9s
1105/1204 indiana_bike_09_10 expanded_a042a6e886fc569e 7.7s
1106/1204 indiana_bike_10_3 expanded_5660282099b5a232 8.3s
1107/1204 indiana_bike_10_9 expanded_f806aa8acfb54fb6 7.9s
1108/1204 indiana_music_03_2 expanded_5b8c92515854c22d 7.9s
1109/1204 minnesota_cooking_011_2 expanded_3abc6b94dd0476c1 7.9s
1110/1204 nus_cpr_13_1 expanded_1b93caea8f7a1f5e 7.6s
1111/1204 sfu_basketball012_12 expanded_8cf90653dbd40a8f 7.9s
1112/1204 sfu_basketball_05_26 expanded_72d36e5b996d8cc3 7.9s
1113/1204 sfu_basketball_09_21 expanded_b3eec9caedfb3fac 7.9s
1114/1204 sfu_cooking028_6 expanded_148259308568e944 7.9s
1115/1204 sfu_cooking_010_3 expanded_32758c665d6efc31 7.9s
1116/1204 sfu_covid_004_4 expanded_e39ee25e011558c7 7.7s
1117/1204 unc_basketball_02-24-23_01_16 expanded_8cfc77cfd08f753b 7.9s
1118/1204 unc_basketball_02-24-23_02_11 expanded_c78c4dddfed6c1b9 7.9s
1119/1204 unc_basketball_03-09-23_01_76 expanded_3dc32733678719cf 7.9s
1120/1204 unc_basketball_03-16-23_01_27 expanded_099112653bd9014a 8.0s
1121/1204 unc_basketball_03-30-23_01_31 expanded_82bd6b4a399927e4 7.6s
1122/1204 unc_basketball_03-30-23_02_13 expanded_640f9a25828e1cb2 7.9s
1123/1204 unc_basketball_03-30-23_02_2 expanded_840b2bb4aaa9bc0b 7.9s
1124/1204 unc_basketball_03-30-23_02_8 expanded_e9a02eea52df8e33 7.9s
1125/1204 unc_soccer_09-21-23_01_17 expanded_64b433c269a66f93 7.9s
1126/1204 uniandes_basketball_001_23 expanded_914a2661cc92e320 7.8s
1127/1204 uniandes_basketball_003_43 expanded_dae4acc5f023dcc4 7.6s
1128/1204 uniandes_cooking_004_6 expanded_081003bb37bfafb6 7.9s
1129/1204 uniandes_cooking_008_2 expanded_56e0486e4c55b5dc 7.9s
1130/1204 uniandes_dance_002_5 expanded_69cc627726d474e7 7.7s
1131/1204 uniandes_dance_007_3 expanded_815c3f34fb2c5583 7.5s
1132/1204 uniandes_dance_008_31 expanded_05ed52d55a9d15cb 7.9s
1133/1204 uniandes_dance_011_44 expanded_6eb49a951e75fe5b 7.9s
1134/1204 uniandes_dance_017_2 expanded_a9185fd3ae6ab157 7.9s
1135/1204 uniandes_dance_019_17 expanded_99d7de57960a96d9 7.8s
1136/1204 uniandes_dance_019_24 expanded_658dd918d93a61ae 7.8s
1137/1204 uniandes_dance_019_28 expanded_d3528a0c1a1e6bc9 7.9s
1138/1204 uniandes_dance_019_56 expanded_7d6bb6eaadef5dc3 7.8s
1139/1204 uniandes_dance_024_49 expanded_88ad3c612b3b70ca 7.9s
1140/1204 upenn_0702_Cooking_1_3 expanded_bbd5cca5f291fe47 7.9s
1141/1204 upenn_0706_Dance_4_4 expanded_95e785a4c6c2ec5a 7.8s
1142/1204 upenn_0711_Cooking_2_3 expanded_d21454310691ae4a 7.9s
1143/1204 upenn_0711_Cooking_6_3 expanded_9da895600eda67d5 7.9s
1144/1204 upenn_0713_Dance_5_2 expanded_b4ecbd912a1f8587 7.9s
1145/1204 upenn_0722_Piano_1_7 expanded_14e157bb189fa878 7.9s
1146/1204 upenn_0727_Partner_Dance_2_2_2 expanded_1247b709218a931e 7.9s
1147/1204 upenn_0728_Violin_2_2 expanded_d253532670504ec5 7.9s
1148/1204 utokyo_cpr_2005_30_2 expanded_55e83ec4003ea12e 7.9s
1149/1204 utokyo_soccer_8000_43_2 expanded_819954fc0ec01f04 7.8s
1150/1204 georgiatech_bike_06_2 expanded_4e0aa86bac88bc90 7.9s
1151/1204 georgiatech_bike_07_8 expanded_112e2f84e661349e 8.4s
1152/1204 georgiatech_bike_15_4 expanded_197c61193bbeaebb 9.3s
1153/1204 georgiatech_cooking_02_01_6 expanded_13af27cbb54b8b61 9.2s
1154/1204 georgiatech_cooking_06_02_2 expanded_0225828b3643867d 8.9s
1155/1204 georgiatech_covid_02_14 expanded_24dfa878b374ae12 9.0s
1156/1204 georgiatech_covid_04_10 expanded_e76ab57afc69196e 8.9s
1157/1204 georgiatech_covid_18_10 expanded_3a0e229e1d348983 8.9s
1158/1204 iiith_cooking_125_4 expanded_9ec816586581d43c 8.9s
1159/1204 iiith_cooking_145_2 expanded_a117d6ad5b955846 8.9s
1160/1204 iiith_cooking_55_2 expanded_47ac704ade78474e 6.9s
1161/1204 iiith_cooking_65_4 expanded_2b186707571cf4e8 5.8s
1162/1204 iiith_soccer_002_4 expanded_7e660e3a4d154bc2 10.2s
1163/1204 indiana_bike_09_13 expanded_7568e00e15402a5d 10.4s
1164/1204 indiana_bike_10_13 expanded_b811440a09bfd7cc 7.1s
1165/1204 indiana_cooking_08_2 expanded_6ee312d675b12966 10.2s
1166/1204 indiana_cooking_23_4 expanded_5bf7f89e03b60f2d 10.5s
1167/1204 indiana_music_04_3 expanded_78cbdce18c52bba0 8.5s
1168/1204 nus_cpr_12_1 expanded_bd5b0c6ac1a4ef53 8.6s
1169/1204 sfu_basketball012_2 expanded_8c3365a44a8a000c 10.7s
1170/1204 sfu_basketball016_2 expanded_80a98e3cf13605fa 9.7s
1171/1204 sfu_basketball_05_3 expanded_c95cf888b6664370 6.6s
1172/1204 sfu_basketball_09_26 expanded_445e2478d7bf86bf 10.4s
1173/1204 sfu_cooking022_11 expanded_5e1ca11e065535dd 9.1s
1174/1204 sfu_cooking028_8 expanded_c60b2eb5d4b93814 7.2s
1175/1204 sfu_cooking_008_3 expanded_1fab817d6f724289 10.5s
1176/1204 sfu_covid_002_6 expanded_35cb5bcb06931ce7 10.0s
1177/1204 sfu_covid_006_6 expanded_55a45ec0f020c35c 10.4s
1178/1204 unc_basketball_02-24-23_01_36 expanded_463a45bcb84a5155 10.2s
1179/1204 unc_basketball_03-09-23_01_56 expanded_37aee8ee3bad9e8f 10.0s
1180/1204 unc_basketball_03-09-23_01_78 expanded_98e7112d7ad2215f 10.6s
1181/1204 unc_basketball_03-30-23_01_23 expanded_e1e29e59ec6e8296 10.3s
1182/1204 unc_basketball_03-30-23_01_33 expanded_420e2092ef704e6d 10.1s
1183/1204 unc_basketball_03-30-23_02_19 expanded_a44adab2847d3760 10.1s
1184/1204 unc_soccer_09-21-23_01_11 expanded_c3c6b734e41faec5 9.9s
1185/1204 uniandes_basketball_004_23 expanded_53466f9e12bb2cc5 9.9s
1186/1204 uniandes_cooking_006_8 expanded_d982beadfe2da56f 10.7s
1187/1204 uniandes_dance_007_4 expanded_eb832711f1084d6a 10.6s
1188/1204 uniandes_dance_008_34 expanded_0b787ab46c2e1983 10.3s
1189/1204 uniandes_dance_011_38 expanded_8cdfe959bc5e608e 10.2s
1190/1204 uniandes_dance_011_43 expanded_f02293051ce7ae10 10.1s
1191/1204 uniandes_dance_016_12 expanded_5d7805200a52eee5 10.3s
1192/1204 uniandes_dance_016_6 expanded_bcb7b7465fdb64cf 10.2s
1193/1204 uniandes_dance_019_47 expanded_f312bcbd59dce438 9.2s
1194/1204 uniandes_dance_023_23 expanded_5d74a63d9b968ad1 8.7s
1195/1204 uniandes_dance_024_15 expanded_d368e9fb10ce9f0f 5.1s
1196/1204 uniandes_dance_024_48 expanded_191f8e1af29f36c7 9.6s
1197/1204 upenn_0711_Cooking_1_2 expanded_fab95a9e427859a7 10.0s
1198/1204 upenn_0711_Cooking_6_5 expanded_1f2ce1bcacc699cb 7.7s
1199/1204 upenn_0713_Dance_4_2 expanded_e8fdec6ecfaefa4a 8.5s
1200/1204 upenn_0721_Piano_1_2 expanded_42cd7f563e369144 10.0s
1201/1204 upenn_0724_Guitar_1_4 expanded_4f48c74618f93463 9.5s
1202/1204 upenn_0727_Partner_Dance_2_2_4 expanded_4010c4dad3ce6ab0 6.4s
1203/1204 upenn_0727_Partner_Dance_4_1_5 expanded_661610bb86baff77 9.9s
1204/1204 utokyo_pcr_2001_32_8 expanded_37cac32ce5213b24 9.6s
