Loading source train
Loaded source train
2026-09-29 22:32:34.849 | WARNING  | dataset.smpl_utils:get_smpl:10 - Loading SMPL model: smplx
1/1204 cmu_bike01_4 expanded_24a64bbe4f9e0023 6.3s
2/1204 cmu_bike01_7 expanded_c952fe91499e6c21 5.3s
3/1204 cmu_bike02_3 expanded_09ddd58a468a8bb8 5.1s
4/1204 cmu_bike02_6 expanded_961786a5e67c2864 5.1s
5/1204 cmu_bike03_3 expanded_c9d35b39c79ce309 5.2s
6/1204 cmu_bike03_5 expanded_0a27e05f7c1e6874 5.3s
7/1204 cmu_bike05_4 expanded_e75ea0be08192c9e 5.0s
8/1204 cmu_bike05_6 expanded_2a7b1123aa44af62 5.2s
9/1204 cmu_bike10_5 expanded_a62e9c8c3d48d7f1 5.1s
10/1204 cmu_bike12_3 expanded_241cd7f3e110f7d8 5.0s
11/1204 cmu_bike12_5 expanded_d2a525e2e7db261b 5.1s
12/1204 cmu_bike13_4 expanded_ed4acc8501b9cde6 5.2s
13/1204 cmu_bike13_6 expanded_03cdb0281952502a 5.3s
14/1204 cmu_bike14_4 expanded_ecc2ae872b14262d 5.0s
15/1204 cmu_bike15_3 expanded_935b9cbb797727a3 4.9s
16/1204 cmu_bike15_5 expanded_b6ec5739b4571d50 5.2s
17/1204 cmu_bike16_3 expanded_d570003008a24c4a 5.0s
18/1204 cmu_bike17_3 expanded_0a80b02960a8eb81 5.0s
19/1204 cmu_bike17_5 expanded_feb1de7d16d3d0ef 5.0s
20/1204 cmu_bike18_3 expanded_9529eb439cc154eb 5.1s
21/1204 cmu_bike18_6 expanded_d7a4b3783342744b 5.0s
22/1204 cmu_bike19_3 expanded_a056e8157dd0e817 5.1s
23/1204 cmu_bike19_5 expanded_eaf9598f74195c46 4.9s
24/1204 cmu_bike20_2 expanded_3d5c4ac09ecb67e0 5.0s
25/1204 cmu_bike20_4 expanded_4eb049a61281eb88 4.9s
26/1204 cmu_bike20_5 expanded_72bb833254be19df 5.4s
27/1204 cmu_bike21_3 expanded_5125096a2261586f 5.0s
28/1204 cmu_bike21_5 expanded_4f1605a8218f9f5f 5.0s
29/1204 cmu_soccer03_1 expanded_d4c367a6fa402d78 4.9s
30/1204 cmu_soccer03_2 expanded_1c86b68cc7041508 4.9s
31/1204 cmu_soccer06_4 expanded_d983be44aa4d105e 4.8s
32/1204 cmu_soccer06_5 expanded_67c3631408ad29c2 5.0s
33/1204 cmu_soccer06_6 expanded_e9b8aedd6f3b5d63 4.9s
34/1204 cmu_soccer07_1 expanded_93138d3487b5b9ee 5.0s
35/1204 cmu_soccer07_2 expanded_5dc6629da9e88b87 5.0s
36/1204 cmu_soccer07_3 expanded_c3b8cc06e1c41329 5.0s
37/1204 cmu_soccer08_3 expanded_e8a9e945f33f7da6 4.8s
38/1204 cmu_soccer09_1 expanded_c9ef3a92447560f5 5.1s
39/1204 cmu_soccer09_2 expanded_eed81466aab01e55 4.9s
40/1204 cmu_soccer11_2 expanded_4a33318a3d4091fe 5.1s
41/1204 cmu_soccer14_4 expanded_220e08c15623d653 4.9s
42/1204 cmu_soccer15_2 expanded_9076ccdb2e5a727e 4.8s
43/1204 cmu_soccer15_3 expanded_04649428f3eafc65 4.7s
44/1204 fair_bike_01_10 expanded_3ae7f1c79b1bc250 5.0s
45/1204 fair_bike_01_16 expanded_dd11b676d26f16ee 4.9s
46/1204 fair_bike_01_2 expanded_31ca5c4a42025fa9 4.8s
47/1204 fair_bike_01_3 expanded_f8f23a85bada81e2 4.9s
48/1204 fair_bike_01_7 expanded_c6e5900dd48fa548 4.9s
49/1204 fair_bike_01_8 expanded_80e64d86e2be76ec 5.0s
50/1204 fair_bike_02_11 expanded_3d90310a0cc2d1d2 5.0s
51/1204 fair_bike_02_12 expanded_2c12b3e9f9ff936d 6.1s
52/1204 fair_bike_02_2 expanded_9883742280ae359e 6.8s
53/1204 fair_bike_02_3 expanded_1405d2e0ca560f62 5.0s
54/1204 fair_bike_02_7 expanded_6d09b23fd646dd30 8.0s
55/1204 fair_bike_02_8 expanded_f5983116f7821409 4.5s
56/1204 fair_bike_06_11 expanded_428c018636fd5ae0 7.7s
57/1204 fair_bike_06_12 expanded_470057622f61b2cc 5.4s
58/1204 fair_bike_06_14 expanded_443e63d2f6ebe4d0 7.0s
59/1204 fair_bike_06_15 expanded_179eddc85daa172e 5.9s
60/1204 fair_bike_06_16 expanded_1c3c75f84c74b097 6.5s
61/1204 fair_bike_06_19 expanded_6599e3c8a14416b0 6.7s
62/1204 fair_bike_06_20 expanded_7d7e328ca07de006 5.1s
63/1204 fair_bike_06_3 expanded_3b988b6e4f91f26a 7.6s
64/1204 fair_bike_06_4 expanded_39a2581f685a91b4 5.0s
65/1204 fair_bike_06_7 expanded_c15e5cef85631144 7.0s
66/1204 fair_bike_06_8 expanded_2046cda899df3058 6.3s
67/1204 fair_bike_07_11 expanded_0c1f3ccdf56a9c21 5.6s
68/1204 fair_bike_07_15 expanded_5ccc524ad4e53b18 7.6s
69/1204 fair_bike_07_18 expanded_c3bd6c1a9b1caa98 4.7s
70/1204 fair_bike_07_19 expanded_07fc278e379e42c0 7.6s
71/1204 fair_bike_07_3 expanded_0545b245fafcc0de 5.8s
72/1204 fair_bike_07_4 expanded_14cdca6bfd6998db 6.2s
73/1204 fair_bike_07_7 expanded_75bb2ab4c1996a06 7.0s
74/1204 fair_bike_07_8 expanded_adff32506bda3fa3 4.5s
75/1204 fair_bike_08_10 expanded_f3879b210256c8e5 7.7s
76/1204 fair_bike_08_17 expanded_9bfde964c93f286e 5.3s
77/1204 fair_bike_08_2 expanded_7c96878e902302b2 5.0s
78/1204 fair_bike_08_4 expanded_ea64a663ed233c4b 4.5s
79/1204 fair_bike_08_8 expanded_4033f744721417fe 4.5s
80/1204 fair_bike_09_10 expanded_ceac059d833d2e5d 4.5s
81/1204 fair_bike_09_2 expanded_8d091981d4e54ba4 4.5s
82/1204 fair_bike_09_4 expanded_76be15d809a0570a 4.5s
83/1204 fair_bike_09_6 expanded_31ade0d1d57ce70f 4.5s
84/1204 fair_bike_09_8 expanded_07b1b00c0c04cb26 4.5s
85/1204 fair_bike_10_10 expanded_35a15929d8b5cec1 4.6s
86/1204 fair_bike_10_2 expanded_429db115472b9624 4.5s
87/1204 fair_bike_10_4 expanded_ce73e59119f9de9f 4.5s
88/1204 fair_bike_10_6 expanded_a2ba20b40a150e33 4.5s
89/1204 fair_bike_10_8 expanded_fa64ba35c42896fd 4.6s
90/1204 fair_cooking_05_2 expanded_eaa4c1b74b92450f 4.5s
91/1204 fair_cooking_05_4 expanded_d4a3bd07e9d2a235 4.5s
92/1204 fair_cooking_05_6 expanded_5bb5a8d669ae3994 4.5s
93/1204 fair_cooking_06_2 expanded_769aea7753b22669 4.5s
94/1204 fair_cooking_06_4 expanded_94ce474a152543a3 4.6s
95/1204 fair_cooking_06_6 expanded_b2620468eed02707 4.5s
96/1204 fair_cooking_07_2 expanded_af89feab3168d051 4.4s
97/1204 fair_cooking_07_4 expanded_43916b97f2bd4e1f 4.5s
98/1204 fair_cooking_08_10 expanded_b0b81d940ba311ac 4.5s
99/1204 fair_cooking_08_2 expanded_cb1fafe8bbae4f6d 4.4s
100/1204 fair_cooking_08_4 expanded_8483cf33311fca3b 4.5s
101/1204 fair_cooking_08_6 expanded_4238a87bea2c97fd 4.5s
102/1204 fair_cooking_08_8 expanded_c913fe8a3100338a 4.6s
103/1204 georgiatech_bike_01_10 expanded_79c728f857009a77 4.5s
104/1204 georgiatech_bike_01_4 expanded_cbb074c0609ae492 4.5s
105/1204 georgiatech_bike_01_6 expanded_3d6d883e81e456f5 4.5s
106/1204 georgiatech_bike_01_8 expanded_2a847c9ec06c6ecc 4.5s
107/1204 georgiatech_bike_02_4 expanded_e73e765914d4e351 4.5s
108/1204 georgiatech_bike_02_9 expanded_3fcb332f263bbd55 4.5s
109/1204 georgiatech_bike_03_11 expanded_62ba5cab5232ac86 4.5s
110/1204 georgiatech_bike_03_2 expanded_057001b18812c7a3 4.4s
111/1204 georgiatech_bike_03_3 expanded_202bd0c7d5325ca8 4.5s
112/1204 georgiatech_bike_04_10 expanded_10b2ae74a4aedb98 4.5s
113/1204 georgiatech_bike_04_4 expanded_c6d0706257529064 4.5s
114/1204 georgiatech_bike_04_6 expanded_df4f310ad282d60c 4.5s
115/1204 georgiatech_bike_05_13 expanded_5925f1ac725f207c 4.5s
116/1204 georgiatech_bike_05_6 expanded_046a05117b25efda 4.5s
117/1204 georgiatech_bike_05_9 expanded_2d3a5805ba3f6dfe 4.5s
118/1204 georgiatech_bike_08_10 expanded_faa5de128358852d 4.4s
119/1204 georgiatech_bike_08_12 expanded_900ffae692404648 4.5s
120/1204 georgiatech_bike_08_14 expanded_6255293c16d4b85d 4.4s
121/1204 georgiatech_bike_08_4 expanded_fe3e525762f12304 4.4s
122/1204 georgiatech_bike_09_11 expanded_15492330212f09fb 4.5s
123/1204 georgiatech_bike_09_2 expanded_8d12dccd73fa4e23 4.4s
124/1204 georgiatech_bike_09_4 expanded_7dacad98eabd5217 4.5s
125/1204 georgiatech_bike_09_6 expanded_d7a71d32688f740b 4.6s
126/1204 georgiatech_bike_09_8 expanded_7354ef79d3280090 4.5s
127/1204 georgiatech_bike_09_9 expanded_f065b49a3ecb6557 4.4s
128/1204 georgiatech_bike_11_4 expanded_472d5f9fc442d746 4.5s
129/1204 georgiatech_bike_11_8 expanded_388fb8693a2acec8 4.5s
130/1204 georgiatech_bike_18_10 expanded_d4dffb89c75a0120 4.5s
131/1204 georgiatech_bike_18_12 expanded_668448174e555c98 4.5s
132/1204 georgiatech_bike_18_15 expanded_1563605138edc954 4.4s
133/1204 georgiatech_bike_18_2 expanded_dd563dff858bac4a 4.5s
134/1204 georgiatech_bike_18_4 expanded_4feafe29441232ee 4.5s
135/1204 georgiatech_bike_18_6 expanded_c0d3c72080f5b612 4.5s
136/1204 georgiatech_bike_18_8 expanded_ccb3c3b80880bf16 4.5s
137/1204 georgiatech_bike_19_10 expanded_88db3cd5ddda1298 4.5s
138/1204 georgiatech_bike_19_12 expanded_7cc7b5daafb49322 4.5s
139/1204 georgiatech_bike_19_2 expanded_f405f88d32cfc253 4.4s
140/1204 georgiatech_bike_19_4 expanded_2f30a348f43e0613 4.6s
141/1204 georgiatech_bike_19_6 expanded_ed1f324fd5daf73f 4.5s
142/1204 georgiatech_bike_19_8 expanded_753b2700f50de2a5 4.5s
143/1204 georgiatech_cooking_01_01_2 expanded_1556eac5347dee0b 4.5s
144/1204 georgiatech_cooking_01_01_4 expanded_1e2457b888cc7684 4.5s
145/1204 georgiatech_cooking_01_02_2 expanded_94897f5e0fb0b11d 4.4s
146/1204 georgiatech_cooking_01_02_4 expanded_508b48b80250a1bf 4.4s
147/1204 georgiatech_cooking_01_03_2 expanded_8f2f2d28df0f6b8e 4.5s
148/1204 georgiatech_cooking_01_03_4 expanded_7a7b211c018fa820 4.5s
149/1204 georgiatech_cooking_04_01_2 expanded_3a4e251a4b88840c 4.9s
150/1204 georgiatech_cooking_04_02_2 expanded_f78246330d8cc0bd 4.6s
151/1204 georgiatech_cooking_04_02_4 expanded_d43aa46264b93241 4.5s
152/1204 georgiatech_cooking_04_03_2 expanded_bf5d7a7a315be405 4.5s
153/1204 georgiatech_cooking_07_03_2 expanded_32474c3ccf74015e 4.5s
154/1204 georgiatech_cooking_09_01_3 expanded_8031d0f79b5ba651 4.5s
155/1204 georgiatech_cooking_09_01_6 expanded_7e6026b5c12e8420 4.5s
156/1204 georgiatech_cooking_09_02_2 expanded_28247459d746a164 4.5s
157/1204 georgiatech_cooking_09_02_4 expanded_5b3897ce18fb1216 4.5s
158/1204 georgiatech_cooking_10_01_2 expanded_cbca90dda1a85687 4.5s
159/1204 georgiatech_cooking_10_01_6 expanded_9a7829e837466c61 4.6s
160/1204 georgiatech_cooking_10_02_2 expanded_7fa597b6ce1c1781 4.5s
161/1204 georgiatech_cooking_10_02_4 expanded_780c4c3af999101d 4.5s
162/1204 georgiatech_cooking_11_01_4 expanded_f77cfa31ea2c2cf7 4.5s
163/1204 georgiatech_cooking_11_01_6 expanded_7d2f7d927df54d5e 4.5s
164/1204 georgiatech_cooking_11_02_3 expanded_9e5c86fe09185295 4.6s
165/1204 georgiatech_cooking_11_02_6 expanded_84555dd20017590b 4.5s
166/1204 georgiatech_cooking_14_01_2 expanded_3f7119415a866ab7 4.7s
167/1204 georgiatech_cooking_14_01_6 expanded_30f2024a13ddab71 4.6s
168/1204 georgiatech_cooking_14_02_2 expanded_f68113741ac36660 4.6s
169/1204 georgiatech_cooking_14_02_5 expanded_1c1fddd620b0c47d 4.6s
170/1204 georgiatech_cooking_14_02_7 expanded_1185713556da2852 4.7s
171/1204 georgiatech_cooking_14_03_2 expanded_cb4f5e0f5b327e0c 4.5s
172/1204 georgiatech_covid_03_10 expanded_6137abe73ed74f28 4.6s
173/1204 georgiatech_covid_03_12 expanded_2d0e6cd30102fc41 4.5s
174/1204 georgiatech_covid_03_14 expanded_81d885ac0895cc99 4.6s
175/1204 georgiatech_covid_03_2 expanded_59ccdd157281109e 4.5s
176/1204 georgiatech_covid_03_4 expanded_4c111245c63b2f1e 4.5s
177/1204 georgiatech_covid_03_6 expanded_cc6b43a397f0f290 4.5s
178/1204 georgiatech_covid_03_8 expanded_bf65094a6b311364 4.5s
179/1204 georgiatech_covid_05_10 expanded_735947e4e96d0028 4.5s
180/1204 georgiatech_covid_05_12 expanded_c596f451b7903389 4.5s
181/1204 georgiatech_covid_05_2 expanded_825cb3bce8252c31 4.6s
182/1204 georgiatech_covid_05_4 expanded_0c45ddad1aadd7ee 4.5s
183/1204 georgiatech_covid_05_6 expanded_c33f41cbcb99c05d 4.5s
184/1204 georgiatech_covid_07_10 expanded_ade007c31e57d88c 4.5s
185/1204 georgiatech_covid_07_12 expanded_edd5c1ba107acdda 4.5s
186/1204 georgiatech_covid_07_2 expanded_2c92fc08f244f50c 4.5s
187/1204 georgiatech_covid_07_4 expanded_a3057df0c69fef53 4.5s
188/1204 georgiatech_covid_07_6 expanded_427f27ff86a79148 4.6s
189/1204 georgiatech_covid_07_8 expanded_92c4881597bc16f5 4.5s
190/1204 georgiatech_covid_09_10 expanded_957d21b91d050f27 4.9s
191/1204 georgiatech_covid_09_12 expanded_6f35b207dc03fa48 4.8s
192/1204 georgiatech_covid_09_2 expanded_9db77fb6ed0a9c9d 4.6s
193/1204 georgiatech_covid_09_4 expanded_47adde4206b2c673 6.0s
194/1204 georgiatech_covid_09_6 expanded_a7306b64b3d855f0 7.5s
195/1204 georgiatech_covid_09_8 expanded_286bf9ee445457f3 7.9s
196/1204 georgiatech_covid_12_11 expanded_8836298996c477f9 8.1s
197/1204 georgiatech_covid_12_13 expanded_d1829cf6c30a8ce2 8.3s
198/1204 georgiatech_covid_12_3 expanded_848e9a351f953190 8.0s
199/1204 georgiatech_covid_12_5 expanded_672f9050e0bb9d64 8.2s
200/1204 georgiatech_covid_12_7 expanded_17966bbb806eb2aa 7.9s
201/1204 georgiatech_covid_12_9 expanded_e45d43531bbe5971 8.2s
202/1204 georgiatech_covid_13_10 expanded_db8a0094cfef95c3 7.6s
203/1204 georgiatech_covid_13_2 expanded_953760286386d665 8.0s
204/1204 georgiatech_covid_13_4 expanded_62c6d34e90a944ff 7.5s
205/1204 georgiatech_covid_13_6 expanded_ea371ac61668c211 8.1s
206/1204 georgiatech_covid_13_8 expanded_33c747b7d85e4af0 7.5s
207/1204 georgiatech_covid_14_10 expanded_c3a9cc1dd1fca8cd 7.2s
208/1204 georgiatech_covid_14_4 expanded_6392f862a65a42ef 9.9s
209/1204 georgiatech_covid_14_6 expanded_c673d0f67725a7ea 9.6s
210/1204 georgiatech_covid_14_8 expanded_63bcad334d2b6be7 6.8s
211/1204 georgiatech_covid_16_10 expanded_17b6affff074470f 9.8s
212/1204 georgiatech_covid_16_12 expanded_835d1dcd762e9d80 9.0s
213/1204 georgiatech_covid_16_2 expanded_27a8f526304b96d3 6.4s
214/1204 georgiatech_covid_16_4 expanded_84c27bf35bb0640f 9.0s
215/1204 georgiatech_covid_16_6 expanded_c33edfd7840a8203 9.2s
216/1204 georgiatech_covid_16_8 expanded_b75ea718b46d81fa 8.2s
217/1204 iiith_cooking_01_1 expanded_a6a92ef9da465163 6.2s
218/1204 iiith_cooking_02_1 expanded_24ad9857419f2214 8.7s
219/1204 iiith_cooking_02_3 expanded_d250ce12bceb99ee 8.9s
220/1204 iiith_cooking_03_1 expanded_ed56d7f18842dd5f 8.2s
221/1204 iiith_cooking_03_3 expanded_4a5bb073c97bb315 6.5s
222/1204 iiith_cooking_04_1 expanded_581fa9c890ea3cc7 9.2s
223/1204 iiith_cooking_05_1 expanded_44babac072d79b77 8.9s
224/1204 iiith_cooking_05_3 expanded_d91e3c3684ab95ba 7.0s
225/1204 iiith_cooking_05_5 expanded_dbb906d1cfe69848 7.1s
226/1204 iiith_cooking_07_1 expanded_93ce3cc5d6c776f2 8.7s
227/1204 iiith_cooking_100_2 expanded_6fcf413a1669f312 8.3s
228/1204 iiith_cooking_100_4 expanded_4c36e4937b049a55 7.3s
229/1204 iiith_cooking_108_2 expanded_9b9d999df86a4aaa 7.3s
230/1204 iiith_cooking_108_5 expanded_6a9b59be1c603b35 7.4s
231/1204 iiith_cooking_109_2 expanded_056eed406699ffac 7.3s
232/1204 iiith_cooking_110_2 expanded_a1977e0f2420bae9 7.3s
233/1204 iiith_cooking_111_2 expanded_90f9ed8cbba5ade7 7.4s
234/1204 iiith_cooking_111_4 expanded_948e7c2319bb7aaa 7.2s
235/1204 iiith_cooking_112_2 expanded_8aa997c30bc27994 7.4s
236/1204 iiith_cooking_112_4 expanded_23521965825b79bd 7.3s
237/1204 iiith_cooking_115_2 expanded_7581e6a465535dc5 7.3s
238/1204 iiith_cooking_115_5 expanded_6b8c164d2341c37d 7.3s
239/1204 iiith_cooking_116_4 expanded_1a2b1271630eb239 7.3s
240/1204 iiith_cooking_117_2 expanded_3175229c33104f39 7.3s
241/1204 iiith_cooking_11_1 expanded_ca33254c67e8d2bb 7.2s
242/1204 iiith_cooking_122_4 expanded_63cc112b4cbf3ba6 7.3s
243/1204 iiith_cooking_123_2 expanded_f03e90bbca2651cf 7.3s
244/1204 iiith_cooking_123_4 expanded_1993ecd0db904adf 7.4s
245/1204 iiith_cooking_124_2 expanded_1dbe30e1d2459b05 7.2s
246/1204 iiith_cooking_124_4 expanded_1fb711d6fbecfaf9 7.1s
247/1204 iiith_cooking_124_5 expanded_51ed2eeee5d14542 7.3s
248/1204 iiith_cooking_128_2 expanded_e7463ffc3a7a9cd9 7.3s
249/1204 iiith_cooking_128_4 expanded_9e28423eef66e145 7.3s
250/1204 iiith_cooking_12_1 expanded_644a329c8d8b4e5d 7.3s
251/1204 iiith_cooking_130_2 expanded_8dc652f8d2c35a85 7.3s
252/1204 iiith_cooking_130_4 expanded_0ecdacb68bb8e3bc 7.4s
253/1204 iiith_cooking_131_2 expanded_48d088a4d243e39a 7.3s
254/1204 iiith_cooking_132_2 expanded_9f8a27137d0cd4a3 7.3s
255/1204 iiith_cooking_132_4 expanded_11016babacf626d9 7.4s
256/1204 iiith_cooking_134_2 expanded_81d878c566813dd4 7.3s
257/1204 iiith_cooking_135_2 expanded_1c8834ca8f1fed46 7.5s
258/1204 iiith_cooking_136_2 expanded_d3e3dac1960b6a8a 7.4s
259/1204 iiith_cooking_13_1 expanded_7feecf726e76fca4 7.4s
260/1204 iiith_cooking_141_2 expanded_d3a96072efcd62f0 7.4s
261/1204 iiith_cooking_142_2 expanded_85de9f3d3d2f6020 7.4s
262/1204 iiith_cooking_142_4 expanded_b91c8a1d55b4fbe4 9.3s
263/1204 iiith_cooking_143_2 expanded_c8dae8293787abbb 8.6s
264/1204 iiith_cooking_146_2 expanded_01d799db54eefea1 8.6s
265/1204 iiith_cooking_147_2 expanded_37e50f61c8c7abe7 8.6s
266/1204 iiith_cooking_148_2 expanded_791578650e9fb2f3 7.7s
267/1204 iiith_cooking_14_1 expanded_e6362fc735af07cc 6.9s
268/1204 iiith_cooking_16_1 expanded_68a6151e7f91b87b 7.3s
269/1204 iiith_cooking_18_1 expanded_54d1e1464b230aff 7.3s
270/1204 iiith_cooking_20_1 expanded_c642ade687fdbb8c 7.4s
271/1204 iiith_cooking_22_1 expanded_d6281162a7b449a5 7.3s
272/1204 iiith_cooking_23_1 expanded_6673dfb534ffe9de 7.3s
273/1204 iiith_cooking_25_1 expanded_3c0fb0e38bb09b69 7.3s
274/1204 iiith_cooking_25_3 expanded_b4831952082b0721 7.3s
275/1204 iiith_cooking_26_1 expanded_b11a9820074707ba 7.3s
276/1204 iiith_cooking_27_1 expanded_993efc306d1bcd58 7.4s
277/1204 iiith_cooking_27_3 expanded_5155913573df02cd 7.3s
278/1204 iiith_cooking_28_1 expanded_8753e44f972456ce 7.3s
279/1204 iiith_cooking_40_1 expanded_f129d7d4384a7c80 8.7s
280/1204 iiith_cooking_41_3 expanded_a9cfd95620b350b1 8.9s
281/1204 iiith_cooking_42_1 expanded_e454493de6605c59 8.6s
282/1204 iiith_cooking_43_3 expanded_79f93f581ee9cde1 8.6s
283/1204 iiith_cooking_44_1 expanded_e31f2ef37106d0c8 7.7s
284/1204 iiith_cooking_45_3 expanded_4d7f6c5f2ccad403 6.8s
285/1204 iiith_cooking_56_2 expanded_a42b333f6566a9fd 7.3s
286/1204 iiith_cooking_57_2 expanded_2e6104221326f4d0 7.3s
287/1204 iiith_cooking_71_2 expanded_dc5a409ae8aae322 7.4s
288/1204 iiith_cooking_71_4 expanded_8f61923e60697681 7.4s
289/1204 iiith_cooking_71_6 expanded_a2a0bdac96e282fd 7.5s
290/1204 iiith_cooking_72_2 expanded_588b9d23af8dec80 7.5s
291/1204 iiith_cooking_72_6 expanded_5393b94f0c9fc784 7.5s
292/1204 iiith_cooking_74_2 expanded_5c2f392846b6541f 7.4s
293/1204 iiith_cooking_74_6 expanded_6c1e9813ca70942b 7.6s
294/1204 iiith_cooking_75_2 expanded_65be3db35a79eb64 7.6s
295/1204 iiith_cooking_77_2 expanded_22977a761e5b2f94 7.5s
296/1204 iiith_cooking_79_2 expanded_2fc15f73304334d5 7.4s
297/1204 iiith_cooking_80_2 expanded_8c263c15e0485a86 7.5s
298/1204 iiith_cooking_84_4 expanded_a0593b9d05727743 7.5s
299/1204 iiith_cooking_85_2 expanded_a678c3c319f0ee2e 7.3s
300/1204 iiith_cooking_87_2 expanded_03e81cd3271568b4 7.5s
301/1204 iiith_cooking_87_6 expanded_6443c487452bace0 7.5s
302/1204 iiith_cooking_91_2 expanded_0a0cb40a6d548f2b 7.6s
303/1204 iiith_cooking_93_4 expanded_e76739bea32e6756 7.5s
304/1204 iiith_cooking_96_2 expanded_d6ac05f370a29f2e 7.6s
305/1204 iiith_cooking_98_5 expanded_616c39043502666f 7.6s
306/1204 iiith_piano_001_8 expanded_ee5b4ceef51686ca 7.6s
307/1204 iiith_soccer_004_2 expanded_e0b34c2097abd68e 9.3s
308/1204 iiith_soccer_004_3 expanded_f5ff0e1cfb084675 8.9s
309/1204 iiith_soccer_006_2 expanded_bd69ee38ef7729db 8.8s
310/1204 iiith_soccer_006_3 expanded_ada8c12dd9aa7524 8.7s
311/1204 iiith_soccer_014_3 expanded_62b952b7204910f2 8.7s
312/1204 iiith_soccer_014_5 expanded_7a01bb295c2e2544 6.2s
313/1204 iiith_soccer_016_2 expanded_ace45fa65c167567 7.6s
314/1204 iiith_soccer_016_4 expanded_4ade1ae3496ce5fc 7.5s
315/1204 iiith_soccer_020_3 expanded_c3bb10811927df62 7.5s
316/1204 iiith_soccer_020_6 expanded_6ddfe7eea05c2645 7.6s
317/1204 iiith_soccer_021_2 expanded_32f174e4c262f38e 7.6s
318/1204 iiith_soccer_021_3 expanded_cced4a8d036145c7 7.5s
319/1204 iiith_soccer_027_6 expanded_eca3806d06418a93 7.5s
320/1204 iiith_soccer_028_2 expanded_a60c5edf37e40f09 7.6s
321/1204 iiith_soccer_028_4 expanded_5ddff427f3dfa304 7.5s
322/1204 iiith_soccer_029_2 expanded_913dfa3aded083a6 7.5s
323/1204 iiith_soccer_030_2 expanded_bd7a5dc62e1718b7 7.5s
324/1204 iiith_soccer_030_4 expanded_0ad76c665920b7ef 7.5s
325/1204 iiith_soccer_032_2 expanded_119b6bf220be3c1f 7.4s
326/1204 iiith_soccer_032_6 expanded_93cdaabf4c1ebf65 7.6s
327/1204 iiith_soccer_033_2 expanded_9b9b14fd52c1ab80 7.5s
328/1204 iiith_soccer_034_2 expanded_2df6c7c31ec05cb9 7.4s
329/1204 iiith_soccer_034_4 expanded_90ef2e068d675587 7.6s
330/1204 iiith_soccer_035_2 expanded_67a57fad464d7642 7.5s
331/1204 iiith_soccer_035_3 expanded_65f529d0e7ff3e6f 7.0s
332/1204 iiith_soccer_035_5 expanded_b3653f711314bd98 7.6s
333/1204 iiith_soccer_036_2 expanded_3972ed4422273814 7.6s
334/1204 iiith_soccer_039_2 expanded_9e8b7e61f1502e0f 7.6s
335/1204 iiith_soccer_039_4 expanded_a5e999c42d8a9a51 7.6s
336/1204 iiith_soccer_041_4 expanded_15461786f0c7cb64 7.6s
337/1204 iiith_soccer_042_2 expanded_4398bddd4e7619fe 7.6s
338/1204 iiith_soccer_052_2 expanded_e8d48f46071c9cbe 7.6s
339/1204 iiith_soccer_052_4 expanded_62f1a479866e42d5 7.6s
340/1204 iiith_soccer_053_2 expanded_9fb3798b0b0cb581 7.6s
341/1204 iiith_soccer_053_6 expanded_0f93790829dc19d3 7.6s
342/1204 iiith_soccer_060_2 expanded_f40d5929e74747b5 7.6s
343/1204 iiith_soccer_060_4 expanded_85aa0a8298a40d27 7.6s
344/1204 iiith_soccer_061_2 expanded_28657543e0df4d7d 7.6s
345/1204 iiith_soccer_061_4 expanded_f9be021a1bfcbd45 7.6s
346/1204 iiith_soccer_061_6 expanded_312d59d9550945c1 7.6s
347/1204 indiana_bike_02_2 expanded_80eccece7889710c 7.6s
348/1204 indiana_bike_02_3 expanded_135d1870b74bfe08 7.6s
349/1204 indiana_bike_04_2 expanded_5cddb8c69d6be7a7 7.6s
350/1204 indiana_bike_04_3 expanded_d870421835b44234 7.6s
351/1204 indiana_bike_04_4 expanded_b84b7bf54ac0f6e4 7.6s
352/1204 indiana_bike_04_5 expanded_0140b8e125220617 8.8s
353/1204 indiana_bike_04_7 expanded_f86bd280f7e2e618 9.2s
354/1204 indiana_bike_04_8 expanded_68401b8f2c74c635 8.8s
355/1204 indiana_bike_04_9 expanded_8bc8435f9f7b15c7 8.8s
356/1204 indiana_bike_06_11 expanded_72fb21fde2324660 8.7s
357/1204 indiana_bike_06_2 expanded_c6ce09cc6156fd24 8.8s
358/1204 indiana_bike_06_3 expanded_332ae3919b2fa237 8.8s
359/1204 indiana_bike_06_5 expanded_d0a3b4cb52f292d5 8.4s
360/1204 indiana_bike_06_7 expanded_6c66ee464c129deb 4.5s
361/1204 indiana_bike_06_8 expanded_2a852e3297512ac8 4.5s
362/1204 indiana_bike_06_9 expanded_79478aac78ed38d6 4.4s
363/1204 indiana_bike_12_10 expanded_b759144a55e68a5c 4.4s
364/1204 indiana_bike_12_11 expanded_0564d87dead4668d 4.5s
365/1204 indiana_bike_12_14 expanded_28578aa74b0604df 4.5s
366/1204 indiana_bike_12_16 expanded_13c836a217ff539c 4.5s
367/1204 indiana_bike_12_4 expanded_a8609850bb078127 4.6s
368/1204 indiana_bike_12_5 expanded_42ea130d9f22aa71 4.5s
369/1204 indiana_bike_12_7 expanded_4e1b52ff189a63cb 4.5s
370/1204 indiana_bike_12_9 expanded_c4681adc7f71a8b3 4.5s
371/1204 indiana_bike_13_10 expanded_496cb74cf195bfc4 4.6s
372/1204 indiana_bike_13_2 expanded_1214cce2aae3d5a8 4.5s
373/1204 indiana_bike_13_3 expanded_394d68febfba8777 4.6s
374/1204 indiana_bike_13_4 expanded_304b63cc7e239369 4.5s
375/1204 indiana_bike_13_5 expanded_5eaa2cc92988e93c 4.5s
376/1204 indiana_bike_13_7 expanded_bd856fa825b54587 4.7s
377/1204 indiana_bike_13_8 expanded_e7044df7eb624587 4.9s
378/1204 indiana_bike_15_18 expanded_53c50950cc8749ea 5.7s
379/1204 indiana_bike_15_22 expanded_29a69d4e674f0f81 5.0s
380/1204 indiana_bike_15_24 expanded_335421ed83e536fd 4.7s
381/1204 indiana_bike_15_6 expanded_f92419aceafe8411 5.6s
382/1204 indiana_cooking_01_2 expanded_76742bba4ee4b605 5.6s
383/1204 indiana_cooking_01_3 expanded_12cd51665556b838 6.6s
384/1204 indiana_cooking_03_2 expanded_996ea0ffe15feef0 8.2s
385/1204 indiana_cooking_03_3 expanded_cf95b0497e36506d 8.1s
386/1204 indiana_cooking_04_2 expanded_2be68c4e953eef4d 7.4s
387/1204 indiana_cooking_04_3 expanded_602eafa5c16f5b28 7.7s
388/1204 indiana_cooking_08_6 expanded_cef3db63d59978e1 8.0s
389/1204 indiana_cooking_10_2 expanded_6817cd53006ad922 7.7s
390/1204 indiana_cooking_10_3 expanded_e417478202cb4434 7.8s
391/1204 indiana_cooking_10_4 expanded_3e66b74a33118f53 7.5s
392/1204 indiana_cooking_10_5 expanded_d3a70d23ca032c5e 7.8s
393/1204 indiana_cooking_12_2 expanded_c1dd43a44e3cbf96 7.5s
394/1204 indiana_cooking_12_3 expanded_7cd0854eb04a8b32 7.4s
395/1204 indiana_cooking_12_4 expanded_16fed5958c8b2d1c 7.0s
396/1204 indiana_cooking_13_2 expanded_2235d8cf664a7808 7.6s
397/1204 indiana_cooking_14_3 expanded_c816190a397d8c16 7.1s
398/1204 indiana_cooking_14_4 expanded_0a154c9c9bb73eed 7.3s
399/1204 indiana_cooking_14_5 expanded_e5386fa8ced63989 6.9s
400/1204 indiana_cooking_14_6 expanded_573238189083bb81 7.3s
401/1204 indiana_cooking_20_2 expanded_022b6ceffdadb839 7.1s
402/1204 indiana_cooking_20_3 expanded_63a3733e5bfbcc09 7.2s
403/1204 indiana_cooking_20_4 expanded_a4d75633171626b8 6.6s
404/1204 indiana_cooking_20_5 expanded_06a5a1349f526168 6.7s
405/1204 indiana_cooking_21_2 expanded_1de1055bf165a703 7.2s
406/1204 indiana_cooking_21_3 expanded_cd620ef286fe7157 6.6s
407/1204 indiana_cooking_21_4 expanded_2931aa68f94e36a5 6.9s
408/1204 indiana_cooking_21_5 expanded_ef716cf99457b33e 6.4s
409/1204 indiana_cooking_22_2 expanded_159f9e9f83ffb20e 6.9s
410/1204 indiana_cooking_22_3 expanded_ca7d6636e6d2d1d5 6.4s
411/1204 indiana_cooking_22_4 expanded_8bc6048beda53cf9 5.7s
412/1204 indiana_cooking_22_5 expanded_ed6e4384ab5fe825 9.1s
413/1204 indiana_cooking_26_2 expanded_fbc21816d50d4298 9.3s
414/1204 indiana_cooking_26_3 expanded_16cbb1b5032a7bf8 6.0s
415/1204 indiana_cooking_26_4 expanded_4c80bd0c78ad72ac 9.9s
416/1204 indiana_cooking_27_2 expanded_daa59e58f23b6209 9.2s
417/1204 indiana_music_05_2 expanded_8a7c3e9d7a6e53e0 5.7s
418/1204 indiana_music_05_3 expanded_3c4d4cc96208658f 10.0s
419/1204 indiana_music_05_4 expanded_25a98b335605117c 8.9s
420/1204 indiana_music_06_2 expanded_78b6f2f983a123a6 6.0s
421/1204 indiana_music_06_3 expanded_3d95a2484fd64ad7 9.7s
422/1204 indiana_music_06_4 expanded_ac243320073215e9 8.2s
423/1204 indiana_music_09_5 expanded_384e9a211a73a8b0 6.9s
424/1204 indiana_music_09_6 expanded_a09d0db3319cb6af 9.7s
425/1204 indiana_music_12_3 expanded_75044f6806250775 8.2s
426/1204 indiana_music_12_5 expanded_f1f7befc73682366 6.5s
427/1204 indiana_music_12_6 expanded_1ef231a6535254b9 10.0s
428/1204 indiana_music_13_3 expanded_d2258b7957e07300 7.5s
429/1204 indiana_music_13_4 expanded_0a249aa5c93409cd 7.2s
430/1204 indiana_music_14_3 expanded_1484728641e57b01 9.3s
431/1204 indiana_music_14_4 expanded_1ae82ef4c2c5b669 7.4s
432/1204 indiana_music_14_5 expanded_eb917e33281122e4 7.3s
433/1204 minnesota_cooking_021_2 expanded_88e1783d7556f897 9.6s
434/1204 minnesota_cooking_022_2 expanded_953d493130700792 6.1s
435/1204 minnesota_cooking_022_4 expanded_bc9fbf1348e6fa8d 8.4s
436/1204 minnesota_cooking_023_2 expanded_d2a130329e5e8af3 9.4s
437/1204 minnesota_cooking_023_4 expanded_fc2859f0ae155dc7 5.7s
438/1204 minnesota_cooking_023_6 expanded_7a48da22e5dc6d12 9.1s
439/1204 minnesota_cooking_024_2 expanded_cff4139c5a5abcce 8.8s
440/1204 minnesota_cooking_030_2 expanded_3b21c2d0d16fb9a0 5.9s
441/1204 minnesota_cooking_030_5 expanded_3923f0cfbf06d525 9.5s
442/1204 minnesota_cooking_031_2 expanded_34c615c1e09112b5 8.3s
443/1204 minnesota_cooking_031_4 expanded_8e56c92a01e97af3 6.0s
444/1204 minnesota_cooking_032_2 expanded_88d7baac4621fd9b 9.3s
445/1204 minnesota_cooking_032_4 expanded_27e782c9e1ad329d 7.3s
446/1204 minnesota_cooking_050_4 expanded_1d0f13cd45909bdc 6.3s
447/1204 minnesota_cooking_070_2 expanded_96fd86b4c1480eb4 8.7s
448/1204 minnesota_cooking_074_2 expanded_822a4621d91b6a68 8.0s
449/1204 nus_cooking_16_2 expanded_be00efc40d23a5f8 9.1s
450/1204 nus_cooking_16_3 expanded_5d52ee3624d81738 8.1s
451/1204 nus_cooking_16_4 expanded_ba80dbd04f0ac668 8.4s
452/1204 nus_cooking_17_2 expanded_c1f85234f901c09f 8.2s
453/1204 nus_cooking_17_3 expanded_565cc0f97cd14857 8.3s
454/1204 nus_cooking_17_4 expanded_a3594ab2dba8d874 8.6s
455/1204 nus_covidtest_49_1 expanded_157fc20fb8c09258 8.2s
456/1204 nus_cpr_07_2 expanded_036b754ab3d657d9 8.1s
457/1204 nus_cpr_08_2 expanded_12daf3e5f71ccd8f 8.2s
458/1204 nus_cpr_09_2 expanded_f20eeb0ae9109bd9 8.2s
459/1204 nus_cpr_14_2 expanded_b256c82334d21205 8.4s
460/1204 nus_cpr_19_2 expanded_456855f703dfabcd 8.5s
461/1204 nus_cpr_22_2 expanded_ae630efe09688801 10.2s
462/1204 nus_cpr_24_2 expanded_00a4d36f341ac14c 9.5s
463/1204 nus_cpr_25_1 expanded_b9860642adab5daa 9.5s
464/1204 nus_cpr_25_2 expanded_fd4eb234856d5116 9.5s
465/1204 nus_cpr_26_3 expanded_a697fc12e9317854 9.4s
466/1204 nus_cpr_29_2 expanded_a6185a297a86c920 8.6s
467/1204 nus_cpr_43_4 expanded_9e2ac813b3533530 5.7s
468/1204 nus_cpr_48_1 expanded_3f21fea522056ae3 8.3s
469/1204 sfu_basketball013_14 expanded_40e38ea07efa167b 6.2s
470/1204 sfu_basketball013_16 expanded_6919427b6c6985ea 8.9s
471/1204 sfu_basketball013_19 expanded_ca2059e21e67bf02 7.0s
472/1204 sfu_basketball013_22 expanded_d08fb434bad8aa31 8.8s
473/1204 sfu_basketball013_24 expanded_a68c3e98cc3e72fe 9.2s
474/1204 sfu_basketball013_27 expanded_3b5c2d2dade5bf17 6.8s
475/1204 sfu_basketball013_5 expanded_e4f493dcbf5f30f2 8.3s
476/1204 sfu_basketball013_9 expanded_f1ccf45a5d6350d6 8.8s
477/1204 sfu_basketball014_16 expanded_7d375f6f9c87a188 8.8s
478/1204 sfu_basketball014_19 expanded_a83bb04ba5b06abf 6.2s
479/1204 sfu_basketball014_22 expanded_a2e6b5e7f6f369e5 7.9s
480/1204 sfu_basketball014_29 expanded_7d615023833e4558 8.7s
481/1204 sfu_basketball014_9 expanded_83f86ba75741f06b 8.5s
482/1204 sfu_basketball015_13 expanded_6c84e0e17bcbe6ec 8.8s
483/1204 sfu_basketball015_16 expanded_6e6282bbc05634c4 6.3s
484/1204 sfu_basketball015_2 expanded_4add0ce945d9d16f 7.7s
485/1204 sfu_basketball015_20 expanded_67094e0d7aabfe9c 8.5s
486/1204 sfu_basketball015_24 expanded_27f3d47b3f7fc6ff 8.8s
487/1204 sfu_basketball015_28 expanded_c8c0dfcbdd7c7a54 8.5s
488/1204 sfu_basketball015_30 expanded_ad43782fab225b5f 6.6s
489/1204 sfu_basketball015_5 expanded_0e9d3e83163b1c9b 7.3s
490/1204 sfu_basketball016_12 expanded_3278f1fdfb9fadaa 8.7s
491/1204 sfu_basketball016_6 expanded_b646f928fdb21c53 8.6s
492/1204 sfu_basketball016_9 expanded_4a771609d85f2b25 8.4s
493/1204 sfu_basketball017_14 expanded_2bb58311cb083c51 7.1s
494/1204 sfu_basketball017_16 expanded_279f7e2bf0d70972 6.8s
495/1204 sfu_basketball017_2 expanded_9fec8b99d1425daf 8.4s
496/1204 sfu_basketball017_26 expanded_4195bdf2a2093d71 8.6s
497/1204 sfu_basketball017_9 expanded_3dfc40f4f99360b7 8.3s
498/1204 sfu_basketball_02_2 expanded_5fc0909a3b03436f 6.8s
499/1204 sfu_basketball_02_31 expanded_b0dc1e2dde6b32d6 6.8s
500/1204 sfu_basketball_02_9 expanded_8e55f739438c37d5 8.2s
501/1204 sfu_basketball_03_28 expanded_4058f938baccec64 8.5s
502/1204 sfu_basketball_03_49 expanded_7ada50dd0c15ca4d 8.3s
503/1204 sfu_basketball_03_6 expanded_5bb92ba239b7d6cf 6.5s
504/1204 sfu_basketball_05_11 expanded_e07a71ed623679db 7.0s
505/1204 sfu_basketball_05_32 expanded_72ac188a5e1f8f09 8.1s
506/1204 sfu_basketball_05_9 expanded_838d11041419528d 8.0s
507/1204 sfu_basketball_06_6 expanded_be6356c8e784786e 8.4s
508/1204 sfu_basketball_07_21 expanded_f4797caa18a17c94 7.0s
509/1204 sfu_basketball_07_38 expanded_c36c461ac343cc5b 6.0s
510/1204 sfu_basketball_07_9 expanded_c1a787cd59028004 8.2s
511/1204 sfu_basketball_08_19 expanded_17b01b8ffab8e665 8.1s
512/1204 sfu_basketball_08_31 expanded_66ebaff172002017 8.0s
513/1204 sfu_basketball_08_39 expanded_a176e07d6cc1701f 7.6s
514/1204 sfu_basketball_08_48 expanded_509e661926595b51 5.7s
515/1204 sfu_basketball_08_53 expanded_6b158411888b3af9 8.1s
516/1204 sfu_basketball_10_13 expanded_0732a040eae92205 7.9s
517/1204 sfu_basketball_10_2 expanded_125bf36e349ea6a2 7.6s
518/1204 sfu_basketball_10_30 expanded_cdd6ccbc3b385787 7.9s
519/1204 sfu_basketball_11_21 expanded_87947b4d47a9a4fb 4.8s
520/1204 sfu_basketball_11_35 expanded_2f742eb264e4df38 7.3s
521/1204 sfu_cooking015_2 expanded_9e148d607fd725bf 7.4s
522/1204 sfu_cooking017_6 expanded_9591785f38062616 7.2s
523/1204 sfu_cooking017_9 expanded_a0d06b7e49683b76 7.3s
524/1204 sfu_cooking020_2 expanded_581c77214c0353ec 7.2s
525/1204 sfu_cooking020_6 expanded_df870b2283d1871d 7.3s
526/1204 sfu_cooking020_8 expanded_7d670e8b3f88f8fe 7.3s
527/1204 sfu_cooking023_6 expanded_6ba54169339a2edc 7.2s
528/1204 sfu_cooking023_8 expanded_e0a7181fcb68ab79 7.2s
529/1204 sfu_cooking025_5 expanded_1f607847fc26e6aa 7.2s
530/1204 sfu_cooking026_2 expanded_bb5eb40f45ebf293 7.3s
531/1204 sfu_cooking029_2 expanded_f89254d646af1ade 7.3s
532/1204 sfu_cooking029_4 expanded_3f1002ac08092774 7.1s
533/1204 sfu_cooking029_6 expanded_a46d6d746e5a34e7 7.3s
534/1204 sfu_cooking029_8 expanded_5e7439a93f8e954e 7.2s
535/1204 sfu_cooking031_3 expanded_a34e06f6c07f0196 7.3s
536/1204 sfu_cooking031_5 expanded_0f85b0e294f18483 7.2s
537/1204 sfu_cooking031_7 expanded_9fe6d4cbb50fa3b4 7.3s
538/1204 sfu_cooking031_9 expanded_06f9c5a6c2a2ba2c 7.1s
539/1204 sfu_cooking032_1 expanded_0569a3abed8991da 7.2s
540/1204 sfu_cooking032_4 expanded_6fbd7e12390170aa 7.3s
541/1204 sfu_cooking_001_2 expanded_c1e8013fd7afc7c6 7.2s
542/1204 sfu_cooking_001_4 expanded_a2d08a809bbcbf5c 7.3s
543/1204 sfu_cooking_001_6 expanded_661f347d860770cf 7.2s
544/1204 sfu_cooking_001_8 expanded_e33244fbaa11624c 7.2s
545/1204 sfu_cooking_002_1 expanded_a9594c3259884f0c 7.3s
546/1204 sfu_cooking_002_3 expanded_a9556fd1c49d1a90 7.2s
547/1204 sfu_cooking_002_7 expanded_74a71944fc09decf 7.2s
548/1204 sfu_cooking_003_1 expanded_fdb26284ce855d51 7.2s
549/1204 sfu_cooking_003_3 expanded_a79a5ed1cbf70a7b 7.3s
550/1204 sfu_cooking_003_5 expanded_d8649fab46584591 7.2s
551/1204 sfu_cooking_005_1 expanded_b69e2d4d6b7197ae 7.2s
552/1204 sfu_cooking_005_2 expanded_9cd753b0f74e9613 7.3s
553/1204 sfu_cooking_005_4 expanded_64b8a828b5568e93 7.2s
554/1204 sfu_cooking_005_6 expanded_9553ae8435c18b15 7.3s
555/1204 sfu_cooking_006_1 expanded_d957a343eac0dc1c 7.3s
556/1204 sfu_cooking_009_1 expanded_8d206be720171bc4 7.2s
557/1204 sfu_cooking_009_3 expanded_c0eefa94af322355 7.1s
558/1204 sfu_cooking_009_7 expanded_7516a80aa569910e 7.2s
559/1204 sfu_cooking_011_1 expanded_781715ee9aef866b 7.3s
560/1204 sfu_cooking_011_3 expanded_43a41181a4090768 7.3s
561/1204 sfu_cooking_011_5 expanded_800b25f6b4700abe 7.2s
562/1204 sfu_cooking_013_1 expanded_0e7638cd2726d765 7.2s
563/1204 sfu_covid_001_10 expanded_086419f77da05c0e 7.1s
564/1204 sfu_covid_001_2 expanded_51630dae9e5fa5e6 7.1s
565/1204 sfu_covid_001_4 expanded_b266fde7e80ad69b 7.2s
566/1204 sfu_covid_001_6 expanded_24e793ce4adf25c7 7.2s
567/1204 sfu_covid_001_8 expanded_ce7865bf006b1095 7.2s
568/1204 sfu_covid_007_2 expanded_4771fe1b992711c4 7.2s
569/1204 sfu_covid_009_10 expanded_a40d567b504b7e31 7.3s
570/1204 sfu_covid_009_12 expanded_20271d88e1199ef0 7.0s
571/1204 sfu_covid_009_14 expanded_f847d9169e4d3e4d 7.2s
572/1204 sfu_covid_009_2 expanded_25c87424d1350671 7.2s
573/1204 sfu_covid_009_4 expanded_5f9790be75571a04 7.2s
574/1204 sfu_covid_009_8 expanded_ce7bb91ed2fb4ac1 7.2s
575/1204 sfu_covid_010_2 expanded_2f4fe8fbbb080968 7.2s
576/1204 sfu_covid_010_6 expanded_4c93a654e46b11e0 7.1s
577/1204 sfu_covid_012_5 expanded_ba1fdc6fb8dfe89b 7.2s
578/1204 sfu_covid_013_12 expanded_24859b1c67123df2 7.2s
579/1204 sfu_covid_014_2 expanded_f88f43eb4e0bced9 7.3s
580/1204 unc_basketball_02-24-23_01_22 expanded_40ee4b60da7bd6eb 7.2s
581/1204 unc_basketball_02-24-23_01_25 expanded_e86cf4d8c1324907 7.3s
582/1204 unc_basketball_02-24-23_01_29 expanded_837acf6c030f053c 7.3s
583/1204 unc_basketball_02-24-23_01_41 expanded_6398c459c143b574 7.3s
584/1204 unc_basketball_02-24-23_01_5 expanded_73974ad2973c212c 8.0s
585/1204 unc_basketball_02-24-23_02_1 expanded_03dcd70961a76957 9.3s
586/1204 unc_basketball_02-24-23_02_4 expanded_681a5dfba49981b2 9.3s
587/1204 unc_basketball_03-09-23_01_2 expanded_2b45861309d91e01 9.3s
588/1204 unc_basketball_03-09-23_01_24 expanded_64f8c9ee83148b32 9.0s
589/1204 unc_basketball_03-09-23_01_36 expanded_337c52b48c153067 9.0s
590/1204 unc_basketball_03-09-23_01_4 expanded_50ff83d9494e98c2 9.0s
591/1204 unc_basketball_03-09-23_01_44 expanded_18cbee617c0168f0 9.0s
592/1204 unc_basketball_03-09-23_02_10 expanded_9c2d9b913df4f5c8 9.0s
593/1204 unc_basketball_03-09-23_02_12 expanded_b6247702f1aba22e 9.0s
594/1204 unc_basketball_03-09-23_02_18 expanded_4f41957e1f555cbb 9.0s
595/1204 unc_basketball_03-09-23_02_20 expanded_a5a230b956703662 8.7s
596/1204 unc_basketball_03-09-23_02_4 expanded_5fb7c0675a0f1c64 4.5s
597/1204 unc_basketball_03-09-23_02_41 expanded_86411e47cb7a6cab 7.9s
598/1204 unc_basketball_03-09-23_02_5 expanded_9a4bcccabac4798f 7.8s
599/1204 unc_basketball_03-09-23_02_7 expanded_8975301ea90513b8 7.8s
600/1204 unc_basketball_03-16-23_01_16 expanded_3ae69f88943ef89a 8.7s
601/1204 unc_basketball_03-16-23_01_19 expanded_4e62886e1d97be41 5.9s
602/1204 unc_basketball_03-16-23_01_22 expanded_c475dac02ba743ee 6.9s
603/1204 unc_basketball_03-16-23_01_23 expanded_e57d42ba42da8a34 8.5s
604/1204 unc_basketball_03-16-23_01_38 expanded_e36892ccfc56fb88 8.7s
605/1204 unc_basketball_03-16-23_01_40 expanded_0b9ec1fc2bcb3a2e 8.6s
606/1204 unc_basketball_03-16-23_01_43 expanded_a10a681434e583cc 7.0s
607/1204 unc_basketball_03-16-23_02_12 expanded_4cbdc5be4a853428 6.4s
608/1204 unc_basketball_03-16-23_02_15 expanded_6c0b25e3abcd2272 8.5s
609/1204 unc_basketball_03-16-23_02_17 expanded_4f12654d8e7a75a3 8.7s
610/1204 unc_basketball_03-16-23_02_19 expanded_23d7f94f0eabdf5a 8.4s
611/1204 unc_basketball_03-16-23_02_21 expanded_7d4f32bce441ee0d 8.0s
612/1204 unc_basketball_03-16-23_02_22 expanded_e7c90f6ca22320dd 5.4s
613/1204 unc_basketball_03-16-23_02_26 expanded_76386b0dec562b78 8.5s
614/1204 unc_basketball_03-16-23_02_27 expanded_8488905bc8ddf584 8.4s
615/1204 unc_basketball_03-16-23_02_28 expanded_16228abd5a627c3c 8.6s
616/1204 unc_basketball_03-16-23_02_33 expanded_fd1b113559676402 8.3s
617/1204 unc_basketball_03-16-23_02_37 expanded_07a4add0211ea0f8 5.5s
618/1204 unc_basketball_03-16-23_02_4 expanded_b32bc1b3c80e9f78 7.8s
619/1204 unc_basketball_03-16-23_02_6 expanded_9859e8f6ced36ffb 8.6s
620/1204 unc_basketball_03-16-23_02_8 expanded_6ebf7227a9665388 8.6s
621/1204 unc_basketball_03-16-23_02_9 expanded_6827a5469eefaebd 8.3s
622/1204 unc_basketball_03-17-23_01_12 expanded_0bf9cf2d86a910fb 6.4s
623/1204 unc_basketball_03-17-23_01_16 expanded_72fe3d312cd27eef 7.8s
624/1204 unc_basketball_03-17-23_01_19 expanded_90864ce9f6c39593 7.8s
625/1204 unc_basketball_03-17-23_01_20 expanded_cfd8558bafac37f0 7.8s
626/1204 unc_basketball_03-17-23_01_23 expanded_91bf5fad1156385e 7.8s
627/1204 unc_basketball_03-17-23_01_8 expanded_6a354981bfaf0b8e 7.8s
628/1204 unc_basketball_03-30-23_01_14 expanded_be039203a3159ef2 7.6s
629/1204 unc_basketball_03-30-23_01_17 expanded_793054d2ed2d754b 7.8s
630/1204 unc_basketball_03-30-23_01_42 expanded_71403471bea57f2b 7.8s
631/1204 unc_basketball_03-30-23_01_46 expanded_a462fd9c5978c257 7.8s
632/1204 unc_basketball_03-30-23_01_51 expanded_2f182d1ada5b49a5 7.9s
633/1204 unc_basketball_03-30-23_01_7 expanded_d2724d3a1fc42612 7.5s
634/1204 unc_basketball_03-30-23_02_23 expanded_84b05ec07d3d67e1 7.8s
635/1204 unc_basketball_03-30-23_02_27 expanded_208e0aa5d93dcbcc 7.8s
636/1204 unc_basketball_03-30-23_02_30 expanded_eeabf43453beaea9 7.8s
637/1204 unc_basketball_03-30-23_02_33 expanded_b3a86329c2d77854 7.8s
638/1204 unc_basketball_03-30-23_02_35 expanded_b69fdbbffbd7b5a9 7.5s
639/1204 unc_basketball_03-30-23_02_38 expanded_ca7809217e3eab0d 7.5s
640/1204 unc_basketball_03-31-23_01_13 expanded_aa87e4247d9575d7 7.3s
641/1204 unc_basketball_03-31-23_01_16 expanded_c77e3aefac47e6aa 7.2s
642/1204 unc_basketball_03-31-23_01_19 expanded_3f45b30530117ecc 7.2s
643/1204 unc_basketball_03-31-23_01_42 expanded_0b2834743355c544 7.2s
644/1204 unc_basketball_03-31-23_01_48 expanded_e36bc3e05de6ee74 7.3s
645/1204 unc_basketball_03-31-23_01_54 expanded_64cfa158a3168578 7.1s
646/1204 unc_basketball_03-31-23_01_7 expanded_31eb64d862fb91f3 7.2s
647/1204 unc_basketball_03-31-23_02_10 expanded_db1c858c90ce4775 7.3s
648/1204 unc_basketball_03-31-23_02_19 expanded_4bbbce8e4acdca06 7.2s
649/1204 unc_basketball_03-31-23_02_21 expanded_ab5703c642d57747 7.2s
650/1204 unc_basketball_03-31-23_02_23 expanded_49c36931928a2b55 7.8s
651/1204 unc_basketball_03-31-23_02_27 expanded_d24f16e46182cab8 7.4s
652/1204 unc_basketball_03-31-23_02_4 expanded_8ad4a52f3698161d 7.8s
653/1204 unc_basketball_03-31-23_02_43 expanded_0355e98a65bea008 7.8s
654/1204 unc_basketball_03-31-23_02_45 expanded_43fd3dcd8f3dfe5d 7.6s
655/1204 unc_music_04-26-23_02_7 expanded_d8443948d68bf79b 7.2s
656/1204 unc_soccer_09-22-23_01_10 expanded_f00d8ddeb8dc4a76 7.8s
657/1204 unc_soccer_09-22-23_01_3 expanded_07e103beaf78eb70 7.8s
658/1204 unc_soccer_09-22-23_01_4 expanded_e8a43fef561a356d 7.8s
659/1204 uniandes_basketball_001_11 expanded_a59906da1aa6e9ea 7.8s
660/1204 uniandes_basketball_001_14 expanded_58d91fe0e274fe52 7.7s
661/1204 uniandes_basketball_001_31 expanded_548724b652119d2f 7.8s
662/1204 uniandes_basketball_001_32 expanded_6c2e7b82476060c7 7.8s
663/1204 uniandes_basketball_001_34 expanded_1636e6341177dfcf 7.8s
664/1204 uniandes_basketball_001_4 expanded_b3b2d4cd8315852e 7.8s
665/1204 uniandes_basketball_001_5 expanded_30823bf7c05da0f7 7.8s
666/1204 uniandes_basketball_002_11 expanded_1813c1d9fa6e0b8f 7.8s
667/1204 uniandes_basketball_002_14 expanded_146c8c568e19dc66 7.2s
668/1204 uniandes_basketball_002_18 expanded_e589110cda28edc5 8.3s
669/1204 uniandes_basketball_002_21 expanded_10a6599bf43273a5 9.3s
670/1204 uniandes_basketball_002_27 expanded_0f8f69c950863cc5 9.3s
671/1204 uniandes_basketball_002_4 expanded_2710843fc3026534 9.2s
672/1204 uniandes_basketball_002_7 expanded_584114e8d2142800 9.2s
673/1204 uniandes_basketball_003_11 expanded_ee446e8ffe4cb8b7 8.9s
674/1204 uniandes_basketball_003_14 expanded_b87d9a62d580010c 8.9s
675/1204 uniandes_basketball_003_18 expanded_b2dad26ee5ad6c37 8.9s
676/1204 uniandes_basketball_003_2 expanded_61d46616f4615b86 8.9s
677/1204 uniandes_basketball_003_23 expanded_00b09e6782b8818d 8.9s
678/1204 uniandes_basketball_003_29 expanded_792de6f48fe17456 8.9s
679/1204 uniandes_basketball_003_32 expanded_8461f9c84d6b7917 8.9s
680/1204 uniandes_basketball_003_35 expanded_f99a0194b3c2139a 6.9s
681/1204 uniandes_basketball_003_4 expanded_4ea72bab334e41c1 5.2s
682/1204 uniandes_basketball_003_47 expanded_a62d3b512618bb08 7.2s
683/1204 uniandes_basketball_003_50 expanded_cce2346ebd11200d 8.3s
684/1204 uniandes_basketball_003_7 expanded_62baac45ff1fef13 8.9s
685/1204 uniandes_basketball_004_16 expanded_885ca5dcef44442d 8.8s
686/1204 uniandes_basketball_004_2 expanded_5693f5c88705b1cd 6.0s
687/1204 uniandes_basketball_004_4 expanded_be9923fb9dde03b6 8.8s
688/1204 uniandes_basketball_004_42 expanded_b09d15c3f39f8934 8.8s
689/1204 uniandes_basketball_004_50 expanded_4e0ed3d8c19ae673 8.6s
690/1204 uniandes_basketball_004_58 expanded_42d128007104a3cd 6.0s
691/1204 uniandes_basketball_004_62 expanded_b31c24e512423ad1 8.5s
692/1204 uniandes_basketball_004_8 expanded_dc5fc5c44ad21c9f 8.6s
693/1204 uniandes_basketball_005_12 expanded_9be29181e3c03411 8.6s
694/1204 uniandes_basketball_005_20 expanded_40e4ef684b899d07 8.5s
695/1204 uniandes_basketball_005_8 expanded_c3a534b10e9a91cf 8.5s
696/1204 uniandes_cooking_001_10 expanded_c22b6d2da72e720f 8.8s
697/1204 uniandes_cooking_001_12 expanded_84990bffc8a5ae61 8.3s
698/1204 uniandes_cooking_002_10 expanded_b27d8783ac115cae 8.4s
699/1204 uniandes_cooking_002_12 expanded_c117880a58161d41 8.5s
700/1204 uniandes_cooking_002_6 expanded_1b116133d9395969 8.2s
701/1204 uniandes_cooking_002_8 expanded_1aef389dd734e9aa 8.5s
702/1204 uniandes_cooking_003_13 expanded_93be5d12a6648947 8.4s
703/1204 uniandes_cooking_003_6 expanded_e6e359cadcf0b6e8 8.2s
704/1204 uniandes_cooking_005_2 expanded_119377ef8e0fca64 8.4s
705/1204 uniandes_cooking_005_4 expanded_1d79c4937fe4ba2f 8.4s
706/1204 uniandes_cooking_005_6 expanded_6374c849c9b85c94 10.3s
707/1204 uniandes_cooking_005_8 expanded_eaddc483b9abb503 10.1s
708/1204 uniandes_cooking_006_10 expanded_125a681b48df03b6 10.3s
709/1204 uniandes_cooking_006_2 expanded_642b86978d477e4b 10.2s
710/1204 uniandes_cooking_006_4 expanded_31cf087c96a6951d 9.8s
711/1204 uniandes_cooking_007_4 expanded_0d42d14e5a10db95 9.9s
712/1204 uniandes_cooking_007_6 expanded_2f4f67fea6c90874 9.6s
713/1204 uniandes_cooking_008_10 expanded_b685ced1dfbecc6e 9.8s
714/1204 uniandes_cooking_008_4 expanded_ad104227b3bcb888 9.6s
715/1204 uniandes_cooking_008_6 expanded_814d58d9bb547796 9.5s
716/1204 uniandes_cooking_008_8 expanded_e7a08beb6292052b 9.2s
717/1204 uniandes_cooking_009_2 expanded_1442ecc25c8e3a33 9.3s
718/1204 uniandes_cooking_009_4 expanded_d53061486a135ae9 9.4s
719/1204 uniandes_cooking_009_6 expanded_1c88297f5129186b 6.4s
720/1204 uniandes_dance_002_13 expanded_5d3bd6accd17eefc 6.2s
721/1204 uniandes_dance_008_10 expanded_99b9db277d01d13d 7.7s
722/1204 uniandes_dance_008_12 expanded_9e8a0a0422e42918 8.6s
723/1204 uniandes_dance_008_15 expanded_f330f43a9c8f90c5 8.9s
724/1204 uniandes_dance_008_22 expanded_4f2d5d95414b1bba 6.9s
725/1204 uniandes_dance_008_24 expanded_1c0fbc3b7536d079 9.2s
726/1204 uniandes_dance_008_26 expanded_e4a4f14495b3e682 8.6s
727/1204 uniandes_dance_008_4 expanded_6c20af7f8cf8890b 6.6s
728/1204 uniandes_dance_008_45 expanded_7d58f71df1c459fe 9.0s
729/1204 uniandes_dance_008_47 expanded_507fab15ea65f454 9.2s
730/1204 uniandes_dance_008_49 expanded_87985fe7696d1877 8.8s
731/1204 uniandes_dance_008_51 expanded_d24ae1fd423b5f78 9.5s
732/1204 uniandes_dance_008_8 expanded_b3c75f6ac125ed2d 9.0s
733/1204 uniandes_dance_011_16 expanded_abbf35fb07c2a00b 8.8s
734/1204 uniandes_dance_011_18 expanded_0a7841d3ab249fb2 8.8s
735/1204 uniandes_dance_011_21 expanded_faf1ddfa4ee40876 10.9s
736/1204 uniandes_dance_011_25 expanded_78375ea89bb0a80f 10.6s
737/1204 uniandes_dance_011_30 expanded_7b289f5a06c83c96 10.4s
738/1204 uniandes_dance_011_33 expanded_ba5c6979ed6a7b7d 10.7s
739/1204 uniandes_dance_011_36 expanded_a199504b0eb0fd4d 10.1s
740/1204 uniandes_dance_012_10 expanded_631f0f1ba46986f1 10.1s
741/1204 uniandes_dance_012_16 expanded_af33cab368ab4bdf 10.4s
742/1204 uniandes_dance_012_2 expanded_7758b1bb25601192 9.9s
743/1204 uniandes_dance_012_20 expanded_36642f4c16d57d04 9.8s
744/1204 uniandes_dance_012_24 expanded_5449101faafe1ad3 10.5s
745/1204 uniandes_dance_012_27 expanded_52465d91496be3d0 9.7s
746/1204 uniandes_dance_012_29 expanded_29fe1adb23a5a0d5 9.8s
747/1204 uniandes_dance_012_31 expanded_2328b43b55315718 9.8s
748/1204 uniandes_dance_012_34 expanded_0a8683d39945fa3b 9.7s
749/1204 uniandes_dance_012_36 expanded_319364a23fb9e59d 7.9s
750/1204 uniandes_dance_012_39 expanded_d2158aa8cd0381b5 6.7s
751/1204 uniandes_dance_012_7 expanded_1520173d8b252a55 7.8s
752/1204 uniandes_dance_012_9 expanded_bd6d8d01b3feb5bf 8.7s
753/1204 uniandes_dance_013_11 expanded_fb889e67d7ca20be 8.6s
754/1204 uniandes_dance_013_14 expanded_2ac10cef05422160 6.2s
755/1204 uniandes_dance_013_16 expanded_99405182a30cfeb5 8.1s
756/1204 uniandes_dance_013_17 expanded_288b4a91232ac8b9 8.2s
757/1204 uniandes_dance_013_19 expanded_56e7b33c952737bc 8.2s
758/1204 uniandes_dance_013_20 expanded_865c874e5ae5d0c5 5.9s
759/1204 uniandes_dance_013_22 expanded_cc1ea097c26d204d 7.6s
760/1204 uniandes_dance_013_6 expanded_cf8f0f70859d734a 8.0s
761/1204 uniandes_dance_013_8 expanded_034d8ad26bf5db28 8.1s
762/1204 uniandes_dance_013_9 expanded_3eeacebab2fa707c 8.3s
763/1204 uniandes_dance_015_16 expanded_31d9405aac06a6b4 8.0s
764/1204 uniandes_dance_015_19 expanded_b46bd6ec64c1cbd4 7.9s
765/1204 uniandes_dance_015_21 expanded_82fcffa7f97d3b54 8.1s
766/1204 uniandes_dance_017_10 expanded_aaec2f5b4fd25bb0 8.0s
767/1204 uniandes_dance_017_13 expanded_e8a18e87cc134bdd 9.8s
768/1204 uniandes_dance_017_14 expanded_b3af6c5394c412e9 9.8s
769/1204 uniandes_dance_017_17 expanded_60938124cd575af9 9.1s
770/1204 uniandes_dance_017_31 expanded_3dccf548331a3f0d 9.3s
771/1204 uniandes_dance_017_35 expanded_09d0efe3be52b9f5 9.4s
772/1204 uniandes_dance_017_36 expanded_10698a3644b9dfa7 9.1s
773/1204 uniandes_dance_017_39 expanded_c2933f96c5a359d9 6.3s
774/1204 uniandes_dance_017_40 expanded_f6b58ff0466a2aff 7.1s
775/1204 uniandes_dance_017_54 expanded_a42fffc017f73d27 8.5s
776/1204 uniandes_dance_017_57 expanded_60d5e0b8aac66d60 8.1s
777/1204 uniandes_dance_017_58 expanded_e112d17ef47b28fb 8.0s
778/1204 uniandes_dance_017_8 expanded_a3d5d2f9914b28f6 6.0s
779/1204 uniandes_dance_019_10 expanded_c6ed99cc6ebf7730 8.4s
780/1204 uniandes_dance_019_13 expanded_577bdba6b37afb9a 8.5s
781/1204 uniandes_dance_019_14 expanded_10535ca7397d2d0b 8.4s
782/1204 uniandes_dance_019_2 expanded_03f9cfb4eff22972 5.6s
783/1204 uniandes_dance_019_4 expanded_41dbb3cfcdd05a61 9.1s
784/1204 uniandes_dance_019_6 expanded_928a091d369bf3e3 9.2s
785/1204 uniandes_dance_019_7 expanded_2c799017abc925f5 9.1s
786/1204 uniandes_dance_020_11 expanded_2a08c6f50cb462ed 6.0s
787/1204 uniandes_dance_020_14 expanded_c6c93893679168ea 8.6s
788/1204 uniandes_dance_020_15 expanded_fcd17eefab0b9f09 9.3s
789/1204 uniandes_dance_020_18 expanded_a404a87b48014ebe 8.7s
790/1204 uniandes_dance_020_20 expanded_ebed5046b04806c6 6.8s
791/1204 uniandes_dance_020_22 expanded_e1ae925a0da2b3a7 7.1s
792/1204 uniandes_dance_020_24 expanded_afc33dde05ec1804 9.0s
793/1204 uniandes_dance_020_26 expanded_f5cd7f10b9e8ff26 8.9s
794/1204 uniandes_dance_020_27 expanded_3ca65702ff3702ad 8.3s
795/1204 uniandes_dance_020_28 expanded_7f92e949ef50e69c 5.8s
796/1204 uniandes_dance_020_30 expanded_3ceacf39f98e6031 9.0s
797/1204 uniandes_dance_020_32 expanded_d603516f7c22a180 8.9s
798/1204 uniandes_dance_020_34 expanded_c128b96808e3d12d 8.5s
799/1204 uniandes_dance_020_36 expanded_0737755014bc194a 5.5s
800/1204 uniandes_dance_020_40 expanded_0cdd01a6b19fc1ed 8.4s
801/1204 uniandes_dance_020_42 expanded_1ceab1902df648c4 8.9s
802/1204 uniandes_dance_020_48 expanded_f26d5fa03c9f930a 8.7s
803/1204 uniandes_dance_020_50 expanded_6302bfe033048b6a 6.6s
804/1204 uniandes_dance_020_51 expanded_ab6cf5eea45f44cc 6.9s
805/1204 uniandes_dance_020_57 expanded_43c9e807ac9486b4 8.8s
806/1204 uniandes_dance_020_59 expanded_e5c049c5ddb424f2 8.6s
807/1204 uniandes_dance_020_6 expanded_1c591673612a2ce1 8.3s
808/1204 uniandes_dance_020_62 expanded_51c28dd613fefcbb 5.1s
809/1204 uniandes_dance_020_7 expanded_deb81296879b27d8 8.7s
810/1204 uniandes_dance_021_10 expanded_cda492ecaebd7eeb 8.7s
811/1204 uniandes_dance_021_12 expanded_bfe54fc8e5d21974 8.6s
812/1204 uniandes_dance_021_13 expanded_82ddfce450050a71 6.1s
813/1204 uniandes_dance_021_17 expanded_2b2729efc748003b 7.1s
814/1204 uniandes_dance_021_18 expanded_8a992908f6f32819 8.4s
815/1204 uniandes_dance_021_19 expanded_ebd40e791f1e4776 8.1s
816/1204 uniandes_dance_021_20 expanded_585a46b7d5aa7c32 8.0s
817/1204 uniandes_dance_021_22 expanded_d9fc2a1f3211ce0b 4.7s
818/1204 uniandes_dance_021_25 expanded_d7e978d48b94a9b3 8.1s
819/1204 uniandes_dance_021_27 expanded_110bf7526d25f04b 8.2s
820/1204 uniandes_dance_021_29 expanded_a06f2c63ca808fca 8.3s
821/1204 uniandes_dance_021_32 expanded_3fbb8354ca3d23dc 8.3s
822/1204 uniandes_dance_021_33 expanded_6f2ae39871214d08 5.8s
823/1204 uniandes_dance_021_35 expanded_5152bdbe7460a85a 6.7s
824/1204 uniandes_dance_021_38 expanded_8f2fcaf27d8150ad 8.3s
825/1204 uniandes_dance_021_39 expanded_a99440e01ef89555 8.1s
826/1204 uniandes_dance_021_42 expanded_494e8eaefd350969 8.1s
827/1204 uniandes_dance_021_44 expanded_7a582bff1fc1568d 7.6s
828/1204 uniandes_dance_021_47 expanded_914c85e3a275586e 7.8s
829/1204 uniandes_dance_021_49 expanded_75802ac14a26aa3d 7.8s
830/1204 uniandes_dance_021_50 expanded_d3c785d1d920198d 8.0s
831/1204 uniandes_dance_021_51 expanded_5744ceb24fc2ae41 7.7s
832/1204 uniandes_dance_021_54 expanded_84d68856903f8ebf 7.7s
833/1204 uniandes_dance_021_55 expanded_f820068e1301cf71 7.6s
834/1204 uniandes_dance_021_56 expanded_e7fec5d7df0a36b4 7.8s
835/1204 uniandes_dance_021_6 expanded_bccefea21898048f 7.8s
836/1204 uniandes_dance_021_7 expanded_f9033745fca1e8b2 7.8s
837/1204 uniandes_dance_022_10 expanded_1ece18ba889532fa 7.7s
838/1204 uniandes_dance_022_12 expanded_baa43320e076e73a 7.5s
839/1204 uniandes_dance_022_15 expanded_e4d937fb52627930 7.8s
840/1204 uniandes_dance_022_16 expanded_8c5ae8c0eddb7e76 7.8s
841/1204 uniandes_dance_022_18 expanded_e7e60029308b5934 7.8s
842/1204 uniandes_dance_022_20 expanded_5c9c3151e98b0b18 7.8s
843/1204 uniandes_dance_022_22 expanded_6adb3dbd7b2b0201 7.4s
844/1204 uniandes_dance_022_25 expanded_46145eaf721faca5 7.8s
845/1204 uniandes_dance_022_26 expanded_fdb6e438ec652bd3 7.7s
846/1204 uniandes_dance_022_29 expanded_e35a8683069cef31 7.8s
847/1204 uniandes_dance_022_30 expanded_e2169d89615fe73b 7.8s
848/1204 uniandes_dance_022_33 expanded_c48b5d53257cc928 7.5s
849/1204 uniandes_dance_022_36 expanded_4d8c3891dad1e438 7.9s
850/1204 uniandes_dance_022_38 expanded_74ecd685c40cdb2b 7.8s
851/1204 uniandes_dance_022_39 expanded_a46c23ceb211775c 7.9s
852/1204 uniandes_dance_022_41 expanded_f22b5c34e83f37d0 7.9s
853/1204 uniandes_dance_022_44 expanded_f5c3dbcdaf9b7b1e 7.7s
854/1204 uniandes_dance_022_45 expanded_0a5676813860ba82 7.8s
855/1204 uniandes_dance_022_47 expanded_49321536450b5b49 7.9s
856/1204 uniandes_dance_022_48 expanded_85ff7f7d876544b7 7.8s
857/1204 uniandes_dance_022_5 expanded_5747cbb4b841472e 7.8s
858/1204 uniandes_dance_022_50 expanded_74744038cb0ec2b3 7.1s
859/1204 uniandes_dance_022_6 expanded_ef3e32ebc08a83d3 7.8s
860/1204 uniandes_dance_022_7 expanded_14fcb3ba7b5c8af1 7.9s
861/1204 uniandes_dance_022_9 expanded_e1e47cedd98a3512 7.7s
862/1204 uniandes_dance_023_13 expanded_9ec81f5d85accd1b 7.8s
863/1204 uniandes_dance_023_14 expanded_850839275916b881 7.8s
864/1204 uniandes_dance_023_16 expanded_df56ea9d9e655ca0 7.8s
865/1204 uniandes_dance_023_17 expanded_9e45b3c3db53fc5a 7.8s
866/1204 uniandes_dance_023_19 expanded_f1502f9b7932b6a8 7.8s
867/1204 uniandes_dance_023_20 expanded_a8166c29739db03d 7.8s
868/1204 uniandes_dance_023_9 expanded_55199a1ac522951c 7.8s
869/1204 uniandes_dance_024_2 expanded_8df9a8b498a72c93 7.8s
870/1204 uniandes_dance_024_37 expanded_ee6b15780fac8cd7 7.8s
871/1204 uniandes_dance_024_38 expanded_4eeb7681e73272f8 8.3s
872/1204 uniandes_dance_024_4 expanded_14c0978ca58aff10 9.3s
873/1204 uniandes_dance_024_41 expanded_d2b775b0d8f473bb 9.3s
874/1204 uniandes_dance_024_43 expanded_46d2204fb943ed16 9.2s
875/1204 uniandes_dance_024_5 expanded_c4d806569dbbb7ca 8.9s
876/1204 uniandes_dance_024_7 expanded_0e509d569f669b95 8.9s
877/1204 uniandes_dance_024_8 expanded_6ab17eb1e21d3385 8.9s
878/1204 upenn_0317_Violin_3_7 expanded_acfc7e28cc0fc89b 8.9s
879/1204 upenn_0317_Violin_3_8 expanded_6fdd7027d9aaadff 8.9s
880/1204 upenn_0317_Violin_3_9 expanded_261946cd11b55cc4 8.9s
881/1204 upenn_0324_Piano_1_2 expanded_5e31487c25fc666f 8.9s
882/1204 upenn_0324_Piano_1_3 expanded_0a41cc79d16b8846 8.9s
883/1204 upenn_0324_Piano_1_4 expanded_4fb52a9fbdcae682 5.7s
884/1204 upenn_0324_Piano_1_5 expanded_0205f5c6298a0665 8.2s
885/1204 upenn_0331_Guitar_4_4 expanded_67c5e4c34ae77327 8.7s
886/1204 upenn_0407_Guitar_1_3 expanded_044038b4f4df096a 9.1s
887/1204 upenn_0407_Guitar_1_4 expanded_bb6c62f39fadab04 7.7s
888/1204 upenn_0407_Violin_1_2 expanded_5d05ecf20a881df3 6.5s
889/1204 upenn_0407_Violin_1_3 expanded_751d97e21bf6bc7d 9.4s
890/1204 upenn_0407_Violin_1_4 expanded_cd740ac7ea1f5cb0 9.3s
891/1204 upenn_0407_Violin_1_5 expanded_77601e47691bb3a1 8.8s
892/1204 upenn_0407_Violin_2_2 expanded_faddd53e3de1d9f5 5.8s
893/1204 upenn_0407_Violin_2_3 expanded_4ad24f7e1787c367 9.4s
894/1204 upenn_0407_Violin_2_4 expanded_035071022638abc3 9.2s
895/1204 upenn_0407_Violin_2_5 expanded_c2758eb33783a07d 6.6s
896/1204 upenn_0628_Cooking_1_2 expanded_f538bda2ae6fba6d 8.3s
897/1204 upenn_0629_Dance_2_2 expanded_781ee1996f790b41 9.2s
898/1204 upenn_0629_Dance_2_4 expanded_46f9a5e83770e623 9.3s
899/1204 upenn_0629_Dance_2_5 expanded_abbc3bea89db63ad 9.1s
900/1204 upenn_0629_Dance_2_6 expanded_0f1d18f1b7f5c947 9.5s
901/1204 upenn_0629_Dance_2_7 expanded_bdd9bad9f450fa87 9.1s
902/1204 upenn_0629_Dance_3_2 expanded_2710423f8ce80973 10.1s
903/1204 upenn_0629_Dance_3_3 expanded_794ac508278b9bfa 10.1s
904/1204 upenn_0629_Dance_3_4 expanded_ffeb9c7c340f4c48 9.4s
905/1204 upenn_0629_Dance_3_5 expanded_9083f0f80ddc80c1 9.7s
906/1204 upenn_0629_Dance_3_6 expanded_369d89075d7742dc 9.4s
907/1204 upenn_0701_Piano_2_2 expanded_ce2ba1c1b9727da4 9.4s
908/1204 upenn_0701_Piano_2_6 expanded_f42f676d829a7888 9.6s
909/1204 upenn_0701_Piano_2_7 expanded_e36a8f66c701b78b 5.2s
910/1204 upenn_0702_Cooking_2_2 expanded_ccc6e3211cd352dd 9.5s
911/1204 upenn_0702_Cooking_2_3 expanded_df23f15fac7deb88 9.7s
912/1204 upenn_0702_Cooking_3_2 expanded_4008f22c9bcdf45e 7.5s
913/1204 upenn_0702_Cooking_3_3 expanded_eda07394b18d144a 8.2s
914/1204 upenn_0702_Cooking_4_2 expanded_c88c241ae9f2a822 9.6s
915/1204 upenn_0702_Cooking_4_3 expanded_ae48d7d81eee8e25 6.4s
916/1204 upenn_0702_Cooking_5_2 expanded_2ca858d4851d6590 9.0s
917/1204 upenn_0702_Cooking_5_3 expanded_4e10747dd76da773 9.6s
918/1204 upenn_0706_Dance_1_2 expanded_0814d109dabcce78 9.7s
919/1204 upenn_0706_Dance_1_3 expanded_e92698245b5e6bfb 9.8s
920/1204 upenn_0706_Dance_1_4 expanded_62303c5a44976fdd 9.5s
921/1204 upenn_0706_Dance_1_6 expanded_f8813015579d5ec2 9.8s
922/1204 upenn_0706_Dance_1_7 expanded_292ab4fc2a8e9638 10.4s
923/1204 upenn_0706_Dance_2_2 expanded_71118d6a8a03db76 10.6s
924/1204 upenn_0706_Dance_2_3 expanded_f03666427eecdd41 10.7s
925/1204 upenn_0706_Dance_2_4 expanded_a28f6ad527384bfb 10.1s
926/1204 upenn_0706_Dance_2_5 expanded_d7e423fde54a44a1 10.1s
927/1204 upenn_0706_Dance_5_2 expanded_e6fd9d7f80b9057e 10.0s
928/1204 upenn_0706_Dance_5_3 expanded_121f060859b93699 9.7s
929/1204 upenn_0706_Dance_5_4 expanded_aaa6cfd55d8ec9ea 9.8s
930/1204 upenn_0706_Dance_5_5 expanded_3c2b7f3b64a7a630 9.8s
931/1204 upenn_0706_Dance_5_6 expanded_d390d1a6f40bb1d8 9.7s
932/1204 upenn_0710_Cooking_1_2 expanded_f98a3927a720f025 8.9s
933/1204 upenn_0710_Cooking_1_3 expanded_89ce71a1e5817944 5.6s
934/1204 upenn_0710_Cooking_2_2 expanded_ffcf1526e277b7d5 8.7s
935/1204 upenn_0710_Cooking_2_3 expanded_7bb9758bb0d50402 8.8s
936/1204 upenn_0710_Cooking_4_2 expanded_71dca632d2dfcf36 7.0s
937/1204 upenn_0710_Cooking_4_3 expanded_3ee2a248dd801c3a 7.7s
938/1204 upenn_0712_Cooking_1_2 expanded_9ff650bc764b7a2f 9.6s
939/1204 upenn_0712_Cooking_1_3 expanded_8ad03011d076163b 9.3s
940/1204 upenn_0712_Cooking_1_4 expanded_f4fd1ee516b69ae2 5.9s
941/1204 upenn_0712_Cooking_1_5 expanded_7932f540fb7039f5 9.6s
942/1204 upenn_0712_Cooking_4_2 expanded_468a50803e429462 9.7s
943/1204 upenn_0712_Cooking_4_3 expanded_253595381413685d 7.1s
944/1204 upenn_0712_Cooking_5_2 expanded_287ef744720a61d0 7.6s
945/1204 upenn_0712_Cooking_5_3 expanded_26a8cf45006ea34b 9.7s
946/1204 upenn_0713_Dance_1_2 expanded_594626cc6dcc829a 8.9s
947/1204 upenn_0713_Dance_1_3 expanded_f12101ad59175500 6.5s
948/1204 upenn_0713_Dance_1_4 expanded_7ca1b8ddd3e986dd 8.8s
949/1204 upenn_0713_Dance_1_5 expanded_074db7899c6ed1dd 9.1s
950/1204 upenn_0713_Dance_2_2 expanded_39b7affd9d25fcf7 8.5s
951/1204 upenn_0713_Dance_2_3 expanded_65c12d87fe198456 6.0s
952/1204 upenn_0713_Dance_2_4 expanded_6e73e7fad67da09b 9.5s
953/1204 upenn_0713_Dance_2_5 expanded_63c2eb81407de552 9.2s
954/1204 upenn_0714_Cooking_1_2 expanded_1dc83372630249ab 7.4s
955/1204 upenn_0714_Cooking_1_3 expanded_2600820cecba3870 7.0s
956/1204 upenn_0714_Cooking_1_4 expanded_3c8323d3df8ecd89 8.9s
957/1204 upenn_0714_Cooking_1_5 expanded_022eb816b3f59dde 8.7s
958/1204 upenn_0714_Cooking_2_3 expanded_c6d7cc8dd78a5a57 5.7s
959/1204 upenn_0714_Cooking_2_4 expanded_cc73e266cddf4fb4 7.9s
960/1204 upenn_0714_Cooking_3_2 expanded_dc661aab7a5feb07 8.8s
961/1204 upenn_0714_Cooking_3_3 expanded_9dc8ef93cb896901 8.0s
962/1204 upenn_0714_Cooking_5_3 expanded_376c102a995a0605 4.9s
963/1204 upenn_0714_Cooking_6_2 expanded_5fbdf7887c0a0def 8.9s
964/1204 upenn_0714_Cooking_6_3 expanded_c9a734bf74208438 8.8s
965/1204 upenn_0714_Cooking_7_2 expanded_950ae91b837f4d77 8.8s
966/1204 upenn_0714_Cooking_7_3 expanded_f8a0c6162baaf007 8.6s
967/1204 upenn_0715_Dance_1_4 expanded_681bd2e0d875170a 8.6s
968/1204 upenn_0715_Dance_1_5 expanded_8907bd075225e010 8.8s
969/1204 upenn_0715_Dance_1_6 expanded_8ae1d2fe1ef4b23d 9.8s
970/1204 upenn_0715_Dance_1_7 expanded_5df88ccc189fb49b 10.0s
971/1204 upenn_0717_Piano_1_2 expanded_27a7bc4f31ab0509 9.9s
972/1204 upenn_0717_Piano_1_3 expanded_9c791940e2a992aa 9.5s
973/1204 upenn_0717_Piano_1_5 expanded_324d2d1ac05f4adb 9.4s
974/1204 upenn_0717_Piano_3_2 expanded_0774bf7f518fac2b 9.3s
975/1204 upenn_0717_Piano_3_3 expanded_16a4df099937213f 9.3s
976/1204 upenn_0717_Piano_3_4 expanded_ba151fb2e21cb688 9.2s
977/1204 upenn_0717_Piano_3_5 expanded_a0aed4afb10fbe52 7.9s
978/1204 upenn_0718_Violin_1_2 expanded_a26d5de8270e1dd6 5.7s
979/1204 upenn_0718_Violin_1_3 expanded_7c26ce4613255c76 8.2s
980/1204 upenn_0718_Violin_1_4 expanded_3e821987b5e06621 8.2s
981/1204 upenn_0718_Violin_1_5 expanded_079ae9f92960388f 8.7s
982/1204 upenn_0718_Violin_2_2 expanded_c4864ea1c256a124 6.0s
983/1204 upenn_0718_Violin_2_5 expanded_d23d5e0d1c178d56 7.7s
984/1204 upenn_0718_Violin_2_6 expanded_9205430b869da717 8.9s
985/1204 upenn_0718_Violin_2_7 expanded_5d244bf7a084d21e 8.8s
986/1204 upenn_0719_Piano_2_2 expanded_f68de43fa4d766b0 5.3s
987/1204 upenn_0719_Piano_2_3 expanded_bd7222ac6b0475b6 9.3s
988/1204 upenn_0719_Piano_2_4 expanded_f6ecdd27f6693c80 9.1s
989/1204 upenn_0719_Piano_2_5 expanded_922142c744c31f88 8.8s
990/1204 upenn_0720_Dance_2_3 expanded_871ef2d2265b4cc0 9.0s
991/1204 upenn_0720_Dance_2_4 expanded_ddab48761093ee6e 9.1s
992/1204 upenn_0720_Dance_2_5 expanded_ed3750925f70083e 9.1s
993/1204 upenn_0720_Dance_3_11 expanded_33373bf00de97d84 10.0s
994/1204 upenn_0720_Dance_3_13 expanded_f7f9c2e769febc4e 10.1s
995/1204 upenn_0720_Dance_3_15 expanded_31de46efbf7299a2 10.1s
996/1204 upenn_0720_Dance_3_16 expanded_fb59c7ec0bd80154 9.9s
997/1204 upenn_0720_Dance_3_18 expanded_1250b7b2259f5a77 9.7s
998/1204 upenn_0720_Dance_3_3 expanded_d15fcda273eb4411 9.5s
999/1204 upenn_0720_Dance_3_4 expanded_abcabcd19b9fd0eb 9.5s
1000/1204 upenn_0720_Dance_3_7 expanded_6bcc7b14aa9d83d3 9.6s
1001/1204 upenn_0720_Dance_3_8 expanded_14406507b08cca62 9.7s
1002/1204 upenn_0720_Dance_3_9 expanded_445307ee2d854793 9.5s
1003/1204 upenn_0720_Dance_4_3 expanded_38d923b3ed339d67 9.6s
1004/1204 upenn_0720_Dance_4_4 expanded_5e31f0e5a66a437b 5.1s
1005/1204 upenn_0721_Piano_2_2 expanded_2562380bdde6492b 8.5s
1006/1204 upenn_0721_Piano_2_3 expanded_382d5463fd87d31c 8.7s
1007/1204 upenn_0721_Piano_2_5 expanded_8cd146f734a70aa1 8.8s
1008/1204 upenn_0721_Piano_2_6 expanded_49afe5f226b131f4 6.0s
1009/1204 upenn_0722_Guitar_1_4 expanded_e1e21e1df3f501c6 9.3s
1010/1204 upenn_0722_Piano_2_2 expanded_a8ddb887d299c521 9.0s
1011/1204 upenn_0722_Piano_2_3 expanded_1c64111a8c671d6e 8.7s
1012/1204 upenn_0722_Piano_2_4 expanded_fa47cb11dffe287e 6.0s
1013/1204 upenn_0722_Piano_2_5 expanded_1c9026d8ffd9e38e 8.8s
1014/1204 upenn_0722_Violin_1_2 expanded_5830f4a1236102e7 9.4s
1015/1204 upenn_0722_Violin_1_3 expanded_20e8d981fba71233 8.2s
1016/1204 upenn_0722_Violin_1_4 expanded_8783514e0d1ccf7c 6.0s
1017/1204 upenn_0722_Violin_1_5 expanded_a9fe48651c4c263f 9.0s
1018/1204 upenn_0724_Piano_1_3 expanded_75618ef8e561a66b 8.9s
1019/1204 upenn_0724_Piano_1_4 expanded_3b500d37fd6a9212 8.5s
1020/1204 upenn_0724_Piano_1_5 expanded_6733dbf7bfc45164 6.2s
1021/1204 upenn_0725_Duet_Violin_1_1_10 expanded_e08912d504c57608 8.6s
1022/1204 upenn_0725_Duet_Violin_1_1_4 expanded_7282f1ee3b8f0170 8.8s
1023/1204 upenn_0725_Duet_Violin_1_1_7 expanded_02cfb59960ee4b6a 8.5s
1024/1204 upenn_0725_Duet_Violin_1_1_8 expanded_f6aa1016a155154d 5.7s
1025/1204 upenn_0725_Duet_Violin_1_1_9 expanded_ec58c69ed7710fd2 8.4s
1026/1204 upenn_0725_Duet_Violin_1_2_10 expanded_5c60f7d10a2a97f3 8.4s
1027/1204 upenn_0725_Duet_Violin_1_2_3 expanded_c72a1ce65bd192f8 8.7s
1028/1204 upenn_0725_Duet_Violin_1_2_4 expanded_bfde8b14d1775881 8.2s
1029/1204 upenn_0725_Duet_Violin_1_2_9 expanded_70fed042a4076ab3 5.6s
1030/1204 upenn_0725_Violin_1_2 expanded_af51c759a992921f 8.4s
1031/1204 upenn_0725_Violin_1_3 expanded_d1854c7ebd661bc4 8.2s
1032/1204 upenn_0725_Violin_1_4 expanded_1cf0b9cee4020e86 8.5s
1033/1204 upenn_0726_Duet_Violin_1_2_2 expanded_930f2db38016a270 8.0s
1034/1204 upenn_0726_Duet_Violin_1_2_3 expanded_2a37349236a47110 4.9s
1035/1204 upenn_0726_Duet_Violin_1_2_4 expanded_f8dc27f5ea3f9951 8.1s
1036/1204 upenn_0726_Piano_1_2 expanded_43b4435b7aee51b2 8.4s
1037/1204 upenn_0726_Piano_1_3 expanded_f0f232b78aea23b0 8.1s
1038/1204 upenn_0726_Piano_1_4 expanded_243f419f02dbe473 8.3s
1039/1204 upenn_0726_Piano_1_5 expanded_66fe0f2beb89ada4 5.7s
1040/1204 upenn_0726_Piano_2_2 expanded_dc0d2bf4757a471a 7.1s
1041/1204 upenn_0726_Piano_2_3 expanded_6e6d21a550e905b0 8.2s
1042/1204 upenn_0726_Piano_2_4 expanded_f6691ac244f67226 8.7s
1043/1204 upenn_0726_Piano_2_5 expanded_4fb17f3abc5e8a89 8.5s
1044/1204 upenn_0727_Partner_Dance_2_1_2 expanded_2ed8811486116edd 6.4s
1045/1204 upenn_0727_Partner_Dance_2_1_3 expanded_c4e8b2a27a1fb5bf 5.9s
1046/1204 upenn_0727_Partner_Dance_2_1_4 expanded_54da776bd3f3fd49 8.0s
1047/1204 upenn_0727_Partner_Dance_3_2_2 expanded_920eb7e771495365 8.4s
1048/1204 upenn_0727_Partner_Dance_3_2_4 expanded_f7142f74e9b9f261 8.1s
1049/1204 upenn_0728_Guitar_1_6 expanded_1175c4f5a3ae562c 5.1s
1050/1204 upenn_0730_Dance_1_3 expanded_1cb0bbd38fac8c5e 7.3s
1051/1204 upenn_0730_Dance_1_4 expanded_f6279f462638cbb4 8.1s
1052/1204 upenn_0730_Dance_1_6 expanded_01934de444cd080a 8.2s
1053/1204 upenn_0730_Dance_1_7 expanded_904eb85eb6a5e13a 8.2s
1054/1204 upenn_0730_Dance_2_2 expanded_7711ebe9a5b87951 8.4s
1055/1204 upenn_0730_Dance_2_3 expanded_c3b1cf7ca4c887d9 8.1s
1056/1204 upenn_0730_Dance_2_4 expanded_950d0c0062d74e6c 8.8s
1057/1204 upenn_0730_Dance_2_5 expanded_ff06a60070b6e6b2 9.5s
1058/1204 upenn_0730_Dance_2_6 expanded_d239df112756e779 9.7s
1059/1204 upenn_0730_Partner_Dance_1_1_2 expanded_aa10c0d5aad90ed8 9.2s
1060/1204 upenn_0730_Partner_Dance_1_1_5 expanded_8ec1e33926f07eb4 9.0s
1061/1204 upenn_0730_Partner_Dance_1_1_6 expanded_920a4bbed8cfe7d5 9.0s
1062/1204 utokyo_cpr_2005_23_2 expanded_637de39ca7c89cb8 9.2s
1063/1204 utokyo_cpr_2005_25_2 expanded_7f701e70ecc31931 9.1s
1064/1204 utokyo_cpr_2005_28_2 expanded_c3d951e96ce7d973 9.0s
1065/1204 utokyo_cpr_2005_31_2 expanded_371927a93f9aa69b 9.1s
1066/1204 utokyo_cpr_2005_35_2 expanded_1f672edb0d337491 9.0s
1067/1204 utokyo_cpr_2005_37_2 expanded_859652b2698e0e5b 6.4s
1068/1204 utokyo_omelet_12_1001_2 expanded_2008593c1b98a66d 7.2s
1069/1204 utokyo_omelet_12_1001_4 expanded_3b6dad210f22b60b 8.8s
1070/1204 utokyo_omelet_4_1001_2 expanded_1f8a642858433c93 9.0s
1071/1204 utokyo_omelet_4_1001_4 expanded_91890c300a208947 7.8s
1072/1204 utokyo_omelet_6_1001_2 expanded_beec1c62d4707e17 5.9s
1073/1204 utokyo_omelet_6_1001_4 expanded_71fdf76fcca4a066 8.8s
1074/1204 utokyo_omelet_9_1001_2 expanded_31d96effcbbb6b0a 8.7s
1075/1204 utokyo_omelet_9_1001_4 expanded_2a0c9e93ceda268d 8.7s
1076/1204 utokyo_pcr_2001_31_4 expanded_e848d6da773ce412 5.9s
1077/1204 utokyo_pcr_2001_31_8 expanded_69d0af1ad44c351b 7.9s
1078/1204 utokyo_pcr_2001_35_2 expanded_0b55145301fb166a 8.5s
1079/1204 utokyo_salad_12_1018_2 expanded_33d36a5d9daa7ea1 8.4s
1080/1204 utokyo_salad_12_1018_4 expanded_4a7ec739155bf364 8.5s
1081/1204 utokyo_salad_4_1018_2 expanded_34d5a3cd0bf7598a 6.2s
1082/1204 utokyo_salad_4_1018_4 expanded_e0edfb80db3484a1 6.6s
1083/1204 utokyo_sushi_12_1008_2 expanded_4c97ad5ccfbf3551 8.5s
1084/1204 utokyo_sushi_12_1008_4 expanded_f632f05283bb5ab8 8.4s
1085/1204 utokyo_sushi_4_1008_2 expanded_381e0dd6ea196156 8.3s
1086/1204 utokyo_sushi_4_1008_4 expanded_343185fd46a830aa 7.4s
1087/1204 utokyo_sushi_6_1008_2 expanded_03a6d7e024228ce6 5.7s
1088/1204 utokyo_sushi_6_1008_4 expanded_0ac5d6c0eeeb83a6 8.4s
1089/1204 utokyo_sushi_8_1008_2 expanded_13d2be63c2384d23 8.3s
1090/1204 utokyo_sushi_8_1008_4 expanded_29e3cd826604de6c 8.4s
1091/1204 utokyo_sushi_9_1008_2 expanded_bbb40acccf03bf93 8.2s
1092/1204 utokyo_sushi_9_1008_4 expanded_192005a3cd9cd85b 4.7s
Loading source val
Loaded source val
1093/1204 georgiatech_bike_07_2 expanded_76cc4aa57d79079b 8.2s
1094/1204 georgiatech_bike_14_6 expanded_8846bf97e89731cb 8.1s
1095/1204 georgiatech_bike_16_14 expanded_30ab5fe10ba5dfb3 5.8s
1096/1204 georgiatech_cooking_06_01_2 expanded_b7a87f6fc35e8124 6.7s
1097/1204 georgiatech_covid_02_10 expanded_29144cc5cdc26a05 8.3s
1098/1204 georgiatech_covid_04_4 expanded_a80962974e838f64 8.2s
1099/1204 georgiatech_covid_06_2 expanded_0139bd83edd480e1 8.3s
1100/1204 georgiatech_covid_18_8 expanded_1dd479c440104ff9 8.3s
1101/1204 iiith_cooking_125_3 expanded_33e97d6e527ac9fd 8.2s
1102/1204 iiith_cooking_32_1 expanded_4bcf873ba16e3460 8.6s
1103/1204 iiith_cooking_65_2 expanded_15d3a7c7d6253c66 9.7s
1104/1204 iiith_soccer_031_6 expanded_4bdc6fb4d4aa2cdc 9.6s
1105/1204 indiana_bike_09_7 expanded_406e4c89bb66c042 9.4s
1106/1204 indiana_bike_10_6 expanded_b0717dd735fcb5c9 9.2s
1107/1204 indiana_cooking_16_3 expanded_eac453120a92d901 9.0s
1108/1204 indiana_music_04_5 expanded_cdab4fa2d051d629 9.0s
1109/1204 minnesota_cooking_061_2 expanded_5b031791191496a0 9.1s
1110/1204 nus_cpr_30_3 expanded_db9b9af638f7a103 9.1s
1111/1204 sfu_basketball_04_18 expanded_b899d9b82402753c 6.9s
1112/1204 sfu_basketball_09_16 expanded_08f33be37e5923da 6.6s
1113/1204 sfu_cooking028_12 expanded_f131cab5d1bd4834 9.0s
1114/1204 sfu_cooking_008_1 expanded_5ab73a724959594c 8.9s
1115/1204 sfu_cooking_010_7 expanded_df6ee42a9c83aa48 8.0s
1116/1204 sfu_covid_008_12 expanded_0ed84df487030943 5.1s
1117/1204 unc_basketball_02-24-23_01_2 expanded_6134716e7ca25b84 8.6s
1118/1204 unc_basketball_03-09-23_01_60 expanded_47d26f26256cdab9 8.4s
1119/1204 unc_basketball_03-09-23_02_3 expanded_24b31b763a20db89 8.5s
1120/1204 unc_basketball_03-16-23_01_33 expanded_ce25210c15a7d11e 8.2s
1121/1204 unc_basketball_03-30-23_01_38 expanded_540e3f1b3b29ef7c 6.2s
1122/1204 unc_basketball_03-30-23_02_16 expanded_522415447e08cdd6 6.8s
1123/1204 unc_basketball_03-30-23_02_5 expanded_81cd43c852366b34 8.4s
1124/1204 unc_soccer_09-21-23_01_13 expanded_97cd6a8fcba50415 8.4s
1125/1204 unc_soccer_09-21-23_01_22 expanded_9e1f1329e937901c 8.3s
1126/1204 uniandes_basketball_003_38 expanded_3ea7e9336e471717 7.5s
1127/1204 uniandes_basketball_004_46 expanded_adfed4e0884554da 5.2s
1128/1204 uniandes_cooking_006_6 expanded_a471f7afcb2c4f70 8.4s
1129/1204 uniandes_dance_002_2 expanded_640f233c9ee73b8e 8.3s
1130/1204 uniandes_dance_002_9 expanded_63e6dbab0e6ef295 8.4s
1131/1204 uniandes_dance_007_7 expanded_4453c56e9d3ff87d 8.2s
1132/1204 uniandes_dance_008_36 expanded_099468a1986d998a 5.3s
1133/1204 uniandes_dance_016_11 expanded_b5991922179cfeff 7.6s
1134/1204 uniandes_dance_017_4 expanded_a34346537e9e8ce0 8.3s
1135/1204 uniandes_dance_019_19 expanded_5e9508034d4ba72d 8.3s
1136/1204 uniandes_dance_019_26 expanded_223be7bc5617127b 8.4s
1137/1204 uniandes_dance_019_54 expanded_574fad780b3496cb 6.4s
1138/1204 uniandes_dance_019_58 expanded_dbcc61c06c6650f3 6.2s
1139/1204 upenn_0701_Piano_3_5 expanded_1a5067c5836ff62b 8.4s
1140/1204 upenn_0706_Dance_4_2 expanded_d6a5b5a33d42a3b2 8.3s
1141/1204 upenn_0707_Guitar_2_7 expanded_e541082438c331bb 8.3s
1142/1204 upenn_0711_Cooking_3_2 expanded_082251645e3d4e30 8.0s
1143/1204 upenn_0713_Dance_3_5 expanded_63709a5ebb8c69f4 4.8s
1144/1204 upenn_0722_Piano_1_2 expanded_0436209efe567749 8.4s
1145/1204 upenn_0726_Violin_1_2 expanded_482d4bf7c2287f7f 8.4s
1146/1204 upenn_0727_Partner_Dance_3_1_4 expanded_312dea600781caee 8.4s
1147/1204 upenn_0728_Violin_2_4 expanded_6b044e81fa8b8180 8.2s
1148/1204 utokyo_pcr_2001_32_6 expanded_f7848956318fcd71 5.5s
1149/1204 cmu_soccer06_3 expanded_763c06222172eedc 6.9s
1150/1204 georgiatech_bike_07_10 expanded_1d45019e1f312881 8.1s
1151/1204 georgiatech_bike_15_10 expanded_a6ce69c61a121b3f 8.3s
1152/1204 georgiatech_bike_16_10 expanded_eb84faae8041e497 8.2s
1153/1204 georgiatech_cooking_02_02_4 expanded_7504cb84626cda8c 7.3s
1154/1204 georgiatech_cooking_13_01_2 expanded_4160b04eae661df4 5.0s
1155/1204 georgiatech_covid_02_6 expanded_542d2c9b7913177a 8.1s
1156/1204 georgiatech_covid_04_6 expanded_c0635bc84b1045e2 8.3s
1157/1204 georgiatech_covid_18_4 expanded_101d1027b2a3d2c3 8.3s
1158/1204 iiith_cooking_126_3 expanded_80d72172f9ee9fa1 8.1s
1159/1204 iiith_cooking_29_3 expanded_34875326c0138c7b 8.2s
1160/1204 iiith_cooking_60_2 expanded_bfe3344979f62392 8.2s
1161/1204 iiith_cooking_89_6 expanded_80e6d78b8124c97a 9.6s
1162/1204 iiith_soccer_031_4 expanded_402369d571b9ebca 9.2s
1163/1204 indiana_bike_09_6 expanded_e973992128023937 9.0s
1164/1204 indiana_bike_10_2 expanded_c7d3131ee3eee636 8.9s
1165/1204 indiana_cooking_16_2 expanded_c2bb065c4de17d12 9.1s
1166/1204 indiana_music_03_4 expanded_b2db25cf277ec103 9.1s
1167/1204 minnesota_cooking_010_2 expanded_74e682db64c4d779 5.3s
1168/1204 nus_cpr_44_2 expanded_8bc980c6afc3fd95 7.6s
1169/1204 sfu_basketball012_6 expanded_ac514bac4392d19f 8.7s
1170/1204 sfu_basketball_04_6 expanded_6ea95fc711a081d5 8.7s
1171/1204 sfu_basketball_09_2 expanded_557da63026079127 8.1s
1172/1204 sfu_basketball_09_31 expanded_09f081c5bd5812e6 5.0s
1173/1204 sfu_cooking022_5 expanded_14f329d63ed4c3b4 8.7s
1174/1204 sfu_cooking_007_5 expanded_b94f689320a5dad2 8.5s
1175/1204 sfu_covid_002_2 expanded_ee3fc6be6269704f 8.6s
1176/1204 sfu_covid_006_2 expanded_99a2c4246cfd63e9 8.3s
1177/1204 unc_basketball_02-24-23_01_34 expanded_8b9aa10da4e87143 5.6s
1178/1204 unc_basketball_02-24-23_02_12 expanded_c2cdc62de836aba3 7.5s
1179/1204 unc_basketball_03-09-23_01_6 expanded_237f7b7e1eabc52f 8.5s
1180/1204 unc_basketball_03-09-23_02_2 expanded_c842a874602de65f 8.6s
1181/1204 unc_basketball_03-30-23_01_28 expanded_5aa45a078c3b82cd 7.6s
1182/1204 unc_basketball_03-30-23_02_10 expanded_2d0e0be9afa21236 5.0s
1183/1204 unc_basketball_03-30-23_02_9 expanded_4f29859bf218c4ea 8.5s
1184/1204 unc_soccer_09-21-23_01_9 expanded_5c76fcd43cd4da70 8.4s
1185/1204 uniandes_cooking_001_5 expanded_17bd48d8e5fd8980 8.5s
1186/1204 uniandes_dance_002_6 expanded_93d837f66880974d 8.5s
1187/1204 uniandes_dance_008_29 expanded_a59e5e0b5f3d3f3e 8.5s
1188/1204 uniandes_dance_008_37 expanded_8faf67f70eaed34f 8.3s
1189/1204 uniandes_dance_011_41 expanded_83745cf747b07cff 9.6s
1190/1204 uniandes_dance_011_46 expanded_024d2fc6e98db7e5 9.8s
1191/1204 uniandes_dance_016_3 expanded_b0584243df9f4f8c 9.6s
1192/1204 uniandes_dance_017_6 expanded_502e9df3c35b73fc 9.7s
1193/1204 uniandes_dance_019_51 expanded_417c50aaa9bb09f9 9.2s
1194/1204 uniandes_dance_024_13 expanded_1ad88d4c3ddbd6a4 9.2s
1195/1204 uniandes_dance_024_17 expanded_7172dcedca76d572 9.4s
1196/1204 upenn_0702_Cooking_1_5 expanded_6fdf38a440a8c4cb 9.2s
1197/1204 upenn_0711_Cooking_3_4 expanded_d9722996a6e2e4fc 9.3s
1198/1204 upenn_0713_Dance_3_3 expanded_a772f9c964fdd9a1 9.2s
1199/1204 upenn_0713_Dance_4_5 expanded_7f2e727ceae4a4b6 9.2s
1200/1204 upenn_0721_Piano_1_5 expanded_68f04ffbaaef4087 9.3s
1201/1204 upenn_0726_Duet_Violin_1_1_4 expanded_6b7a47f5b2fbf50a 9.2s
1202/1204 upenn_0727_Partner_Dance_3_1_3 expanded_ec953fcd124bc444 9.4s
1203/1204 utokyo_pcr_2001_30_6 expanded_4ddea0a1ee96e496 9.2s
1204/1204 utokyo_soccer_8000_43_4 expanded_e8d39082cb285a90 9.2s
