REUSE expanded_ec05fee925d2ab55
Loading source train
Loaded source train
2026-09-29 22:32:34.728 | WARNING  | dataset.smpl_utils:get_smpl:10 - Loading SMPL model: smplx
2/1204 cmu_bike01_7 expanded_08ed508988a5bfc6 6.4s
3/1204 cmu_bike02_3 expanded_32bb90652193f7bc 5.1s
4/1204 cmu_bike02_5 expanded_b08225deb2520c3a 5.3s
5/1204 cmu_bike02_6 expanded_9bcf8fc37659ef55 5.1s
6/1204 cmu_bike03_3 expanded_d80061d4ae6fc4c9 5.2s
7/1204 cmu_bike05_4 expanded_11ac85f53164e5fa 5.0s
8/1204 cmu_bike05_6 expanded_e7b2522e65ad52fb 5.2s
9/1204 cmu_bike09_6 expanded_aadf3ba937458dab 5.1s
10/1204 cmu_bike12_3 expanded_f8f380c4c27f6ee2 5.2s
11/1204 cmu_bike12_5 expanded_e05c62bb32bf6e93 6.8s
12/1204 cmu_bike13_2 expanded_204b5933565a2c17 7.6s
13/1204 cmu_bike13_5 expanded_159f76e4883ca04c 7.7s
14/1204 cmu_bike14_3 expanded_b19f1dcc27de2767 7.7s
15/1204 cmu_bike14_5 expanded_b27a3acf21081667 7.7s
16/1204 cmu_bike15_5 expanded_12ad9ff566b51ee9 7.5s
17/1204 cmu_bike16_3 expanded_addcfb80307f8aa3 7.6s
18/1204 cmu_bike16_5 expanded_db377c872d4d87ae 7.5s
19/1204 cmu_bike17_3 expanded_12014123359340b9 7.7s
20/1204 cmu_bike18_3 expanded_7f567ff0a024f534 7.5s
21/1204 cmu_bike18_6 expanded_06387a8994b43912 7.7s
22/1204 cmu_bike19_3 expanded_3ea2d93bca921488 6.0s
23/1204 cmu_bike19_4 expanded_a9637fa40c61d156 6.0s
24/1204 cmu_bike20_2 expanded_d287599b6dd18c61 7.2s
25/1204 cmu_bike20_3 expanded_c2da9d27dd1d0b30 5.3s
26/1204 cmu_bike20_5 expanded_24bfff271dec4554 5.3s
27/1204 cmu_bike21_3 expanded_c84fac6c3a256bfa 5.4s
28/1204 cmu_bike21_5 expanded_cc7cd9adcf28807d 5.6s
29/1204 cmu_soccer03_1 expanded_fdf31259bcaa3000 5.6s
30/1204 cmu_soccer03_2 expanded_e972e5de1bd6169f 5.5s
31/1204 cmu_soccer06_4 expanded_81a1126a340a7af4 5.5s
32/1204 cmu_soccer06_5 expanded_840792ad82b7ac8e 5.3s
33/1204 cmu_soccer06_6 expanded_3d25f9df8102bef6 5.6s
34/1204 cmu_soccer07_1 expanded_06dec8aeb9c1d1f0 5.4s
35/1204 cmu_soccer07_2 expanded_25ec1225c8d97e7c 5.5s
36/1204 cmu_soccer07_3 expanded_46fde37f8f6abcd6 5.2s
37/1204 cmu_soccer08_2 expanded_18271f93c9aa83e3 5.3s
38/1204 cmu_soccer08_3 expanded_86c118484a9d0189 5.6s
39/1204 cmu_soccer09_1 expanded_d3243849ceb637ea 5.1s
40/1204 cmu_soccer09_2 expanded_456a1905523a01fb 5.4s
41/1204 cmu_soccer14_4 expanded_8e9beda8160d7183 5.2s
42/1204 cmu_soccer15_2 expanded_68d4b46beba39c26 5.3s
43/1204 cmu_soccer15_3 expanded_85d5c69934a7d14f 5.2s
44/1204 fair_bike_01_10 expanded_3c562b1943bb5ae5 5.3s
45/1204 fair_bike_01_14 expanded_4e59c13aee6f5d8c 5.1s
46/1204 fair_bike_01_16 expanded_669903fa2c74ac1e 5.3s
47/1204 fair_bike_01_3 expanded_3dab82cb7c1e2513 5.3s
48/1204 fair_bike_01_7 expanded_e4c796a00d6a8aa8 5.2s
49/1204 fair_bike_01_8 expanded_c054be6f7c108bec 5.3s
50/1204 fair_bike_02_11 expanded_4eeb3bc32524e359 5.2s
51/1204 fair_bike_02_12 expanded_8f3c4c97a987fe56 5.2s
52/1204 fair_bike_02_2 expanded_de7d244671009c5b 5.1s
53/1204 fair_bike_02_3 expanded_9cc01aac72cd13b3 5.0s
54/1204 fair_bike_02_7 expanded_b5b59eebbde7030d 5.1s
55/1204 fair_bike_02_8 expanded_e051ed62cfae5aa5 5.0s
56/1204 fair_bike_06_10 expanded_7075dc54259770aa 5.3s
57/1204 fair_bike_06_11 expanded_43bb21a04499f786 5.0s
58/1204 fair_bike_06_12 expanded_958a43f3387c5349 5.2s
59/1204 fair_bike_06_15 expanded_c1659e75e5edb96b 5.1s
60/1204 fair_bike_06_16 expanded_a3f26831cdba9cdf 5.1s
61/1204 fair_bike_06_19 expanded_dbe13381d90d9ded 5.0s
62/1204 fair_bike_06_20 expanded_3122c794b6ec2118 6.3s
63/1204 fair_bike_06_3 expanded_4f1e51fd0fbc0964 6.5s
64/1204 fair_bike_06_4 expanded_53a3fa42e76647f8 5.3s
65/1204 fair_bike_06_7 expanded_125615251f38bdd7 7.4s
66/1204 fair_bike_06_8 expanded_25aa8444e8fc35d7 4.9s
67/1204 fair_bike_07_11 expanded_cf908465a89bc0fb 7.2s
68/1204 fair_bike_07_15 expanded_91330846f52abac9 5.9s
69/1204 fair_bike_07_16 expanded_6a28c8b1a23973ef 6.0s
70/1204 fair_bike_07_19 expanded_d1e56939a40186e4 7.1s
71/1204 fair_bike_07_20 expanded_ccc1e2903fbb9f6e 4.8s
72/1204 fair_bike_07_3 expanded_18feefa57c924744 7.3s
73/1204 fair_bike_07_6 expanded_edaf19afce0da63d 5.0s
74/1204 fair_bike_07_7 expanded_44591fdad192deeb 4.4s
75/1204 fair_bike_08_10 expanded_c7ee29d794c37664 4.5s
76/1204 fair_bike_08_12 expanded_cfc3113217a6b71a 4.5s
77/1204 fair_bike_08_17 expanded_ac282f8a22980b9c 4.5s
78/1204 fair_bike_08_4 expanded_8273133467ffc857 4.5s
79/1204 fair_bike_08_8 expanded_d8ff1d102b1f3a6d 4.4s
80/1204 fair_bike_09_10 expanded_695c3df8c83bacf5 4.5s
81/1204 fair_bike_09_2 expanded_c54b47dfa9fa34f4 4.5s
82/1204 fair_bike_09_4 expanded_eca44dedd52e9a87 4.5s
83/1204 fair_bike_09_6 expanded_6c83fa32aec1f6b1 4.4s
84/1204 fair_bike_09_8 expanded_f9bff58ea42a8faf 4.5s
85/1204 fair_bike_10_10 expanded_3e0cd4276687f8c0 4.4s
86/1204 fair_bike_10_2 expanded_17a3d0928be24640 4.5s
87/1204 fair_bike_10_4 expanded_5e477325b6e273a1 4.5s
88/1204 fair_bike_10_6 expanded_14968f8e18c46894 4.6s
89/1204 fair_bike_10_8 expanded_4c9c4d4c8cba2946 4.5s
90/1204 fair_cooking_05_2 expanded_2a60563f16b49d40 4.5s
91/1204 fair_cooking_05_4 expanded_df2bb011bdb6b48c 4.5s
92/1204 fair_cooking_05_6 expanded_74e8abbd23b8984d 4.5s
93/1204 fair_cooking_06_2 expanded_3f90985c7a180120 4.4s
94/1204 fair_cooking_06_4 expanded_da4b0a34563c0c24 4.5s
95/1204 fair_cooking_06_6 expanded_b9bd22eab2f432fb 4.5s
96/1204 fair_cooking_07_2 expanded_9fc5fce90c359373 4.5s
97/1204 fair_cooking_07_4 expanded_705805d15ad4df98 4.5s
98/1204 fair_cooking_08_10 expanded_9d5c556654fb332f 4.5s
99/1204 fair_cooking_08_2 expanded_0153746974e880bc 4.5s
100/1204 fair_cooking_08_4 expanded_485f6ab9b2d821c1 4.5s
101/1204 fair_cooking_08_6 expanded_2b58a0bcb239ce26 4.5s
102/1204 fair_cooking_08_8 expanded_020bf6be0dceb536 4.5s
103/1204 georgiatech_bike_01_10 expanded_eea29d462bea0cf3 4.5s
104/1204 georgiatech_bike_01_4 expanded_8819f872a62fe2d3 4.5s
105/1204 georgiatech_bike_01_6 expanded_f99d4bd386e56ce2 4.5s
106/1204 georgiatech_bike_01_8 expanded_b867dc4012915300 4.5s
107/1204 georgiatech_bike_02_4 expanded_adee3e77461366cb 4.5s
108/1204 georgiatech_bike_02_9 expanded_5ecf7206853c9e60 4.4s
109/1204 georgiatech_bike_03_11 expanded_87920f1d3adedd2b 4.4s
110/1204 georgiatech_bike_03_12 expanded_442060a02b544027 4.5s
111/1204 georgiatech_bike_03_3 expanded_8b2366178fdfe293 4.4s
112/1204 georgiatech_bike_04_10 expanded_376d1651b0f5c56a 4.4s
113/1204 georgiatech_bike_04_4 expanded_2d36634609ad8833 4.5s
114/1204 georgiatech_bike_04_6 expanded_75e8d5a094211736 4.4s
115/1204 georgiatech_bike_05_13 expanded_6f85cc7da64c8fee 4.5s
116/1204 georgiatech_bike_05_4 expanded_07a3141e6004fec6 4.5s
117/1204 georgiatech_bike_05_7 expanded_a1bc68f58658aef3 4.5s
118/1204 georgiatech_bike_05_9 expanded_83025d4d232938f7 4.5s
119/1204 georgiatech_bike_08_12 expanded_6237de7296b0b8ad 4.5s
120/1204 georgiatech_bike_08_14 expanded_2910749f59202719 4.4s
121/1204 georgiatech_bike_08_4 expanded_d8093b72fc04c455 4.6s
122/1204 georgiatech_bike_09_11 expanded_c393024d173e5402 4.5s
123/1204 georgiatech_bike_09_2 expanded_53ed575bb308c421 4.5s
124/1204 georgiatech_bike_09_4 expanded_e1363e11a2c364a7 4.5s
125/1204 georgiatech_bike_09_6 expanded_80865fcc4748a9ce 4.4s
126/1204 georgiatech_bike_09_8 expanded_c0ee9b9ea7a8fe68 4.5s
127/1204 georgiatech_bike_09_9 expanded_df931c3c0b5e3228 4.6s
128/1204 georgiatech_bike_11_4 expanded_575038d66e425b63 4.5s
129/1204 georgiatech_bike_11_8 expanded_fcc258c2554a87ed 4.5s
130/1204 georgiatech_bike_11_9 expanded_c87fb4979700678f 4.6s
131/1204 georgiatech_bike_18_10 expanded_6fbbecb3fba1d2c8 4.5s
132/1204 georgiatech_bike_18_12 expanded_aeb01d1ef1950506 4.5s
133/1204 georgiatech_bike_18_15 expanded_93dbf60fa4f13d73 4.5s
134/1204 georgiatech_bike_18_2 expanded_992474ffe94f3514 4.5s
135/1204 georgiatech_bike_18_4 expanded_402525f1a7d0eb1d 4.6s
136/1204 georgiatech_bike_18_6 expanded_fb6b56dc4b993833 4.5s
137/1204 georgiatech_bike_18_8 expanded_0f9575c5a9d37fe1 4.4s
138/1204 georgiatech_bike_19_10 expanded_f736134d4c397736 4.5s
139/1204 georgiatech_bike_19_12 expanded_fb142106127438a5 4.4s
140/1204 georgiatech_bike_19_2 expanded_ca9da68e4108ad96 4.5s
141/1204 georgiatech_bike_19_4 expanded_6e8af0ee8f720c9b 4.5s
142/1204 georgiatech_bike_19_8 expanded_7803257af515c1bc 4.5s
143/1204 georgiatech_cooking_01_01_2 expanded_ffe739fdd14fbf22 4.9s
144/1204 georgiatech_cooking_01_01_4 expanded_ad406476a23eb56a 4.7s
145/1204 georgiatech_cooking_01_02_2 expanded_ba2320c2079d21b9 4.8s
146/1204 georgiatech_cooking_01_02_4 expanded_51fb6aa244997530 5.1s
147/1204 georgiatech_cooking_01_03_2 expanded_fb33b6f1f3f4da18 5.0s
148/1204 georgiatech_cooking_01_03_4 expanded_9ca594de2f9d9027 5.4s
149/1204 georgiatech_cooking_04_01_2 expanded_0d52089489459c32 5.8s
150/1204 georgiatech_cooking_04_02_2 expanded_318dbde001472d63 5.9s
151/1204 georgiatech_cooking_04_02_4 expanded_95e7c5bec7332f8b 5.9s
152/1204 georgiatech_cooking_04_03_2 expanded_6cf025ad8e73b5cb 5.6s
153/1204 georgiatech_cooking_07_03_2 expanded_2aad327377c94f3a 5.8s
154/1204 georgiatech_cooking_09_01_3 expanded_02e12f9dd833d2fb 5.6s
155/1204 georgiatech_cooking_09_01_6 expanded_97477786f2e8b5a7 5.6s
156/1204 georgiatech_cooking_09_02_2 expanded_f2e78c05bd497593 5.5s
157/1204 georgiatech_cooking_09_02_4 expanded_4e02ebc4cfc5bf5b 5.7s
158/1204 georgiatech_cooking_10_01_2 expanded_83417fa61c6b2e4c 5.4s
159/1204 georgiatech_cooking_10_01_6 expanded_797dba738ee4037a 5.4s
160/1204 georgiatech_cooking_10_02_2 expanded_988feebe90cc9be7 5.6s
161/1204 georgiatech_cooking_10_02_4 expanded_04970d02edd625d8 5.5s
162/1204 georgiatech_cooking_11_01_4 expanded_89a9c2cb23d7c2b5 5.1s
163/1204 georgiatech_cooking_11_01_6 expanded_3defb753ae55c6a2 6.7s
164/1204 georgiatech_cooking_11_02_3 expanded_7ffcff79c91ec422 6.9s
165/1204 georgiatech_cooking_11_02_6 expanded_6a59e4d023d54290 5.7s
166/1204 georgiatech_cooking_14_01_2 expanded_0f02b509b43374b3 7.6s
167/1204 georgiatech_cooking_14_01_6 expanded_178d4ffad302c7c1 5.3s
168/1204 georgiatech_cooking_14_02_2 expanded_16a847c605bb19a3 8.0s
169/1204 georgiatech_cooking_14_02_5 expanded_7aa93789df8580af 5.0s
170/1204 georgiatech_cooking_14_02_7 expanded_36a41a3db0a949e6 7.3s
171/1204 georgiatech_cooking_14_03_2 expanded_2ba0663bc2e297ee 6.1s
172/1204 georgiatech_covid_03_10 expanded_5185a44ad96b9aa4 5.9s
173/1204 georgiatech_covid_03_12 expanded_03c64135f529be10 7.5s
174/1204 georgiatech_covid_03_14 expanded_d5d0dc38150a0ea2 4.8s
175/1204 georgiatech_covid_03_2 expanded_8e06f6259b8de2cf 7.5s
176/1204 georgiatech_covid_03_4 expanded_66824e9405f75262 5.5s
177/1204 georgiatech_covid_03_6 expanded_df2e03432b6b5abb 6.6s
178/1204 georgiatech_covid_03_8 expanded_9e8f5f9501a0a4a5 6.6s
179/1204 georgiatech_covid_05_10 expanded_355fdef3e33f49ac 5.5s
180/1204 georgiatech_covid_05_12 expanded_b30151e55397484b 7.5s
181/1204 georgiatech_covid_05_2 expanded_a86eced68a7fdb57 4.8s
182/1204 georgiatech_covid_05_4 expanded_5f8835af36e5a052 7.3s
183/1204 georgiatech_covid_05_6 expanded_8bb3a960e76595bc 7.3s
184/1204 georgiatech_covid_05_8 expanded_160c714cfe2fae80 7.6s
185/1204 georgiatech_covid_07_10 expanded_d76f27c0352ec3b2 7.6s
186/1204 georgiatech_covid_07_12 expanded_ca628aa0cc97a211 7.6s
187/1204 georgiatech_covid_07_2 expanded_317e70eb2e05587d 7.7s
188/1204 georgiatech_covid_07_4 expanded_ff129589b988a03d 7.5s
189/1204 georgiatech_covid_07_6 expanded_fadc1d30fcc87cd5 8.7s
190/1204 georgiatech_covid_07_8 expanded_4610f447cedd6c9e 8.2s
191/1204 georgiatech_covid_09_12 expanded_ff5965df6294d75e 7.5s
192/1204 georgiatech_covid_09_2 expanded_c0037e503f9e2905 7.4s
193/1204 georgiatech_covid_09_4 expanded_6be214f3787a8354 7.6s
194/1204 georgiatech_covid_09_6 expanded_c759d5478a5f3ec7 7.5s
195/1204 georgiatech_covid_09_8 expanded_a206db96ba00c91d 7.5s
196/1204 georgiatech_covid_12_11 expanded_6787a038f531e400 7.6s
197/1204 georgiatech_covid_12_13 expanded_c3833413de5280c6 7.6s
198/1204 georgiatech_covid_12_3 expanded_395e94834b40f67e 7.5s
199/1204 georgiatech_covid_12_5 expanded_e0f2deb262104fe4 8.6s
200/1204 georgiatech_covid_12_7 expanded_c4efa803c78f2193 7.7s
201/1204 georgiatech_covid_12_9 expanded_f64f0977eb5c7514 4.7s
202/1204 georgiatech_covid_13_10 expanded_b1963632caa21d77 8.0s
203/1204 georgiatech_covid_13_2 expanded_df30f3898de7075c 5.3s
204/1204 georgiatech_covid_13_4 expanded_dfe6a199c008c1df 8.2s
205/1204 georgiatech_covid_13_6 expanded_ba385ece17fb4e55 5.5s
206/1204 georgiatech_covid_13_8 expanded_8eb4cfd2717e59df 7.8s
207/1204 georgiatech_covid_14_10 expanded_81bf710bce6896ef 5.7s
208/1204 georgiatech_covid_14_4 expanded_2a68638ecea868a3 7.5s
209/1204 georgiatech_covid_14_6 expanded_74a946a8ac1d4345 6.0s
210/1204 georgiatech_covid_14_7 expanded_7d6266236c735809 7.0s
211/1204 georgiatech_covid_14_8 expanded_921609636a226894 6.7s
212/1204 georgiatech_covid_16_10 expanded_743ec3b68104114a 6.4s
213/1204 georgiatech_covid_16_12 expanded_f8086d0cc39f4eaa 7.2s
214/1204 georgiatech_covid_16_2 expanded_9cc7fbb2c23de45c 5.7s
215/1204 georgiatech_covid_16_4 expanded_c4a8ab9fce870044 7.9s
216/1204 georgiatech_covid_16_6 expanded_d801f56e962b9f57 4.9s
217/1204 georgiatech_covid_16_8 expanded_c6e2d9b482736d22 8.1s
218/1204 iiith_cooking_01_1 expanded_5c61cafc97e73c87 5.0s
219/1204 iiith_cooking_02_1 expanded_a244899c60096ad6 8.1s
220/1204 iiith_cooking_02_3 expanded_f98f58c27bb5758d 5.3s
221/1204 iiith_cooking_03_1 expanded_6c6fd118a9d66fea 7.5s
222/1204 iiith_cooking_03_3 expanded_42b053c9928af733 7.5s
223/1204 iiith_cooking_04_1 expanded_42f245f5c5ab7d22 7.5s
224/1204 iiith_cooking_05_3 expanded_d653078498fce942 7.5s
225/1204 iiith_cooking_05_5 expanded_05c5025667732cf8 7.5s
226/1204 iiith_cooking_06_1 expanded_20232d7c86a4f644 7.5s
227/1204 iiith_cooking_09_1 expanded_c563f3d612f9ef5d 7.5s
228/1204 iiith_cooking_100_2 expanded_043764c17874feee 7.4s
229/1204 iiith_cooking_108_2 expanded_a4c6ea08ecdaaa2d 7.4s
230/1204 iiith_cooking_108_5 expanded_d1a05f62ae30f915 7.4s
231/1204 iiith_cooking_109_2 expanded_d5a6fba15ed399f4 7.5s
232/1204 iiith_cooking_10_1 expanded_ac4e55424ea157c8 7.7s
233/1204 iiith_cooking_110_4 expanded_ce96eb391e95577f 7.5s
234/1204 iiith_cooking_111_2 expanded_c173c075d2e5aac9 7.5s
235/1204 iiith_cooking_112_2 expanded_9dccf7e72ca52f67 7.5s
236/1204 iiith_cooking_112_4 expanded_4b7e4c1ac678c9b9 7.4s
237/1204 iiith_cooking_115_2 expanded_1d5f6709a5a38021 8.9s
238/1204 iiith_cooking_115_5 expanded_17263f01ffd1e918 8.4s
239/1204 iiith_cooking_116_4 expanded_ab88aae067bcb9d7 8.3s
240/1204 iiith_cooking_117_2 expanded_7be173115c470011 4.5s
241/1204 iiith_cooking_11_1 expanded_37f841a30f7e5400 7.4s
242/1204 iiith_cooking_122_2 expanded_21b2cfe9b5cdc96d 5.2s
243/1204 iiith_cooking_123_2 expanded_e22ea0dacabe44bd 7.1s
244/1204 iiith_cooking_123_4 expanded_f0103c306063bea8 6.4s
245/1204 iiith_cooking_124_2 expanded_9026580bf2a483de 6.8s
246/1204 iiith_cooking_124_4 expanded_5feb7c0b8723d970 7.0s
247/1204 iiith_cooking_124_5 expanded_c24196a72d2bd24d 6.5s
248/1204 iiith_cooking_128_2 expanded_8caf8bac377d0044 7.2s
249/1204 iiith_cooking_128_4 expanded_2b1409c005a5fbc6 5.9s
250/1204 iiith_cooking_12_1 expanded_3a1e1bb1c39254aa 7.8s
251/1204 iiith_cooking_130_2 expanded_c733915861857b78 5.2s
252/1204 iiith_cooking_130_4 expanded_57b3312da990cb4c 8.0s
253/1204 iiith_cooking_131_2 expanded_b4dec7525932cf6e 5.4s
254/1204 iiith_cooking_132_2 expanded_efd7646c9c8b137e 7.5s
255/1204 iiith_cooking_132_4 expanded_586edd64b406c7f5 8.0s
256/1204 iiith_cooking_134_2 expanded_0d680229f3c3c0e8 7.4s
257/1204 iiith_cooking_135_2 expanded_0492a858d5c074f7 7.0s
258/1204 iiith_cooking_136_2 expanded_baea63908aee6618 7.1s
259/1204 iiith_cooking_13_1 expanded_1faa7c0928d8ee3d 7.1s
260/1204 iiith_cooking_141_2 expanded_b8d914b907eb74c8 7.1s
261/1204 iiith_cooking_142_2 expanded_7d8258aa96572e9e 7.1s
262/1204 iiith_cooking_142_4 expanded_1e1ecb429789905b 8.9s
263/1204 iiith_cooking_143_2 expanded_b8b90a7e8d839e64 8.4s
264/1204 iiith_cooking_146_2 expanded_a3f695371f9f1444 6.2s
265/1204 iiith_cooking_147_2 expanded_bdcc182f371f5eb6 7.1s
266/1204 iiith_cooking_148_2 expanded_b255fe9063d88ef3 7.0s
267/1204 iiith_cooking_14_1 expanded_3c9f7f5d5ff18495 7.1s
268/1204 iiith_cooking_16_1 expanded_7fc56afaeb6d0ceb 7.1s
269/1204 iiith_cooking_17_1 expanded_58c1a5673d5b0ba4 7.1s
270/1204 iiith_cooking_20_1 expanded_445481545590a5ff 7.0s
271/1204 iiith_cooking_22_1 expanded_7ef39e041d35edd4 7.0s
272/1204 iiith_cooking_23_1 expanded_3d0f8ea3a8b6b19f 7.1s
273/1204 iiith_cooking_25_1 expanded_e154cd8fb9cd9dcb 7.0s
274/1204 iiith_cooking_25_3 expanded_a9a8f494dadf8f51 7.0s
275/1204 iiith_cooking_26_1 expanded_fe1d2c0022ab9026 7.0s
276/1204 iiith_cooking_27_1 expanded_3dc605f948d8eed6 7.0s
277/1204 iiith_cooking_27_3 expanded_f09643e6e0a530a4 7.0s
278/1204 iiith_cooking_28_1 expanded_6daacb8714f0a82f 7.1s
279/1204 iiith_cooking_40_1 expanded_5e04ddc785157906 7.1s
280/1204 iiith_cooking_41_1 expanded_accb6eeb8ce23baf 7.1s
281/1204 iiith_cooking_42_1 expanded_5d420943461119a3 7.1s
282/1204 iiith_cooking_43_3 expanded_c946db8a1ebbfd40 7.1s
283/1204 iiith_cooking_44_1 expanded_db309127e8eab75c 7.1s
284/1204 iiith_cooking_45_3 expanded_d43145124c215db3 7.1s
285/1204 iiith_cooking_56_2 expanded_47a1c0b01d17c611 7.8s
286/1204 iiith_cooking_57_2 expanded_8459473860226d28 8.2s
287/1204 iiith_cooking_57_4 expanded_cb438a4eff0e54cb 6.4s
288/1204 iiith_cooking_71_2 expanded_017dca98340800b0 4.5s
289/1204 iiith_cooking_71_4 expanded_d84805baf33d99bb 4.5s
290/1204 iiith_cooking_72_2 expanded_e8c60edb4d96e204 4.6s
291/1204 iiith_cooking_72_4 expanded_7cd8788375d24d7c 4.5s
292/1204 iiith_cooking_74_2 expanded_9a552908b4bb3f13 4.4s
293/1204 iiith_cooking_74_6 expanded_4f825b770dcfad5d 4.5s
294/1204 iiith_cooking_75_2 expanded_73d1c5e23e63bde1 4.5s
295/1204 iiith_cooking_77_2 expanded_fff753c957461d24 4.5s
296/1204 iiith_cooking_79_2 expanded_69e2631437ed25b5 4.5s
297/1204 iiith_cooking_80_2 expanded_647c46332bbf6096 4.5s
298/1204 iiith_cooking_84_2 expanded_760ce09e5a67b094 4.5s
299/1204 iiith_cooking_85_2 expanded_aed844f6dba967ca 4.5s
300/1204 iiith_cooking_87_2 expanded_258fdbb9f065cd70 4.4s
301/1204 iiith_cooking_87_6 expanded_b231c53d10800222 4.4s
302/1204 iiith_cooking_91_2 expanded_7f741fd5b9be24d9 4.5s
303/1204 iiith_cooking_93_2 expanded_b54a42c0629b11ce 4.4s
304/1204 iiith_cooking_93_6 expanded_719e20715c896059 4.5s
305/1204 iiith_cooking_97_2 expanded_60570ceef8c36e66 4.5s
306/1204 iiith_cooking_99_4 expanded_661cf56a2077f7cd 4.5s
307/1204 iiith_soccer_004_2 expanded_2ee2662b94d7b21e 4.5s
308/1204 iiith_soccer_004_3 expanded_293c0d0723d53614 4.5s
309/1204 iiith_soccer_006_2 expanded_52f5870a6c646aae 4.5s
310/1204 iiith_soccer_006_3 expanded_d52d858af4fc9765 4.5s
311/1204 iiith_soccer_014_3 expanded_7cdc0576199b87fa 4.6s
312/1204 iiith_soccer_014_5 expanded_8ef0932f039ddcda 4.5s
313/1204 iiith_soccer_016_2 expanded_fa162a3c6e2f60b6 4.4s
314/1204 iiith_soccer_016_4 expanded_47af182cfcac4352 4.5s
315/1204 iiith_soccer_020_3 expanded_f9a05d0c9b76ae4f 4.5s
316/1204 iiith_soccer_020_6 expanded_e1beeeda791de6d3 4.5s
317/1204 iiith_soccer_021_2 expanded_dceb9b769fe60248 4.5s
318/1204 iiith_soccer_021_3 expanded_24a132f84d99560c 4.5s
319/1204 iiith_soccer_027_6 expanded_af9936679adbfa61 4.5s
320/1204 iiith_soccer_028_2 expanded_4fc2be6ca6711a06 4.5s
321/1204 iiith_soccer_028_4 expanded_1a1615dfe762076d 4.5s
322/1204 iiith_soccer_029_2 expanded_51274aea8ced655f 4.5s
323/1204 iiith_soccer_030_2 expanded_d42b88910a5b74a5 4.4s
324/1204 iiith_soccer_030_4 expanded_a2034267d523404a 4.5s
325/1204 iiith_soccer_032_2 expanded_db105014928c6869 4.5s
326/1204 iiith_soccer_032_6 expanded_7fa62b40f3a69ab1 4.5s
327/1204 iiith_soccer_033_2 expanded_f6d89d60ff8f1569 4.5s
328/1204 iiith_soccer_034_2 expanded_379bfaaa3b23ed3a 4.5s
329/1204 iiith_soccer_034_4 expanded_24da1c9f1fa1bb9e 4.5s
330/1204 iiith_soccer_035_2 expanded_f872e17af7b088ce 4.5s
331/1204 iiith_soccer_035_3 expanded_66b4ac7be8247314 4.5s
332/1204 iiith_soccer_035_5 expanded_043a2c1a849eb072 4.5s
333/1204 iiith_soccer_036_2 expanded_00f974a63df541ba 4.6s
334/1204 iiith_soccer_039_2 expanded_3cce691f134a14bc 4.6s
335/1204 iiith_soccer_039_4 expanded_2ae7796205a1b00a 4.5s
336/1204 iiith_soccer_041_4 expanded_fb9a9ef0f0c3df40 4.5s
337/1204 iiith_soccer_042_2 expanded_d32a4b034eb79738 4.5s
338/1204 iiith_soccer_042_4 expanded_a243f32b48bf4904 4.5s
339/1204 iiith_soccer_052_4 expanded_4c3d673b008f2b14 4.5s
340/1204 iiith_soccer_052_6 expanded_5d7cbaaaadc1ab11 4.5s
341/1204 iiith_soccer_053_2 expanded_075cc7338ad526e2 4.5s
342/1204 iiith_soccer_057_2 expanded_ea3ec9221995a7da 4.5s
343/1204 iiith_soccer_060_2 expanded_980aa7245c8c3c06 4.5s
344/1204 iiith_soccer_060_6 expanded_09fe945922002f36 4.5s
345/1204 iiith_soccer_061_2 expanded_8ef3212757149830 4.6s
346/1204 iiith_soccer_061_6 expanded_2420c2ed8fb717bf 4.5s
347/1204 indiana_bike_02_2 expanded_274184aac82c5850 4.5s
348/1204 indiana_bike_02_3 expanded_0de483de338669d7 4.5s
349/1204 indiana_bike_03_1 expanded_03592e4afc20b9ef 4.5s
350/1204 indiana_bike_04_2 expanded_343b97d55aa7f23d 4.5s
351/1204 indiana_bike_04_3 expanded_8ab1984a38f53be3 4.5s
352/1204 indiana_bike_04_4 expanded_d74e5a53d514e888 4.5s
353/1204 indiana_bike_04_5 expanded_d464d7a8b38a6cd0 4.5s
354/1204 indiana_bike_04_7 expanded_8f51dfae9d6f975b 4.4s
355/1204 indiana_bike_04_9 expanded_cda8b6b5d4eeedb6 4.6s
356/1204 indiana_bike_06_10 expanded_ec453b0de29cd4bf 4.6s
357/1204 indiana_bike_06_11 expanded_a6ba153eebf8679c 4.5s
358/1204 indiana_bike_06_3 expanded_d5fe5dfbd988b5f3 4.5s
359/1204 indiana_bike_06_4 expanded_d74bd8e7ce10c575 4.5s
360/1204 indiana_bike_06_5 expanded_504cd545000a53b4 4.6s
361/1204 indiana_bike_06_7 expanded_fbee1980ffcfc4d2 4.5s
362/1204 indiana_bike_06_9 expanded_a2d81b6eed5776ad 4.5s
363/1204 indiana_bike_09_14 expanded_4d108f306731d1aa 4.5s
364/1204 indiana_bike_12_11 expanded_e4409671e0867377 4.4s
365/1204 indiana_bike_12_14 expanded_0848dfc5d801e0bc 4.5s
366/1204 indiana_bike_12_16 expanded_93946e8a30645d87 4.5s
367/1204 indiana_bike_12_4 expanded_c58d690f4f87d40f 4.6s
368/1204 indiana_bike_12_5 expanded_14f4abb2236393e8 4.5s
369/1204 indiana_bike_12_7 expanded_e6413f2c3d71a4db 4.5s
370/1204 indiana_bike_12_9 expanded_69b1e922d4e7cdae 4.5s
371/1204 indiana_bike_13_10 expanded_0677106f7f1cf9b8 4.5s
372/1204 indiana_bike_13_14 expanded_896b3d5692b1f70c 4.5s
373/1204 indiana_bike_13_2 expanded_8469323d7c5a5c8b 4.5s
374/1204 indiana_bike_13_3 expanded_c79fa2295738a867 4.6s
375/1204 indiana_bike_13_5 expanded_eb275c42a8a0ba08 4.5s
376/1204 indiana_bike_13_7 expanded_8fd467a1b661c24b 4.5s
377/1204 indiana_bike_13_8 expanded_8e6e77c3932f0279 4.5s
378/1204 indiana_bike_15_18 expanded_b07ba0d0281a71e6 4.5s
379/1204 indiana_bike_15_20 expanded_503cb1eb9d48943a 4.5s
380/1204 indiana_bike_15_22 expanded_f253955c4e676db8 4.5s
381/1204 indiana_bike_15_4 expanded_431a5b7d7013d186 4.5s
382/1204 indiana_bike_15_8 expanded_6809cff93ab083b2 4.5s
383/1204 indiana_cooking_01_2 expanded_4d40ccf9a18872e7 4.5s
384/1204 indiana_cooking_01_3 expanded_294460ded28e75ee 4.5s
385/1204 indiana_cooking_03_2 expanded_ac080c500406c5c1 4.5s
386/1204 indiana_cooking_03_3 expanded_a81507d26985b985 4.5s
387/1204 indiana_cooking_04_2 expanded_532596816d5ecf41 4.6s
388/1204 indiana_cooking_04_3 expanded_7283c9a613dc3aec 4.5s
389/1204 indiana_cooking_08_6 expanded_afc4ae32293e2487 4.5s
390/1204 indiana_cooking_10_2 expanded_d2f9a83a62155dbc 4.5s
391/1204 indiana_cooking_10_3 expanded_272c7caeee0a1a18 4.5s
392/1204 indiana_cooking_10_4 expanded_56317dd83bb40165 4.5s
393/1204 indiana_cooking_10_5 expanded_e4a209686336294c 4.5s
394/1204 indiana_cooking_12_3 expanded_827f099d6d3fad13 4.6s
395/1204 indiana_cooking_12_4 expanded_65ce65e3a42548fb 4.5s
396/1204 indiana_cooking_13_2 expanded_88ef8bdd970b200f 4.5s
397/1204 indiana_cooking_14_3 expanded_c7eef71132c3dc5c 4.6s
398/1204 indiana_cooking_14_4 expanded_ff3c7c999248e476 4.5s
399/1204 indiana_cooking_14_5 expanded_e91dd1c0ecc2bb93 4.6s
400/1204 indiana_cooking_14_6 expanded_6d772d4237effce6 4.5s
401/1204 indiana_cooking_20_2 expanded_c665ce5cfba296f1 4.5s
402/1204 indiana_cooking_20_3 expanded_d40ed0d8d3d1a854 4.5s
403/1204 indiana_cooking_20_4 expanded_7882fca9affdbd92 4.5s
404/1204 indiana_cooking_20_5 expanded_80e80db5b76a876d 4.5s
405/1204 indiana_cooking_21_2 expanded_f2bee4d407025750 4.5s
406/1204 indiana_cooking_21_3 expanded_5b07ef0f5cd2337d 4.5s
407/1204 indiana_cooking_21_4 expanded_695e2a10a30942d6 4.5s
408/1204 indiana_cooking_21_5 expanded_fc1700aa8caa6c6d 4.5s
409/1204 indiana_cooking_22_2 expanded_84a76aa8ae1ae7c0 4.5s
410/1204 indiana_cooking_22_3 expanded_419a6703eb98cc2e 4.4s
411/1204 indiana_cooking_22_4 expanded_9707edfd55d35bac 4.5s
412/1204 indiana_cooking_22_5 expanded_96bad4180ec66658 4.5s
413/1204 indiana_cooking_26_2 expanded_169fd09da5ccabe1 4.5s
414/1204 indiana_cooking_26_3 expanded_97c2948bd36a9969 4.5s
415/1204 indiana_cooking_26_4 expanded_95cf3f5db7269cd9 4.6s
416/1204 indiana_cooking_27_2 expanded_511ced98384265ad 4.6s
417/1204 indiana_music_05_2 expanded_cfd7621d78ffd442 4.5s
418/1204 indiana_music_05_3 expanded_b39ca0a9aff8bbab 4.5s
419/1204 indiana_music_05_4 expanded_4f3245b13b166269 4.9s
420/1204 indiana_music_06_2 expanded_f2291526808748a6 5.4s
421/1204 indiana_music_06_3 expanded_666a435ad760a232 6.3s
422/1204 indiana_music_06_4 expanded_6560a824e7682b83 6.6s
423/1204 indiana_music_09_4 expanded_5c86836217a1f396 6.9s
424/1204 indiana_music_09_5 expanded_8e157d90bc7efa71 7.6s
425/1204 indiana_music_12_3 expanded_345f0a0b04194811 7.9s
426/1204 indiana_music_12_5 expanded_3d3efb00fe24cac4 7.8s
427/1204 indiana_music_12_6 expanded_4b329634688d1c36 7.8s
428/1204 indiana_music_13_3 expanded_675ae1be85345694 7.5s
429/1204 indiana_music_13_4 expanded_74449c331268b7e3 7.3s
430/1204 indiana_music_14_3 expanded_21e1551da7ad599d 7.9s
431/1204 indiana_music_14_4 expanded_7bbc7bbf1163d24b 7.0s
432/1204 indiana_music_14_5 expanded_2586c0c15a2c6608 7.1s
433/1204 minnesota_cooking_021_2 expanded_f48e25ebd91e157b 7.4s
434/1204 minnesota_cooking_022_2 expanded_549b8c97a7b709f9 7.2s
435/1204 minnesota_cooking_022_4 expanded_9ce224d610a3ce6a 7.5s
436/1204 minnesota_cooking_023_2 expanded_f4c6efe55988b2e0 6.7s
437/1204 minnesota_cooking_023_4 expanded_93fb8ef602a620e8 7.4s
438/1204 minnesota_cooking_023_6 expanded_6a29a2232d87eda9 7.0s
439/1204 minnesota_cooking_024_2 expanded_b76cbbd1cbc0cf15 6.9s
440/1204 minnesota_cooking_030_2 expanded_dae52070f379d0c9 7.1s
441/1204 minnesota_cooking_030_5 expanded_53763da0f35fc0ee 6.8s
442/1204 minnesota_cooking_031_2 expanded_d2db5270370baa66 6.7s
443/1204 minnesota_cooking_031_4 expanded_a331a69efb492f55 6.9s
444/1204 minnesota_cooking_032_2 expanded_477bfa99e4ee2bec 6.7s
445/1204 minnesota_cooking_032_4 expanded_0746a80a925e00b0 6.8s
446/1204 minnesota_cooking_050_4 expanded_1b32eb762a59f776 6.5s
447/1204 minnesota_cooking_070_2 expanded_e2930f7ec405f994 6.7s
448/1204 minnesota_cooking_074_2 expanded_ad221aa033d7025a 6.5s
449/1204 nus_cooking_16_2 expanded_38d7d00e3d4bacde 6.5s
450/1204 nus_cooking_16_3 expanded_33d5cac19c8a4a5f 6.6s
451/1204 nus_cooking_16_4 expanded_d6a5dca23d664ebf 6.5s
452/1204 nus_cooking_16_5 expanded_56ec53cc97daa45c 6.5s
453/1204 nus_cooking_17_3 expanded_7b795ca15edc3044 6.1s
454/1204 nus_cooking_17_4 expanded_8f2e40c22c855c36 6.0s
455/1204 nus_covidtest_49_1 expanded_73cea8b1f5061f98 6.8s
456/1204 nus_cpr_07_1 expanded_29bd4e4be67b2789 6.4s
457/1204 nus_cpr_08_1 expanded_fc7f5d520c6dca66 5.9s
458/1204 nus_cpr_09_2 expanded_9de9d0e5182db445 6.4s
459/1204 nus_cpr_14_1 expanded_ec997ad6edafac65 5.9s
460/1204 nus_cpr_19_1 expanded_b12ef23e6bcacd56 7.3s
461/1204 nus_cpr_22_1 expanded_0121ec356ca63564 8.6s
462/1204 nus_cpr_24_1 expanded_279cfdf881af4b83 7.8s
463/1204 nus_cpr_25_1 expanded_7f3e978f36bb9be1 5.1s
464/1204 nus_cpr_25_2 expanded_8d409f78e087d31d 8.3s
465/1204 nus_cpr_26_3 expanded_b2baee399f72a953 8.2s
466/1204 nus_cpr_29_2 expanded_7601b6054fb3fdd1 8.0s
467/1204 nus_cpr_29_3 expanded_02958d91c2ff3405 6.0s
468/1204 nus_cpr_48_1 expanded_a8b726fa7feb3ac8 7.7s
469/1204 sfu_basketball013_14 expanded_89349a087db78e83 8.3s
470/1204 sfu_basketball013_15 expanded_ffebc7254d518850 8.4s
471/1204 sfu_basketball013_19 expanded_710e3cff6dec22b0 5.8s
472/1204 sfu_basketball013_20 expanded_dfe9d89b8a64b4a4 7.4s
473/1204 sfu_basketball013_23 expanded_ceac2d86302aa942 8.2s
474/1204 sfu_basketball013_27 expanded_cb061cc6f1c68c53 8.2s
475/1204 sfu_basketball013_5 expanded_bee5f1b1e27a1483 6.5s
476/1204 sfu_basketball013_7 expanded_44c1c30f07dd8fb6 6.9s
477/1204 sfu_basketball014_13 expanded_66e535baa586be84 8.0s
478/1204 sfu_basketball014_19 expanded_df695f77c6ec29c5 8.3s
479/1204 sfu_basketball014_22 expanded_741ee2af452cfb57 7.3s
480/1204 sfu_basketball014_29 expanded_28e07902153da869 6.0s
481/1204 sfu_basketball014_4 expanded_a72b8858e1f9f264 8.4s
482/1204 sfu_basketball015_11 expanded_6c4ab05364cdd3df 7.9s
483/1204 sfu_basketball015_16 expanded_638920d543472270 8.0s
484/1204 sfu_basketball015_19 expanded_e61702e040e7db9b 5.7s
485/1204 sfu_basketball015_20 expanded_d03680c27cd70bd7 8.0s
486/1204 sfu_basketball015_24 expanded_b4c9c0171b882414 8.2s
487/1204 sfu_basketball015_28 expanded_609634f98e64f19b 8.1s
488/1204 sfu_basketball015_29 expanded_37363ff56e421bf1 5.5s
489/1204 sfu_basketball015_4 expanded_d5a1c5346686dc62 8.2s
490/1204 sfu_basketball016_12 expanded_a1e757b3de75bfc7 8.1s
491/1204 sfu_basketball016_6 expanded_1b1db16097cd0083 8.3s
492/1204 sfu_basketball016_9 expanded_3d4943e3d1a82e8c 5.8s
493/1204 sfu_basketball017_12 expanded_787da6ae5b1ae808 7.6s
494/1204 sfu_basketball017_16 expanded_ce918325a02554d5 8.2s
495/1204 sfu_basketball017_18 expanded_2608b454e30ec6b8 8.1s
496/1204 sfu_basketball017_23 expanded_8454235550abe788 6.1s
497/1204 sfu_basketball017_7 expanded_43aecfcc05998b65 6.3s
498/1204 sfu_basketball_02_19 expanded_189a51f127fe3573 7.5s
499/1204 sfu_basketball_02_26 expanded_310862374bb76eaa 7.3s
500/1204 sfu_basketball_02_7 expanded_777283a61b04a583 7.1s
501/1204 sfu_basketball_03_23 expanded_51b703e2affe4c0b 7.3s
502/1204 sfu_basketball_03_47 expanded_b5837005eebce058 7.1s
503/1204 sfu_basketball_03_59 expanded_e5ee4031fc58ac64 7.1s
504/1204 sfu_basketball_05_11 expanded_e7db0526fe67bffc 7.2s
505/1204 sfu_basketball_05_30 expanded_d0483715ec9b87fd 7.1s
506/1204 sfu_basketball_05_7 expanded_cf2c5f42f1395a2d 7.2s
507/1204 sfu_basketball_06_6 expanded_1caaa629440aca78 7.3s
508/1204 sfu_basketball_07_19 expanded_868d66010474a33e 7.2s
509/1204 sfu_basketball_07_38 expanded_85577f519091d4e3 7.2s
510/1204 sfu_basketball_07_9 expanded_4ed657973e1ad28d 7.1s
511/1204 sfu_basketball_08_19 expanded_c27e53be8d26197d 7.2s
512/1204 sfu_basketball_08_25 expanded_f23cd9318bdafd73 7.2s
513/1204 sfu_basketball_08_37 expanded_adb9b0a263a83cfd 7.2s
514/1204 sfu_basketball_08_45 expanded_3e77d2a05adbf925 7.1s
515/1204 sfu_basketball_08_53 expanded_198364bf6d0312cd 7.1s
516/1204 sfu_basketball_08_9 expanded_9e89d9b48f66838e 7.1s
517/1204 sfu_basketball_10_18 expanded_3497f4fe314fce72 7.1s
518/1204 sfu_basketball_10_28 expanded_3689d6d08cd37da9 7.1s
519/1204 sfu_basketball_11_19 expanded_125fadf38d567bf2 7.2s
520/1204 sfu_basketball_11_31 expanded_c98e75c0465843c3 7.1s
521/1204 sfu_basketball_11_8 expanded_25e979cdfa87a692 7.1s
522/1204 sfu_cooking017_6 expanded_36fdc85530fde5aa 7.1s
523/1204 sfu_cooking017_9 expanded_35ca16a83d4f7280 7.1s
524/1204 sfu_cooking020_2 expanded_e376c6df6143d24b 7.1s
525/1204 sfu_cooking020_6 expanded_3f58327507b14d72 7.1s
526/1204 sfu_cooking020_8 expanded_f8f42af68a1114ed 7.1s
527/1204 sfu_cooking023_6 expanded_02b53f4c126d9869 7.0s
528/1204 sfu_cooking023_8 expanded_496a1ab816676765 7.1s
529/1204 sfu_cooking025_5 expanded_fa07dacf311fb4c8 7.1s
530/1204 sfu_cooking026_2 expanded_e810d76cd67d3158 7.1s
531/1204 sfu_cooking029_2 expanded_866dcd3b6bb5eb8a 7.2s
532/1204 sfu_cooking029_4 expanded_2e0a2f0ea930b070 6.9s
533/1204 sfu_cooking029_6 expanded_d379a37a26660f1b 7.2s
534/1204 sfu_cooking029_8 expanded_0291fd361a28fc39 7.1s
535/1204 sfu_cooking031_2 expanded_a3e39c400f84706d 7.1s
536/1204 sfu_cooking031_3 expanded_8d3a52baba69dcdc 7.1s
537/1204 sfu_cooking031_5 expanded_2091de4501302830 7.1s
538/1204 sfu_cooking031_7 expanded_b828551f2263515a 7.2s
539/1204 sfu_cooking031_9 expanded_10232842d0d9efeb 7.1s
540/1204 sfu_cooking032_4 expanded_b352a73f3e543bbd 7.1s
541/1204 sfu_cooking_001_2 expanded_127ca218a95ac41a 7.1s
542/1204 sfu_cooking_001_4 expanded_6b1b8e7a6089df2a 7.2s
543/1204 sfu_cooking_001_6 expanded_c5e79c4a1f1373d4 7.2s
544/1204 sfu_cooking_001_8 expanded_1b01a29caa9918e4 7.1s
545/1204 sfu_cooking_002_1 expanded_eac9fa8f431cae5d 7.1s
546/1204 sfu_cooking_002_3 expanded_de5dd60ffb00cdd2 7.2s
547/1204 sfu_cooking_002_5 expanded_11c665e85cb2249e 7.1s
548/1204 sfu_cooking_002_7 expanded_0da9f9694fdfea8e 7.3s
549/1204 sfu_cooking_003_1 expanded_97247f8e0c81a9a3 9.3s
550/1204 sfu_cooking_003_3 expanded_4a0245b4e7d9b687 9.1s
551/1204 sfu_cooking_003_5 expanded_d472fc93d50b58fa 8.7s
552/1204 sfu_cooking_005_1 expanded_d779597b5ce528cd 8.7s
553/1204 sfu_cooking_005_2 expanded_f4349ce63c21e6dc 8.8s
554/1204 sfu_cooking_005_6 expanded_8d332e3cce05ff14 8.8s
555/1204 sfu_cooking_006_1 expanded_b13d97b819aead16 8.8s
556/1204 sfu_cooking_009_1 expanded_49f46dddd937da01 6.7s
557/1204 sfu_cooking_009_3 expanded_b4f35f6a94d584da 5.2s
558/1204 sfu_cooking_009_5 expanded_3c3815f0d2cf25fd 7.8s
559/1204 sfu_cooking_009_7 expanded_fe01613342e3a7fd 8.3s
560/1204 sfu_cooking_011_1 expanded_1bd4929455647483 8.6s
561/1204 sfu_cooking_011_5 expanded_ae0e0607dded8a4d 7.9s
562/1204 sfu_cooking_013_1 expanded_25fc6d5d1d36ed28 6.1s
563/1204 sfu_covid_001_10 expanded_5dcb8fe366e5c5cb 8.4s
564/1204 sfu_covid_001_2 expanded_1ad8265830576be1 8.4s
565/1204 sfu_covid_001_4 expanded_970b3fd801c68945 8.3s
566/1204 sfu_covid_001_6 expanded_acd1d6c0e0b2b896 5.2s
567/1204 sfu_covid_001_8 expanded_01128696f924d0ea 8.5s
568/1204 sfu_covid_007_2 expanded_a6aba6986c33b1e9 8.1s
569/1204 sfu_covid_009_10 expanded_dc02015adfd19117 8.3s
570/1204 sfu_covid_009_12 expanded_bcfc5167ac601d47 8.2s
571/1204 sfu_covid_009_14 expanded_ef75ce188305fe1c 8.2s
572/1204 sfu_covid_009_2 expanded_afca34e15496b877 8.1s
573/1204 sfu_covid_009_4 expanded_c662f71a95a7ada1 8.2s
574/1204 sfu_covid_009_6 expanded_68573d9dfa71b849 9.7s
575/1204 sfu_covid_009_8 expanded_ad299f37c2612d1f 9.9s
576/1204 sfu_covid_010_2 expanded_783ba91620798010 9.4s
577/1204 sfu_covid_012_5 expanded_4de101e00264c437 9.6s
578/1204 sfu_covid_013_12 expanded_6a5f0cf83e1083bc 9.3s
579/1204 sfu_covid_014_2 expanded_8b7dfc9a05a7fd32 9.5s
580/1204 unc_basketball_02-24-23_01_12 expanded_875f6c936faf540e 8.1s
581/1204 unc_basketball_02-24-23_01_25 expanded_a34a566de66361f9 5.8s
582/1204 unc_basketball_02-24-23_01_29 expanded_7437601e1dfdc62a 8.2s
583/1204 unc_basketball_02-24-23_01_41 expanded_3cf654fcf5038764 8.7s
584/1204 unc_basketball_02-24-23_01_43 expanded_8669949cfc0ff33f 8.4s
585/1204 unc_basketball_02-24-23_01_8 expanded_d48841f89e098538 6.4s
586/1204 unc_basketball_02-24-23_02_4 expanded_e5e1d1748ce34893 8.7s
587/1204 unc_basketball_02-24-23_02_6 expanded_eefb20936af4f2f6 8.5s
588/1204 unc_basketball_03-09-23_01_2 expanded_7f634efc4c36e3a7 8.2s
589/1204 unc_basketball_03-09-23_01_32 expanded_f3c3647d2078db96 6.4s
590/1204 unc_basketball_03-09-23_01_4 expanded_e4b0d3109b5dbe94 8.6s
591/1204 unc_basketball_03-09-23_01_42 expanded_b953a378bd39886e 8.5s
592/1204 unc_basketball_03-09-23_02_10 expanded_d6dd61259bccc98d 8.5s
593/1204 unc_basketball_03-09-23_02_12 expanded_1001d0aca18cd267 5.5s
594/1204 unc_basketball_03-09-23_02_18 expanded_fd4a15d809e1b166 8.5s
595/1204 unc_basketball_03-09-23_02_20 expanded_97a3d6d2f944acf7 8.4s
596/1204 unc_basketball_03-09-23_02_21 expanded_07843c307aa219f5 8.3s
597/1204 unc_basketball_03-09-23_02_40 expanded_29ba62cb44a30e30 5.4s
598/1204 unc_basketball_03-09-23_02_47 expanded_662130063059fba9 8.8s
599/1204 unc_basketball_03-09-23_02_6 expanded_2b2a83ff8a214c45 8.2s
600/1204 unc_basketball_03-09-23_02_9 expanded_9a7cf9b538d7d500 8.2s
601/1204 unc_basketball_03-16-23_01_19 expanded_e6a2c2b338035274 6.0s
602/1204 unc_basketball_03-16-23_01_22 expanded_184e99a12cc46325 7.8s
603/1204 unc_basketball_03-16-23_01_23 expanded_47e8a7954ce49f2b 8.3s
604/1204 unc_basketball_03-16-23_01_37 expanded_3becd92b77f804db 8.4s
605/1204 unc_basketball_03-16-23_01_40 expanded_895f0c2158cfabf1 5.9s
606/1204 unc_basketball_03-16-23_01_43 expanded_cc11606f9b5c7fdc 8.0s
607/1204 unc_basketball_03-16-23_02_12 expanded_df0641ddb9a59ff0 8.0s
608/1204 unc_basketball_03-16-23_02_14 expanded_9926e5e327014b12 8.1s
609/1204 unc_basketball_03-16-23_02_17 expanded_cb0571da92c29519 5.5s
610/1204 unc_basketball_03-16-23_02_19 expanded_62d6bc0de9e5a090 6.5s
611/1204 unc_basketball_03-16-23_02_2 expanded_28f01279bf6eb82f 7.4s
612/1204 unc_basketball_03-16-23_02_22 expanded_ee34d12012baa38c 7.7s
613/1204 unc_basketball_03-16-23_02_25 expanded_e3400f1a0c1b3fcf 7.4s
614/1204 unc_basketball_03-16-23_02_27 expanded_e63ec27557f008bf 7.4s
615/1204 unc_basketball_03-16-23_02_28 expanded_10e8893f1efed60e 7.1s
616/1204 unc_basketball_03-16-23_02_33 expanded_1041c1d2f39b8e40 5.1s
617/1204 unc_basketball_03-16-23_02_36 expanded_4fe37e34344954a2 7.4s
618/1204 unc_basketball_03-16-23_02_4 expanded_83fb634a3db172b8 7.4s
619/1204 unc_basketball_03-16-23_02_5 expanded_108bf4950913beb2 7.6s
620/1204 unc_basketball_03-16-23_02_7 expanded_398782d188d4c07d 7.6s
621/1204 unc_basketball_03-16-23_02_9 expanded_72d4df2b2d44bf3f 7.5s
622/1204 unc_basketball_03-17-23_01_11 expanded_8dead3ce85c6b046 5.1s
623/1204 unc_basketball_03-17-23_01_14 expanded_8e9dd2814eca340d 6.9s
624/1204 unc_basketball_03-17-23_01_17 expanded_bfe417b282eb70a9 7.6s
625/1204 unc_basketball_03-17-23_01_20 expanded_a1adcc0b9113b4d5 7.9s
626/1204 unc_basketball_03-17-23_01_23 expanded_e5678cf860648420 7.5s
627/1204 unc_basketball_03-17-23_01_7 expanded_ddb3dad3c06526f3 7.8s
628/1204 unc_basketball_03-30-23_01_13 expanded_fd2e0c3546496669 6.0s
629/1204 unc_basketball_03-30-23_01_17 expanded_ada40329a32b1894 6.5s
630/1204 unc_basketball_03-30-23_01_41 expanded_187c7e9344fe8d02 7.5s
631/1204 unc_basketball_03-30-23_01_46 expanded_ee15dca5768c2fa3 7.3s
632/1204 unc_basketball_03-30-23_01_49 expanded_ca870e644ea49b71 7.3s
633/1204 unc_basketball_03-30-23_01_7 expanded_c43f834845e796b8 7.2s
634/1204 unc_basketball_03-30-23_02_23 expanded_75ef90b93bc28fb1 7.2s
635/1204 unc_basketball_03-30-23_02_26 expanded_1132837f81ae4aed 7.3s
636/1204 unc_basketball_03-30-23_02_30 expanded_8187475607f089fb 7.3s
637/1204 unc_basketball_03-30-23_02_32 expanded_cd2324e179f3ecc3 7.2s
638/1204 unc_basketball_03-30-23_02_35 expanded_73de883675aa8522 7.3s
639/1204 unc_basketball_03-30-23_02_38 expanded_89374d41500ad604 7.2s
640/1204 unc_basketball_03-31-23_01_11 expanded_1ca82e77ff2790d9 7.1s
641/1204 unc_basketball_03-31-23_01_16 expanded_e845181f6192f9c8 7.2s
642/1204 unc_basketball_03-31-23_01_19 expanded_0ee62691bae93e9e 7.2s
643/1204 unc_basketball_03-31-23_01_4 expanded_0a965cedc67aa24b 7.3s
644/1204 unc_basketball_03-31-23_01_48 expanded_d78e53257c8388e0 7.2s
645/1204 unc_basketball_03-31-23_01_53 expanded_60342c2ed66b8666 7.2s
646/1204 unc_basketball_03-31-23_01_6 expanded_17505c1da7b6a917 7.3s
647/1204 unc_basketball_03-31-23_01_9 expanded_baff480a784a03b2 7.3s
648/1204 unc_basketball_03-31-23_02_16 expanded_700dddb754894908 8.4s
649/1204 unc_basketball_03-31-23_02_21 expanded_f3208a1bc03147f7 9.3s
650/1204 unc_basketball_03-31-23_02_23 expanded_f7c111c5e1ac193d 9.3s
651/1204 unc_basketball_03-31-23_02_27 expanded_e74ad1f1afca36af 8.9s
652/1204 unc_basketball_03-31-23_02_37 expanded_1a51b5f206fefcf4 8.8s
653/1204 unc_basketball_03-31-23_02_40 expanded_9c1b09469bed6144 8.8s
654/1204 unc_basketball_03-31-23_02_45 expanded_abf64e23d9d419f1 8.8s
655/1204 unc_music_04-26-23_02_7 expanded_93064ee4a9e9351d 8.8s
656/1204 unc_soccer_09-21-23_01_45 expanded_7854d522a0273e40 8.8s
657/1204 unc_soccer_09-22-23_01_2 expanded_d44d1f93e0daf5de 4.6s
658/1204 unc_soccer_09-22-23_01_4 expanded_162eb906ac45ebda 7.2s
659/1204 unc_soccer_09-22-23_01_9 expanded_402083cd64ee809f 7.7s
660/1204 uniandes_basketball_001_12 expanded_1f802bd797db3b95 7.9s
661/1204 uniandes_basketball_001_30 expanded_e5d19b2018bd4620 7.9s
662/1204 uniandes_basketball_001_32 expanded_0ad05e21615fff8d 7.9s
663/1204 uniandes_basketball_001_34 expanded_feddde3bfeea2beb 5.7s
664/1204 uniandes_basketball_001_35 expanded_efe1ffbcb1fb4d8f 7.5s
665/1204 uniandes_basketball_001_4 expanded_d992dad82bd766db 8.0s
666/1204 uniandes_basketball_001_7 expanded_08e58e3cf38c945f 7.7s
667/1204 uniandes_basketball_002_14 expanded_e846a452c104ef18 6.5s
668/1204 uniandes_basketball_002_18 expanded_bc915f251b65cfc6 6.2s
669/1204 uniandes_basketball_002_21 expanded_631f0d80c1566e84 8.0s
670/1204 uniandes_basketball_002_25 expanded_077ed051a773902d 7.8s
671/1204 uniandes_basketball_002_29 expanded_f12a0924decdaaf3 8.0s
672/1204 uniandes_basketball_002_5 expanded_59d82b9d5ee4abb4 7.8s
673/1204 uniandes_basketball_002_9 expanded_0d8b60c6e4a6d54d 8.0s
674/1204 uniandes_basketball_003_12 expanded_f49402701854e91e 7.7s
675/1204 uniandes_basketball_003_16 expanded_2dd20708085f6439 8.0s
676/1204 uniandes_basketball_003_19 expanded_9da0a5086559a885 7.7s
677/1204 uniandes_basketball_003_21 expanded_b00cde504209b17b 7.9s
678/1204 uniandes_basketball_003_26 expanded_555a4dee39d6eec2 7.7s
679/1204 uniandes_basketball_003_31 expanded_c5b498a3fd67e1f5 7.9s
680/1204 uniandes_basketball_003_33 expanded_aa54f3c22fcdfc9d 7.8s
681/1204 uniandes_basketball_003_4 expanded_df325e388e7e177b 7.8s
682/1204 uniandes_basketball_003_47 expanded_42136fa384346cdd 7.6s
683/1204 uniandes_basketball_003_50 expanded_7fec49404bd7d583 8.4s
684/1204 uniandes_basketball_003_7 expanded_7ef507bc7369d22a 9.7s
685/1204 uniandes_basketball_004_15 expanded_b1d15c49e28ad94d 9.7s
686/1204 uniandes_basketball_004_17 expanded_35f468049cf84dfa 9.6s
687/1204 uniandes_basketball_004_38 expanded_7746733c2dbb4a7c 9.3s
688/1204 uniandes_basketball_004_40 expanded_e8bd83443f9c2e5a 9.3s
689/1204 uniandes_basketball_004_48 expanded_17d878524dcaea4d 9.4s
690/1204 uniandes_basketball_004_58 expanded_875097a8761227b1 9.4s
691/1204 uniandes_basketball_004_60 expanded_dfe1b42c1257893b 9.4s
692/1204 uniandes_basketball_004_8 expanded_588f436212ba9345 9.6s
693/1204 uniandes_basketball_005_12 expanded_a451e91ae2078c9a 9.3s
694/1204 uniandes_basketball_005_20 expanded_62412c4c6204d120 9.4s
695/1204 uniandes_basketball_005_4 expanded_fb3d71eb09fe62c3 9.3s
696/1204 uniandes_cooking_001_10 expanded_d9b8419a3f043cfb 7.1s
697/1204 uniandes_cooking_001_12 expanded_cbed6f5a504efcc2 6.2s
698/1204 uniandes_cooking_002_10 expanded_57c10b3bc2be20cc 8.3s
699/1204 uniandes_cooking_002_12 expanded_a4d01a20768666e5 8.8s
700/1204 uniandes_cooking_002_6 expanded_74dd72278b438cb8 8.4s
701/1204 uniandes_cooking_002_8 expanded_fc1ada5ca5e361c0 7.1s
702/1204 uniandes_cooking_003_13 expanded_adfd3179474bb48a 9.0s
703/1204 uniandes_cooking_003_6 expanded_9d336996985a945f 9.1s
704/1204 uniandes_cooking_003_8 expanded_d6ade311db72960b 7.6s
705/1204 uniandes_cooking_005_4 expanded_c7ea817bc34ae399 7.4s
706/1204 uniandes_cooking_005_6 expanded_0651b57a4dc7f950 9.3s
707/1204 uniandes_cooking_005_8 expanded_130feb73ebe42547 8.8s
708/1204 uniandes_cooking_006_10 expanded_bc778eb7006f2ce6 7.1s
709/1204 uniandes_cooking_006_2 expanded_389b06f9e479028c 8.1s
710/1204 uniandes_cooking_006_4 expanded_bbb28dc67c212c46 9.1s
711/1204 uniandes_cooking_007_2 expanded_f1df450e3a4c97c8 8.9s
712/1204 uniandes_cooking_007_4 expanded_d2f54221d94290e0 6.4s
713/1204 uniandes_cooking_007_6 expanded_5445310969df34e3 8.8s
714/1204 uniandes_cooking_008_10 expanded_8323f3a5de99647b 9.0s
715/1204 uniandes_cooking_008_4 expanded_89fe9f0151d2766e 9.0s
716/1204 uniandes_cooking_008_6 expanded_61794cd547124d04 5.5s
717/1204 uniandes_cooking_008_8 expanded_6ce91cbb7c8aabe8 8.9s
718/1204 uniandes_cooking_009_2 expanded_2af8db6a8fb2b721 8.9s
719/1204 uniandes_cooking_009_4 expanded_2e9297a4507fee79 8.2s
720/1204 uniandes_cooking_009_6 expanded_c33f865dec4d3a12 5.4s
721/1204 uniandes_dance_002_15 expanded_64d13c37b8c939ed 8.3s
722/1204 uniandes_dance_008_11 expanded_755a7cd8fa76c9c3 8.7s
723/1204 uniandes_dance_008_13 expanded_88280b3095739951 8.3s
724/1204 uniandes_dance_008_21 expanded_1235e5f6c2cddbb5 8.2s
725/1204 uniandes_dance_008_23 expanded_7c64e33f51f95ad8 5.4s
726/1204 uniandes_dance_008_25 expanded_7fcd73825086ce82 8.1s
727/1204 uniandes_dance_008_27 expanded_eac72c3d66fa5c38 8.4s
728/1204 uniandes_dance_008_44 expanded_2acd6945e5acab95 8.2s
729/1204 uniandes_dance_008_47 expanded_472ebb7653bf032e 8.2s
730/1204 uniandes_dance_008_49 expanded_86012329cc8704d2 5.2s
731/1204 uniandes_dance_008_51 expanded_7953249c1e0373de 8.2s
732/1204 uniandes_dance_008_7 expanded_868ecb90eff21e3a 8.1s
733/1204 uniandes_dance_008_9 expanded_65eb265a727c7b30 8.5s
734/1204 uniandes_dance_011_18 expanded_3c89583a17fb74c1 8.1s
735/1204 uniandes_dance_011_21 expanded_f8227ba764df97ae 5.0s
736/1204 uniandes_dance_011_24 expanded_774912c0f097e30d 8.2s
737/1204 uniandes_dance_011_29 expanded_82e899098b03cb72 8.4s
738/1204 uniandes_dance_011_33 expanded_90867e223a1064cd 5.7s
739/1204 uniandes_dance_011_35 expanded_d4ce9b9f21e3bf07 7.4s
740/1204 uniandes_dance_012_10 expanded_298abedb8d12d52f 8.8s
741/1204 uniandes_dance_012_14 expanded_281e5643ce9831c4 8.6s
742/1204 uniandes_dance_012_19 expanded_d5a001ba9a824645 8.8s
743/1204 uniandes_dance_012_20 expanded_accce063d909e9ff 8.4s
744/1204 uniandes_dance_012_23 expanded_5b4157828c2c6bfe 7.9s
745/1204 uniandes_dance_012_25 expanded_8cd97093d795fa3f 8.8s
746/1204 uniandes_dance_012_29 expanded_2a013f1c468f00eb 8.0s
747/1204 uniandes_dance_012_30 expanded_1249506cc2d991cb 7.7s
748/1204 uniandes_dance_012_34 expanded_3a6e6dac27a8c52b 8.2s
749/1204 uniandes_dance_012_36 expanded_1344c6f4afbc1df6 7.7s
750/1204 uniandes_dance_012_39 expanded_9b40dccc31e87fcb 8.0s
751/1204 uniandes_dance_012_6 expanded_503eba55c420e5b7 7.5s
752/1204 uniandes_dance_012_8 expanded_5d73d394c9ff6434 8.2s
753/1204 uniandes_dance_013_10 expanded_058f13abfb8d6c2e 9.9s
754/1204 uniandes_dance_013_13 expanded_50506d4c82070056 9.9s
755/1204 uniandes_dance_013_15 expanded_f31f75310b5e9716 9.2s
756/1204 uniandes_dance_013_17 expanded_c6e1432cdb009de8 8.8s
757/1204 uniandes_dance_013_18 expanded_582f4f8ba6c12643 8.8s
758/1204 uniandes_dance_013_20 expanded_810ecd236948234e 8.8s
759/1204 uniandes_dance_013_22 expanded_083e0787c64450b0 8.9s
760/1204 uniandes_dance_013_5 expanded_a8a45ead788fcabe 8.8s
761/1204 uniandes_dance_013_7 expanded_712c6a59a22ee242 8.8s
762/1204 uniandes_dance_013_9 expanded_a952e020444a2985 6.6s
763/1204 uniandes_dance_015_15 expanded_0cad08702d0bdb8c 5.6s
764/1204 uniandes_dance_015_19 expanded_c9e12285b36e4106 7.8s
765/1204 uniandes_dance_015_21 expanded_fe7c374a84706089 9.1s
766/1204 uniandes_dance_017_10 expanded_3dd9e3edbec7453d 9.3s
767/1204 uniandes_dance_017_12 expanded_08a0ec9eedd09bdb 5.9s
768/1204 uniandes_dance_017_14 expanded_de7918cb167dcf9d 9.6s
769/1204 uniandes_dance_017_17 expanded_d292ac1700a65bc4 9.5s
770/1204 uniandes_dance_017_31 expanded_e4db7dc46b1ad3a0 9.4s
771/1204 uniandes_dance_017_32 expanded_53d369c350d46309 6.3s
772/1204 uniandes_dance_017_36 expanded_e11b0fff66333ce8 9.3s
773/1204 uniandes_dance_017_39 expanded_57bfa50da7ea5e7e 9.5s
774/1204 uniandes_dance_017_40 expanded_535039ae97085faa 9.3s
775/1204 uniandes_dance_017_54 expanded_badfbad4a13d87ed 6.6s
776/1204 uniandes_dance_017_56 expanded_a5242c3d9e9da394 8.6s
777/1204 uniandes_dance_017_58 expanded_ab9a63c743e36f97 9.3s
778/1204 uniandes_dance_017_8 expanded_9be24704334a97ba 8.3s
779/1204 uniandes_dance_017_9 expanded_f1085deb08bb116e 6.7s
780/1204 uniandes_dance_019_13 expanded_bdbddcff4cbc6796 9.4s
781/1204 uniandes_dance_019_14 expanded_d38af2152761838e 9.4s
782/1204 uniandes_dance_019_15 expanded_6de2b4379d1ac3a6 9.4s
783/1204 uniandes_dance_019_4 expanded_2d2414d3f33de571 9.3s
784/1204 uniandes_dance_019_5 expanded_101b7a1460c05cb4 8.8s
785/1204 uniandes_dance_019_7 expanded_fa6c0391edcc5d08 8.9s
786/1204 uniandes_dance_020_11 expanded_26eab0052b585960 9.4s
787/1204 uniandes_dance_020_14 expanded_b8805910ab185631 9.3s
788/1204 uniandes_dance_020_15 expanded_b9919cee9356dbc7 8.8s
789/1204 uniandes_dance_020_18 expanded_7c8e0a445aa684bd 8.8s
790/1204 uniandes_dance_020_20 expanded_689cbb9f9c428208 8.8s
791/1204 uniandes_dance_020_21 expanded_a5e1061b24eac1e8 8.8s
792/1204 uniandes_dance_020_24 expanded_d99d205c99e2fbf4 8.8s
793/1204 uniandes_dance_020_25 expanded_5f732696ca8f8c1c 7.5s
794/1204 uniandes_dance_020_27 expanded_3fc07e007dba71c3 5.1s
795/1204 uniandes_dance_020_28 expanded_af4f61a97c288449 7.7s
796/1204 uniandes_dance_020_3 expanded_3d542608eeb87d69 8.3s
797/1204 uniandes_dance_020_31 expanded_769da6404da0e10b 8.4s
798/1204 uniandes_dance_020_33 expanded_698bbc6d755a52d9 8.5s
799/1204 uniandes_dance_020_36 expanded_666d4825ba04f8af 5.5s
800/1204 uniandes_dance_020_38 expanded_46c481d11eebbb51 8.5s
801/1204 uniandes_dance_020_42 expanded_a6e154c1180ca80c 8.5s
802/1204 uniandes_dance_020_45 expanded_963f8fa297d77995 8.7s
803/1204 uniandes_dance_020_49 expanded_d3a68339dffa3b84 8.4s
804/1204 uniandes_dance_020_51 expanded_792566ebb9eb63c9 6.0s
805/1204 uniandes_dance_020_57 expanded_1329143341db7c2c 7.5s
806/1204 uniandes_dance_020_58 expanded_7f3ce478f2990f90 8.5s
807/1204 uniandes_dance_020_6 expanded_070340c331a2234a 8.6s
808/1204 uniandes_dance_020_61 expanded_996b47b44d2388bf 8.4s
809/1204 uniandes_dance_020_7 expanded_4eddadac83fa08aa 6.5s
810/1204 uniandes_dance_020_8 expanded_138a205713ee5646 6.9s
811/1204 uniandes_dance_021_11 expanded_daf9dd8014929871 8.5s
812/1204 uniandes_dance_021_13 expanded_f258a050e2496fba 8.5s
813/1204 uniandes_dance_021_15 expanded_ee683fc01a1aba3f 8.5s
814/1204 uniandes_dance_021_18 expanded_19a9f4facef5430e 7.5s
815/1204 uniandes_dance_021_19 expanded_19b798ceb12dd1db 5.6s
816/1204 uniandes_dance_021_20 expanded_45c1fd945d436f4b 8.4s
817/1204 uniandes_dance_021_22 expanded_193eb4146e81944c 7.9s
818/1204 uniandes_dance_021_23 expanded_dfe74d3886c7b469 7.7s
819/1204 uniandes_dance_021_26 expanded_a812a93771eab33b 7.6s
820/1204 uniandes_dance_021_29 expanded_bf50f176dcf08b45 7.7s
821/1204 uniandes_dance_021_31 expanded_28181ee42b13c357 7.8s
822/1204 uniandes_dance_021_33 expanded_b18317ca12f82e3a 7.7s
823/1204 uniandes_dance_021_35 expanded_693517875b31db94 7.6s
824/1204 uniandes_dance_021_37 expanded_111ace869f860d30 7.7s
825/1204 uniandes_dance_021_39 expanded_4168f1c1f247113d 7.4s
826/1204 uniandes_dance_021_4 expanded_91cde1f249e0d5ca 7.7s
827/1204 uniandes_dance_021_44 expanded_99a56a22029645ff 7.7s
828/1204 uniandes_dance_021_46 expanded_3d11451b484222fa 7.7s
829/1204 uniandes_dance_021_49 expanded_3301045151fb1045 7.6s
830/1204 uniandes_dance_021_50 expanded_3c92679b9fe644d8 7.5s
831/1204 uniandes_dance_021_51 expanded_39270ffbe60b4f68 7.7s
832/1204 uniandes_dance_021_53 expanded_01ca874e010ea7d6 7.8s
833/1204 uniandes_dance_021_55 expanded_5e790e67436e360c 7.6s
834/1204 uniandes_dance_021_56 expanded_6c7089c7c17c6a99 7.7s
835/1204 uniandes_dance_021_57 expanded_6921d609870c124c 7.6s
836/1204 uniandes_dance_021_7 expanded_ea56cb68527d72b2 7.6s
837/1204 uniandes_dance_022_10 expanded_8347cc01f8203d81 7.7s
838/1204 uniandes_dance_022_11 expanded_0b4f272c5e799574 7.7s
839/1204 uniandes_dance_022_15 expanded_8a16c4487b8a6501 7.7s
840/1204 uniandes_dance_022_16 expanded_0793aeb3d80b9059 7.7s
841/1204 uniandes_dance_022_17 expanded_29e0672da9a92657 7.1s
842/1204 uniandes_dance_022_20 expanded_db592e42d7f7c9f9 7.2s
843/1204 uniandes_dance_022_22 expanded_e6b4b429ad71c1b7 7.1s
844/1204 uniandes_dance_022_24 expanded_3b96d8409c75dd3a 7.1s
845/1204 uniandes_dance_022_26 expanded_7cf55d8d5564dcf7 7.2s
846/1204 uniandes_dance_022_29 expanded_89728a1c3628900f 7.2s
847/1204 uniandes_dance_022_3 expanded_c2e01e93d2ac76c4 7.2s
848/1204 uniandes_dance_022_31 expanded_07b0e05157ca4196 7.1s
849/1204 uniandes_dance_022_35 expanded_928641080950450f 7.1s
850/1204 uniandes_dance_022_37 expanded_92adf5a181278a8b 7.1s
851/1204 uniandes_dance_022_39 expanded_1d591fa1f83dbe3b 7.1s
852/1204 uniandes_dance_022_4 expanded_34d155fde2a55374 7.2s
853/1204 uniandes_dance_022_42 expanded_b13baac5e91cda7a 7.3s
854/1204 uniandes_dance_022_45 expanded_2261bcde6856f96f 7.1s
855/1204 uniandes_dance_022_46 expanded_b54a85d695a5b63b 7.1s
856/1204 uniandes_dance_022_48 expanded_9b69623aeb2e6b83 7.1s
857/1204 uniandes_dance_022_49 expanded_3adf913e1a7b2643 7.1s
858/1204 uniandes_dance_022_50 expanded_f59f02c3ef739aff 7.2s
859/1204 uniandes_dance_022_52 expanded_17517f6f4fbe4fce 7.1s
860/1204 uniandes_dance_022_7 expanded_e66a3c78d978e685 7.3s
861/1204 uniandes_dance_022_8 expanded_ed765b7faa4f4e7e 7.1s
862/1204 uniandes_dance_023_12 expanded_05cee41d7259227d 7.2s
863/1204 uniandes_dance_023_14 expanded_f742598324e5353e 7.1s
864/1204 uniandes_dance_023_15 expanded_9a5e0cbddd7af3c8 7.1s
865/1204 uniandes_dance_023_17 expanded_56a293d9047ebc59 7.2s
866/1204 uniandes_dance_023_19 expanded_fb1d9f5169fa54c0 7.2s
867/1204 uniandes_dance_023_20 expanded_19736dd4e60a1300 7.1s
868/1204 uniandes_dance_023_9 expanded_8b361705fbf85456 7.2s
869/1204 uniandes_dance_024_2 expanded_b1f60aa6720021ce 7.1s
870/1204 uniandes_dance_024_3 expanded_fa3689c264331d4b 7.2s
871/1204 uniandes_dance_024_38 expanded_d3c753763c0728c7 7.2s
872/1204 uniandes_dance_024_39 expanded_fb409c468adfc184 7.2s
873/1204 uniandes_dance_024_40 expanded_c82e8d2b6efce1ab 7.2s
874/1204 uniandes_dance_024_42 expanded_684a5e88eb762cb7 7.2s
875/1204 uniandes_dance_024_5 expanded_abd99dbddefe299e 7.2s
876/1204 uniandes_dance_024_6 expanded_89593ffe92ace463 7.2s
877/1204 uniandes_dance_024_8 expanded_bac939b74af117d0 7.2s
878/1204 upenn_0317_Violin_3_10 expanded_ab6f5d0ab34af48e 7.2s
879/1204 upenn_0317_Violin_3_7 expanded_e93a82f7fd206929 7.2s
880/1204 upenn_0317_Violin_3_9 expanded_cb058b43b2a24be7 7.2s
881/1204 upenn_0324_Piano_1_2 expanded_cd73809c88c8e606 7.2s
882/1204 upenn_0324_Piano_1_3 expanded_f03f0325ab94be17 7.2s
883/1204 upenn_0324_Piano_1_4 expanded_6f6066ae731406ae 7.2s
884/1204 upenn_0324_Piano_1_5 expanded_da81d50a7673be36 7.2s
885/1204 upenn_0331_Guitar_2_4 expanded_b36d0c547088544b 7.3s
886/1204 upenn_0407_Guitar_1_3 expanded_de647ba84c1f9628 7.2s
887/1204 upenn_0407_Guitar_1_4 expanded_38a401c28b9be283 7.2s
888/1204 upenn_0407_Violin_1_2 expanded_fcb0a1dbefd0c414 7.8s
889/1204 upenn_0407_Violin_1_3 expanded_ebd5e41cac81504a 9.3s
890/1204 upenn_0407_Violin_1_4 expanded_1bd0a51ac1fbc596 8.7s
891/1204 upenn_0407_Violin_1_5 expanded_5d4db3a12875214b 8.6s
892/1204 upenn_0407_Violin_2_2 expanded_4ad5dd557d4000ec 8.6s
893/1204 upenn_0407_Violin_2_3 expanded_2de13fc2950ed32b 8.6s
894/1204 upenn_0407_Violin_2_4 expanded_2faf167e5c3ee377 4.9s
895/1204 upenn_0407_Violin_2_5 expanded_48b11922e314c6a4 7.0s
896/1204 upenn_0628_Cooking_1_2 expanded_eeb2025b7b6a891a 8.7s
897/1204 upenn_0629_Dance_2_2 expanded_18e1153b7730e675 9.0s
898/1204 upenn_0629_Dance_2_4 expanded_c130820411905824 8.7s
899/1204 upenn_0629_Dance_2_5 expanded_d79e78a218e87fbd 6.3s
900/1204 upenn_0629_Dance_2_6 expanded_92b019d7b2bba14f 8.6s
901/1204 upenn_0629_Dance_2_7 expanded_c5247479acf04b2d 8.8s
902/1204 upenn_0629_Dance_3_2 expanded_e62bb1a0f158571f 8.8s
903/1204 upenn_0629_Dance_3_3 expanded_76cc130b3675197a 8.6s
904/1204 upenn_0629_Dance_3_4 expanded_03d71b8dc1010f4c 5.9s
905/1204 upenn_0629_Dance_3_5 expanded_9353c3e25c7da124 8.8s
906/1204 upenn_0629_Dance_3_6 expanded_20e8c4f3435fc963 8.8s
907/1204 upenn_0701_Piano_2_2 expanded_fc9b16d6db2385cf 8.6s
908/1204 upenn_0701_Piano_2_6 expanded_a955ec416b9dbeca 8.1s
909/1204 upenn_0701_Piano_2_7 expanded_43ddd649ca6e29ca 5.8s
910/1204 upenn_0702_Cooking_2_2 expanded_58e613f878b0d78f 8.7s
911/1204 upenn_0702_Cooking_2_3 expanded_1ac47ca7d4271192 8.5s
912/1204 upenn_0702_Cooking_3_2 expanded_4938c03909fa10a4 8.8s
913/1204 upenn_0702_Cooking_3_3 expanded_039912a9e1959640 7.7s
914/1204 upenn_0702_Cooking_4_2 expanded_0355f06bf5cad062 6.7s
915/1204 upenn_0702_Cooking_4_3 expanded_d6ece6ed06d3a15d 8.6s
916/1204 upenn_0702_Cooking_5_2 expanded_8d4c49b701a629ae 8.5s
917/1204 upenn_0702_Cooking_5_3 expanded_6a07b5ac3f59bdcf 7.9s
918/1204 upenn_0706_Dance_1_2 expanded_96ad813f3f429609 5.2s
919/1204 upenn_0706_Dance_1_3 expanded_cd095ebb22a5d663 7.9s
920/1204 upenn_0706_Dance_1_4 expanded_c0a07af7a318027e 7.8s
921/1204 upenn_0706_Dance_1_6 expanded_0b7bb354e38aee74 8.0s
922/1204 upenn_0706_Dance_1_7 expanded_fcd0e4a8d37725bb 7.8s
923/1204 upenn_0706_Dance_2_2 expanded_8ec0f1706f64abdc 7.8s
924/1204 upenn_0706_Dance_2_3 expanded_8908f4c27227dccc 7.3s
925/1204 upenn_0706_Dance_2_4 expanded_d6406e852f0e402a 7.2s
926/1204 upenn_0706_Dance_2_5 expanded_bc24dfdae2f82a6d 7.2s
927/1204 upenn_0706_Dance_5_2 expanded_7a3ab2dd8404b7a1 7.2s
928/1204 upenn_0706_Dance_5_3 expanded_99ca22a5f8a0164d 7.1s
929/1204 upenn_0706_Dance_5_4 expanded_b8670dc3c46da3c2 7.2s
930/1204 upenn_0706_Dance_5_5 expanded_19ec0cb522334a41 7.1s
931/1204 upenn_0706_Dance_5_6 expanded_142c6ab4d6b2af90 7.2s
932/1204 upenn_0710_Cooking_1_2 expanded_9e3611f82601de5c 7.2s
933/1204 upenn_0710_Cooking_1_3 expanded_71277bc7d5151706 7.2s
934/1204 upenn_0710_Cooking_2_2 expanded_06222440b20a66e2 8.5s
935/1204 upenn_0710_Cooking_2_3 expanded_266fd30b9923ef16 9.3s
936/1204 upenn_0710_Cooking_4_2 expanded_3463fc4e6ec25d02 9.3s
937/1204 upenn_0710_Cooking_4_3 expanded_1809d41a187dc0e2 9.0s
938/1204 upenn_0712_Cooking_1_2 expanded_ed8708c5d9fb8f38 8.8s
939/1204 upenn_0712_Cooking_1_3 expanded_1e85d474366a6f33 8.9s
940/1204 upenn_0712_Cooking_1_4 expanded_88cdfde649ca7006 8.8s
941/1204 upenn_0712_Cooking_1_5 expanded_da6409a4a3601dcf 8.9s
942/1204 upenn_0712_Cooking_4_2 expanded_118ddea0f9763ad2 8.9s
943/1204 upenn_0712_Cooking_4_3 expanded_1f108226669cf85c 8.8s
944/1204 upenn_0712_Cooking_5_2 expanded_4137ff828ef13257 8.3s
945/1204 upenn_0712_Cooking_5_3 expanded_37a15e378d063fc2 4.5s
946/1204 upenn_0713_Dance_1_2 expanded_16600a96ddd4296b 7.5s
947/1204 upenn_0713_Dance_1_3 expanded_18eafa1d407994d4 8.7s
948/1204 upenn_0713_Dance_1_4 expanded_3abbee7624d025ee 8.7s
949/1204 upenn_0713_Dance_1_5 expanded_09b06d99a2a456b1 8.7s
950/1204 upenn_0713_Dance_2_2 expanded_cd14c07cb0e29ccb 6.2s
951/1204 upenn_0713_Dance_2_3 expanded_6c2f0a129d1158d5 9.2s
952/1204 upenn_0713_Dance_2_4 expanded_8e7869430a54b3ce 8.6s
953/1204 upenn_0713_Dance_2_5 expanded_5f615c3fe0cc999f 5.9s
954/1204 upenn_0714_Cooking_1_2 expanded_3cd0396bde8c867e 8.6s
955/1204 upenn_0714_Cooking_1_3 expanded_90376a175c6806af 8.8s
956/1204 upenn_0714_Cooking_1_4 expanded_c258e7588cbd0a2b 8.7s
957/1204 upenn_0714_Cooking_1_5 expanded_c39ada9748fce280 8.8s
958/1204 upenn_0714_Cooking_2_3 expanded_79c6b8e264e04caf 8.8s
959/1204 upenn_0714_Cooking_2_4 expanded_a57f1dee12de6968 8.8s
960/1204 upenn_0714_Cooking_3_2 expanded_387367b6eebfd017 8.6s
961/1204 upenn_0714_Cooking_3_3 expanded_2302a1a382f2e709 8.6s
962/1204 upenn_0714_Cooking_5_2 expanded_9b320136c622ed74 8.6s
963/1204 upenn_0714_Cooking_5_3 expanded_ff9f575720e65fd4 8.6s
964/1204 upenn_0714_Cooking_6_2 expanded_219398c7637d4952 8.6s
965/1204 upenn_0714_Cooking_6_3 expanded_7c5a785d3e3294cb 8.5s
966/1204 upenn_0714_Cooking_7_3 expanded_94d2b4ee3a6122c2 8.7s
967/1204 upenn_0715_Dance_1_4 expanded_e709277bc22409ed 9.1s
968/1204 upenn_0715_Dance_1_5 expanded_8af4320c715d9138 10.4s
969/1204 upenn_0715_Dance_1_6 expanded_bbfa84448f7448f2 10.3s
970/1204 upenn_0715_Dance_1_7 expanded_9a31c4e1ca6fb828 10.0s
971/1204 upenn_0717_Piano_1_2 expanded_72d2070d981c09ea 9.8s
972/1204 upenn_0717_Piano_1_3 expanded_206439761b1413bb 9.8s
973/1204 upenn_0717_Piano_1_5 expanded_f236185bdd3be4e6 9.6s
974/1204 upenn_0717_Piano_3_2 expanded_3e883c32e2507ad0 9.7s
975/1204 upenn_0717_Piano_3_3 expanded_c0378ef9c49d2d75 9.8s
976/1204 upenn_0717_Piano_3_4 expanded_105cb79a0814278a 9.5s
977/1204 upenn_0717_Piano_3_5 expanded_d096bd231171018b 4.9s
978/1204 upenn_0718_Violin_1_2 expanded_d16558cd9facee87 7.6s
979/1204 upenn_0718_Violin_1_3 expanded_818a05ad8c06656a 9.1s
980/1204 upenn_0718_Violin_1_4 expanded_ff56722224dfaf69 8.7s
981/1204 upenn_0718_Violin_1_5 expanded_c152163c0573279c 6.4s
982/1204 upenn_0718_Violin_2_2 expanded_946ce1e9bd8b3c33 9.6s
983/1204 upenn_0718_Violin_2_5 expanded_40645f144a891a84 9.7s
984/1204 upenn_0718_Violin_2_6 expanded_7e11d3736e79b394 9.1s
985/1204 upenn_0718_Violin_2_7 expanded_87fd6e786479d440 6.3s
986/1204 upenn_0719_Piano_2_2 expanded_d28407fa6346e24b 9.5s
987/1204 upenn_0719_Piano_2_3 expanded_bfecadf6d7fa40ad 9.2s
988/1204 upenn_0719_Piano_2_4 expanded_9b3d7a9e812a36b3 8.3s
989/1204 upenn_0719_Piano_2_5 expanded_1b91a608f88a05c8 6.5s
990/1204 upenn_0720_Dance_2_3 expanded_26cd007feaa986f9 8.8s
991/1204 upenn_0720_Dance_2_4 expanded_0fc61b9ba358f844 9.4s
992/1204 upenn_0720_Dance_2_5 expanded_53462876941b8ff2 8.4s
993/1204 upenn_0720_Dance_3_10 expanded_e9c725721b442dff 6.4s
994/1204 upenn_0720_Dance_3_13 expanded_a89d8eaddeb19daa 8.6s
995/1204 upenn_0720_Dance_3_14 expanded_3c38873c90c8ef4c 9.2s
996/1204 upenn_0720_Dance_3_16 expanded_7d885174c1cab5ad 8.5s
997/1204 upenn_0720_Dance_3_18 expanded_0107340084fec007 6.2s
998/1204 upenn_0720_Dance_3_2 expanded_2e3518a29e25e936 8.7s
999/1204 upenn_0720_Dance_3_4 expanded_d7bf63ebffcdb2fe 8.6s
1000/1204 upenn_0720_Dance_3_5 expanded_c89750732f84d5b6 8.5s
1001/1204 upenn_0720_Dance_3_8 expanded_f01a9d922ce037ea 5.5s
1002/1204 upenn_0720_Dance_3_9 expanded_fd00ac2de95c9c68 8.9s
1003/1204 upenn_0720_Dance_4_3 expanded_8f83a3c7a23f0aa6 8.7s
1004/1204 upenn_0720_Dance_4_4 expanded_096fb44e13e05dc0 8.3s
1005/1204 upenn_0720_Dance_4_5 expanded_b441ecc9d6d73a55 5.4s
1006/1204 upenn_0721_Piano_2_2 expanded_dd11141d8d9933fd 9.0s
1007/1204 upenn_0721_Piano_2_3 expanded_9ab019dc6477e130 8.4s
1008/1204 upenn_0721_Piano_2_5 expanded_b0a49e4daf4c4e1c 8.6s
1009/1204 upenn_0721_Piano_2_6 expanded_b37240edd146d9e9 5.5s
1010/1204 upenn_0722_Guitar_1_4 expanded_bb69a7ce006c7497 8.3s
1011/1204 upenn_0722_Piano_2_3 expanded_2ba4236c95af67cf 8.4s
1012/1204 upenn_0722_Piano_2_4 expanded_205737b80ea7e4ed 8.7s
1013/1204 upenn_0722_Piano_2_5 expanded_fb514ef05d45e3ee 5.7s
1014/1204 upenn_0722_Violin_1_2 expanded_3bf7f30740421b07 8.2s
1015/1204 upenn_0722_Violin_1_3 expanded_c9ede253a1da4a19 9.0s
1016/1204 upenn_0722_Violin_1_4 expanded_e980a47849bf8ad9 8.1s
1017/1204 upenn_0722_Violin_1_5 expanded_843dc5224e2e9276 5.9s
1018/1204 upenn_0724_Piano_1_3 expanded_adbdbfb71941f977 7.7s
1019/1204 upenn_0724_Piano_1_4 expanded_7fc985732a550665 9.0s
1020/1204 upenn_0724_Piano_1_5 expanded_a8855cedbf9fbe28 8.1s
1021/1204 upenn_0725_Duet_Violin_1_1_10 expanded_62703c7e48db2fca 5.9s
1022/1204 upenn_0725_Duet_Violin_1_1_4 expanded_b500b3e5ff517b3b 7.4s
1023/1204 upenn_0725_Duet_Violin_1_1_7 expanded_215261fd43752b15 8.6s
1024/1204 upenn_0725_Duet_Violin_1_1_8 expanded_25b264ca76132d40 7.3s
1025/1204 upenn_0725_Duet_Violin_1_1_9 expanded_38c878024d20c88a 6.1s
1026/1204 upenn_0725_Duet_Violin_1_2_10 expanded_c3854149eb7a90ab 8.8s
1027/1204 upenn_0725_Duet_Violin_1_2_2 expanded_0f19712798867d77 8.1s
1028/1204 upenn_0725_Duet_Violin_1_2_4 expanded_05f738b9a4a9e337 8.5s
1029/1204 upenn_0725_Duet_Violin_1_2_7 expanded_8f8ea5e1b96cd8df 8.3s
1030/1204 upenn_0725_Duet_Violin_1_2_9 expanded_c2ae23448006dc30 8.5s
1031/1204 upenn_0725_Violin_1_2 expanded_4d4a82243007d2e3 8.0s
1032/1204 upenn_0725_Violin_1_3 expanded_cb07cc754f2e194b 9.2s
1033/1204 upenn_0725_Violin_1_4 expanded_c8f8524c19654def 10.2s
1034/1204 upenn_0726_Duet_Violin_1_2_2 expanded_cc5849c97f01611f 9.5s
1035/1204 upenn_0726_Duet_Violin_1_2_3 expanded_d4befc2d73aaf1b4 9.4s
1036/1204 upenn_0726_Duet_Violin_1_2_4 expanded_842bed87b2a921a7 9.3s
1037/1204 upenn_0726_Piano_1_2 expanded_2b2c727be1052e0b 9.6s
1038/1204 upenn_0726_Piano_1_3 expanded_f6822b4f5e9e4857 9.2s
1039/1204 upenn_0726_Piano_1_4 expanded_8448a9a16c58dda9 6.6s
1040/1204 upenn_0726_Piano_1_5 expanded_ef287d67ff6b2d0f 7.2s
1041/1204 upenn_0726_Piano_2_2 expanded_2f28ca6511c68025 8.7s
1042/1204 upenn_0726_Piano_2_3 expanded_a5488d38d7051a97 8.6s
1043/1204 upenn_0726_Piano_2_4 expanded_8181eaf92c7d9906 7.0s
1044/1204 upenn_0727_Partner_Dance_2_1_2 expanded_7c24e95b5a025148 7.7s
1045/1204 upenn_0727_Partner_Dance_2_1_3 expanded_da7a228227c53981 8.7s
1046/1204 upenn_0727_Partner_Dance_2_1_4 expanded_91be120c23c9fbd6 8.7s
1047/1204 upenn_0727_Partner_Dance_3_2_2 expanded_33ce3f51227a8dfd 6.6s
1048/1204 upenn_0727_Partner_Dance_3_2_3 expanded_d098c8a569875c1d 7.4s
1049/1204 upenn_0728_Guitar_1_6 expanded_9128b3dfa8d56836 8.4s
1050/1204 upenn_0730_Dance_1_3 expanded_8e8b34e46224b7c7 8.2s
1051/1204 upenn_0730_Dance_1_4 expanded_36d1ad68c834da4b 7.6s
1052/1204 upenn_0730_Dance_1_6 expanded_3535b3ae1d5fd618 6.3s
1053/1204 upenn_0730_Dance_1_7 expanded_1243cba0dfef8ca9 8.4s
1054/1204 upenn_0730_Dance_2_2 expanded_288bab8ed4b75828 8.3s
1055/1204 upenn_0730_Dance_2_3 expanded_ebe18548261f4041 5.5s
1056/1204 upenn_0730_Dance_2_4 expanded_b03d82dd85f24527 8.3s
1057/1204 upenn_0730_Dance_2_5 expanded_9d805fff6d28900f 8.3s
1058/1204 upenn_0730_Dance_2_6 expanded_16032fcdf7cba664 7.9s
1059/1204 upenn_0730_Partner_Dance_1_1_2 expanded_3ef41a6f5015ad86 8.4s
1060/1204 upenn_0730_Partner_Dance_1_1_5 expanded_6729fd57ec8e16b4 8.0s
1061/1204 upenn_0730_Partner_Dance_1_1_6 expanded_2fa1f141ccac3054 8.5s
1062/1204 upenn_0730_Partner_Dance_1_1_7 expanded_92c41fdfb545585b 7.8s
1063/1204 utokyo_cpr_2005_25_2 expanded_f93d591f0f760298 9.4s
1064/1204 utokyo_cpr_2005_26_2 expanded_4a415ee5644b41b3 10.2s
1065/1204 utokyo_cpr_2005_31_2 expanded_1794720aeca81526 9.8s
1066/1204 utokyo_cpr_2005_35_2 expanded_bf401c715da8b444 9.4s
1067/1204 utokyo_cpr_2005_37_2 expanded_8b2fbf6055aa6633 9.6s
1068/1204 utokyo_omelet_12_1001_2 expanded_603a2c2dbbc30dae 9.5s
1069/1204 utokyo_omelet_12_1001_4 expanded_0ab1d43d669155ac 9.2s
1070/1204 utokyo_omelet_4_1001_2 expanded_f44082752cfd1b1c 6.7s
1071/1204 utokyo_omelet_4_1001_4 expanded_89c8da6e63347f58 6.4s
1072/1204 utokyo_omelet_6_1001_2 expanded_4f9645fb4b789fca 8.0s
1073/1204 utokyo_omelet_6_1001_4 expanded_377ad5cfc44e604f 8.3s
1074/1204 utokyo_omelet_9_1001_2 expanded_e7d2d6a897066b81 8.4s
1075/1204 utokyo_omelet_9_1001_4 expanded_7a4ff7b61f26f1e0 8.0s
1076/1204 utokyo_pcr_2001_23_6 expanded_59b49069a2dc55bc 5.7s
1077/1204 utokyo_pcr_2001_31_8 expanded_3ab745a0c7c4206a 8.2s
1078/1204 utokyo_pcr_2001_35_2 expanded_def29714b445591f 8.1s
1079/1204 utokyo_salad_12_1018_2 expanded_c2f10f78464fe437 8.1s
1080/1204 utokyo_salad_12_1018_4 expanded_cde4eab546cb9771 8.3s
1081/1204 utokyo_salad_4_1018_2 expanded_bdfe5d8680af10f0 5.7s
1082/1204 utokyo_salad_4_1018_4 expanded_64d6e7f6d918f6ca 7.8s
1083/1204 utokyo_sushi_12_1008_2 expanded_e20478f3e8a068ff 8.1s
1084/1204 utokyo_sushi_12_1008_4 expanded_e67d634ed16039ea 7.8s
1085/1204 utokyo_sushi_4_1008_2 expanded_b8cbd74c9d9d926c 6.7s
1086/1204 utokyo_sushi_4_1008_4 expanded_a51dadad94a537e3 6.2s
1087/1204 utokyo_sushi_6_1008_2 expanded_245d42d454f5081d 8.2s
1088/1204 utokyo_sushi_6_1008_4 expanded_5256b1cb5ccd18c1 7.7s
1089/1204 utokyo_sushi_8_1008_2 expanded_0ba6edf741451cd8 7.9s
1090/1204 utokyo_sushi_8_1008_4 expanded_6352a4a6e919ba45 8.2s
1091/1204 utokyo_sushi_9_1008_2 expanded_b03a32190bf795a9 7.8s
1092/1204 utokyo_sushi_9_1008_4 expanded_fa924e21577d6de9 8.0s
REUSE expanded_f00af60576c183dc
Loading source val
Loaded source val
1094/1204 georgiatech_bike_14_2 expanded_80b55cd800096daf 8.8s
1095/1204 georgiatech_bike_16_12 expanded_e3f46458c9e10c72 8.3s
1096/1204 georgiatech_cooking_02_02_6 expanded_c4a25ea456f4c702 8.4s
1097/1204 georgiatech_cooking_13_02_4 expanded_f0b62f7f1299b5e2 6.2s
1098/1204 georgiatech_covid_04_2 expanded_0afda4a8466d9d3c 8.6s
1099/1204 georgiatech_covid_06_12 expanded_da6a9596276c5a5a 8.3s
1100/1204 georgiatech_covid_18_6 expanded_a99b37683797116e 8.7s
1101/1204 iiith_cooking_125_2 expanded_7ea4961a7256c359 6.1s
1102/1204 iiith_cooking_31_3 expanded_33a89fbcf5aef0df 8.4s
1103/1204 iiith_cooking_60_4 expanded_3a6db2aa8468a377 8.4s
1104/1204 iiith_soccer_015_2 expanded_f6ac11aa47df8ad0 8.5s
1105/1204 indiana_bike_09_4 expanded_4c41f0bff5918a48 6.2s
1106/1204 indiana_bike_10_4 expanded_a62c7c069dd22227 7.8s
1107/1204 indiana_cooking_09_2 expanded_f85e72120754ed96 8.6s
1108/1204 indiana_music_03_3 expanded_ab2fa74b577a6f2c 8.0s
1109/1204 minnesota_cooking_060_4 expanded_1007dc2bf88a7284 6.9s
1110/1204 nus_cpr_13_2 expanded_d0e415e048bdf0ec 7.1s
1111/1204 sfu_basketball_04_17 expanded_658853cc5291cebb 8.3s
1112/1204 sfu_basketball_05_5 expanded_302ba810b5e26e09 8.3s
1113/1204 sfu_basketball_09_34 expanded_1eaf79056edb268d 8.0s
1114/1204 sfu_cooking_007_3 expanded_06e0485c2d519057 5.6s
1115/1204 sfu_cooking_010_5 expanded_5139d1d780e98dc2 8.6s
1116/1204 sfu_covid_008_10 expanded_bb904b0c2f8083d9 8.1s
1117/1204 unc_basketball_02-24-23_01_18 expanded_d2315d53fb14abe8 8.5s
1118/1204 unc_basketball_03-09-23_01_12 expanded_b2363bae5f016000 5.5s
1119/1204 unc_basketball_03-09-23_02_1 expanded_56d6918e6cb4947b 8.2s
1120/1204 unc_basketball_03-16-23_01_28 expanded_44ccbdccb9a8a0f1 8.2s
1121/1204 unc_basketball_03-30-23_01_36 expanded_35b690eef9330521 8.5s
1122/1204 unc_basketball_03-30-23_02_14 expanded_46d2b3854148da84 6.1s
1123/1204 unc_basketball_03-30-23_02_4 expanded_14ccbdb06571e01a 7.6s
1124/1204 unc_soccer_09-21-23_01_12 expanded_163b213cb02c3696 8.6s
1125/1204 unc_soccer_09-21-23_01_18 expanded_284aca3baadc70c0 8.4s
1126/1204 uniandes_basketball_001_26 expanded_17e3472cfc7cc3ea 6.1s
1127/1204 uniandes_basketball_004_44 expanded_308532dc69f94eb7 7.7s
1128/1204 uniandes_cooking_004_8 expanded_3758bee155a74d20 8.5s
1129/1204 uniandes_dance_002_11 expanded_4a03db9059841754 7.8s
1130/1204 uniandes_dance_002_7 expanded_057c0559ef958639 6.4s
1131/1204 uniandes_dance_007_6 expanded_6f89add5e7f093ee 6.9s
1132/1204 uniandes_dance_008_32 expanded_17db3e557f6ce821 7.9s
1133/1204 uniandes_dance_016_10 expanded_0e6f7a99fd9a19dd 7.7s
1134/1204 uniandes_dance_017_3 expanded_1cb9ddcf83b3db4b 8.1s
1135/1204 uniandes_dance_019_18 expanded_b0c1844e5988b4b1 7.4s
1136/1204 uniandes_dance_019_25 expanded_a7c89be42ad90e23 5.4s
1137/1204 uniandes_dance_019_46 expanded_472961a91b15e2b4 7.8s
1138/1204 uniandes_dance_019_57 expanded_48e398651b778157 8.1s
1139/1204 upenn_0701_Piano_3_4 expanded_da820a04ab60fdc1 7.9s
1140/1204 upenn_0702_Cooking_1_4 expanded_c232700f3ed29aa6 7.7s
1141/1204 upenn_0706_Dance_4_5 expanded_8c67aafa394fa2b0 5.7s
1142/1204 upenn_0711_Cooking_2_4 expanded_a18538beb01bf185 7.6s
1143/1204 upenn_0711_Cooking_6_4 expanded_0dbf682a3af4bd67 8.0s
1144/1204 upenn_0713_Dance_5_4 expanded_1627c12971f3a51c 8.0s
1145/1204 upenn_0726_Duet_Violin_1_1_2 expanded_c45bf94448fd0635 8.1s
1146/1204 upenn_0727_Partner_Dance_2_2_3 expanded_a173b74d6bc26b00 5.4s
1147/1204 upenn_0728_Violin_2_3 expanded_d666cb474e046283 7.6s
1148/1204 utokyo_omelet_11_1001_2 expanded_a176949a3e1f0f42 7.6s
1149/1204 cmu_soccer06_2 expanded_7ced11c5fa37ae34 8.2s
1150/1204 georgiatech_bike_06_4 expanded_228c32fef4e68ee7 7.6s
1151/1204 georgiatech_bike_14_12 expanded_07d3f753a906131a 6.6s
1152/1204 georgiatech_bike_15_6 expanded_5a06ee1c83ec9985 6.5s
1153/1204 georgiatech_cooking_02_02_2 expanded_1320c39182e3533f 7.6s
1154/1204 georgiatech_cooking_06_03_2 expanded_f5da542f5e97e1f9 8.3s
1155/1204 georgiatech_covid_02_2 expanded_df9cab06dcf26aa1 7.5s
1156/1204 georgiatech_covid_04_12 expanded_7c82dc510e551658 7.9s
1157/1204 georgiatech_covid_18_2 expanded_67fe4c839377f558 4.8s
1158/1204 iiith_cooking_126_2 expanded_1f84809c181c55b6 8.2s
1159/1204 iiith_cooking_29_1 expanded_e53ead06f723fd5d 8.1s
1160/1204 iiith_cooking_58_4 expanded_596a5905338e3d51 7.8s
1161/1204 iiith_cooking_89_4 expanded_2f9b3f4719477289 7.6s
1162/1204 iiith_soccer_031_2 expanded_8b52f642ee8d9df1 5.0s
1163/1204 indiana_bike_09_5 expanded_29d75b91c5126019 7.2s
1164/1204 indiana_bike_10_14 expanded_0420922665c5b4f9 7.4s
1165/1204 indiana_cooking_08_5 expanded_5392447b756783d7 7.8s
1166/1204 indiana_cooking_23_5 expanded_be180056f0339d27 7.4s
1167/1204 indiana_music_04_4 expanded_dfec2d637f2fdfc8 7.8s
1168/1204 nus_cpr_30_2 expanded_0c06acfb30bdb291 5.6s
1169/1204 sfu_basketball012_4 expanded_480f7fb1d5fa6243 6.4s
1170/1204 sfu_basketball_04_5 expanded_243660f924d32f1f 7.5s
1171/1204 sfu_basketball_09_14 expanded_7f4a81aa19ab7786 7.7s
1172/1204 sfu_basketball_09_29 expanded_4cce8ad9458b9560 7.4s
1173/1204 sfu_cooking022_2 expanded_e7707a4147191dc4 7.4s
1174/1204 sfu_cooking_007_1 expanded_e462906281a4ed85 7.2s
1175/1204 sfu_cooking_010_1 expanded_6b7ceea14faf3ca1 4.7s
1176/1204 sfu_covid_004_6 expanded_241eebe30458bfb3 7.5s
1177/1204 unc_basketball_02-24-23_01_19 expanded_ca677ffe342809a4 7.5s
1178/1204 unc_basketball_02-24-23_01_37 expanded_43e5da1fc6146150 7.5s
1179/1204 unc_basketball_03-09-23_01_58 expanded_81b909593dca02f8 7.6s
1180/1204 unc_basketball_03-09-23_01_80 expanded_057165ca932a5cbd 7.4s
1181/1204 unc_basketball_03-30-23_01_27 expanded_1397b3f37163a1fb 5.7s
1182/1204 unc_basketball_03-30-23_01_35 expanded_2345cbb432a62b96 6.6s
1183/1204 unc_basketball_03-30-23_02_3 expanded_42ead8940b58cdb3 7.6s
1184/1204 unc_soccer_09-21-23_01_15 expanded_b0eaa9beebc727e1 7.3s
1185/1204 uniandes_basketball_004_25 expanded_33fe4637c6956521 7.6s
1186/1204 uniandes_dance_002_3 expanded_6c6de574f72f37c6 7.5s
1187/1204 uniandes_dance_007_5 expanded_934011249130ed44 7.0s
1188/1204 uniandes_dance_008_35 expanded_c859e39494839e96 5.4s
1189/1204 uniandes_dance_011_40 expanded_0fe36e33c0760a44 7.3s
1190/1204 uniandes_dance_011_45 expanded_9314fc54a28c975f 7.3s
1191/1204 uniandes_dance_016_13 expanded_c1c0294a658d56e4 7.1s
1192/1204 uniandes_dance_016_8 expanded_efef470a0eb8d757 7.0s
1193/1204 uniandes_dance_019_49 expanded_cc146eec7e77bdb8 7.0s
1194/1204 uniandes_dance_024_12 expanded_153ccccd1f4d5270 7.3s
1195/1204 uniandes_dance_024_16 expanded_bc47b43a7a883a59 6.9s
1196/1204 upenn_0701_Piano_3_2 expanded_f14e6bc4282e1709 7.0s
1197/1204 upenn_0711_Cooking_3_3 expanded_845405bb1418c43e 7.0s
1198/1204 upenn_0713_Dance_3_2 expanded_a975911e156f4c36 7.0s
1199/1204 upenn_0713_Dance_4_4 expanded_18d3a8e474e7dab2 7.0s
1200/1204 upenn_0721_Piano_1_4 expanded_220c68b714d5bdb0 7.0s
1201/1204 upenn_0726_Duet_Violin_1_1_3 expanded_35d3e5b35e6cf574 7.3s
1202/1204 upenn_0727_Partner_Dance_3_1_2 expanded_f37894fbf10e2116 6.9s
1203/1204 utokyo_cpr_2005_32_4 expanded_3fed29ba4a440141 7.0s
1204/1204 utokyo_salad_11_1018_2 expanded_a0ad11db1c70f388 7.0s
