Loading source train
Loaded source train
2026-09-29 22:32:34.851 | WARNING  | dataset.smpl_utils:get_smpl:10 - Loading SMPL model: smplx
1/1203 cmu_bike01_4 expanded_65ad5d644a71e5ca 6.8s
2/1203 cmu_bike01_7 expanded_f9edfb92f129bd84 5.2s
3/1203 cmu_bike02_3 expanded_3e650713ccd83ed3 5.4s
4/1203 cmu_bike02_6 expanded_742d21f00d29f770 5.2s
5/1203 cmu_bike03_3 expanded_2473e5095fdbe5b0 5.3s
6/1203 cmu_bike03_5 expanded_d137f7102cd5f464 5.1s
7/1203 cmu_bike05_4 expanded_b7c4b71039924cf4 5.1s
8/1203 cmu_bike06_5 expanded_614783e2e4655912 5.2s
9/1203 cmu_bike10_5 expanded_302add48116eb250 5.4s
10/1203 cmu_bike12_3 expanded_8ed6353704b5de7a 5.1s
11/1203 cmu_bike13_2 expanded_67309eb19c138d88 5.3s
12/1203 cmu_bike13_4 expanded_92da3cd546663fd1 5.0s
13/1203 cmu_bike13_6 expanded_e4348c1fe0a2431f 5.3s
14/1203 cmu_bike14_5 expanded_8379f9b0775f357d 5.2s
15/1203 cmu_bike15_3 expanded_43ae1e5c6f88ccd7 5.0s
16/1203 cmu_bike16_3 expanded_67fd32703e9370bd 7.2s
17/1203 cmu_bike16_5 expanded_3c9768d59f928d15 6.3s
18/1203 cmu_bike17_3 expanded_fd3a673147b41de1 6.1s
19/1203 cmu_bike17_5 expanded_280162a1d52f535d 7.4s
20/1203 cmu_bike18_3 expanded_ce0f16cd78e85aa6 7.3s
21/1203 cmu_bike19_2 expanded_72f9348826ee5f48 7.4s
22/1203 cmu_bike19_3 expanded_de1f8d12bf0e2711 7.3s
23/1203 cmu_bike19_5 expanded_2fe4d65f4c0bd354 7.3s
24/1203 cmu_bike20_3 expanded_f390846cbe026f03 7.4s
25/1203 cmu_bike20_4 expanded_bcb5e2802e7b9a3f 7.3s
26/1203 cmu_bike20_5 expanded_75248c67bc3c4781 7.4s
27/1203 cmu_bike21_3 expanded_d80a3086e1d56e63 7.2s
28/1203 cmu_soccer03_1 expanded_dcbce9ba5d9899a1 7.4s
29/1203 cmu_soccer03_2 expanded_167a35b329cc9003 7.3s
30/1203 cmu_soccer06_4 expanded_05b0a7d0f24889a8 7.4s
31/1203 cmu_soccer06_5 expanded_d88f250b01665ca1 7.4s
32/1203 cmu_soccer06_6 expanded_6588063be5ad961a 7.2s
33/1203 cmu_soccer07_1 expanded_8c07aea5ae098682 7.4s
34/1203 cmu_soccer07_2 expanded_ea7a7c2d63ddcda5 7.3s
35/1203 cmu_soccer07_3 expanded_32bd70bf2d79c8ae 7.5s
36/1203 cmu_soccer08_1 expanded_1c1de955d39acd1e 7.3s
37/1203 cmu_soccer08_3 expanded_0647b92c65ef7acb 7.4s
38/1203 cmu_soccer09_1 expanded_0595211ac7bd0780 7.4s
39/1203 cmu_soccer09_2 expanded_414a348c9b59e048 7.3s
40/1203 cmu_soccer14_4 expanded_bf0f22b978f6a665 7.5s
41/1203 cmu_soccer15_2 expanded_4a7a33916761de32 7.3s
42/1203 cmu_soccer15_3 expanded_d8c2b35f926d9642 7.6s
43/1203 cmu_soccer16_4 expanded_f3af138506f5494e 7.9s
44/1203 fair_bike_01_11 expanded_ed577d744bdf9756 8.2s
45/1203 fair_bike_01_16 expanded_a34805b4955408dc 7.7s
46/1203 fair_bike_01_3 expanded_b5e732588ccb235d 8.1s
47/1203 fair_bike_01_4 expanded_c9b0f0f7050855bd 8.0s
48/1203 fair_bike_01_7 expanded_ec5cf64a3aac212b 8.0s
49/1203 fair_bike_02_10 expanded_1adf9afd09fee094 8.3s
50/1203 fair_bike_02_11 expanded_34ad6aee874edb79 7.9s
51/1203 fair_bike_02_12 expanded_959b33db48d6d757 8.1s
52/1203 fair_bike_02_3 expanded_e458a66c4853b977 7.7s
53/1203 fair_bike_02_4 expanded_d01987dc20851a1e 8.2s
54/1203 fair_bike_02_7 expanded_08cc580653ff90ac 7.7s
55/1203 fair_bike_02_8 expanded_c153f927527a1648 8.1s
56/1203 fair_bike_06_11 expanded_3ca4bad8098d9ce4 7.7s
57/1203 fair_bike_06_12 expanded_a72afbb98dc651ba 8.1s
58/1203 fair_bike_06_15 expanded_c1a914b2fea4033f 7.7s
59/1203 fair_bike_06_16 expanded_c662fb7efdb495d9 8.2s
60/1203 fair_bike_06_18 expanded_669f06d3dc0a72ca 7.0s
61/1203 fair_bike_06_19 expanded_7f8c5f6828696afb 4.4s
62/1203 fair_bike_06_20 expanded_2bfb940dbb32d491 4.5s
63/1203 fair_bike_06_3 expanded_7b848c8ef3f4cc7e 4.5s
64/1203 fair_bike_06_6 expanded_94fe18c9899c53ec 4.5s
65/1203 fair_bike_06_7 expanded_92fe6fccb37512f2 4.5s
66/1203 fair_bike_07_11 expanded_c4a729c8a2edf9b9 4.5s
67/1203 fair_bike_07_12 expanded_975b6522542c7981 4.5s
68/1203 fair_bike_07_15 expanded_b6a0723273603ea8 4.4s
69/1203 fair_bike_07_19 expanded_b8aff2d2ec0b9f73 4.4s
70/1203 fair_bike_07_20 expanded_4a3bb8e98fc260be 4.4s
71/1203 fair_bike_07_3 expanded_8ad2aeb1d62f46d8 4.4s
72/1203 fair_bike_07_4 expanded_208ee95e5e04378a 4.5s
73/1203 fair_bike_07_7 expanded_58930ed747e83ef4 4.5s
74/1203 fair_bike_07_8 expanded_2fd739d258045ee1 4.5s
75/1203 fair_bike_08_10 expanded_62b6452e04a93cb2 4.6s
76/1203 fair_bike_08_17 expanded_9fa50ece2bcdfa80 4.5s
77/1203 fair_bike_08_2 expanded_cd7ce1da7397e778 4.5s
78/1203 fair_bike_08_4 expanded_653cc069d00acbb4 4.5s
79/1203 fair_bike_09_10 expanded_478b1231425127f9 4.5s
80/1203 fair_bike_09_2 expanded_aeebe971c7a12210 4.5s
81/1203 fair_bike_09_4 expanded_8c8720e4eee249f4 4.4s
82/1203 fair_bike_09_6 expanded_8acb3cf596729062 4.4s
83/1203 fair_bike_09_8 expanded_e160d002efd159b3 4.6s
84/1203 fair_bike_10_10 expanded_8baba358f64a362a 4.5s
85/1203 fair_bike_10_2 expanded_b815c47003814be7 4.5s
86/1203 fair_bike_10_4 expanded_36fd94ab6dc4c44f 4.4s
87/1203 fair_bike_10_6 expanded_7194f083ff3313db 4.4s
88/1203 fair_bike_10_8 expanded_31c517bf4ce246dd 4.4s
89/1203 fair_cooking_05_2 expanded_195013ab6a17a96f 4.5s
90/1203 fair_cooking_05_4 expanded_7ed57cb0139e9f9c 4.4s
91/1203 fair_cooking_05_6 expanded_e5221c5899267953 4.5s
92/1203 fair_cooking_06_2 expanded_c4368606a1486729 4.5s
93/1203 fair_cooking_06_4 expanded_bcbcaef3e660d3ab 4.5s
94/1203 fair_cooking_06_6 expanded_1f9ffacda6ee493d 4.4s
95/1203 fair_cooking_07_2 expanded_316b72a08b5bb265 4.5s
96/1203 fair_cooking_07_4 expanded_e3a0659b0a83898b 4.5s
97/1203 fair_cooking_08_10 expanded_8880ff07a376eba0 4.4s
98/1203 fair_cooking_08_2 expanded_8de9d192bece031a 4.4s
99/1203 fair_cooking_08_4 expanded_1e7f1018e28beb3e 4.5s
100/1203 fair_cooking_08_6 expanded_329d0b66f8a8b659 4.4s
101/1203 fair_cooking_08_8 expanded_bbecd865b532cad5 4.5s
102/1203 georgiatech_bike_01_10 expanded_12ef16c0661e9cdc 4.4s
103/1203 georgiatech_bike_01_2 expanded_ce1e768d00eb256f 4.5s
104/1203 georgiatech_bike_01_4 expanded_f7f09c478047fe12 4.5s
105/1203 georgiatech_bike_01_8 expanded_a466b715c9acf29f 4.4s
106/1203 georgiatech_bike_02_11 expanded_010c430973b9ec79 4.4s
107/1203 georgiatech_bike_02_4 expanded_fc95513146c83de8 4.4s
108/1203 georgiatech_bike_02_9 expanded_d6f4d5f337009d67 4.5s
109/1203 georgiatech_bike_03_11 expanded_c697bcdf0fc3167f 4.4s
110/1203 georgiatech_bike_03_3 expanded_f3db9456a325fbe1 4.4s
111/1203 georgiatech_bike_04_10 expanded_0d6e0a9fc5df7c71 4.4s
112/1203 georgiatech_bike_04_12 expanded_ed17cf07f677795f 4.5s
113/1203 georgiatech_bike_04_4 expanded_7580448e28866fb9 4.4s
114/1203 georgiatech_bike_04_8 expanded_c485110b331b235c 4.5s
115/1203 georgiatech_bike_05_13 expanded_ac7cd9e41aff73c1 4.5s
116/1203 georgiatech_bike_05_7 expanded_dcfc74cfdda9aeed 4.4s
117/1203 georgiatech_bike_05_9 expanded_64350a33c757bd3a 4.5s
118/1203 georgiatech_bike_08_10 expanded_42d1bfeccbd173d9 4.4s
119/1203 georgiatech_bike_08_12 expanded_16c55aebe0d24ec6 4.5s
120/1203 georgiatech_bike_08_14 expanded_62ab2ccb730886eb 4.5s
121/1203 georgiatech_bike_08_4 expanded_9b9ecd975fd151e9 4.4s
122/1203 georgiatech_bike_09_11 expanded_290250b9479d5114 4.5s
123/1203 georgiatech_bike_09_4 expanded_2b2105d2861558d8 4.5s
124/1203 georgiatech_bike_09_6 expanded_f4118b9a3ca1d85d 4.4s
125/1203 georgiatech_bike_09_8 expanded_461ce868654b59d6 4.4s
126/1203 georgiatech_bike_09_9 expanded_5e4e5bf898f6b002 4.5s
127/1203 georgiatech_bike_11_4 expanded_27a0b6e5a773b648 4.4s
128/1203 georgiatech_bike_11_5 expanded_38fb51ba21ace65c 4.5s
129/1203 georgiatech_bike_11_8 expanded_885d877e51784bec 4.5s
130/1203 georgiatech_bike_18_10 expanded_b88b92eac6831cea 4.5s
131/1203 georgiatech_bike_18_12 expanded_264d3c8075821a69 4.6s
132/1203 georgiatech_bike_18_15 expanded_b8e7d7aa6c49d14f 4.5s
133/1203 georgiatech_bike_18_2 expanded_42a83df7caa595e2 4.5s
134/1203 georgiatech_bike_18_4 expanded_abe63fb8e944fe7c 4.5s
135/1203 georgiatech_bike_18_6 expanded_24ab4870ce3f1d47 4.5s
136/1203 georgiatech_bike_18_8 expanded_f206c9847cbf38ef 4.5s
137/1203 georgiatech_bike_19_10 expanded_3fa8049c8c059d33 4.5s
138/1203 georgiatech_bike_19_12 expanded_b06d9e0ba9e6f6cb 4.5s
139/1203 georgiatech_bike_19_2 expanded_05e8c393d2edef06 4.5s
140/1203 georgiatech_bike_19_4 expanded_75d8ad6e8ece8a25 4.6s
141/1203 georgiatech_bike_19_6 expanded_6a7c46f51d15700f 4.5s
142/1203 georgiatech_bike_19_8 expanded_62f0f7f55b268acf 4.5s
143/1203 georgiatech_cooking_01_01_2 expanded_37b2be3d95635de6 4.6s
144/1203 georgiatech_cooking_01_01_4 expanded_af65bd4ad5dceea8 4.6s
145/1203 georgiatech_cooking_01_02_2 expanded_13464c56350469f2 4.5s
146/1203 georgiatech_cooking_01_02_4 expanded_24e2ad7f89e9466a 4.5s
147/1203 georgiatech_cooking_01_03_2 expanded_c0419a72aca1ac12 4.5s
148/1203 georgiatech_cooking_01_03_4 expanded_e946326d26491d5b 4.5s
149/1203 georgiatech_cooking_04_01_2 expanded_bc2fdfba3641fcf3 4.5s
150/1203 georgiatech_cooking_04_02_2 expanded_f3439354e62d4350 4.5s
151/1203 georgiatech_cooking_04_02_4 expanded_a3471806c9b2db43 4.5s
152/1203 georgiatech_cooking_04_03_2 expanded_4f2e9cbfb03ff18d 4.5s
153/1203 georgiatech_cooking_07_03_2 expanded_1602793635b8e561 4.5s
154/1203 georgiatech_cooking_09_01_3 expanded_732087a36558714c 4.6s
155/1203 georgiatech_cooking_09_01_6 expanded_a8dca752284c6d62 4.6s
156/1203 georgiatech_cooking_09_02_2 expanded_767b6dffe9de043d 4.5s
157/1203 georgiatech_cooking_09_02_4 expanded_ca3fdb3fb4340c4c 4.6s
158/1203 georgiatech_cooking_10_01_2 expanded_7a04dbe662e3d5f4 4.5s
159/1203 georgiatech_cooking_10_01_6 expanded_26c0df0c5619b713 4.4s
160/1203 georgiatech_cooking_10_02_2 expanded_c20d4cb08decd707 4.5s
161/1203 georgiatech_cooking_10_02_4 expanded_e0055c9726f916dd 4.5s
162/1203 georgiatech_cooking_11_01_4 expanded_ac5790f58cba2cba 4.6s
163/1203 georgiatech_cooking_11_01_6 expanded_77055c5bc787d78a 4.5s
164/1203 georgiatech_cooking_11_02_3 expanded_a6ca22a339a3fd8a 4.5s
165/1203 georgiatech_cooking_11_02_6 expanded_67ccba72bae85420 4.4s
166/1203 georgiatech_cooking_14_01_2 expanded_6ca79e99fd52b2e2 4.5s
167/1203 georgiatech_cooking_14_01_6 expanded_df6a1a9cb8b7ca25 4.4s
168/1203 georgiatech_cooking_14_02_2 expanded_53e5db8c4af19918 4.4s
169/1203 georgiatech_cooking_14_02_7 expanded_e422461b6feceb91 4.4s
170/1203 georgiatech_cooking_14_03_2 expanded_63e37c98f3be63bf 4.6s
171/1203 georgiatech_covid_03_10 expanded_d2801e8100577055 4.4s
172/1203 georgiatech_covid_03_12 expanded_7cac6897470fea0f 4.5s
173/1203 georgiatech_covid_03_14 expanded_7678fac94d17d6c5 4.5s
174/1203 georgiatech_covid_03_2 expanded_7c9b5f52458db32d 4.5s
175/1203 georgiatech_covid_03_4 expanded_95fe48c6a583ecc7 4.6s
176/1203 georgiatech_covid_03_6 expanded_cbe238e5eb9d05fa 4.7s
177/1203 georgiatech_covid_03_8 expanded_f4dc0a7b6931b6fe 4.4s
178/1203 georgiatech_covid_05_10 expanded_318017f69fa85cf1 4.5s
179/1203 georgiatech_covid_05_12 expanded_94d0ab90892cc052 4.5s
180/1203 georgiatech_covid_05_2 expanded_fc23571d2adc38cc 4.5s
181/1203 georgiatech_covid_05_4 expanded_ec10e5a8652412ba 4.5s
182/1203 georgiatech_covid_05_6 expanded_a0aa3e2d4fb28f5f 4.5s
183/1203 georgiatech_covid_05_8 expanded_cf7774f29d9e7293 4.5s
184/1203 georgiatech_covid_07_10 expanded_ba8e31673124ceb9 4.5s
185/1203 georgiatech_covid_07_12 expanded_3b7a8c2153b145a6 4.5s
186/1203 georgiatech_covid_07_2 expanded_a36ba9f749baf63d 4.5s
187/1203 georgiatech_covid_07_4 expanded_b22b8da7ca5f3c0b 4.5s
188/1203 georgiatech_covid_07_6 expanded_2ad1d8fa815e51c4 4.5s
189/1203 georgiatech_covid_07_8 expanded_4cf396b762059585 4.5s
190/1203 georgiatech_covid_09_10 expanded_589f16f0dcb7e6fb 4.5s
191/1203 georgiatech_covid_09_12 expanded_62e2061d60e312cb 4.5s
192/1203 georgiatech_covid_09_2 expanded_a0858b8f139a721b 4.5s
193/1203 georgiatech_covid_09_4 expanded_e34bce21da57a48f 4.5s
194/1203 georgiatech_covid_09_6 expanded_1e53e5593967cd58 4.5s
195/1203 georgiatech_covid_09_8 expanded_b3388d33af2dd419 4.5s
196/1203 georgiatech_covid_12_11 expanded_9bc06b49214e2a62 4.5s
197/1203 georgiatech_covid_12_13 expanded_e67eb7e5b76cb6b6 4.4s
198/1203 georgiatech_covid_12_3 expanded_8681a74e4bb8f42a 4.4s
199/1203 georgiatech_covid_12_5 expanded_3a4adc854cca25f2 4.5s
200/1203 georgiatech_covid_12_7 expanded_431a1da33bb97906 4.5s
201/1203 georgiatech_covid_12_9 expanded_c6de35760ff61a46 4.5s
202/1203 georgiatech_covid_13_10 expanded_a9bd4d581cbc4443 4.5s
203/1203 georgiatech_covid_13_2 expanded_3902da2893883e6c 4.5s
204/1203 georgiatech_covid_13_4 expanded_d2fcc1d426bda0be 4.4s
205/1203 georgiatech_covid_13_6 expanded_faf4d7b12eabd304 4.5s
206/1203 georgiatech_covid_13_8 expanded_832b25850878847d 4.4s
207/1203 georgiatech_covid_14_10 expanded_22d5f9d05c8419cc 4.5s
208/1203 georgiatech_covid_14_4 expanded_965df06c447f9b02 4.5s
209/1203 georgiatech_covid_14_6 expanded_2441389a6bbc3257 4.5s
210/1203 georgiatech_covid_14_8 expanded_567f324f39ee27c6 4.5s
211/1203 georgiatech_covid_16_10 expanded_4fb2da93bc325826 4.5s
212/1203 georgiatech_covid_16_12 expanded_c84ea93521b8fd5e 4.6s
213/1203 georgiatech_covid_16_2 expanded_e360ddb11c8dda62 4.5s
214/1203 georgiatech_covid_16_4 expanded_2e6e3ccce5e6a71f 4.5s
215/1203 georgiatech_covid_16_6 expanded_519a54e0545b18a5 4.5s
216/1203 georgiatech_covid_16_8 expanded_302d08d449317d34 4.5s
217/1203 iiith_cooking_01_1 expanded_e9e849d3263739b6 4.5s
218/1203 iiith_cooking_02_1 expanded_8a9ec2552a4466d5 4.5s
219/1203 iiith_cooking_02_3 expanded_ebbb4bac7fb8e1ea 4.5s
220/1203 iiith_cooking_03_1 expanded_a9aefa2794e5b360 4.9s
221/1203 iiith_cooking_03_3 expanded_1d0349e1e5e25242 4.6s
222/1203 iiith_cooking_04_1 expanded_dd0fc40068b224bc 4.5s
223/1203 iiith_cooking_05_1 expanded_dd1a5e7a28b851a8 4.5s
224/1203 iiith_cooking_05_5 expanded_c9c2861ea50fd737 4.5s
225/1203 iiith_cooking_06_1 expanded_e7476298861e4680 4.5s
226/1203 iiith_cooking_08_1 expanded_474dece92501c3c9 4.5s
227/1203 iiith_cooking_100_2 expanded_778fca6867e769da 4.5s
228/1203 iiith_cooking_108_2 expanded_9863b820987509c9 4.6s
229/1203 iiith_cooking_108_4 expanded_1f8d7b3c3ed3f41e 4.5s
230/1203 iiith_cooking_109_2 expanded_066f6608de40ccd4 4.5s
231/1203 iiith_cooking_109_5 expanded_f263400dd0282f40 4.5s
232/1203 iiith_cooking_110_2 expanded_0954ce5bfa9e3a2e 4.5s
233/1203 iiith_cooking_111_2 expanded_3faca8b7bf048b4b 4.5s
234/1203 iiith_cooking_111_5 expanded_5dc417e74302028a 4.5s
235/1203 iiith_cooking_112_2 expanded_34437f2c39e0a9eb 4.5s
236/1203 iiith_cooking_112_4 expanded_f03f658d1473fbf0 4.4s
237/1203 iiith_cooking_115_2 expanded_c70717707d91494a 4.5s
238/1203 iiith_cooking_116_2 expanded_eed0322d45518384 4.5s
239/1203 iiith_cooking_116_5 expanded_e747da2390351299 4.5s
240/1203 iiith_cooking_117_4 expanded_7b5cb79a54a13b49 4.5s
241/1203 iiith_cooking_11_1 expanded_9b29322e2c86b121 4.5s
242/1203 iiith_cooking_123_2 expanded_cb2911e0acd98227 4.5s
243/1203 iiith_cooking_123_4 expanded_98bc76c5c5f70428 4.5s
244/1203 iiith_cooking_123_6 expanded_45690583400f33dd 4.4s
245/1203 iiith_cooking_124_2 expanded_078cfd8e52fa65cd 4.5s
246/1203 iiith_cooking_124_4 expanded_fd7dca1032530519 4.5s
247/1203 iiith_cooking_124_5 expanded_094307a61b2d30b0 4.4s
248/1203 iiith_cooking_128_2 expanded_4259329b81dfcb92 4.5s
249/1203 iiith_cooking_128_4 expanded_d5e70370fa0c41b9 4.4s
250/1203 iiith_cooking_12_1 expanded_ebb693411b543530 4.5s
251/1203 iiith_cooking_130_2 expanded_1cccde43437a46cc 4.5s
252/1203 iiith_cooking_130_4 expanded_b325244d25f5d6ee 4.5s
253/1203 iiith_cooking_131_4 expanded_6e7f309aa02b405e 4.5s
254/1203 iiith_cooking_132_2 expanded_5e83d509ff361731 4.5s
255/1203 iiith_cooking_132_4 expanded_d4a61873c841b115 4.6s
256/1203 iiith_cooking_134_2 expanded_97e6512b3229a4bb 4.5s
257/1203 iiith_cooking_135_2 expanded_39bbd2aac51968be 4.6s
258/1203 iiith_cooking_136_2 expanded_7564b050e28ac609 4.5s
259/1203 iiith_cooking_13_1 expanded_6153d94fbfdc3501 4.4s
260/1203 iiith_cooking_141_2 expanded_97aaad61892fb262 4.4s
261/1203 iiith_cooking_142_2 expanded_bd2e53ab991ab32a 4.4s
262/1203 iiith_cooking_142_4 expanded_7da85e660207843d 4.5s
263/1203 iiith_cooking_143_2 expanded_db424cf2cd537c6d 4.4s
264/1203 iiith_cooking_146_2 expanded_fa551cee1765dd66 4.5s
265/1203 iiith_cooking_147_2 expanded_7827f57f286ad55c 4.4s
266/1203 iiith_cooking_148_2 expanded_b887c4b26c653f30 4.5s
267/1203 iiith_cooking_15_1 expanded_7091f139c8edf634 4.5s
268/1203 iiith_cooking_16_1 expanded_e632e2ccda05881b 4.5s
269/1203 iiith_cooking_19_1 expanded_77edf031938b47c6 4.5s
270/1203 iiith_cooking_22_1 expanded_1c780e6eca31b3f3 4.5s
271/1203 iiith_cooking_23_1 expanded_fc35d7cc6b1e6d8f 4.5s
272/1203 iiith_cooking_24_1 expanded_fdd772caea65a2a2 4.6s
273/1203 iiith_cooking_25_1 expanded_af7ca3e3db244a8e 4.5s
274/1203 iiith_cooking_25_3 expanded_2d6d2aaa4cbfc5eb 4.5s
275/1203 iiith_cooking_26_1 expanded_58817467b08efd85 4.6s
276/1203 iiith_cooking_27_1 expanded_8fdf3127f40906d1 4.5s
277/1203 iiith_cooking_27_3 expanded_9f2c966e08e63d72 4.5s
278/1203 iiith_cooking_28_1 expanded_f448c4f5cd323dbe 4.5s
279/1203 iiith_cooking_40_1 expanded_19ac14446a4541fe 4.5s
280/1203 iiith_cooking_42_1 expanded_a1f671431e39e15c 4.5s
281/1203 iiith_cooking_43_1 expanded_0984cd1d134f601a 4.5s
282/1203 iiith_cooking_44_1 expanded_ba7c7b5f3d304dd1 4.5s
283/1203 iiith_cooking_45_1 expanded_5e529e21fd12a363 4.5s
284/1203 iiith_cooking_56_2 expanded_ebecf8d0c8f3d88b 4.5s
285/1203 iiith_cooking_57_2 expanded_6479e8b9827eeb33 4.5s
286/1203 iiith_cooking_57_4 expanded_bc8e6bb59f6ca59d 4.5s
287/1203 iiith_cooking_71_2 expanded_f358f6d4f5d804f5 4.5s
288/1203 iiith_cooking_71_4 expanded_ad609b81da6cda2a 4.5s
289/1203 iiith_cooking_71_6 expanded_bfb275b5cea6c3b0 4.5s
290/1203 iiith_cooking_72_2 expanded_64e7e7b7c8afd2a7 4.5s
291/1203 iiith_cooking_72_6 expanded_ac1fa442a852d11e 4.5s
292/1203 iiith_cooking_74_4 expanded_0445eacf9dec7398 4.5s
293/1203 iiith_cooking_75_2 expanded_8df008f141764803 4.5s
294/1203 iiith_cooking_77_2 expanded_49a13a653ce06e78 4.4s
295/1203 iiith_cooking_78_2 expanded_34dbc2912e6468bc 4.5s
296/1203 iiith_cooking_79_2 expanded_86c0cf035dfc357a 4.5s
297/1203 iiith_cooking_81_2 expanded_5df0a11e126c0d29 4.6s
298/1203 iiith_cooking_85_2 expanded_49f31223b9d6a803 4.5s
299/1203 iiith_cooking_87_2 expanded_fb45ddb43d57fbc5 4.5s
300/1203 iiith_cooking_87_4 expanded_333d83fccbfd35d1 4.4s
301/1203 iiith_cooking_91_2 expanded_e59990ce5bed7ee9 4.5s
302/1203 iiith_cooking_93_2 expanded_442e53e33c908ee2 4.4s
303/1203 iiith_cooking_93_6 expanded_502fd6274d6a8246 4.5s
304/1203 iiith_cooking_96_2 expanded_ebb439ecc5cca0b5 4.5s
305/1203 iiith_cooking_98_5 expanded_9fcd3919f0da1026 4.5s
306/1203 iiith_piano_002_7 expanded_77286052849ea908 4.5s
307/1203 iiith_soccer_004_2 expanded_caea33ee6d442573 4.5s
308/1203 iiith_soccer_004_3 expanded_e679ed766d7bb486 4.5s
309/1203 iiith_soccer_006_2 expanded_78b2fbeb25873387 4.7s
310/1203 iiith_soccer_006_3 expanded_de824766dc90181e 4.5s
311/1203 iiith_soccer_014_3 expanded_803d7ed882136eaf 4.5s
312/1203 iiith_soccer_014_5 expanded_798194195d43d23f 4.5s
313/1203 iiith_soccer_016_2 expanded_84568e07711d0be6 4.5s
314/1203 iiith_soccer_020_2 expanded_992f27344184520d 4.5s
315/1203 iiith_soccer_020_3 expanded_80407245422c4339 4.5s
316/1203 iiith_soccer_020_6 expanded_51248d6c9a768c79 4.5s
317/1203 iiith_soccer_021_2 expanded_bd856d8e8cfff929 4.4s
318/1203 iiith_soccer_021_3 expanded_8292734ebc0be534 4.5s
319/1203 iiith_soccer_027_6 expanded_3c85e3587926603b 4.5s
320/1203 iiith_soccer_028_2 expanded_f79720f53ccc7e40 4.6s
321/1203 iiith_soccer_028_4 expanded_7b858ddde77c4fed 4.6s
322/1203 iiith_soccer_029_2 expanded_73e38cdce4b00268 4.6s
323/1203 iiith_soccer_030_2 expanded_30ed2285137fd288 4.4s
324/1203 iiith_soccer_030_4 expanded_c0f85d41a6281cbb 4.5s
325/1203 iiith_soccer_032_2 expanded_a295b7764a4dbdef 4.4s
326/1203 iiith_soccer_033_2 expanded_16d8295c30e7de92 4.4s
327/1203 iiith_soccer_033_4 expanded_a56ce7aa72ba7b46 4.4s
328/1203 iiith_soccer_034_2 expanded_8107f34cba497293 4.5s
329/1203 iiith_soccer_034_6 expanded_96715a4f3593d96f 4.5s
330/1203 iiith_soccer_035_2 expanded_43b4eb16b4bad888 4.5s
331/1203 iiith_soccer_035_5 expanded_64198ec0788a7ef7 4.6s
332/1203 iiith_soccer_036_2 expanded_817e28652fac733d 4.5s
333/1203 iiith_soccer_036_3 expanded_f1cc2a3a6753b791 4.6s
334/1203 iiith_soccer_039_2 expanded_6271256810ff7617 4.5s
335/1203 iiith_soccer_041_2 expanded_beca436a9d64facb 4.5s
336/1203 iiith_soccer_042_2 expanded_9bba9b48a09fd211 4.5s
337/1203 iiith_soccer_042_4 expanded_eb5e953014f4fbf2 4.5s
338/1203 iiith_soccer_052_2 expanded_52982d658e0dec59 4.5s
339/1203 iiith_soccer_052_4 expanded_6571b911e1c6a39e 4.5s
340/1203 iiith_soccer_053_2 expanded_fd8a1fce65bdafa6 4.5s
341/1203 iiith_soccer_053_6 expanded_56b3a1d8a41dfce0 4.6s
342/1203 iiith_soccer_060_2 expanded_974798c3656e137d 4.5s
343/1203 iiith_soccer_060_4 expanded_a9ad670fb9a20d17 4.5s
344/1203 iiith_soccer_061_2 expanded_81fc095194711594 4.6s
345/1203 iiith_soccer_061_4 expanded_7077ca6702bdd674 4.5s
346/1203 indiana_bike_02_1 expanded_a7aeee93221c1981 4.5s
347/1203 indiana_bike_02_2 expanded_051501f45d604133 4.5s
348/1203 indiana_bike_02_3 expanded_e5faaf7f1c81bb00 4.5s
349/1203 indiana_bike_04_2 expanded_e8f3ce90f5f0f83f 4.5s
350/1203 indiana_bike_04_3 expanded_5ebf7eb18d887846 4.5s
351/1203 indiana_bike_04_4 expanded_c461a93bfe0ffbd8 4.4s
352/1203 indiana_bike_04_5 expanded_8fcafa65f51db1d8 4.4s
353/1203 indiana_bike_04_7 expanded_a9fa532dc69316bf 4.5s
354/1203 indiana_bike_04_8 expanded_c0670fcdd582ba27 4.5s
355/1203 indiana_bike_04_9 expanded_bf6f4d79b93e354c 4.5s
356/1203 indiana_bike_06_11 expanded_e5d00bd5d14ee23b 4.5s
357/1203 indiana_bike_06_2 expanded_bd82daffb004a0ea 4.4s
358/1203 indiana_bike_06_3 expanded_950205dad5b4158f 4.5s
359/1203 indiana_bike_06_5 expanded_25712ccb7cea1c95 4.5s
360/1203 indiana_bike_06_7 expanded_6eea49b9d160c740 4.5s
361/1203 indiana_bike_06_9 expanded_4ab1a52cf1e5526d 4.5s
362/1203 indiana_bike_09_14 expanded_faaf4a1536bc9af1 4.5s
363/1203 indiana_bike_12_11 expanded_9b200220c3ebad70 4.4s
364/1203 indiana_bike_12_13 expanded_10b2e00c9a290687 4.5s
365/1203 indiana_bike_12_14 expanded_39a527053dc00ba2 4.5s
366/1203 indiana_bike_12_16 expanded_9d265c3e7e566f1f 4.5s
367/1203 indiana_bike_12_4 expanded_ee0853afd4444827 4.7s
368/1203 indiana_bike_12_5 expanded_d7d2c04ea06b562b 4.5s
369/1203 indiana_bike_12_7 expanded_6da41cd17c698b67 4.5s
370/1203 indiana_bike_12_9 expanded_0a3c2762f98d3eee 4.5s
371/1203 indiana_bike_13_12 expanded_2205a4e2105d453c 4.5s
372/1203 indiana_bike_13_2 expanded_a324eea25ac53b87 4.5s
373/1203 indiana_bike_13_3 expanded_e287a4a9f4689b85 4.6s
374/1203 indiana_bike_13_4 expanded_9ab00da0edcc4dca 4.5s
375/1203 indiana_bike_13_5 expanded_1fbd483a65982291 4.5s
376/1203 indiana_bike_13_8 expanded_3a01512b3bb0554f 4.5s
377/1203 indiana_bike_13_9 expanded_751dfe4f59bce1e8 4.5s
378/1203 indiana_bike_15_18 expanded_0582c85204d3d157 4.5s
379/1203 indiana_bike_15_22 expanded_9ae64e95b95d2b86 4.5s
380/1203 indiana_bike_15_24 expanded_3a2a4340457b48c4 4.5s
381/1203 indiana_bike_15_6 expanded_7b15f8474c949474 4.5s
382/1203 indiana_cooking_01_2 expanded_a7dd782954b3eaef 4.5s
383/1203 indiana_cooking_01_3 expanded_1d27737d4b6e74fb 4.5s
384/1203 indiana_cooking_03_2 expanded_40791662e814ca9a 4.5s
385/1203 indiana_cooking_03_3 expanded_5b5cd7633054a795 4.5s
386/1203 indiana_cooking_04_2 expanded_62bd786a399df683 4.5s
387/1203 indiana_cooking_04_3 expanded_3c4c125f3eb7127c 4.5s
388/1203 indiana_cooking_08_6 expanded_ec1c4ae0e72b1a3e 4.5s
389/1203 indiana_cooking_10_2 expanded_2712f482acfd4bd8 4.5s
390/1203 indiana_cooking_10_3 expanded_dee0a57e94ffaa00 4.6s
391/1203 indiana_cooking_10_4 expanded_4453fd1b5c8aa87d 4.5s
392/1203 indiana_cooking_10_5 expanded_b41e9e454c4463e4 4.5s
393/1203 indiana_cooking_12_2 expanded_750ba54024e0f08c 4.5s
394/1203 indiana_cooking_12_3 expanded_d76893df60dd434e 4.5s
395/1203 indiana_cooking_12_4 expanded_380ad30f122e846e 4.5s
396/1203 indiana_cooking_13_2 expanded_a6e4893eca69a97d 4.5s
397/1203 indiana_cooking_14_3 expanded_3b18424b13e09d18 4.5s
398/1203 indiana_cooking_14_4 expanded_078691454769540f 4.5s
399/1203 indiana_cooking_14_5 expanded_f42b8992fb45dd12 4.5s
400/1203 indiana_cooking_14_6 expanded_ad9e1ebbea5fc4ae 4.5s
401/1203 indiana_cooking_20_2 expanded_bff2561b33c87e5c 4.6s
402/1203 indiana_cooking_20_3 expanded_66bc72a7936def5f 4.5s
403/1203 indiana_cooking_20_4 expanded_444ce49ce4d46f53 4.5s
404/1203 indiana_cooking_20_5 expanded_d3b2e5cbb2e4739e 4.5s
405/1203 indiana_cooking_21_2 expanded_b2b6c38deec62893 4.6s
406/1203 indiana_cooking_21_3 expanded_4f71390748dceb9a 4.5s
407/1203 indiana_cooking_21_4 expanded_e610524c04fd7c63 4.5s
408/1203 indiana_cooking_21_5 expanded_f05827e3407b4511 4.5s
409/1203 indiana_cooking_22_2 expanded_e4983293eb3c901c 4.6s
410/1203 indiana_cooking_22_3 expanded_5d716d649c8eb46c 4.5s
411/1203 indiana_cooking_22_4 expanded_a8a30fc25e36b861 4.6s
412/1203 indiana_cooking_22_5 expanded_f64a078a083646bb 4.5s
413/1203 indiana_cooking_26_2 expanded_252a179c61952bd9 4.5s
414/1203 indiana_cooking_26_3 expanded_f03e9c5a0a2f58cd 4.6s
415/1203 indiana_cooking_26_4 expanded_c05ccafb1b1cce99 4.5s
416/1203 indiana_cooking_27_2 expanded_807921673bd7203b 4.6s
417/1203 indiana_music_05_2 expanded_c2b6fa94b81ac89f 4.5s
418/1203 indiana_music_05_3 expanded_ee6ca8f898d7baba 4.5s
419/1203 indiana_music_05_4 expanded_c15bce1fd49bfe64 4.5s
420/1203 indiana_music_06_2 expanded_cff4970352f1bfee 4.5s
421/1203 indiana_music_06_3 expanded_7ceadad6efa9fdf7 4.6s
422/1203 indiana_music_06_4 expanded_8a61a27b782b502b 4.6s
423/1203 indiana_music_09_5 expanded_83028448ccb1d77f 4.5s
424/1203 indiana_music_11_4 expanded_6f45c67fe32fa4d1 4.5s
425/1203 indiana_music_12_3 expanded_927dd0b19121a71c 4.5s
426/1203 indiana_music_12_5 expanded_a1f0f534bccce7d5 4.5s
427/1203 indiana_music_12_6 expanded_5ab509ae33c2b16f 4.6s
428/1203 indiana_music_13_3 expanded_dfb471e71dada4d0 4.5s
429/1203 indiana_music_13_4 expanded_6fcd49eb478486cd 4.5s
430/1203 indiana_music_14_3 expanded_1944924896dc4941 4.5s
431/1203 indiana_music_14_5 expanded_2e1315d71c989a75 4.5s
432/1203 minnesota_cooking_021_2 expanded_d87f5f2491c1959e 4.5s
433/1203 minnesota_cooking_022_2 expanded_82215e649b0e2937 4.5s
434/1203 minnesota_cooking_022_4 expanded_3d47279952886c0e 4.5s
435/1203 minnesota_cooking_023_2 expanded_5c156c2c05041881 4.6s
436/1203 minnesota_cooking_023_4 expanded_68ca7839ddeaa006 4.5s
437/1203 minnesota_cooking_023_6 expanded_b10b89336529d51d 4.5s
438/1203 minnesota_cooking_024_2 expanded_6c002acf122e17e3 4.5s
439/1203 minnesota_cooking_030_2 expanded_9d550cf2725b596b 4.5s
440/1203 minnesota_cooking_030_5 expanded_865d55c6dbff551b 4.4s
441/1203 minnesota_cooking_031_2 expanded_5348a018dcda8b98 4.5s
442/1203 minnesota_cooking_031_4 expanded_24b788e4fc9b474b 4.4s
443/1203 minnesota_cooking_032_2 expanded_a1061220ee117dfe 4.6s
444/1203 minnesota_cooking_032_4 expanded_c21452d094c4aa6c 4.5s
445/1203 minnesota_cooking_050_4 expanded_ab916872b3acc5e8 4.5s
446/1203 minnesota_cooking_070_2 expanded_8ea3789c4b447f12 4.6s
447/1203 minnesota_cooking_074_2 expanded_677492a5911eb2be 4.5s
448/1203 nus_cooking_16_2 expanded_b4a7cd0332652aeb 4.5s
449/1203 nus_cooking_16_3 expanded_35d806ab39c832f0 4.9s
450/1203 nus_cooking_16_4 expanded_8a9708d9606f1b4e 4.5s
451/1203 nus_cooking_16_5 expanded_365d21dffd9a7782 4.5s
452/1203 nus_cooking_17_3 expanded_22e974a1beeb12af 4.5s
453/1203 nus_cooking_17_4 expanded_a9ce62575c3db65e 4.5s
454/1203 nus_cooking_17_5 expanded_b53b92d08e74632f 4.5s
455/1203 nus_covidtest_49_1 expanded_2c7168753fea84c6 4.5s
456/1203 nus_cpr_07_2 expanded_5a2cd52478d1dbe7 4.5s
457/1203 nus_cpr_09_1 expanded_db1b321faa1b53bc 4.5s
458/1203 nus_cpr_09_2 expanded_7e6612e51e55121a 4.5s
459/1203 nus_cpr_14_2 expanded_0a25e915df739a13 4.5s
460/1203 nus_cpr_19_2 expanded_27021de7db3ad94d 4.5s
461/1203 nus_cpr_22_2 expanded_e0f5df45d18a105e 4.5s
462/1203 nus_cpr_24_2 expanded_a34905adc7ab3ff4 4.5s
463/1203 nus_cpr_25_1 expanded_7cd7adda2389c094 4.5s
464/1203 nus_cpr_25_2 expanded_d79eb7552e0eb498 4.5s
465/1203 nus_cpr_26_3 expanded_055124d1fecbce3f 4.5s
466/1203 nus_cpr_29_3 expanded_11f7048b8ef18de7 4.5s
467/1203 nus_cpr_46_1 expanded_e3885aa894c3c788 4.5s
468/1203 nus_cpr_50_1 expanded_a000b47e3a8be927 4.5s
469/1203 sfu_basketball013_15 expanded_57dcb73fcc8de324 4.5s
470/1203 sfu_basketball013_16 expanded_91d6b71370909c75 4.5s
471/1203 sfu_basketball013_2 expanded_8abd22888c22c798 4.5s
472/1203 sfu_basketball013_23 expanded_4ea0dd5f2b6a532a 4.5s
473/1203 sfu_basketball013_24 expanded_622f1c505be88284 4.5s
474/1203 sfu_basketball013_28 expanded_4b1423699fbc8fb8 4.5s
475/1203 sfu_basketball013_5 expanded_103c12d5ded88571 4.5s
476/1203 sfu_basketball014_13 expanded_68c16a3e6ac381a6 4.5s
477/1203 sfu_basketball014_16 expanded_75254f5606065c01 4.6s
478/1203 sfu_basketball014_2 expanded_70234239b7bf7f0c 4.6s
479/1203 sfu_basketball014_23 expanded_fd1c20a3bac72398 4.7s
480/1203 sfu_basketball014_4 expanded_22f19c79ac9e1da8 4.9s
481/1203 sfu_basketball015_11 expanded_d0aefb672a09bad0 4.9s
482/1203 sfu_basketball015_13 expanded_6cc070be81ceea62 5.0s
483/1203 sfu_basketball015_17 expanded_cdf5f324e207661e 5.2s
484/1203 sfu_basketball015_2 expanded_84a51ff4e7dde1cd 5.7s
485/1203 sfu_basketball015_21 expanded_ce913b90980b5244 7.7s
486/1203 sfu_basketball015_24 expanded_9e8cbe1aa0bba447 7.8s
487/1203 sfu_basketball015_29 expanded_920b6ebcfae9517a 8.4s
488/1203 sfu_basketball015_4 expanded_402d9c9af645195e 8.2s
489/1203 sfu_basketball015_7 expanded_b84541e762d40196 8.1s
490/1203 sfu_basketball016_4 expanded_1967d90f63b7e21f 8.2s
491/1203 sfu_basketball016_7 expanded_1ace061de3841234 8.2s
492/1203 sfu_basketball017_10 expanded_13dd64efc1ecf05c 7.8s
493/1203 sfu_basketball017_14 expanded_8cf4ff23ddcb8a06 7.8s
494/1203 sfu_basketball017_18 expanded_81b25a51e81aea64 7.6s
495/1203 sfu_basketball017_20 expanded_59544304365ece8a 8.0s
496/1203 sfu_basketball017_5 expanded_13c15db244f70b5b 7.7s
497/1203 sfu_basketball_02_12 expanded_f3ccaeb97f5f5b13 7.9s
498/1203 sfu_basketball_02_22 expanded_f03dc892554a6c1f 7.6s
499/1203 sfu_basketball_02_31 expanded_7d6b798756b45fcd 7.7s
500/1203 sfu_basketball_03_12 expanded_d97caad82e147893 7.4s
501/1203 sfu_basketball_03_34 expanded_f65c483bc1fbfc3c 7.5s
502/1203 sfu_basketball_03_51 expanded_8bb3164314bcdef5 7.2s
503/1203 sfu_basketball_03_64 expanded_56737134671a4977 7.3s
504/1203 sfu_basketball_05_28 expanded_a3e5206ce93f784e 7.3s
505/1203 sfu_basketball_05_41 expanded_fa5812861f5b4bb9 7.2s
506/1203 sfu_basketball_06_14 expanded_5fbc79f22492c203 7.7s
507/1203 sfu_basketball_07_11 expanded_c69a19912f756cbd 7.4s
508/1203 sfu_basketball_07_21 expanded_b4e30d64a97b36b2 7.5s
509/1203 sfu_basketball_07_38 expanded_f23c33850c4f4f3c 7.3s
510/1203 sfu_basketball_08_13 expanded_8c724212a5582afc 6.9s
511/1203 sfu_basketball_08_2 expanded_96fd2a9f93299e0f 7.3s
512/1203 sfu_basketball_08_31 expanded_8102c6ca2b8ec342 6.9s
513/1203 sfu_basketball_08_43 expanded_f3288c13f922f970 7.2s
514/1203 sfu_basketball_08_50 expanded_2e97cc46b191806a 6.8s
515/1203 sfu_basketball_08_6 expanded_7f9bbd5732b30d95 6.9s
516/1203 sfu_basketball_10_13 expanded_1b8e1e4bc3d47b96 6.7s
517/1203 sfu_basketball_10_25 expanded_bbf331554c1d7291 6.9s
518/1203 sfu_basketball_11_15 expanded_cfafc52806960107 7.2s
519/1203 sfu_basketball_11_28 expanded_0f66441f1495b83b 6.3s
520/1203 sfu_basketball_11_35 expanded_81143e82b4aa854d 6.7s
521/1203 sfu_cooking015_2 expanded_d16276f537b93362 6.9s
522/1203 sfu_cooking017_6 expanded_d5ca804b53fd378e 6.5s
523/1203 sfu_cooking017_9 expanded_399c11104eae1051 9.7s
524/1203 sfu_cooking020_4 expanded_d0e9ba3900701a90 7.7s
525/1203 sfu_cooking020_6 expanded_149a8c038afab961 8.5s
526/1203 sfu_cooking023_2 expanded_470d404bda1054fe 9.2s
527/1203 sfu_cooking023_6 expanded_c8d964756154844f 6.3s
528/1203 sfu_cooking023_8 expanded_7878ba6ab290b4d9 7.2s
529/1203 sfu_cooking025_5 expanded_4b33f26351faa775 8.3s
530/1203 sfu_cooking026_4 expanded_80f139ef2211b941 7.5s
531/1203 sfu_cooking029_4 expanded_dae8dfaf00454bc8 7.5s
532/1203 sfu_cooking029_6 expanded_7dc98506e95505d7 7.2s
533/1203 sfu_cooking029_8 expanded_6c0fe325ec4349f7 7.6s
534/1203 sfu_cooking031_1 expanded_e77abfbc0daf1e0c 7.5s
535/1203 sfu_cooking031_3 expanded_c79a794a368abb75 7.5s
536/1203 sfu_cooking031_5 expanded_3292c2a4c0fffd54 7.4s
537/1203 sfu_cooking031_7 expanded_9e84c3f4e8ed18c2 7.5s
538/1203 sfu_cooking031_9 expanded_9fcf6bc1d3f235d9 7.3s
539/1203 sfu_cooking032_3 expanded_67dbf1065657f8b0 7.5s
540/1203 sfu_cooking032_4 expanded_5c86e89d8774838e 7.4s
541/1203 sfu_cooking_001_2 expanded_70d0b35bd2ebe225 7.4s
542/1203 sfu_cooking_001_4 expanded_4ddc1e0e27509678 7.5s
543/1203 sfu_cooking_001_6 expanded_040498beff0d8b17 7.5s
544/1203 sfu_cooking_001_8 expanded_493d7349fc0e3d10 7.5s
545/1203 sfu_cooking_002_1 expanded_5e13a124a4c71ed4 7.4s
546/1203 sfu_cooking_002_3 expanded_92a7f21772fdd83e 7.5s
547/1203 sfu_cooking_002_7 expanded_fbf41615690d112d 7.5s
548/1203 sfu_cooking_003_1 expanded_ef840382ae0aceff 7.5s
549/1203 sfu_cooking_003_3 expanded_76e7abb85e6df678 7.5s
550/1203 sfu_cooking_003_5 expanded_73f65ed3102e7f24 7.5s
551/1203 sfu_cooking_005_1 expanded_2f06d5e8efb3b68d 7.4s
552/1203 sfu_cooking_005_2 expanded_e11e718f011f8867 7.4s
553/1203 sfu_cooking_005_4 expanded_06bfa4c85c6082db 7.4s
554/1203 sfu_cooking_006_1 expanded_223b27c5af06ce83 7.6s
555/1203 sfu_cooking_009_1 expanded_f1c742f40972dbce 7.5s
556/1203 sfu_cooking_009_3 expanded_f041f623ab857b7a 7.5s
557/1203 sfu_cooking_009_5 expanded_82a89767df69361c 7.4s
558/1203 sfu_cooking_009_7 expanded_fc792dd789d1d444 7.6s
559/1203 sfu_cooking_011_1 expanded_00f838d11082cb3c 7.6s
560/1203 sfu_cooking_011_3 expanded_c9270da5f38a6e16 7.5s
561/1203 sfu_cooking_013_1 expanded_3e620cb36597c891 7.5s
562/1203 sfu_covid_001_10 expanded_d1e363b698121eed 7.4s
563/1203 sfu_covid_001_2 expanded_0ba714f538028264 7.5s
564/1203 sfu_covid_001_4 expanded_7771970645aa9be3 7.6s
565/1203 sfu_covid_001_6 expanded_f0d651457dc0ff12 7.5s
566/1203 sfu_covid_001_8 expanded_bc178b6c1c5db830 7.5s
567/1203 sfu_covid_002_10 expanded_1212aa33058a9c71 7.4s
568/1203 sfu_covid_007_2 expanded_49aaebf478d54328 7.4s
569/1203 sfu_covid_009_10 expanded_a67ae913a5116a18 7.5s
570/1203 sfu_covid_009_12 expanded_b96e33de66a2645c 7.5s
571/1203 sfu_covid_009_14 expanded_69adc767bdce3817 7.5s
572/1203 sfu_covid_009_2 expanded_a1a30fd9c49a0167 7.5s
573/1203 sfu_covid_009_6 expanded_0bd162f7e92edabc 7.4s
574/1203 sfu_covid_009_8 expanded_95b695a08797a5f1 7.4s
575/1203 sfu_covid_010_2 expanded_8e048f8aaf4a784d 7.5s
576/1203 sfu_covid_010_6 expanded_79512370dc9a1f3b 7.5s
577/1203 sfu_covid_013_12 expanded_ef55f47011442167 7.5s
578/1203 sfu_covid_014_2 expanded_d7ca0a0153c34b87 7.7s
579/1203 unc_basketball_02-24-23_01_10 expanded_7566435fb4efe32f 7.4s
580/1203 unc_basketball_02-24-23_01_22 expanded_ce5fcaae3fcc4c4c 7.3s
581/1203 unc_basketball_02-24-23_01_25 expanded_59b4ddf240d82fb9 7.4s
582/1203 unc_basketball_02-24-23_01_4 expanded_0f4b3b73dc73aee7 7.5s
583/1203 unc_basketball_02-24-23_01_43 expanded_9ab36e8d0cfcd96e 7.4s
584/1203 unc_basketball_02-24-23_01_7 expanded_997172c0d681f8cd 7.5s
585/1203 unc_basketball_02-24-23_02_3 expanded_660e1d51a5b3ba3b 7.4s
586/1203 unc_basketball_02-24-23_02_5 expanded_5705342e5a136b4c 7.3s
587/1203 unc_basketball_03-09-23_01_2 expanded_2fa5ce4a8046b7e8 7.4s
588/1203 unc_basketball_03-09-23_01_26 expanded_bba2525ed543329d 7.4s
589/1203 unc_basketball_03-09-23_01_38 expanded_038a2f729d3f980d 7.4s
590/1203 unc_basketball_03-09-23_01_4 expanded_5edaa79288063b41 7.5s
591/1203 unc_basketball_03-09-23_01_50 expanded_7475f2a86c5c3647 7.4s
592/1203 unc_basketball_03-09-23_02_11 expanded_9c9e485b76101cc6 7.4s
593/1203 unc_basketball_03-09-23_02_16 expanded_dcb4bf92a077af6a 7.4s
594/1203 unc_basketball_03-09-23_02_19 expanded_f94788ba3a72135f 7.4s
595/1203 unc_basketball_03-09-23_02_21 expanded_9fda1bf4318e278d 7.5s
596/1203 unc_basketball_03-09-23_02_4 expanded_d20dfe801b20e578 7.5s
597/1203 unc_basketball_03-09-23_02_45 expanded_56de8598aec22919 7.6s
598/1203 unc_basketball_03-09-23_02_6 expanded_409be739d61f9ffa 7.5s
599/1203 unc_basketball_03-09-23_02_7 expanded_b720af0c720dc7f5 7.4s
600/1203 unc_basketball_03-16-23_01_16 expanded_d431abb3aad2927d 7.5s
601/1203 unc_basketball_03-16-23_01_20 expanded_6780e5bf6a05f9e8 7.5s
602/1203 unc_basketball_03-16-23_01_22 expanded_7deb43d771ad1c2e 7.4s
603/1203 unc_basketball_03-16-23_01_35 expanded_6f2bb9a2c2394172 7.5s
604/1203 unc_basketball_03-16-23_01_38 expanded_4afc0567464be15a 7.4s
605/1203 unc_basketball_03-16-23_01_40 expanded_7b38d0c54d31f2aa 7.4s
606/1203 unc_basketball_03-16-23_01_9 expanded_35857607e6bd80c6 7.4s
607/1203 unc_basketball_03-16-23_02_12 expanded_ea05a61c509865aa 7.5s
608/1203 unc_basketball_03-16-23_02_15 expanded_56b24f57de24ced2 7.5s
609/1203 unc_basketball_03-16-23_02_17 expanded_ce5aa466dfb4b1e1 7.5s
610/1203 unc_basketball_03-16-23_02_2 expanded_15fb0a181cb3d321 7.5s
611/1203 unc_basketball_03-16-23_02_21 expanded_ab5882e1aa3a1a05 7.3s
612/1203 unc_basketball_03-16-23_02_25 expanded_db8f58615ed1df89 7.4s
613/1203 unc_basketball_03-16-23_02_26 expanded_be8746d0aa83b007 7.5s
614/1203 unc_basketball_03-16-23_02_27 expanded_84054b1cb952e1e0 7.4s
615/1203 unc_basketball_03-16-23_02_29 expanded_1e6208dedc40fd75 7.4s
616/1203 unc_basketball_03-16-23_02_36 expanded_5701e79074c238ae 7.5s
617/1203 unc_basketball_03-16-23_02_39 expanded_2254a927a06237e1 7.4s
618/1203 unc_basketball_03-16-23_02_5 expanded_b67e8a00ba62d378 7.5s
619/1203 unc_basketball_03-16-23_02_6 expanded_d45a354d39856a31 7.4s
620/1203 unc_basketball_03-16-23_02_8 expanded_1f9880cacaa8b11f 7.5s
621/1203 unc_basketball_03-17-23_01_10 expanded_9f376b72ec525e85 7.5s
622/1203 unc_basketball_03-17-23_01_13 expanded_3ae0b3c75525ad28 7.5s
623/1203 unc_basketball_03-17-23_01_17 expanded_aa7b5cca6228d0cf 7.3s
624/1203 unc_basketball_03-17-23_01_19 expanded_9caf98f72b6f3228 7.4s
625/1203 unc_basketball_03-17-23_01_22 expanded_bccc91336d4d26b5 7.4s
626/1203 unc_basketball_03-17-23_01_23 expanded_e870325da423dc74 7.4s
627/1203 unc_basketball_03-17-23_01_9 expanded_9caa17927f662c5d 7.5s
628/1203 unc_basketball_03-30-23_01_14 expanded_a9a7129153f6c0ef 7.5s
629/1203 unc_basketball_03-30-23_01_17 expanded_c049a94303f57936 7.3s
630/1203 unc_basketball_03-30-23_01_44 expanded_e2f6cf8a7f4a4f05 7.5s
631/1203 unc_basketball_03-30-23_01_48 expanded_4f8c0613ade819fe 7.6s
632/1203 unc_basketball_03-30-23_01_51 expanded_30d9ffbb0b88de49 7.5s
633/1203 unc_basketball_03-30-23_01_9 expanded_e77f3dc9f8631617 7.4s
634/1203 unc_basketball_03-30-23_02_24 expanded_cd08fcacd1db314d 7.4s
635/1203 unc_basketball_03-30-23_02_29 expanded_4bab25ec8e99462f 7.3s
636/1203 unc_basketball_03-30-23_02_32 expanded_c5912b8de34fa3b8 7.4s
637/1203 unc_basketball_03-30-23_02_34 expanded_6fbbcc891bf3acfc 7.4s
638/1203 unc_basketball_03-30-23_02_35 expanded_e0cddf106a8c3a95 7.4s
639/1203 unc_basketball_03-30-23_02_38 expanded_35fabf67e1929f55 7.5s
640/1203 unc_basketball_03-31-23_01_13 expanded_c22094aab06cd724 7.1s
641/1203 unc_basketball_03-31-23_01_17 expanded_082f0755e528a75e 7.5s
642/1203 unc_basketball_03-31-23_01_4 expanded_7a9805a0169322de 7.5s
643/1203 unc_basketball_03-31-23_01_42 expanded_61c90c7d36b7a0b2 7.5s
644/1203 unc_basketball_03-31-23_01_49 expanded_a28a1d1724c15e7d 7.6s
645/1203 unc_basketball_03-31-23_01_55 expanded_31a008737447a8a8 7.6s
646/1203 unc_basketball_03-31-23_01_8 expanded_3063fbe4000d57b0 7.5s
647/1203 unc_basketball_03-31-23_02_13 expanded_dc7ad4fc7886c78c 7.5s
648/1203 unc_basketball_03-31-23_02_19 expanded_ed1b70107457429b 7.5s
649/1203 unc_basketball_03-31-23_02_21 expanded_279d2d604e71c007 7.4s
650/1203 unc_basketball_03-31-23_02_23 expanded_fa26dfda0982c522 7.5s
651/1203 unc_basketball_03-31-23_02_29 expanded_5ac001a36c5b10f2 7.5s
652/1203 unc_basketball_03-31-23_02_4 expanded_5be80af08c98a325 7.5s
653/1203 unc_basketball_03-31-23_02_43 expanded_fea682fef3fdef98 7.5s
654/1203 unc_basketball_03-31-23_02_45 expanded_2008f3c80d895071 7.5s
655/1203 unc_music_04-26-23_02_7 expanded_d442edcc14f63608 7.5s
656/1203 unc_soccer_09-22-23_01_2 expanded_30402eb6e9cf665c 7.5s
657/1203 unc_soccer_09-22-23_01_3 expanded_a07937ff3295e8ea 7.5s
658/1203 unc_soccer_09-22-23_01_7 expanded_74d98b12999634e4 7.4s
659/1203 uniandes_basketball_001_11 expanded_f281964942548b55 7.5s
660/1203 uniandes_basketball_001_14 expanded_01e16e98a8d89868 7.5s
661/1203 uniandes_basketball_001_31 expanded_aef94badbbf5b5f8 7.4s
662/1203 uniandes_basketball_001_33 expanded_7dab275f59ba6833 7.6s
663/1203 uniandes_basketball_001_35 expanded_43106a30b7e4b4a2 9.3s
664/1203 uniandes_basketball_001_4 expanded_143eb4a9dc878b69 9.3s
665/1203 uniandes_basketball_001_7 expanded_b17bf702d96d82be 8.8s
666/1203 uniandes_basketball_002_11 expanded_631e677a3b1a7955 8.8s
667/1203 uniandes_basketball_002_16 expanded_fec6d5e4cb3c4de9 8.8s
668/1203 uniandes_basketball_002_19 expanded_4319a18902a21eb8 8.8s
669/1203 uniandes_basketball_002_23 expanded_6116f9ee70bc9e4a 8.8s
670/1203 uniandes_basketball_002_29 expanded_aca3a831393bf063 8.8s
671/1203 uniandes_basketball_002_4 expanded_499543c9926b20cb 7.7s
672/1203 uniandes_basketball_002_7 expanded_5898f68788413c67 4.7s
673/1203 uniandes_basketball_003_11 expanded_64cc7fe3048c7530 8.2s
674/1203 uniandes_basketball_003_14 expanded_2ee7884031fcb9ae 9.3s
675/1203 uniandes_basketball_003_18 expanded_2fa7ff814bfd1450 8.9s
676/1203 uniandes_basketball_003_21 expanded_7a2e23a9e7f6302f 7.5s
677/1203 uniandes_basketball_003_25 expanded_cf0b349bcf333c4f 9.9s
678/1203 uniandes_basketball_003_29 expanded_de675f0657edbdba 9.8s
679/1203 uniandes_basketball_003_32 expanded_ddde8245a70da428 7.1s
680/1203 uniandes_basketball_003_36 expanded_2822759706ffebb5 9.8s
681/1203 uniandes_basketball_003_4 expanded_a31ec906a36e6229 9.5s
682/1203 uniandes_basketball_003_48 expanded_c2e3fc72353e91e8 6.3s
683/1203 uniandes_basketball_003_50 expanded_5e97a0c2030a1823 9.8s
684/1203 uniandes_basketball_003_7 expanded_a2412f7182155c87 9.9s
685/1203 uniandes_basketball_004_17 expanded_015dd60a32c04f15 9.8s
686/1203 uniandes_basketball_004_36 expanded_c73ddc1d9961ed4c 9.8s
687/1203 uniandes_basketball_004_4 expanded_8e5feaf8c646ba1a 9.5s
688/1203 uniandes_basketball_004_42 expanded_360cb831ca0b3be4 9.8s
689/1203 uniandes_basketball_004_50 expanded_5d80b32c7feae879 9.7s
690/1203 uniandes_basketball_004_58 expanded_1e6fcc7dc0250331 9.5s
691/1203 uniandes_basketball_004_62 expanded_6a95d0ceb700724a 9.5s
692/1203 uniandes_basketball_005_10 expanded_3b47017456aefd0f 9.5s
693/1203 uniandes_basketball_005_18 expanded_c1a8d11065430867 9.8s
694/1203 uniandes_basketball_005_4 expanded_406e224e362e8918 9.4s
695/1203 uniandes_basketball_005_8 expanded_3a68dac5f084d9c0 9.6s
696/1203 uniandes_cooking_001_10 expanded_7c1057dd6f4ac732 9.2s
697/1203 uniandes_cooking_001_12 expanded_34af7cd4b69ae711 9.4s
698/1203 uniandes_cooking_002_10 expanded_6a08b808b9372897 9.3s
699/1203 uniandes_cooking_002_12 expanded_8c0e91f2b836def0 9.3s
700/1203 uniandes_cooking_002_6 expanded_1ef4946fae80422b 9.3s
701/1203 uniandes_cooking_002_8 expanded_4504bcd7a766eddc 10.8s
702/1203 uniandes_cooking_003_13 expanded_52a7467c6b502239 10.6s
703/1203 uniandes_cooking_003_6 expanded_33e67880308363e5 10.3s
704/1203 uniandes_cooking_005_2 expanded_d7e72ed23d51cf04 10.1s
705/1203 uniandes_cooking_005_4 expanded_ffce3aaf0858bd1d 10.1s
706/1203 uniandes_cooking_005_6 expanded_06cc334c06cfa122 10.1s
707/1203 uniandes_cooking_005_8 expanded_a7dbad46c2a2ca6a 9.6s
708/1203 uniandes_cooking_006_10 expanded_5204f94732aff0c3 9.3s
709/1203 uniandes_cooking_006_2 expanded_7f7ddd80bd35e849 7.0s
710/1203 uniandes_cooking_006_4 expanded_195ce5ddc2ccd33e 5.8s
711/1203 uniandes_cooking_007_4 expanded_d2e9bd113aef781c 8.2s
712/1203 uniandes_cooking_007_6 expanded_5b06be6141f4160b 8.9s
713/1203 uniandes_cooking_008_10 expanded_2a9b5e63889d1b12 7.0s
714/1203 uniandes_cooking_008_4 expanded_f44ab68e01d53b4c 10.5s
715/1203 uniandes_cooking_008_6 expanded_ba94295b8f11eebe 9.5s
716/1203 uniandes_cooking_008_8 expanded_0fa98eb5e7725a3c 7.7s
717/1203 uniandes_cooking_009_2 expanded_bfdfd96ce2a14685 10.6s
718/1203 uniandes_cooking_009_4 expanded_ae72df44119ba3a2 9.1s
719/1203 uniandes_cooking_009_6 expanded_153f6c470b01dbdf 8.2s
720/1203 uniandes_dance_002_13 expanded_13d4deb11f9f29d7 10.5s
721/1203 uniandes_dance_008_10 expanded_56787275528b0f59 8.1s
722/1203 uniandes_dance_008_12 expanded_ee4c4d2eb0c5b3d5 9.1s
723/1203 uniandes_dance_008_17 expanded_bd94351f5c7bf495 10.3s
724/1203 uniandes_dance_008_23 expanded_865c78bd97c02f91 7.1s
725/1203 uniandes_dance_008_24 expanded_57da64d29c8376ef 10.0s
726/1203 uniandes_dance_008_26 expanded_5e72657fcff30180 9.9s
727/1203 uniandes_dance_008_41 expanded_7df4d75a565d5d29 6.9s
728/1203 uniandes_dance_008_45 expanded_2a9c0319eaf62da8 10.1s
729/1203 uniandes_dance_008_48 expanded_04309da4071ca081 8.8s
730/1203 uniandes_dance_008_50 expanded_f4f39522c4a310a3 7.1s
731/1203 uniandes_dance_008_6 expanded_ae2600e01f31fc31 9.6s
732/1203 uniandes_dance_008_8 expanded_eefa2e7770ed49fa 9.6s
733/1203 uniandes_dance_011_17 expanded_0820c244885e731c 7.2s
734/1203 uniandes_dance_011_19 expanded_a83f59b83b485811 8.3s
735/1203 uniandes_dance_011_22 expanded_8d67717cc5baecc3 9.3s
736/1203 uniandes_dance_011_28 expanded_f7f6c1ef35611965 9.2s
737/1203 uniandes_dance_011_31 expanded_696fa0ad10c8900b 6.0s
738/1203 uniandes_dance_011_34 expanded_dde7e6b928633425 9.3s
739/1203 uniandes_dance_011_36 expanded_9ec50e91132c4900 9.4s
740/1203 uniandes_dance_012_12 expanded_333a8d96ec786372 8.5s
741/1203 uniandes_dance_012_16 expanded_eafa72206090f698 6.6s
742/1203 uniandes_dance_012_2 expanded_001a8c2320c89c4b 9.4s
743/1203 uniandes_dance_012_22 expanded_d77b4919b12f2b4f 9.1s
744/1203 uniandes_dance_012_24 expanded_7849dc018415c186 7.1s
745/1203 uniandes_dance_012_28 expanded_4c43ea6b019ea4d5 6.8s
746/1203 uniandes_dance_012_29 expanded_c5fa66168776c810 8.6s
747/1203 uniandes_dance_012_33 expanded_49adb5306c148970 8.5s
748/1203 uniandes_dance_012_35 expanded_00b53509498cd71b 8.6s
749/1203 uniandes_dance_012_37 expanded_8895faf9da4c0fef 6.0s
750/1203 uniandes_dance_012_4 expanded_899ce5724d36f53a 7.3s
751/1203 uniandes_dance_012_7 expanded_8cecc90dd754d2ba 8.3s
752/1203 uniandes_dance_012_9 expanded_d61425cd2c9a2b1b 8.4s
753/1203 uniandes_dance_013_11 expanded_bed2c970a0cb2759 8.3s
754/1203 uniandes_dance_013_14 expanded_8683a9b258e67942 5.6s
755/1203 uniandes_dance_013_16 expanded_8a3c839a58a23889 7.8s
756/1203 uniandes_dance_013_18 expanded_9254f264b78b500a 8.1s
757/1203 uniandes_dance_013_19 expanded_369ff83e7c8db957 8.8s
758/1203 uniandes_dance_013_21 expanded_16e59f7523a935ec 8.1s
759/1203 uniandes_dance_013_3 expanded_7b2ea51fdf3d89c3 5.5s
760/1203 uniandes_dance_013_7 expanded_684aa016298c27a8 7.7s
761/1203 uniandes_dance_013_8 expanded_740762b4d39acc12 8.1s
762/1203 uniandes_dance_015_13 expanded_0c335428ad91680f 8.5s
763/1203 uniandes_dance_015_17 expanded_5d0171bf9e9312d2 8.2s
764/1203 uniandes_dance_015_20 expanded_98d4c0abbe5aba8d 5.3s
765/1203 uniandes_dance_015_22 expanded_c6e591939bdf67d9 8.0s
766/1203 uniandes_dance_017_12 expanded_b945b6b762670771 8.4s
767/1203 uniandes_dance_017_13 expanded_7158b9b36bf1fe32 8.2s
768/1203 uniandes_dance_017_16 expanded_096d095ca04c67c6 5.3s
769/1203 uniandes_dance_017_18 expanded_a64d5b7c7f83a0e6 7.7s
770/1203 uniandes_dance_017_32 expanded_d0f456b59dfb7215 7.9s
771/1203 uniandes_dance_017_35 expanded_884ea936a30f3088 7.9s
772/1203 uniandes_dance_017_38 expanded_4fc52c9ae611507e 7.8s
773/1203 uniandes_dance_017_39 expanded_b9ad8179205e61c4 7.8s
774/1203 uniandes_dance_017_41 expanded_29eff61c8f3595f5 7.7s
775/1203 uniandes_dance_017_54 expanded_443fdf7f88298b93 7.5s
776/1203 uniandes_dance_017_57 expanded_20abaf11947f3f22 8.7s
777/1203 uniandes_dance_017_58 expanded_ec445e3994dfabfa 9.3s
778/1203 uniandes_dance_017_9 expanded_a7fe62eddc8edd79 8.7s
779/1203 uniandes_dance_019_10 expanded_52dbcc38e4a24bcd 8.7s
780/1203 uniandes_dance_019_13 expanded_0d6942d84e936b95 8.7s
781/1203 uniandes_dance_019_15 expanded_c8b628fdad39d196 8.7s
782/1203 uniandes_dance_019_2 expanded_944ba3509a4495b0 8.8s
783/1203 uniandes_dance_019_4 expanded_14e46f1ac99e8706 8.7s
784/1203 uniandes_dance_019_6 expanded_732bb5c63f590400 8.7s
785/1203 uniandes_dance_019_9 expanded_309737fc5fc7689f 8.3s
786/1203 uniandes_dance_020_13 expanded_027e8a8253f70795 7.6s
787/1203 uniandes_dance_020_14 expanded_68e5b1ca21c89a62 7.5s
788/1203 uniandes_dance_020_17 expanded_f4bd4567f90215f7 7.5s
789/1203 uniandes_dance_020_18 expanded_ec23850bb06d4d41 7.5s
790/1203 uniandes_dance_020_21 expanded_24c8b8b3314b8a1b 7.3s
791/1203 uniandes_dance_020_22 expanded_555deacf225b0efb 7.6s
792/1203 uniandes_dance_020_25 expanded_3f267076131b09d4 7.5s
793/1203 uniandes_dance_020_26 expanded_516f25aef53503d4 7.5s
794/1203 uniandes_dance_020_27 expanded_d86036efc22d804f 7.5s
795/1203 uniandes_dance_020_3 expanded_d24452fc23992c0c 7.5s
796/1203 uniandes_dance_020_30 expanded_0140d1a1acd99d36 7.5s
797/1203 uniandes_dance_020_32 expanded_9a8e842e20a3f233 7.5s
798/1203 uniandes_dance_020_34 expanded_d75ca89ef0c0bba1 8.6s
799/1203 uniandes_dance_020_38 expanded_70cd8628dd6922c7 9.3s
800/1203 uniandes_dance_020_40 expanded_583ab62e433dc1a3 8.8s
801/1203 uniandes_dance_020_45 expanded_3592c191f6f752bf 8.8s
802/1203 uniandes_dance_020_48 expanded_227ca67895581a9a 8.8s
803/1203 uniandes_dance_020_50 expanded_3976a18596c6c2b0 8.8s
804/1203 uniandes_dance_020_52 expanded_bed2f1ab7ab4aac2 8.5s
805/1203 uniandes_dance_020_58 expanded_211d4ecc97671b15 4.5s
806/1203 uniandes_dance_020_59 expanded_0e0edba494f987cc 7.8s
807/1203 uniandes_dance_020_61 expanded_1dda48419343c8b6 8.3s
808/1203 uniandes_dance_020_62 expanded_326dc60ef4485c45 8.5s
809/1203 uniandes_dance_020_8 expanded_222687389fdf84ef 8.4s
810/1203 uniandes_dance_021_10 expanded_252430504db099f8 7.9s
811/1203 uniandes_dance_021_12 expanded_ceabbdc0879f7bee 5.6s
812/1203 uniandes_dance_021_15 expanded_100a0ea1b003966f 8.4s
813/1203 uniandes_dance_021_17 expanded_5b061a6f5578bebf 8.3s
814/1203 uniandes_dance_021_18 expanded_b7c6af54b24e3ac2 8.3s
815/1203 uniandes_dance_021_2 expanded_929af46fa0f1d75f 8.3s
816/1203 uniandes_dance_021_20 expanded_73f3d7f550bf2e4c 7.0s
817/1203 uniandes_dance_021_23 expanded_8d8b221a674facc5 6.5s
818/1203 uniandes_dance_021_26 expanded_b84799243a9b0626 8.2s
819/1203 uniandes_dance_021_27 expanded_aed80c42b46c182b 8.1s
820/1203 uniandes_dance_021_31 expanded_20d22836c878a283 8.2s
821/1203 uniandes_dance_021_32 expanded_e6e7674ad84fdfd4 6.8s
822/1203 uniandes_dance_021_33 expanded_5c7dcb9a5eef75e8 6.2s
823/1203 uniandes_dance_021_37 expanded_62e5f108877a4897 8.1s
824/1203 uniandes_dance_021_38 expanded_3d0ef5ffa9b7b6ca 8.2s
825/1203 uniandes_dance_021_39 expanded_c4c6ca17d95bfd60 8.1s
826/1203 uniandes_dance_021_42 expanded_112e0972dc219de7 8.1s
827/1203 uniandes_dance_021_44 expanded_132f179066c1676a 8.1s
828/1203 uniandes_dance_021_47 expanded_8abfa3e08b3cc958 7.7s
829/1203 uniandes_dance_021_5 expanded_4bb1a66c7846cfa4 7.9s
830/1203 uniandes_dance_021_50 expanded_001902271070af23 9.5s
831/1203 uniandes_dance_021_53 expanded_198be55154d00843 9.2s
832/1203 uniandes_dance_021_54 expanded_f658c938441bc4fe 8.7s
833/1203 uniandes_dance_021_55 expanded_ad4a061fa387adad 8.7s
834/1203 uniandes_dance_021_57 expanded_f979a0088528d991 8.8s
835/1203 uniandes_dance_021_6 expanded_07f7646418a3b659 8.8s
836/1203 uniandes_dance_021_9 expanded_3a8a93bf024024e6 8.8s
837/1203 uniandes_dance_022_11 expanded_03671a60d8385390 8.8s
838/1203 uniandes_dance_022_12 expanded_f22aa9d207c149a3 5.2s
839/1203 uniandes_dance_022_15 expanded_62d24d11f433b402 6.7s
840/1203 uniandes_dance_022_17 expanded_31aa2eb2e25fcca5 8.1s
841/1203 uniandes_dance_022_18 expanded_c680b8023de965c1 8.5s
842/1203 uniandes_dance_022_20 expanded_d4d58ff0089d6b88 8.3s
843/1203 uniandes_dance_022_23 expanded_6e3aa3f18f876152 8.2s
844/1203 uniandes_dance_022_25 expanded_02103878a28647bf 5.1s
845/1203 uniandes_dance_022_27 expanded_32364e48602f5858 8.3s
846/1203 uniandes_dance_022_3 expanded_712a237b92a836db 8.1s
847/1203 uniandes_dance_022_31 expanded_e7b6dddbab27efa9 8.3s
848/1203 uniandes_dance_022_33 expanded_7bba9f0254e33b3b 8.1s
849/1203 uniandes_dance_022_36 expanded_cf750b4cb78a0384 7.8s
850/1203 uniandes_dance_022_38 expanded_0b43bf9062bcd1c9 5.2s
851/1203 uniandes_dance_022_39 expanded_72e99797d5de0281 7.9s
852/1203 uniandes_dance_022_41 expanded_561572d29cb041c2 8.2s
853/1203 uniandes_dance_022_44 expanded_3bd8f4c553414a18 8.0s
854/1203 uniandes_dance_022_46 expanded_c783b4f33105dd72 8.2s
855/1203 uniandes_dance_022_47 expanded_c17ef826829dc145 7.5s
856/1203 uniandes_dance_022_49 expanded_956a2a6ce4f8f067 5.2s
857/1203 uniandes_dance_022_5 expanded_18555b9198812cce 8.1s
858/1203 uniandes_dance_022_50 expanded_0cbe2fadabb25273 8.0s
859/1203 uniandes_dance_022_6 expanded_f1af26552840f78b 7.9s
860/1203 uniandes_dance_022_8 expanded_26fc5cd357ac5c89 8.1s
861/1203 uniandes_dance_022_9 expanded_4a817496f2c8b02e 7.4s
862/1203 uniandes_dance_023_13 expanded_3cf251b4d69d3826 5.3s
863/1203 uniandes_dance_023_15 expanded_c054c2d4c13a31d4 8.0s
864/1203 uniandes_dance_023_16 expanded_c9883df56f2a261c 7.9s
865/1203 uniandes_dance_023_18 expanded_2a2216867c05ce65 8.1s
866/1203 uniandes_dance_023_19 expanded_88df668ba53a0c29 8.0s
867/1203 uniandes_dance_023_22 expanded_461bc5d0a952c571 7.2s
868/1203 uniandes_dance_023_9 expanded_ada80ce787c1839b 5.3s
869/1203 uniandes_dance_024_3 expanded_0bece9cf870619d1 8.0s
870/1203 uniandes_dance_024_37 expanded_d6b5eebb9fbe86e4 7.9s
871/1203 uniandes_dance_024_38 expanded_6c641b6a5d13a4e2 8.1s
872/1203 uniandes_dance_024_4 expanded_8799b6e8e41f8c9e 7.9s
873/1203 uniandes_dance_024_41 expanded_f02afea00e2b521c 7.4s
874/1203 uniandes_dance_024_43 expanded_cca6642366f5a9e1 5.3s
875/1203 uniandes_dance_024_5 expanded_7baaaee337e3ce17 7.8s
876/1203 uniandes_dance_024_7 expanded_9a0584a2d441f6be 8.1s
877/1203 uniandes_dance_024_8 expanded_7a0c6541d1cd33d7 7.9s
878/1203 upenn_0317_Violin_3_7 expanded_f5cf95ee2f162b0c 7.6s
879/1203 upenn_0317_Violin_3_8 expanded_70f78dbfcfbe5b76 7.3s
880/1203 upenn_0317_Violin_3_9 expanded_8922bfa05a8c65d3 7.6s
881/1203 upenn_0324_Piano_1_2 expanded_bfe94252caefb399 7.5s
882/1203 upenn_0324_Piano_1_3 expanded_ef36a349eafbfe15 7.5s
883/1203 upenn_0324_Piano_1_4 expanded_ea0c6d57040047cc 7.5s
884/1203 upenn_0324_Piano_1_5 expanded_4b51affb20c4318b 7.5s
885/1203 upenn_0407_Guitar_1_2 expanded_b89f02781e4f3759 7.3s
886/1203 upenn_0407_Guitar_1_3 expanded_bdaaaafcc86f4e48 7.4s
887/1203 upenn_0407_Guitar_1_4 expanded_7c0b5a2db2b04b0f 7.5s
888/1203 upenn_0407_Violin_1_2 expanded_1f52bf04ef298392 7.5s
889/1203 upenn_0407_Violin_1_3 expanded_ddc45972aee53885 7.5s
890/1203 upenn_0407_Violin_1_4 expanded_c0264a9acf7636f5 7.6s
891/1203 upenn_0407_Violin_1_5 expanded_94dc3eb5be483686 7.5s
892/1203 upenn_0407_Violin_2_2 expanded_eeefc811d5a6bfe5 7.5s
893/1203 upenn_0407_Violin_2_3 expanded_30bd3212fe1416d9 7.5s
894/1203 upenn_0407_Violin_2_4 expanded_e27f96ec74f33b39 7.5s
895/1203 upenn_0628_Cooking_1_2 expanded_67754feab03d8532 7.5s
896/1203 upenn_0629_Dance_2_2 expanded_8b3a68d054333c6a 7.5s
897/1203 upenn_0629_Dance_2_4 expanded_d4e9717075c74b4b 7.3s
898/1203 upenn_0629_Dance_2_5 expanded_00e9c5f54beb4cb3 7.6s
899/1203 upenn_0629_Dance_2_6 expanded_ec670a92a3e08115 7.5s
900/1203 upenn_0629_Dance_2_7 expanded_6bf7265c204493ac 7.5s
901/1203 upenn_0629_Dance_3_2 expanded_7d4cd76b5395e2dc 7.5s
902/1203 upenn_0629_Dance_3_3 expanded_165a2738197b99e0 7.4s
903/1203 upenn_0629_Dance_3_4 expanded_36103fccfe26cc26 7.3s
904/1203 upenn_0629_Dance_3_5 expanded_d18caf1b25e7bbd0 7.5s
905/1203 upenn_0629_Dance_3_6 expanded_e737d9f294b56cd6 7.4s
906/1203 upenn_0701_Piano_2_2 expanded_25de8017c9251cfa 7.4s
907/1203 upenn_0701_Piano_2_4 expanded_a6c40393c70cee58 7.5s
908/1203 upenn_0701_Piano_2_6 expanded_496020149c16e5a7 7.4s
909/1203 upenn_0701_Piano_2_7 expanded_410c073588445bae 7.5s
910/1203 upenn_0702_Cooking_2_2 expanded_923917a4ca462404 7.9s
911/1203 upenn_0702_Cooking_2_3 expanded_94f3f25bb5b2d9b4 9.3s
912/1203 upenn_0702_Cooking_3_2 expanded_fc2b03251527e605 9.0s
913/1203 upenn_0702_Cooking_3_3 expanded_282cd15985d248fd 8.7s
914/1203 upenn_0702_Cooking_4_2 expanded_71ec7b9d51f883c5 8.6s
915/1203 upenn_0702_Cooking_4_3 expanded_cdd7554a6c87fd96 8.7s
916/1203 upenn_0702_Cooking_5_2 expanded_be2d9b2970ee70e8 8.7s
917/1203 upenn_0702_Cooking_5_3 expanded_10cbadf84121ecfa 8.7s
918/1203 upenn_0706_Dance_1_2 expanded_1ec5aed63d1246ce 5.5s
919/1203 upenn_0706_Dance_1_3 expanded_3c8251b979a674e5 6.6s
920/1203 upenn_0706_Dance_1_4 expanded_6b8eed7e041e5ee0 8.1s
921/1203 upenn_0706_Dance_1_6 expanded_dc6ccf509d4a46c7 8.4s
922/1203 upenn_0706_Dance_1_7 expanded_70643ed22d6985e5 8.2s
923/1203 upenn_0706_Dance_2_2 expanded_c28a69bfe46926ae 8.2s
924/1203 upenn_0706_Dance_2_3 expanded_839bd8eb7e9d5fad 5.3s
925/1203 upenn_0706_Dance_2_4 expanded_28202b9ff2971967 8.3s
926/1203 upenn_0706_Dance_2_5 expanded_9bd68630d26840d2 8.3s
927/1203 upenn_0706_Dance_5_2 expanded_32e2fd48ed17e036 8.3s
928/1203 upenn_0706_Dance_5_3 expanded_a26a929de57b52c0 7.9s
929/1203 upenn_0706_Dance_5_4 expanded_18aafb3d4814e061 5.0s
930/1203 upenn_0706_Dance_5_5 expanded_54117ee777c2aa39 8.1s
931/1203 upenn_0706_Dance_5_6 expanded_ac3c13cea6768be0 8.0s
932/1203 upenn_0710_Cooking_1_2 expanded_0457bb34c55c4ce6 8.2s
933/1203 upenn_0710_Cooking_1_3 expanded_d2caf9fddf0d616a 8.1s
934/1203 upenn_0710_Cooking_2_2 expanded_4305aa0a645a76e1 8.2s
935/1203 upenn_0710_Cooking_2_3 expanded_4a92e8efd64f1cb5 8.0s
936/1203 upenn_0710_Cooking_4_2 expanded_fc73218db5009df1 7.9s
937/1203 upenn_0710_Cooking_4_3 expanded_1eb4615793f705f0 8.1s
938/1203 upenn_0712_Cooking_1_2 expanded_578362a2ac1683d9 8.0s
939/1203 upenn_0712_Cooking_1_3 expanded_90d59ee752107d50 7.9s
940/1203 upenn_0712_Cooking_1_4 expanded_d4cc39d9fcfc545a 8.1s
941/1203 upenn_0712_Cooking_1_5 expanded_1f7d5c8b9af45123 8.0s
942/1203 upenn_0712_Cooking_4_2 expanded_c658dc30227a6f12 8.1s
943/1203 upenn_0712_Cooking_4_3 expanded_efbb09083935bac6 7.9s
944/1203 upenn_0712_Cooking_5_2 expanded_615fc4349424870b 9.3s
945/1203 upenn_0712_Cooking_5_3 expanded_c3fb73fdf7fe2619 9.8s
946/1203 upenn_0713_Dance_1_2 expanded_6c51c9f184c033bb 9.6s
947/1203 upenn_0713_Dance_1_3 expanded_4dc6a2453254efd8 9.4s
948/1203 upenn_0713_Dance_1_4 expanded_96d856a1cc8ffb6a 9.4s
949/1203 upenn_0713_Dance_1_5 expanded_e1fae4fef04063cb 9.2s
950/1203 upenn_0713_Dance_2_2 expanded_028397ab9091d5b2 9.4s
951/1203 upenn_0713_Dance_2_3 expanded_7265dc160dab45f9 9.4s
952/1203 upenn_0713_Dance_2_4 expanded_d911ebd116ecbb1d 9.3s
953/1203 upenn_0713_Dance_2_5 expanded_a3bc91e039cb17b3 9.2s
954/1203 upenn_0714_Cooking_1_2 expanded_2686187fb361710e 9.3s
955/1203 upenn_0714_Cooking_1_3 expanded_611d8b66784d27b3 8.9s
956/1203 upenn_0714_Cooking_1_4 expanded_c7171e57ed6b0035 8.9s
957/1203 upenn_0714_Cooking_1_5 expanded_41df532495783be9 8.8s
958/1203 upenn_0714_Cooking_2_3 expanded_214897e217ad947e 9.0s
959/1203 upenn_0714_Cooking_2_4 expanded_ae9b64b5d643f920 8.9s
960/1203 upenn_0714_Cooking_3_2 expanded_f4fee25f2046d397 8.9s
961/1203 upenn_0714_Cooking_3_3 expanded_df8ad10a381f91aa 7.9s
962/1203 upenn_0714_Cooking_5_3 expanded_7a843bb757546ce9 4.9s
963/1203 upenn_0714_Cooking_6_2 expanded_38f47acf66d9fbc2 8.8s
964/1203 upenn_0714_Cooking_6_3 expanded_c3604c6283a98dd8 9.4s
965/1203 upenn_0714_Cooking_7_3 expanded_bb72f173f61bd95e 9.3s
966/1203 upenn_0715_Dance_1_4 expanded_97a910e100e8c8f2 7.3s
967/1203 upenn_0715_Dance_1_5 expanded_96fb6539acf7ace2 8.2s
968/1203 upenn_0715_Dance_1_6 expanded_c1d4970c82c81caf 9.4s
969/1203 upenn_0715_Dance_1_7 expanded_9d5fc07c0f980448 9.4s
970/1203 upenn_0717_Piano_1_2 expanded_cb692738e5abfd7a 8.1s
971/1203 upenn_0717_Piano_1_3 expanded_9cb09c2ea12c62c6 6.3s
972/1203 upenn_0717_Piano_1_5 expanded_d7eadf9725531791 9.4s
973/1203 upenn_0717_Piano_3_2 expanded_1770beaeff7451b0 9.3s
974/1203 upenn_0717_Piano_3_3 expanded_aec79075ecca8835 9.0s
975/1203 upenn_0717_Piano_3_4 expanded_6b0fbb59c1128ac2 5.8s
976/1203 upenn_0717_Piano_3_5 expanded_fa6bf21d3cdf287e 9.0s
977/1203 upenn_0718_Violin_1_2 expanded_1f520df46bc8f574 9.1s
978/1203 upenn_0718_Violin_1_3 expanded_3644156811873359 9.3s
979/1203 upenn_0718_Violin_1_4 expanded_b5547e1b598a84e9 6.9s
980/1203 upenn_0718_Violin_1_5 expanded_4a0392afa64e5819 7.8s
981/1203 upenn_0718_Violin_2_2 expanded_22bb8bbb3a046c61 9.0s
982/1203 upenn_0718_Violin_2_5 expanded_beecc79a9389c3bd 9.1s
983/1203 upenn_0718_Violin_2_6 expanded_c67bf971706a44af 8.5s
984/1203 upenn_0718_Violin_2_7 expanded_a77fce0c8e10ed50 5.7s
985/1203 upenn_0719_Piano_2_2 expanded_5451b2f8315a75cc 9.0s
986/1203 upenn_0719_Piano_2_3 expanded_9aac6a72e8fa944e 9.2s
987/1203 upenn_0719_Piano_2_4 expanded_c52708899dc906b7 9.0s
988/1203 upenn_0719_Piano_2_5 expanded_1154a1c7a65ebeb3 6.3s
989/1203 upenn_0720_Dance_2_2 expanded_0d64cac87f889f54 7.9s
990/1203 upenn_0720_Dance_2_3 expanded_cd0a08d41bb3a928 9.1s
991/1203 upenn_0720_Dance_2_4 expanded_92eb0c04e4c8e728 8.8s
992/1203 upenn_0720_Dance_3_10 expanded_a5e9b4b8d79b28a4 7.8s
993/1203 upenn_0720_Dance_3_11 expanded_eef0e9acb88ea9c9 4.8s
994/1203 upenn_0720_Dance_3_13 expanded_5622c024bc74c3f2 8.5s
995/1203 upenn_0720_Dance_3_15 expanded_55afc36c390ab592 8.3s
996/1203 upenn_0720_Dance_3_16 expanded_e9e46e52d1d7672e 8.3s
997/1203 upenn_0720_Dance_3_18 expanded_e6ab25f8333920a5 8.5s
998/1203 upenn_0720_Dance_3_3 expanded_5f744850e834e90c 6.1s
999/1203 upenn_0720_Dance_3_5 expanded_056ad1857ee535a4 6.8s
1000/1203 upenn_0720_Dance_3_7 expanded_df2094a5a6646d73 8.4s
1001/1203 upenn_0720_Dance_3_8 expanded_4db4c982e6d87e28 8.3s
1002/1203 upenn_0720_Dance_4_2 expanded_0af079297286f185 8.3s
1003/1203 upenn_0720_Dance_4_3 expanded_82eb41fd5f8a78ae 4.8s
1004/1203 upenn_0720_Dance_4_5 expanded_a2a029b597925089 7.7s
1005/1203 upenn_0721_Piano_2_2 expanded_122512d149499598 8.4s
1006/1203 upenn_0721_Piano_2_3 expanded_082caf32cb18431b 8.3s
1007/1203 upenn_0721_Piano_2_5 expanded_af0f6992e1e433a0 7.9s
1008/1203 upenn_0721_Piano_2_6 expanded_4da450c387951d62 7.8s
1009/1203 upenn_0722_Guitar_1_4 expanded_98ae9254107c38c2 7.7s
1010/1203 upenn_0722_Piano_2_2 expanded_90674cf928e89884 8.0s
1011/1203 upenn_0722_Piano_2_3 expanded_8f8e16947632a4a7 9.3s
1012/1203 upenn_0722_Piano_2_4 expanded_72a2a16d91dbf85e 9.3s
1013/1203 upenn_0722_Piano_2_5 expanded_0682c4953edba628 9.3s
1014/1203 upenn_0722_Violin_1_2 expanded_743bdc645fa8a4f8 8.9s
1015/1203 upenn_0722_Violin_1_3 expanded_0ef7eb603215e461 8.9s
1016/1203 upenn_0722_Violin_1_4 expanded_5625f408a6dbae65 8.8s
1017/1203 upenn_0724_Piano_1_3 expanded_2c277b723ed589b2 9.0s
1018/1203 upenn_0724_Piano_1_4 expanded_0893dfc1d5dbc3bc 8.9s
1019/1203 upenn_0724_Piano_1_5 expanded_1a71afacdf46fa05 8.8s
1020/1203 upenn_0725_Duet_Violin_1_1_10 expanded_e692bb53e8e3dc14 8.8s
1021/1203 upenn_0725_Duet_Violin_1_1_3 expanded_63b50110960094e8 5.9s
1022/1203 upenn_0725_Duet_Violin_1_1_4 expanded_7f31c8d8ea442f3e 6.3s
1023/1203 upenn_0725_Duet_Violin_1_1_7 expanded_d654e4d3a9a766d8 8.5s
1024/1203 upenn_0725_Duet_Violin_1_1_8 expanded_846c04dc396300f8 8.8s
1025/1203 upenn_0725_Duet_Violin_1_1_9 expanded_8324179a31677560 8.7s
1026/1203 upenn_0725_Duet_Violin_1_2_10 expanded_dd009c8fdcd236e7 7.9s
1027/1203 upenn_0725_Duet_Violin_1_2_3 expanded_acaa6775b0463636 5.8s
1028/1203 upenn_0725_Duet_Violin_1_2_4 expanded_1e8c7c11af9ecbea 8.7s
1029/1203 upenn_0725_Duet_Violin_1_2_9 expanded_0bf9ab60891cff35 8.5s
1030/1203 upenn_0725_Violin_1_2 expanded_1bf1a71fbf0b143f 7.1s
1031/1203 upenn_0725_Violin_1_3 expanded_7632fb382511d437 5.9s
1032/1203 upenn_0725_Violin_1_4 expanded_5dfb6cc068488e5f 8.6s
1033/1203 upenn_0726_Duet_Violin_1_2_2 expanded_54888384102aed5f 8.6s
1034/1203 upenn_0726_Duet_Violin_1_2_3 expanded_1caf8010864aa05c 8.5s
1035/1203 upenn_0726_Duet_Violin_1_2_4 expanded_b0713f717ed1521f 8.6s
1036/1203 upenn_0726_Piano_1_2 expanded_e34e1ea3e613aa26 8.5s
1037/1203 upenn_0726_Piano_1_3 expanded_a5267a21c9a6dc5c 8.5s
1038/1203 upenn_0726_Piano_1_4 expanded_e2ddb9e59469a810 8.5s
1039/1203 upenn_0726_Piano_1_5 expanded_e3cf69b00c86173f 8.7s
1040/1203 upenn_0726_Piano_2_2 expanded_7c7c288d74ddbf5e 8.4s
1041/1203 upenn_0726_Piano_2_3 expanded_1e3feaa4fcdd0ef1 8.5s
1042/1203 upenn_0726_Piano_2_4 expanded_ecec421cfd2377b6 9.0s
1043/1203 upenn_0726_Piano_2_5 expanded_7396ce18c7c13af0 8.4s
1044/1203 upenn_0727_Partner_Dance_2_1_2 expanded_51f4283764065c55 9.8s
1045/1203 upenn_0727_Partner_Dance_2_1_3 expanded_a19f28cc5c3dc8ba 9.8s
1046/1203 upenn_0727_Partner_Dance_2_1_5 expanded_440d84926331ae06 9.7s
1047/1203 upenn_0727_Partner_Dance_3_2_3 expanded_794e1662c83f2ddc 9.4s
1048/1203 upenn_0727_Partner_Dance_4_2_3 expanded_d2a2615acad836a8 9.6s
1049/1203 upenn_0728_Guitar_1_6 expanded_d2644d11410de160 9.3s
1050/1203 upenn_0730_Dance_1_3 expanded_f05d9eaf5fb892ca 9.2s
1051/1203 upenn_0730_Dance_1_4 expanded_fa8e66d6dd4add9f 9.3s
1052/1203 upenn_0730_Dance_1_6 expanded_5ac12affbfb1e464 9.3s
1053/1203 upenn_0730_Dance_1_7 expanded_43d4b85c5d19773d 9.4s
1054/1203 upenn_0730_Dance_2_2 expanded_43b961154c97cb94 8.1s
1055/1203 upenn_0730_Dance_2_3 expanded_6e5b47879b710b52 5.8s
1056/1203 upenn_0730_Dance_2_4 expanded_f3afd10b24b5859b 9.8s
1057/1203 upenn_0730_Dance_2_5 expanded_a7c6dfefc11aad1f 9.7s
1058/1203 upenn_0730_Dance_2_6 expanded_05dfab442c1eea20 7.2s
1059/1203 upenn_0730_Partner_Dance_1_1_2 expanded_5a9b3df1ed67449b 9.4s
1060/1203 upenn_0730_Partner_Dance_1_1_6 expanded_6a60217a1961e496 10.4s
1061/1203 upenn_0730_Partner_Dance_1_1_7 expanded_485bc4f0d26977e5 8.8s
1062/1203 utokyo_cpr_2005_23_2 expanded_1b8843cefb396bd5 7.3s
1063/1203 utokyo_cpr_2005_25_2 expanded_e5c922dfbb009d9c 10.1s
1064/1203 utokyo_cpr_2005_28_2 expanded_baf78bd45bc12a6c 9.5s
1065/1203 utokyo_cpr_2005_34_2 expanded_4633ffe802f1ec9f 6.6s
1066/1203 utokyo_cpr_2005_35_2 expanded_096882763af5006d 8.6s
1067/1203 utokyo_cpr_2005_38_2 expanded_724ccb041ecc1ba9 9.3s
1068/1203 utokyo_omelet_12_1001_2 expanded_739c2446ef91044e 9.4s
1069/1203 utokyo_omelet_12_1001_4 expanded_26296c2e99ee8d90 7.7s
1070/1203 utokyo_omelet_4_1001_2 expanded_af866e681a2db5d1 7.0s
1071/1203 utokyo_omelet_4_1001_4 expanded_e47ca84d97f8cd13 9.2s
1072/1203 utokyo_omelet_6_1001_2 expanded_4d8f34160d70d4f9 9.0s
1073/1203 utokyo_omelet_6_1001_4 expanded_ff078e0784c649b1 6.4s
1074/1203 utokyo_omelet_9_1001_2 expanded_5fcbd3f40a1db6b1 8.1s
1075/1203 utokyo_omelet_9_1001_4 expanded_6a682024f8b7c166 9.3s
1076/1203 utokyo_pcr_2001_31_6 expanded_76e7b83bd9125e4d 9.2s
1077/1203 utokyo_pcr_2001_33_6 expanded_580cac6a47c5c402 9.0s
1078/1203 utokyo_pcr_2001_35_6 expanded_827bb275d3de1127 8.7s
1079/1203 utokyo_salad_12_1018_2 expanded_32d7d7371f092b62 9.0s
1080/1203 utokyo_salad_12_1018_4 expanded_c7b5e402f833573e 9.5s
1081/1203 utokyo_salad_4_1018_2 expanded_3b9753999e1c0864 10.3s
1082/1203 utokyo_salad_4_1018_4 expanded_bd715cdfeadefcbb 9.2s
1083/1203 utokyo_sushi_12_1008_2 expanded_d2f721618ef4769c 9.1s
1084/1203 utokyo_sushi_12_1008_4 expanded_124868233add33d5 9.2s
1085/1203 utokyo_sushi_4_1008_2 expanded_8d6eca01ed544f72 9.1s
1086/1203 utokyo_sushi_4_1008_4 expanded_042caabc1c31abc3 7.1s
1087/1203 utokyo_sushi_6_1008_2 expanded_4bcc455fdad8e629 6.6s
1088/1203 utokyo_sushi_6_1008_4 expanded_436bb7454abf159d 8.0s
1089/1203 utokyo_sushi_8_1008_2 expanded_2eceb3540e48f7f7 8.3s
1090/1203 utokyo_sushi_8_1008_4 expanded_7de5edbfad428023 8.1s
1091/1203 utokyo_sushi_9_1008_2 expanded_d87b52cb24d423a2 6.2s
1092/1203 utokyo_sushi_9_1008_4 expanded_c417a5f03766d16a 6.2s
Loading source val
Loaded source val
1093/1203 georgiatech_bike_07_4 expanded_a004ae9bb1a7b838 8.7s
1094/1203 georgiatech_bike_14_8 expanded_3a0e642927bdcaa4 8.7s
1095/1203 georgiatech_bike_16_8 expanded_1d924fe42267c788 8.8s
1096/1203 georgiatech_cooking_06_02_4 expanded_18150881442e5b71 8.4s
1097/1203 georgiatech_covid_02_4 expanded_c434ae6d3ab2d152 4.6s
1098/1203 georgiatech_covid_04_8 expanded_577c113ce2cbf748 8.1s
1099/1203 georgiatech_covid_06_4 expanded_c8591b3af822108d 8.7s
1100/1203 iiith_cooking_120_2 expanded_4cc9ef48213763c1 8.5s
1101/1203 iiith_cooking_137_2 expanded_98afdeafa739202b 8.6s
1102/1203 iiith_cooking_58_2 expanded_072c4633b78573d1 6.8s
1103/1203 iiith_cooking_90_2 expanded_8a3dba9ffb7f34ab 6.8s
1104/1203 iiith_soccer_059_4 expanded_e049f922c746da58 8.6s
1105/1203 indiana_bike_09_8 expanded_b5d3d948101fabc8 8.9s
1106/1203 indiana_bike_10_8 expanded_48de31ccd2c2fc22 8.5s
1107/1203 indiana_cooking_23_3 expanded_df22f4f935804416 8.2s
1108/1203 minnesota_cooking_010_4 expanded_93ff0bbc4106a9dd 5.2s
1109/1203 nus_cpr_12_2 expanded_19b7dc8a3652f63d 8.4s
1110/1203 nus_cpr_38_2 expanded_94ab6c4d4f8f5237 8.6s
1111/1203 sfu_basketball_05_22 expanded_358068672bbfd476 8.4s
1112/1203 sfu_basketball_09_19 expanded_93dea590965ee7f3 8.4s
1113/1203 sfu_cooking028_2 expanded_89f27f4a3920af1e 6.1s
1114/1203 sfu_cooking_008_5 expanded_667ee8b7ebb8d2e9 7.3s
1115/1203 sfu_covid_004_2 expanded_e071f8425e1df0f1 8.5s
1116/1203 sfu_covid_008_16 expanded_a51a6a3b9c3aa296 8.5s
1117/1203 unc_basketball_02-24-23_01_38 expanded_771903c49fed5d7e 8.4s
1118/1203 unc_basketball_03-09-23_01_66 expanded_99ff9ac4814f1bfc 7.6s
1119/1203 unc_basketball_03-16-23_01_25 expanded_82f8707bdac55f2a 5.4s
1120/1203 unc_basketball_03-17-23_01_3 expanded_11b4371662e3df46 8.4s
1121/1203 unc_basketball_03-30-23_02_12 expanded_27e38e523d500824 8.5s
1122/1203 unc_basketball_03-30-23_02_17 expanded_d84b230e3814284e 8.4s
1123/1203 unc_basketball_03-30-23_02_7 expanded_51ef8b980d9701ad 8.4s
1124/1203 unc_soccer_09-21-23_01_14 expanded_852f577ac7c2c20a 6.2s
1125/1203 unc_soccer_09-21-23_01_7 expanded_2070ccdc006cdae5 7.6s
1126/1203 uniandes_basketball_003_40 expanded_1f2a46fff46a4579 7.8s
1127/1203 uniandes_cooking_001_3 expanded_bb0127bbe3d75cb1 7.9s
1128/1203 uniandes_cooking_007_8 expanded_81e4e2986b5157c7 7.8s
1129/1203 uniandes_dance_002_4 expanded_241f9ff5aaeffee3 7.8s
1130/1203 uniandes_dance_007_2 expanded_9fa54599a1d84b3a 7.3s
1131/1203 uniandes_dance_008_30 expanded_1a1b48a81ce39834 7.8s
1132/1203 uniandes_dance_011_39 expanded_b764a2ce394738d8 7.7s
1133/1203 uniandes_dance_016_7 expanded_1db9991643ca075a 7.7s
1134/1203 uniandes_dance_017_5 expanded_4ad06ce64efc00fa 7.7s
1135/1203 uniandes_dance_019_20 expanded_d08bbf5746a8cdde 7.4s
1136/1203 uniandes_dance_019_27 expanded_5f74816806eac4db 7.7s
1137/1203 uniandes_dance_019_55 expanded_6ecabb9ae8e0dc1d 7.7s
1138/1203 uniandes_dance_024_11 expanded_f0b1790f413414e7 7.7s
1139/1203 upenn_0702_Cooking_1_2 expanded_93f7bf73688bbfd2 7.8s
1140/1203 upenn_0706_Dance_4_3 expanded_432638a099fa618f 7.7s
1141/1203 upenn_0711_Cooking_2_2 expanded_5b82e96872daac12 7.7s
1142/1203 upenn_0711_Cooking_6_2 expanded_badbbed7da284aa7 8.8s
1143/1203 upenn_0713_Dance_4_3 expanded_1c0594e4e5b21e31 9.3s
1144/1203 upenn_0722_Piano_1_6 expanded_2bbba3eb619a909f 8.8s
1145/1203 upenn_0726_Violin_1_4 expanded_fd962cc6f38ab9f7 8.7s
1146/1203 upenn_0727_Partner_Dance_4_1_3 expanded_bc1580a324e2ba2e 8.7s
1147/1203 utokyo_cpr_2005_29_2 expanded_79b668e3a89ddb2c 8.7s
1148/1203 utokyo_salad_11_1018_4 expanded_f057c68aaae434d9 6.5s
1149/1203 georgiatech_bike_06_10 expanded_54e7ecca3398843f 5.9s
1150/1203 georgiatech_bike_07_6 expanded_97e52dbcee918099 8.5s
1151/1203 georgiatech_bike_15_2 expanded_fb71938586ce4f08 8.6s
1152/1203 georgiatech_cooking_02_01_4 expanded_5e3b0e51cb78a8a9 8.5s
1153/1203 georgiatech_cooking_06_01_5 expanded_64586f1e8544c7c9 8.3s
1154/1203 georgiatech_covid_02_12 expanded_516fe8cb606690f9 5.3s
1155/1203 georgiatech_covid_02_8 expanded_c9135f7d34a4613e 8.2s
1156/1203 georgiatech_covid_06_14 expanded_dacde5bed2141e8d 8.6s
1157/1203 iiith_cooking_120_4 expanded_0796d1c8dd10600a 8.4s
1158/1203 iiith_cooking_138_2 expanded_62bd90abf991e86a 8.5s
1159/1203 iiith_cooking_31_1 expanded_7624d945380a60f6 6.6s
1160/1203 iiith_cooking_64_2 expanded_e5c94403a813cebc 6.7s
1161/1203 iiith_cooking_90_4 expanded_c657ecca7c23d3a2 8.5s
1162/1203 iiith_soccer_059_2 expanded_a8f4305a8f3aae54 8.4s
1163/1203 indiana_bike_09_9 expanded_1776e8a374e25c87 8.6s
1164/1203 indiana_bike_10_7 expanded_22474880e4ed717a 8.2s
1165/1203 indiana_cooking_23_2 expanded_cdafb476f24c8a63 5.1s
1166/1203 indiana_music_04_2 expanded_2503bc789b0e82a5 8.4s
1167/1203 minnesota_cooking_060_2 expanded_27dc450d1f1ee57e 8.4s
1168/1203 sfu_basketball012_10 expanded_1901d69b402229cd 8.3s
1169/1203 sfu_basketball012_8 expanded_57147e0be2ab65a0 8.3s
1170/1203 sfu_basketball_05_24 expanded_80e3a56ce9434861 6.5s
1171/1203 sfu_basketball_09_24 expanded_7e0b16237704f641 6.4s
1172/1203 sfu_basketball_09_7 expanded_ac8b2d64faaf9e6a 8.3s
1173/1203 sfu_cooking022_9 expanded_e6392952b8889e38 8.6s
1174/1203 sfu_cooking_007_7 expanded_a6bb34f00bb9fddc 8.3s
1175/1203 sfu_covid_002_4 expanded_f3d70a9f66f7356c 8.1s
1176/1203 sfu_covid_006_4 expanded_44b72ec5be442143 4.9s
1177/1203 unc_basketball_02-24-23_01_35 expanded_fd68be7294ff2712 8.3s
1178/1203 unc_basketball_03-09-23_01_18 expanded_2604d91335d5c648 8.3s
1179/1203 unc_basketball_03-09-23_01_72 expanded_1b4e343e9195218c 8.3s
1180/1203 unc_basketball_03-16-23_01_30 expanded_232924ee6806a2bd 8.3s
1181/1203 unc_basketball_03-30-23_01_30 expanded_3b593702b3430c6b 7.6s
1182/1203 unc_basketball_03-30-23_02_11 expanded_7f517d0cde9465bc 7.8s
1183/1203 unc_soccer_09-21-23_01_10 expanded_4e78ace90d8f1a71 7.8s
1184/1203 uniandes_basketball_001_25 expanded_8435ddb25e26f687 7.8s
1185/1203 uniandes_cooking_001_8 expanded_7c22ac67ddfafcd8 7.7s
1186/1203 uniandes_dance_002_8 expanded_b7c988f96b76ac2b 7.6s
1187/1203 uniandes_dance_008_33 expanded_8c401e77d7fe78a0 7.7s
1188/1203 uniandes_dance_008_38 expanded_1a1b28738a427a93 7.8s
1189/1203 uniandes_dance_011_42 expanded_6264bcbe3aec5621 7.8s
1190/1203 uniandes_dance_011_47 expanded_84809c5bad2234f8 7.8s
1191/1203 uniandes_dance_016_4 expanded_2f2208b65867af6f 7.8s
1192/1203 uniandes_dance_019_22 expanded_8b82ebaaf169bae6 7.7s
1193/1203 uniandes_dance_019_52 expanded_66b48adc7dd3ee66 9.3s
1194/1203 uniandes_dance_024_14 expanded_9c37445a2cdaf30a 9.3s
1195/1203 uniandes_dance_024_47 expanded_fb6c992a99f2d798 8.7s
1196/1203 upenn_0707_Guitar_2_10 expanded_4962ff22b2fdf740 8.8s
1197/1203 upenn_0711_Cooking_3_5 expanded_dd4f97b05ac97e2c 8.8s
1198/1203 upenn_0713_Dance_3_4 expanded_e9db44e82f5a3507 8.7s
1199/1203 upenn_0713_Dance_5_6 expanded_47cccdaf81b7ed87 8.8s
1200/1203 upenn_0722_Piano_1_3 expanded_a39d6edfecf3b4f3 6.7s
1201/1203 upenn_0726_Violin_1_5 expanded_e65037a401122dfc 5.9s
1202/1203 upenn_0727_Partner_Dance_4_1_4 expanded_0a184acfddf7a798 7.8s
1203/1203 utokyo_pcr_2001_32_2 expanded_4a747aee3f704a63 8.6s
