2026-09-30 01:12:06.518 | WARNING  | dataset.smpl_utils:get_smpl:10 - Loading SMPL model: smplx
P calibration 20 2400 0.14132480323314667
P calibration 40 2400 0.11665362864732742
P calibration 60 2400 0.1006162017583847
P calibration 80 2400 0.15580447018146515
P calibration 100 2400 0.13147495687007904
P calibration 120 2400 0.08015157282352448
P calibration 140 2400 0.4900282621383667
P calibration 160 2400 0.10242132842540741
P calibration 180 2400 0.14639940857887268
P calibration 200 2400 0.0955645740032196
P calibration 220 2400 0.13319770991802216
P calibration 240 2400 0.1940482258796692
P calibration 260 2400 0.11532832682132721
P calibration 280 2400 0.07284078001976013
P calibration 300 2400 0.13537104427814484
P calibration 320 2400 0.06744105368852615
P calibration 340 2400 0.09496652334928513
P calibration 360 2400 0.3842668831348419
P calibration 380 2400 0.16725926101207733
P calibration 400 2400 0.09031786769628525
P calibration 420 2400 0.11201894283294678
P calibration 440 2400 0.07189151644706726
P calibration 460 2400 0.16623611748218536
P calibration 480 2400 0.35628271102905273
P calibration 500 2400 0.24414995312690735
P calibration 520 2400 0.22805185616016388
P calibration 540 2400 0.07056155800819397
P calibration 560 2400 0.08052431046962738
P calibration 580 2400 0.34052807092666626
P calibration 600 2400 0.30431878566741943
P calibration 620 2400 0.0855693593621254
P calibration 640 2400 0.06704023480415344
P calibration 660 2400 0.1830364465713501
P calibration 680 2400 0.16952404379844666
P calibration 700 2400 0.15404868125915527
P calibration 720 2400 0.15466442704200745
P calibration 740 2400 0.1757819950580597
P calibration 760 2400 0.37445348501205444
P calibration 780 2400 0.14289133250713348
P calibration 800 2400 0.29496699571609497
P calibration 820 2400 0.2031136006116867
P calibration 840 2400 0.23934808373451233
P calibration 860 2400 0.11875973641872406
P calibration 880 2400 0.12585872411727905
P calibration 900 2400 0.2610495984554291
P calibration 920 2400 0.14303426444530487
P calibration 940 2400 0.18116357922554016
P calibration 960 2400 1.3203155994415283
P calibration 980 2400 0.11562330275774002
P calibration 1000 2400 0.3016565442085266
P calibration 1020 2400 0.10317230969667435
P calibration 1040 2400 0.10145479440689087
P calibration 1060 2400 0.16212224960327148
P calibration 1080 2400 0.12747424840927124
P calibration 1100 2400 0.11949032545089722
P calibration 1120 2400 0.19844397902488708
P calibration 1140 2400 0.2656838297843933
P calibration 1160 2400 0.10289900004863739
P calibration 1180 2400 0.11449794471263885
P calibration 1200 2400 0.48645222187042236
P calibration 1220 2400 0.45250171422958374
P calibration 1240 2400 0.20491015911102295
P calibration 1260 2400 0.24747174978256226
P calibration 1280 2400 0.35612979531288147
P calibration 1300 2400 0.24575279653072357
P calibration 1320 2400 0.20313256978988647
P calibration 1340 2400 0.07403194904327393
P calibration 1360 2400 0.138942688703537
P calibration 1380 2400 0.33628401160240173
P calibration 1400 2400 0.3209400177001953
P calibration 1420 2400 0.5853278040885925
P calibration 1440 2400 0.28414326906204224
P calibration 1460 2400 0.14527879655361176
P calibration 1480 2400 0.09177108854055405
P calibration 1500 2400 0.1793249249458313
P calibration 1520 2400 0.09264643490314484
P calibration 1540 2400 0.0900106430053711
P calibration 1560 2400 0.09050549566745758
P calibration 1580 2400 0.16780856251716614
P calibration 1600 2400 0.2060120403766632
P calibration 1620 2400 0.10726848244667053
P calibration 1640 2400 0.09386996179819107
P calibration 1660 2400 0.15267346799373627
P calibration 1680 2400 0.10636970400810242
P calibration 1700 2400 0.18887627124786377
P calibration 1720 2400 0.06992645561695099
P calibration 1740 2400 0.0800141990184784
P calibration 1760 2400 0.09902270138263702
P calibration 1780 2400 0.10604296624660492
P calibration 1800 2400 0.0793377161026001
P calibration 1820 2400 0.0902881771326065
P calibration 1840 2400 0.1175423115491867
P calibration 1860 2400 0.07760065793991089
P calibration 1880 2400 0.8187742233276367
P calibration 1900 2400 0.08515068143606186
P calibration 1920 2400 0.15934959053993225
P calibration 1940 2400 0.1961701661348343
P calibration 1960 2400 0.0866158977150917
P calibration 1980 2400 0.09446585178375244
P calibration 2000 2400 0.08724944293498993
P calibration 2020 2400 0.20293614268302917
P calibration 2040 2400 0.3767063021659851
P calibration 2060 2400 0.15085050463676453
P calibration 2080 2400 0.1561872363090515
P calibration 2100 2400 0.36315906047821045
P calibration 2120 2400 0.1922115981578827
P calibration 2140 2400 0.2025606632232666
P calibration 2160 2400 0.5016707181930542
P calibration 2180 2400 0.16552558541297913
P calibration 2200 2400 0.09333079308271408
P calibration 2220 2400 0.3178839087486267
P calibration 2240 2400 0.06390111893415451
P calibration 2260 2400 0.12553776800632477
P calibration 2280 2400 0.08778145164251328
P calibration 2300 2400 0.12305288016796112
P calibration 2320 2400 0.08416351675987244
P calibration 2340 2400 0.10116839408874512
P calibration 2360 2400 1.0544850826263428
P calibration 2380 2400 1.840555191040039
P calibration 2400 2400 0.0998522937297821
